<testsuites id="" name="" tests="345" failures="342" skipped="0" errors="0" time="1659.2564519999999">
<testsuite name="smoke\basic-structure.spec.ts" timestamp="2025-11-26T12:11:41.906Z" hostname="smoke" tests="11" failures="11" skipped="0" time="463.266" errors="0">
<testcase name="Smoke Tests - Basic Site Structure › should load / with correct title and structure" classname="smoke\basic-structure.spec.ts" time="35.463">
<failure message="basic-structure.spec.ts:16:9 should load / with correct title and structure" type="FAILURE">
<![CDATA[  [smoke] › smoke\basic-structure.spec.ts:16:9 › Smoke Tests - Basic Site Structure › should load / with correct title and structure 

    Test timeout of 30000ms exceeded.

    Error: page.goto: Test timeout of 30000ms exceeded.
    Call log:
      - navigating to "http://localhost:3000/", waiting until "load"


      15 |   for (const page of pages) {
      16 |     test(`should load ${page.path} with correct title and structure`, async ({ page: testPage }) => {
    > 17 |       const response = await testPage.goto(page.path);
         |                                       ^
      18 |       expect(response?.status()).toBe(200);
      19 |
      20 |       // Проверяем title
        at C:\Users\Viktor\projects\repair-blog\tests\e2e\smoke\basic-structure.spec.ts:17:39

    attachment #1: video (video/webm) ──────────────────────────────────────────────────────────────
    ..\..\test-results\smoke-basic-structure-Smok-ff31e-correct-title-and-structure-smoke\video.webm
    ────────────────────────────────────────────────────────────────────────────────────────────────

    Error Context: ..\..\test-results\smoke-basic-structure-Smok-ff31e-correct-title-and-structure-smoke\error-context.md
]]>
</failure>
<system-out>
<![CDATA[
[[ATTACHMENT|smoke-basic-structure-Smok-ff31e-correct-title-and-structure-smoke\video.webm]]

[[ATTACHMENT|smoke-basic-structure-Smok-ff31e-correct-title-and-structure-smoke\error-context.md]]
]]>
</system-out>
</testcase>
<testcase name="Smoke Tests - Basic Site Structure › should load /en with correct title and structure" classname="smoke\basic-structure.spec.ts" time="35.415">
<failure message="basic-structure.spec.ts:16:9 should load /en with correct title and structure" type="FAILURE">
<![CDATA[  [smoke] › smoke\basic-structure.spec.ts:16:9 › Smoke Tests - Basic Site Structure › should load /en with correct title and structure 

    Test timeout of 30000ms exceeded.

    Error: page.goto: Test timeout of 30000ms exceeded.
    Call log:
      - navigating to "http://localhost:3000/en", waiting until "load"


      15 |   for (const page of pages) {
      16 |     test(`should load ${page.path} with correct title and structure`, async ({ page: testPage }) => {
    > 17 |       const response = await testPage.goto(page.path);
         |                                       ^
      18 |       expect(response?.status()).toBe(200);
      19 |
      20 |       // Проверяем title
        at C:\Users\Viktor\projects\repair-blog\tests\e2e\smoke\basic-structure.spec.ts:17:39

    attachment #1: video (video/webm) ──────────────────────────────────────────────────────────────
    ..\..\test-results\smoke-basic-structure-Smok-f7c2f-correct-title-and-structure-smoke\video.webm
    ────────────────────────────────────────────────────────────────────────────────────────────────

    Error Context: ..\..\test-results\smoke-basic-structure-Smok-f7c2f-correct-title-and-structure-smoke\error-context.md
]]>
</failure>
<system-out>
<![CDATA[
[[ATTACHMENT|smoke-basic-structure-Smok-f7c2f-correct-title-and-structure-smoke\video.webm]]

[[ATTACHMENT|smoke-basic-structure-Smok-f7c2f-correct-title-and-structure-smoke\error-context.md]]
]]>
</system-out>
</testcase>
<testcase name="Smoke Tests - Basic Site Structure › should load /about with correct title and structure" classname="smoke\basic-structure.spec.ts" time="45.903">
<failure message="basic-structure.spec.ts:16:9 should load /about with correct title and structure" type="FAILURE">
<![CDATA[  [smoke] › smoke\basic-structure.spec.ts:16:9 › Smoke Tests - Basic Site Structure › should load /about with correct title and structure 

    Test timeout of 30000ms exceeded.

    Error: page.goto: net::ERR_ABORTED; maybe frame was detached?
    Call log:
      - navigating to "http://localhost:3000/about", waiting until "load"


      15 |   for (const page of pages) {
      16 |     test(`should load ${page.path} with correct title and structure`, async ({ page: testPage }) => {
    > 17 |       const response = await testPage.goto(page.path);
         |                                       ^
      18 |       expect(response?.status()).toBe(200);
      19 |
      20 |       // Проверяем title
        at C:\Users\Viktor\projects\repair-blog\tests\e2e\smoke\basic-structure.spec.ts:17:39

    attachment #1: video (video/webm) ──────────────────────────────────────────────────────────────
    ..\..\test-results\smoke-basic-structure-Smok-b773e-correct-title-and-structure-smoke\video.webm
    ────────────────────────────────────────────────────────────────────────────────────────────────
]]>
</failure>
<system-out>
<![CDATA[
[[ATTACHMENT|smoke-basic-structure-Smok-b773e-correct-title-and-structure-smoke\video.webm]]
]]>
</system-out>
</testcase>
<testcase name="Smoke Tests - Basic Site Structure › should load /en/about with correct title and structure" classname="smoke\basic-structure.spec.ts" time="46.01">
<failure message="basic-structure.spec.ts:16:9 should load /en/about with correct title and structure" type="FAILURE">
<![CDATA[  [smoke] › smoke\basic-structure.spec.ts:16:9 › Smoke Tests - Basic Site Structure › should load /en/about with correct title and structure 

    Test timeout of 30000ms exceeded.

    Error: page.goto: net::ERR_ABORTED; maybe frame was detached?
    Call log:
      - navigating to "http://localhost:3000/en/about", waiting until "load"


      15 |   for (const page of pages) {
      16 |     test(`should load ${page.path} with correct title and structure`, async ({ page: testPage }) => {
    > 17 |       const response = await testPage.goto(page.path);
         |                                       ^
      18 |       expect(response?.status()).toBe(200);
      19 |
      20 |       // Проверяем title
        at C:\Users\Viktor\projects\repair-blog\tests\e2e\smoke\basic-structure.spec.ts:17:39

    attachment #1: video (video/webm) ──────────────────────────────────────────────────────────────
    ..\..\test-results\smoke-basic-structure-Smok-8f760-correct-title-and-structure-smoke\video.webm
    ────────────────────────────────────────────────────────────────────────────────────────────────
]]>
</failure>
<system-out>
<![CDATA[
[[ATTACHMENT|smoke-basic-structure-Smok-8f760-correct-title-and-structure-smoke\video.webm]]
]]>
</system-out>
</testcase>
<testcase name="Smoke Tests - Basic Site Structure › should load /calculators with correct title and structure" classname="smoke\basic-structure.spec.ts" time="35.35">
<failure message="basic-structure.spec.ts:16:9 should load /calculators with correct title and structure" type="FAILURE">
<![CDATA[  [smoke] › smoke\basic-structure.spec.ts:16:9 › Smoke Tests - Basic Site Structure › should load /calculators with correct title and structure 

    Test timeout of 30000ms exceeded.

    Error: page.goto: Test timeout of 30000ms exceeded.
    Call log:
      - navigating to "http://localhost:3000/calculators", waiting until "load"


      15 |   for (const page of pages) {
      16 |     test(`should load ${page.path} with correct title and structure`, async ({ page: testPage }) => {
    > 17 |       const response = await testPage.goto(page.path);
         |                                       ^
      18 |       expect(response?.status()).toBe(200);
      19 |
      20 |       // Проверяем title
        at C:\Users\Viktor\projects\repair-blog\tests\e2e\smoke\basic-structure.spec.ts:17:39

    attachment #1: video (video/webm) ──────────────────────────────────────────────────────────────
    ..\..\test-results\smoke-basic-structure-Smok-1a631-correct-title-and-structure-smoke\video.webm
    ────────────────────────────────────────────────────────────────────────────────────────────────

    Error Context: ..\..\test-results\smoke-basic-structure-Smok-1a631-correct-title-and-structure-smoke\error-context.md
]]>
</failure>
<system-out>
<![CDATA[
[[ATTACHMENT|smoke-basic-structure-Smok-1a631-correct-title-and-structure-smoke\video.webm]]

[[ATTACHMENT|smoke-basic-structure-Smok-1a631-correct-title-and-structure-smoke\error-context.md]]
]]>
</system-out>
</testcase>
<testcase name="Smoke Tests - Basic Site Structure › should load /en/calculators with correct title and structure" classname="smoke\basic-structure.spec.ts" time="35.453">
<failure message="basic-structure.spec.ts:16:9 should load /en/calculators with correct title and structure" type="FAILURE">
<![CDATA[  [smoke] › smoke\basic-structure.spec.ts:16:9 › Smoke Tests - Basic Site Structure › should load /en/calculators with correct title and structure 

    Test timeout of 30000ms exceeded.

    Error: page.goto: Test timeout of 30000ms exceeded.
    Call log:
      - navigating to "http://localhost:3000/en/calculators", waiting until "load"


      15 |   for (const page of pages) {
      16 |     test(`should load ${page.path} with correct title and structure`, async ({ page: testPage }) => {
    > 17 |       const response = await testPage.goto(page.path);
         |                                       ^
      18 |       expect(response?.status()).toBe(200);
      19 |
      20 |       // Проверяем title
        at C:\Users\Viktor\projects\repair-blog\tests\e2e\smoke\basic-structure.spec.ts:17:39

    attachment #1: video (video/webm) ──────────────────────────────────────────────────────────────
    ..\..\test-results\smoke-basic-structure-Smok-1d636-correct-title-and-structure-smoke\video.webm
    ────────────────────────────────────────────────────────────────────────────────────────────────

    Error Context: ..\..\test-results\smoke-basic-structure-Smok-1d636-correct-title-and-structure-smoke\error-context.md
]]>
</failure>
<system-out>
<![CDATA[
[[ATTACHMENT|smoke-basic-structure-Smok-1d636-correct-title-and-structure-smoke\video.webm]]

[[ATTACHMENT|smoke-basic-structure-Smok-1d636-correct-title-and-structure-smoke\error-context.md]]
]]>
</system-out>
</testcase>
<testcase name="Smoke Tests - Basic Site Structure › should load /calculators/budget with correct title and structure" classname="smoke\basic-structure.spec.ts" time="45.987">
<failure message="basic-structure.spec.ts:16:9 should load /calculators/budget with correct title and structure" type="FAILURE">
<![CDATA[  [smoke] › smoke\basic-structure.spec.ts:16:9 › Smoke Tests - Basic Site Structure › should load /calculators/budget with correct title and structure 

    Test timeout of 30000ms exceeded.

    Error: page.goto: net::ERR_ABORTED; maybe frame was detached?
    Call log:
      - navigating to "http://localhost:3000/calculators/budget", waiting until "load"


      15 |   for (const page of pages) {
      16 |     test(`should load ${page.path} with correct title and structure`, async ({ page: testPage }) => {
    > 17 |       const response = await testPage.goto(page.path);
         |                                       ^
      18 |       expect(response?.status()).toBe(200);
      19 |
      20 |       // Проверяем title
        at C:\Users\Viktor\projects\repair-blog\tests\e2e\smoke\basic-structure.spec.ts:17:39

    attachment #1: video (video/webm) ──────────────────────────────────────────────────────────────
    ..\..\test-results\smoke-basic-structure-Smok-fb86d-correct-title-and-structure-smoke\video.webm
    ────────────────────────────────────────────────────────────────────────────────────────────────
]]>
</failure>
<system-out>
<![CDATA[
[[ATTACHMENT|smoke-basic-structure-Smok-fb86d-correct-title-and-structure-smoke\video.webm]]
]]>
</system-out>
</testcase>
<testcase name="Smoke Tests - Basic Site Structure › should load /en/calculators/budget with correct title and structure" classname="smoke\basic-structure.spec.ts" time="45.732">
<failure message="basic-structure.spec.ts:16:9 should load /en/calculators/budget with correct title and structure" type="FAILURE">
<![CDATA[  [smoke] › smoke\basic-structure.spec.ts:16:9 › Smoke Tests - Basic Site Structure › should load /en/calculators/budget with correct title and structure 

    Test timeout of 30000ms exceeded.

    Error: page.goto: net::ERR_ABORTED; maybe frame was detached?
    Call log:
      - navigating to "http://localhost:3000/en/calculators/budget", waiting until "load"


      15 |   for (const page of pages) {
      16 |     test(`should load ${page.path} with correct title and structure`, async ({ page: testPage }) => {
    > 17 |       const response = await testPage.goto(page.path);
         |                                       ^
      18 |       expect(response?.status()).toBe(200);
      19 |
      20 |       // Проверяем title
        at C:\Users\Viktor\projects\repair-blog\tests\e2e\smoke\basic-structure.spec.ts:17:39

    attachment #1: video (video/webm) ──────────────────────────────────────────────────────────────
    ..\..\test-results\smoke-basic-structure-Smok-73bd6-correct-title-and-structure-smoke\video.webm
    ────────────────────────────────────────────────────────────────────────────────────────────────
]]>
</failure>
<system-out>
<![CDATA[
[[ATTACHMENT|smoke-basic-structure-Smok-73bd6-correct-title-and-structure-smoke\video.webm]]
]]>
</system-out>
</testcase>
<testcase name="Smoke Tests - Basic Site Structure › should have clickable navigation links" classname="smoke\basic-structure.spec.ts" time="46.135">
<failure message="basic-structure.spec.ts:41:7 should have clickable navigation links" type="FAILURE">
<![CDATA[  [smoke] › smoke\basic-structure.spec.ts:41:7 › Smoke Tests - Basic Site Structure › should have clickable navigation links 

    Test timeout of 30000ms exceeded.

    Error: page.goto: net::ERR_ABORTED; maybe frame was detached?
    Call log:
      - navigating to "http://localhost:3000/", waiting until "load"


      40 |
      41 |   test('should have clickable navigation links', async ({ page }) => {
    > 42 |     await page.goto('/');
         |                ^
      43 |     
      44 |     // Проверяем основные ссылки в хедере
      45 |     const navLinks = [
        at C:\Users\Viktor\projects\repair-blog\tests\e2e\smoke\basic-structure.spec.ts:42:16

    attachment #1: video (video/webm) ──────────────────────────────────────────────────────────────
    ..\..\test-results\smoke-basic-structure-Smok-b680c--clickable-navigation-links-smoke\video.webm
    ────────────────────────────────────────────────────────────────────────────────────────────────
]]>
</failure>
<system-out>
<![CDATA[
[[ATTACHMENT|smoke-basic-structure-Smok-b680c--clickable-navigation-links-smoke\video.webm]]
]]>
</system-out>
</testcase>
<testcase name="Smoke Tests - Basic Site Structure › should have valid footer links" classname="smoke\basic-structure.spec.ts" time="45.865">
<failure message="basic-structure.spec.ts:66:7 should have valid footer links" type="FAILURE">
<![CDATA[  [smoke] › smoke\basic-structure.spec.ts:66:7 › Smoke Tests - Basic Site Structure › should have valid footer links 

    Test timeout of 30000ms exceeded.

    Error: page.goto: net::ERR_ABORTED; maybe frame was detached?
    Call log:
      - navigating to "http://localhost:3000/", waiting until "load"


      65 |
      66 |   test('should have valid footer links', async ({ page }) => {
    > 67 |     await page.goto('/');
         |                ^
      68 |     
      69 |     // Проверяем ссылки в футере
      70 |     const footerLinks = page.locator('footer a');
        at C:\Users\Viktor\projects\repair-blog\tests\e2e\smoke\basic-structure.spec.ts:67:16

    attachment #1: video (video/webm) ──────────────────────────────────────────────────────────────
    ..\..\test-results\smoke-basic-structure-Smok-4a4b2-uld-have-valid-footer-links-smoke\video.webm
    ────────────────────────────────────────────────────────────────────────────────────────────────
]]>
</failure>
<system-out>
<![CDATA[
[[ATTACHMENT|smoke-basic-structure-Smok-4a4b2-uld-have-valid-footer-links-smoke\video.webm]]
]]>
</system-out>
</testcase>
<testcase name="Smoke Tests - Basic Site Structure › should handle 404 pages correctly" classname="smoke\basic-structure.spec.ts" time="45.953">
<failure message="basic-structure.spec.ts:88:7 should handle 404 pages correctly" type="FAILURE">
<![CDATA[  [smoke] › smoke\basic-structure.spec.ts:88:7 › Smoke Tests - Basic Site Structure › should handle 404 pages correctly 

    Test timeout of 30000ms exceeded.

    Error: page.goto: net::ERR_ABORTED; maybe frame was detached?
    Call log:
      - navigating to "http://localhost:3000/non-existent-page", waiting until "load"


      87 |
      88 |   test('should handle 404 pages correctly', async ({ page }) => {
    > 89 |     const response = await page.goto('/non-existent-page');
         |                                 ^
      90 |     expect(response?.status()).toBe(404);
      91 |     
      92 |     // Проверяем, что отображается кастомная 404 страница
        at C:\Users\Viktor\projects\repair-blog\tests\e2e\smoke\basic-structure.spec.ts:89:33

    attachment #1: video (video/webm) ──────────────────────────────────────────────────────────────
    ..\..\test-results\smoke-basic-structure-Smok-9f93d--handle-404-pages-correctly-smoke\video.webm
    ────────────────────────────────────────────────────────────────────────────────────────────────
]]>
</failure>
<system-out>
<![CDATA[
[[ATTACHMENT|smoke-basic-structure-Smok-9f93d--handle-404-pages-correctly-smoke\video.webm]]
]]>
</system-out>
</testcase>
</testsuite>
<testsuite name="critical.spec.ts" timestamp="2025-11-26T12:11:41.906Z" hostname="critical" tests="3" failures="3" skipped="0" time="137.661" errors="0">
<testcase name="Critical Path Tests › should load homepage and navigate to all main sections" classname="critical.spec.ts" time="45.967">
<failure message="critical.spec.ts:4:7 should load homepage and navigate to all main sections" type="FAILURE">
<![CDATA[  [critical] › critical.spec.ts:4:7 › Critical Path Tests › should load homepage and navigate to all main sections 

    Test timeout of 30000ms exceeded.

    Error: page.goto: net::ERR_ABORTED; maybe frame was detached?
    Call log:
      - navigating to "http://localhost:3000/", waiting until "load"


      4 |   test('should load homepage and navigate to all main sections', async ({ page }) => {
      5 |     // Главная страница
    > 6 |     await page.goto('/');
        |                ^
      7 |     await expect(page).toHaveTitle(/Renohacks/);
      8 |     
      9 |     // Проверяем все основные ссылки
        at C:\Users\Viktor\projects\repair-blog\tests\e2e\critical.spec.ts:6:16

    attachment #1: video (video/webm) ──────────────────────────────────────────────────────────────
    ..\..\test-results\critical-Critical-Path-Tes-6a4d0-vigate-to-all-main-sections-critical\video.webm
    ────────────────────────────────────────────────────────────────────────────────────────────────
]]>
</failure>
<system-out>
<![CDATA[
[[ATTACHMENT|critical-Critical-Path-Tes-6a4d0-vigate-to-all-main-sections-critical\video.webm]]
]]>
</system-out>
</testcase>
<testcase name="Critical Path Tests › should test budget calculator functionality" classname="critical.spec.ts" time="45.846">
<failure message="critical.spec.ts:24:7 should test budget calculator functionality" type="FAILURE">
<![CDATA[  [critical] › critical.spec.ts:24:7 › Critical Path Tests › should test budget calculator functionality 

    Test timeout of 30000ms exceeded.

    Error: page.goto: net::ERR_ABORTED; maybe frame was detached?
    Call log:
      - navigating to "http://localhost:3000/calculators/budget", waiting until "load"


      23 |
      24 |   test('should test budget calculator functionality', async ({ page }) => {
    > 25 |     await page.goto('/calculators/budget');
         |                ^
      26 |     
      27 |     // Добавляем категорию
      28 |     await page.click('button:has-text("Добавить категорию")');
        at C:\Users\Viktor\projects\repair-blog\tests\e2e\critical.spec.ts:25:16

    attachment #1: video (video/webm) ──────────────────────────────────────────────────────────────
    ..\..\test-results\critical-Critical-Path-Tes-efadc-et-calculator-functionality-critical\video.webm
    ────────────────────────────────────────────────────────────────────────────────────────────────
]]>
</failure>
<system-out>
<![CDATA[
[[ATTACHMENT|critical-Critical-Path-Tes-efadc-et-calculator-functionality-critical\video.webm]]
]]>
</system-out>
</testcase>
<testcase name="Critical Path Tests › should test language switching" classname="critical.spec.ts" time="45.848">
<failure message="critical.spec.ts:39:7 should test language switching" type="FAILURE">
<![CDATA[  [critical] › critical.spec.ts:39:7 › Critical Path Tests › should test language switching ────────

    Test timeout of 30000ms exceeded.

    Error: page.goto: net::ERR_ABORTED; maybe frame was detached?
    Call log:
      - navigating to "http://localhost:3000/", waiting until "load"


      38 |
      39 |   test('should test language switching', async ({ page }) => {
    > 40 |     await page.goto('/');
         |                ^
      41 |     
      42 |     // Переключаем на английский
      43 |     await page.click('text=EN');
        at C:\Users\Viktor\projects\repair-blog\tests\e2e\critical.spec.ts:40:16

    attachment #1: video (video/webm) ──────────────────────────────────────────────────────────────
    ..\..\test-results\critical-Critical-Path-Tests-should-test-language-switching-critical\video.webm
    ────────────────────────────────────────────────────────────────────────────────────────────────
]]>
</failure>
<system-out>
<![CDATA[
[[ATTACHMENT|critical-Critical-Path-Tests-should-test-language-switching-critical\video.webm]]
]]>
</system-out>
</testcase>
</testsuite>
<testsuite name="critical.spec.ts" timestamp="2025-11-26T12:11:41.906Z" hostname="chromium" tests="3" failures="3" skipped="0" time="138.114" errors="0">
<testcase name="Critical Path Tests › should load homepage and navigate to all main sections" classname="critical.spec.ts" time="46.009">
<failure message="critical.spec.ts:4:7 should load homepage and navigate to all main sections" type="FAILURE">
<![CDATA[  [chromium] › critical.spec.ts:4:7 › Critical Path Tests › should load homepage and navigate to all main sections 

    Test timeout of 30000ms exceeded.

    Error: page.goto: net::ERR_ABORTED; maybe frame was detached?
    Call log:
      - navigating to "http://localhost:3000/", waiting until "load"


      4 |   test('should load homepage and navigate to all main sections', async ({ page }) => {
      5 |     // Главная страница
    > 6 |     await page.goto('/');
        |                ^
      7 |     await expect(page).toHaveTitle(/Renohacks/);
      8 |     
      9 |     // Проверяем все основные ссылки
        at C:\Users\Viktor\projects\repair-blog\tests\e2e\critical.spec.ts:6:16

    attachment #1: video (video/webm) ──────────────────────────────────────────────────────────────
    ..\..\test-results\critical-Critical-Path-Tes-6a4d0-vigate-to-all-main-sections-chromium\video.webm
    ────────────────────────────────────────────────────────────────────────────────────────────────
]]>
</failure>
<system-out>
<![CDATA[
[[ATTACHMENT|critical-Critical-Path-Tes-6a4d0-vigate-to-all-main-sections-chromium\video.webm]]
]]>
</system-out>
</testcase>
<testcase name="Critical Path Tests › should test budget calculator functionality" classname="critical.spec.ts" time="45.977">
<failure message="critical.spec.ts:24:7 should test budget calculator functionality" type="FAILURE">
<![CDATA[  [chromium] › critical.spec.ts:24:7 › Critical Path Tests › should test budget calculator functionality 

    Test timeout of 30000ms exceeded.

    Error: page.goto: net::ERR_ABORTED; maybe frame was detached?
    Call log:
      - navigating to "http://localhost:3000/calculators/budget", waiting until "load"


      23 |
      24 |   test('should test budget calculator functionality', async ({ page }) => {
    > 25 |     await page.goto('/calculators/budget');
         |                ^
      26 |     
      27 |     // Добавляем категорию
      28 |     await page.click('button:has-text("Добавить категорию")');
        at C:\Users\Viktor\projects\repair-blog\tests\e2e\critical.spec.ts:25:16

    attachment #1: video (video/webm) ──────────────────────────────────────────────────────────────
    ..\..\test-results\critical-Critical-Path-Tes-efadc-et-calculator-functionality-chromium\video.webm
    ────────────────────────────────────────────────────────────────────────────────────────────────
]]>
</failure>
<system-out>
<![CDATA[
[[ATTACHMENT|critical-Critical-Path-Tes-efadc-et-calculator-functionality-chromium\video.webm]]
]]>
</system-out>
</testcase>
<testcase name="Critical Path Tests › should test language switching" classname="critical.spec.ts" time="46.128">
<failure message="critical.spec.ts:39:7 should test language switching" type="FAILURE">
<![CDATA[  [chromium] › critical.spec.ts:39:7 › Critical Path Tests › should test language switching ────────

    Test timeout of 30000ms exceeded.

    Error: page.goto: net::ERR_ABORTED; maybe frame was detached?
    Call log:
      - navigating to "http://localhost:3000/", waiting until "load"


      38 |
      39 |   test('should test language switching', async ({ page }) => {
    > 40 |     await page.goto('/');
         |                ^
      41 |     
      42 |     // Переключаем на английский
      43 |     await page.click('text=EN');
        at C:\Users\Viktor\projects\repair-blog\tests\e2e\critical.spec.ts:40:16

    attachment #1: video (video/webm) ──────────────────────────────────────────────────────────────
    ..\..\test-results\critical-Critical-Path-Tests-should-test-language-switching-chromium\video.webm
    ────────────────────────────────────────────────────────────────────────────────────────────────
]]>
</failure>
<system-out>
<![CDATA[
[[ATTACHMENT|critical-Critical-Path-Tests-should-test-language-switching-chromium\video.webm]]
]]>
</system-out>
</testcase>
</testsuite>
<testsuite name="functional\calculators.spec.ts" timestamp="2025-11-26T12:11:41.906Z" hostname="chromium" tests="9" failures="9" skipped="0" time="414.178" errors="0">
<testcase name="Functional Tests - Calculators › Renovation Budget Planner (RU) › should add and remove categories correctly" classname="functional\calculators.spec.ts" time="46.219">
<failure message="calculators.spec.ts:5:9 should add and remove categories correctly" type="FAILURE">
<![CDATA[  [chromium] › functional\calculators.spec.ts:5:9 › Functional Tests - Calculators › Renovation Budget Planner (RU) › should add and remove categories correctly 

    Test timeout of 30000ms exceeded.

    Error: page.goto: net::ERR_ABORTED; maybe frame was detached?
    Call log:
      - navigating to "http://localhost:3000/calculators/budget", waiting until "load"


      4 |   test.describe('Renovation Budget Planner (RU)', () => {
      5 |     test('should add and remove categories correctly', async ({ page }) => {
    > 6 |       await page.goto('/calculators/budget');
        |                  ^
      7 |
      8 |       // Начально один элемент сметы
      9 |       const items = page.locator('[data-testid="expense-item"]');
        at C:\Users\Viktor\projects\repair-blog\tests\e2e\functional\calculators.spec.ts:6:18

    attachment #1: video (video/webm) ──────────────────────────────────────────────────────────────
    ..\..\test-results\functional-calculators-Fun-b6d57-remove-categories-correctly-chromium\video.webm
    ────────────────────────────────────────────────────────────────────────────────────────────────
]]>
</failure>
<system-out>
<![CDATA[
[[ATTACHMENT|functional-calculators-Fun-b6d57-remove-categories-correctly-chromium\video.webm]]
]]>
</system-out>
</testcase>
<testcase name="Functional Tests - Calculators › Renovation Budget Planner (RU) › should calculate total correctly with zero reserve" classname="functional\calculators.spec.ts" time="46.135">
<failure message="calculators.spec.ts:22:9 should calculate total correctly with zero reserve" type="FAILURE">
<![CDATA[  [chromium] › functional\calculators.spec.ts:22:9 › Functional Tests - Calculators › Renovation Budget Planner (RU) › should calculate total correctly with zero reserve 

    Test timeout of 30000ms exceeded.

    Error: page.goto: net::ERR_ABORTED; maybe frame was detached?
    Call log:
      - navigating to "http://localhost:3000/calculators/budget", waiting until "load"


      21 |
      22 |     test('should calculate total correctly with zero reserve', async ({ page }) => {
    > 23 |       await page.goto('/calculators/budget');
         |                  ^
      24 |
      25 |       // Ставим резерв 0%, чтобы итог = сумме
      26 |       await page.getByRole('spinbutton').nth(1).fill('0');
        at C:\Users\Viktor\projects\repair-blog\tests\e2e\functional\calculators.spec.ts:23:18

    attachment #1: video (video/webm) ──────────────────────────────────────────────────────────────
    ..\..\test-results\functional-calculators-Fun-f7d5e-correctly-with-zero-reserve-chromium\video.webm
    ────────────────────────────────────────────────────────────────────────────────────────────────
]]>
</failure>
<system-out>
<![CDATA[
[[ATTACHMENT|functional-calculators-Fun-f7d5e-correctly-with-zero-reserve-chromium\video.webm]]
]]>
</system-out>
</testcase>
<testcase name="Functional Tests - Calculators › Renovation Budget Planner (RU) › should handle reserve percentage correctly" classname="functional\calculators.spec.ts" time="46.252">
<failure message="calculators.spec.ts:47:9 should handle reserve percentage correctly" type="FAILURE">
<![CDATA[  [chromium] › functional\calculators.spec.ts:47:9 › Functional Tests - Calculators › Renovation Budget Planner (RU) › should handle reserve percentage correctly 

    Test timeout of 30000ms exceeded.

    Error: page.goto: net::ERR_ABORTED; maybe frame was detached?
    Call log:
      - navigating to "http://localhost:3000/calculators/budget", waiting until "load"


      46 |
      47 |     test('should handle reserve percentage correctly', async ({ page }) => {
    > 48 |       await page.goto('/calculators/budget');
         |                  ^
      49 |
      50 |       // Стоимость 100 000, резерв 10%
      51 |       await page.locator('input[placeholder*="Категория"]').first().fill('Потолок');
        at C:\Users\Viktor\projects\repair-blog\tests\e2e\functional\calculators.spec.ts:48:18

    attachment #1: video (video/webm) ──────────────────────────────────────────────────────────────
    ..\..\test-results\functional-calculators-Fun-ff5db-eserve-percentage-correctly-chromium\video.webm
    ────────────────────────────────────────────────────────────────────────────────────────────────
]]>
</failure>
<system-out>
<![CDATA[
[[ATTACHMENT|functional-calculators-Fun-ff5db-eserve-percentage-correctly-chromium\video.webm]]
]]>
</system-out>
</testcase>
<testcase name="Functional Tests - Calculators › Renovation Budget Planner (RU) › should treat negative cost as zero in calculation" classname="functional\calculators.spec.ts" time="45.896">
<failure message="calculators.spec.ts:61:9 should treat negative cost as zero in calculation" type="FAILURE">
<![CDATA[  [chromium] › functional\calculators.spec.ts:61:9 › Functional Tests - Calculators › Renovation Budget Planner (RU) › should treat negative cost as zero in calculation 

    Test timeout of 30000ms exceeded.

    Error: page.goto: net::ERR_ABORTED; maybe frame was detached?
    Call log:
      - navigating to "http://localhost:3000/calculators/budget", waiting until "load"


      60 |
      61 |     test('should treat negative cost as zero in calculation', async ({ page }) => {
    > 62 |       await page.goto('/calculators/budget');
         |                  ^
      63 |
      64 |       await page.locator('input[placeholder*="Категория"]').first().fill('Тест');
      65 |       await page.locator('input[placeholder="0"]').first().fill('-1000');
        at C:\Users\Viktor\projects\repair-blog\tests\e2e\functional\calculators.spec.ts:62:18

    attachment #1: video (video/webm) ──────────────────────────────────────────────────────────────
    ..\..\test-results\functional-calculators-Fun-f2ed9-cost-as-zero-in-calculation-chromium\video.webm
    ────────────────────────────────────────────────────────────────────────────────────────────────
]]>
</failure>
<system-out>
<![CDATA[
[[ATTACHMENT|functional-calculators-Fun-f2ed9-cost-as-zero-in-calculation-chromium\video.webm]]
]]>
</system-out>
</testcase>
<testcase name="Functional Tests - Calculators › Renovation Budget Planner (EN) › should calculate total correctly in English version with zero reserve" classname="functional\calculators.spec.ts" time="45.807">
<failure message="calculators.spec.ts:75:9 should calculate total correctly in English version with zero reserve" type="FAILURE">
<![CDATA[  [chromium] › functional\calculators.spec.ts:75:9 › Functional Tests - Calculators › Renovation Budget Planner (EN) › should calculate total correctly in English version with zero reserve 

    Test timeout of 30000ms exceeded.

    Error: page.goto: net::ERR_ABORTED; maybe frame was detached?
    Call log:
      - navigating to "http://localhost:3000/en/calculators/budget", waiting until "load"


      74 |   test.describe('Renovation Budget Planner (EN)', () => {
      75 |     test('should calculate total correctly in English version with zero reserve', async ({ page }) => {
    > 76 |       await page.goto('/en/calculators/budget');
         |                  ^
      77 |
      78 |       // Проверяем заголовок
      79 |       await expect(page.locator('h1')).toContainText('Renovation Budget Planner');
        at C:\Users\Viktor\projects\repair-blog\tests\e2e\functional\calculators.spec.ts:76:18

    attachment #1: video (video/webm) ──────────────────────────────────────────────────────────────
    ..\..\test-results\functional-calculators-Fun-5cd02-h-version-with-zero-reserve-chromium\video.webm
    ────────────────────────────────────────────────────────────────────────────────────────────────
]]>
</failure>
<system-out>
<![CDATA[
[[ATTACHMENT|functional-calculators-Fun-5cd02-h-version-with-zero-reserve-chromium\video.webm]]
]]>
</system-out>
</testcase>
<testcase name="Functional Tests - Calculators › Renovation Budget Planner (EN) › should switch to RU calculator from EN page" classname="functional\calculators.spec.ts" time="45.98">
<failure message="calculators.spec.ts:94:9 should switch to RU calculator from EN page" type="FAILURE">
<![CDATA[  [chromium] › functional\calculators.spec.ts:94:9 › Functional Tests - Calculators › Renovation Budget Planner (EN) › should switch to RU calculator from EN page 

    Test timeout of 30000ms exceeded.

    Error: page.goto: net::ERR_ABORTED; maybe frame was detached?
    Call log:
      - navigating to "http://localhost:3000/en/calculators/budget", waiting until "load"


      93 |
      94 |     test('should switch to RU calculator from EN page', async ({ page }) => {
    > 95 |       await page.goto('/en/calculators/budget');
         |                  ^
      96 |
      97 |       // Переключаемся на русский через переключатель языка
      98 |       await page.click('text=RU');
        at C:\Users\Viktor\projects\repair-blog\tests\e2e\functional\calculators.spec.ts:95:18

    attachment #1: video (video/webm) ──────────────────────────────────────────────────────────────
    ..\..\test-results\functional-calculators-Fun-43d31--RU-calculator-from-EN-page-chromium\video.webm
    ────────────────────────────────────────────────────────────────────────────────────────────────
]]>
</failure>
<system-out>
<![CDATA[
[[ATTACHMENT|functional-calculators-Fun-43d31--RU-calculator-from-EN-page-chromium\video.webm]]
]]>
</system-out>
</testcase>
<testcase name="Functional Tests - Calculators › Other Calculators › should load paint calculator" classname="functional\calculators.spec.ts" time="45.91">
<failure message="calculators.spec.ts:107:9 should load paint calculator" type="FAILURE">
<![CDATA[  [chromium] › functional\calculators.spec.ts:107:9 › Functional Tests - Calculators › Other Calculators › should load paint calculator 

    Test timeout of 30000ms exceeded.

    Error: page.goto: net::ERR_ABORTED; maybe frame was detached?
    Call log:
      - navigating to "http://localhost:3000/calculators/paint", waiting until "load"


      106 |   test.describe('Other Calculators', () => {
      107 |     test('should load paint calculator', async ({ page }) => {
    > 108 |       await page.goto('/calculators/paint');
          |                  ^
      109 |
      110 |       await expect(page.locator('h1')).toContainText('Калькулятор краски');
      111 |
        at C:\Users\Viktor\projects\repair-blog\tests\e2e\functional\calculators.spec.ts:108:18

    attachment #1: video (video/webm) ──────────────────────────────────────────────────────────────
    ..\..\test-results\functional-calculators-Fun-1bddd-hould-load-paint-calculator-chromium\video.webm
    ────────────────────────────────────────────────────────────────────────────────────────────────
]]>
</failure>
<system-out>
<![CDATA[
[[ATTACHMENT|functional-calculators-Fun-1bddd-hould-load-paint-calculator-chromium\video.webm]]
]]>
</system-out>
</testcase>
<testcase name="Functional Tests - Calculators › Other Calculators › should load tile calculator" classname="functional\calculators.spec.ts" time="45.937">
<failure message="calculators.spec.ts:117:9 should load tile calculator" type="FAILURE">
<![CDATA[  [chromium] › functional\calculators.spec.ts:117:9 › Functional Tests - Calculators › Other Calculators › should load tile calculator 

    Test timeout of 30000ms exceeded.

    Error: page.goto: net::ERR_ABORTED; maybe frame was detached?
    Call log:
      - navigating to "http://localhost:3000/calculators/tile", waiting until "load"


      116 |
      117 |     test('should load tile calculator', async ({ page }) => {
    > 118 |       await page.goto('/calculators/tile');
          |                  ^
      119 |
      120 |       await expect(page.locator('h1')).toContainText('Калькулятор плитки');
      121 |
        at C:\Users\Viktor\projects\repair-blog\tests\e2e\functional\calculators.spec.ts:118:18

    attachment #1: video (video/webm) ──────────────────────────────────────────────────────────────
    ..\..\test-results\functional-calculators-Fun-9c16c-should-load-tile-calculator-chromium\video.webm
    ────────────────────────────────────────────────────────────────────────────────────────────────
]]>
</failure>
<system-out>
<![CDATA[
[[ATTACHMENT|functional-calculators-Fun-9c16c-should-load-tile-calculator-chromium\video.webm]]
]]>
</system-out>
</testcase>
<testcase name="Functional Tests - Calculators › Other Calculators › should load wallpaper calculator" classname="functional\calculators.spec.ts" time="46.042">
<failure message="calculators.spec.ts:127:9 should load wallpaper calculator" type="FAILURE">
<![CDATA[  [chromium] › functional\calculators.spec.ts:127:9 › Functional Tests - Calculators › Other Calculators › should load wallpaper calculator 

    Test timeout of 30000ms exceeded.

    Error: page.goto: net::ERR_ABORTED; maybe frame was detached?
    Call log:
      - navigating to "http://localhost:3000/calculators/wallpaper", waiting until "load"


      126 |
      127 |     test('should load wallpaper calculator', async ({ page }) => {
    > 128 |       await page.goto('/calculators/wallpaper');
          |                  ^
      129 |
      130 |       await expect(page.locator('h1')).toContainText('Калькулятор обоев');
      131 |
        at C:\Users\Viktor\projects\repair-blog\tests\e2e\functional\calculators.spec.ts:128:18

    attachment #1: video (video/webm) ──────────────────────────────────────────────────────────────
    ..\..\test-results\functional-calculators-Fun-b6a57-d-load-wallpaper-calculator-chromium\video.webm
    ────────────────────────────────────────────────────────────────────────────────────────────────
]]>
</failure>
<system-out>
<![CDATA[
[[ATTACHMENT|functional-calculators-Fun-b6a57-d-load-wallpaper-calculator-chromium\video.webm]]
]]>
</system-out>
</testcase>
</testsuite>
<testsuite name="i18n\language-switching.spec.ts" timestamp="2025-11-26T12:11:41.906Z" hostname="chromium" tests="6" failures="6" skipped="0" time="276.87" errors="0">
<testcase name="Internationalization (i18n) Tests › should switch between Russian and English correctly" classname="i18n\language-switching.spec.ts" time="46.075">
<failure message="language-switching.spec.ts:4:7 should switch between Russian and English correctly" type="FAILURE">
<![CDATA[  [chromium] › i18n\language-switching.spec.ts:4:7 › Internationalization (i18n) Tests › should switch between Russian and English correctly 

    Test timeout of 30000ms exceeded.

    Error: page.goto: net::ERR_ABORTED; maybe frame was detached?
    Call log:
      - navigating to "http://localhost:3000/", waiting until "load"


      4 |   test('should switch between Russian and English correctly', async ({ page }) => {
      5 |     // Начинаем с русской версии
    > 6 |     await page.goto('/');
        |                ^
      7 |     await expect(page).toHaveURL(/\/$/);
      8 |     
      9 |     // Проверяем русский контент
        at C:\Users\Viktor\projects\repair-blog\tests\e2e\i18n\language-switching.spec.ts:6:16

    attachment #1: video (video/webm) ──────────────────────────────────────────────────────────────
    ..\..\test-results\i18n-language-switching-In-f146a-ssian-and-English-correctly-chromium\video.webm
    ────────────────────────────────────────────────────────────────────────────────────────────────
]]>
</failure>
<system-out>
<![CDATA[
[[ATTACHMENT|i18n-language-switching-In-f146a-ssian-and-English-correctly-chromium\video.webm]]
]]>
</system-out>
</testcase>
<testcase name="Internationalization (i18n) Tests › should have correct hreflang attributes" classname="i18n\language-switching.spec.ts" time="46.061">
<failure message="language-switching.spec.ts:24:7 should have correct hreflang attributes" type="FAILURE">
<![CDATA[  [chromium] › i18n\language-switching.spec.ts:24:7 › Internationalization (i18n) Tests › should have correct hreflang attributes 

    Test timeout of 30000ms exceeded.

    Error: page.goto: net::ERR_ABORTED; maybe frame was detached?
    Call log:
      - navigating to "http://localhost:3000/", waiting until "load"


      23 |
      24 |   test('should have correct hreflang attributes', async ({ page }) => {
    > 25 |     await page.goto('/');
         |                ^
      26 |     
      27 |     // Проверяем hreflang для русской версии
      28 |     const hreflangRu = page.locator('link[hreflang="ru"]');
        at C:\Users\Viktor\projects\repair-blog\tests\e2e\i18n\language-switching.spec.ts:25:16

    attachment #1: video (video/webm) ──────────────────────────────────────────────────────────────
    ..\..\test-results\i18n-language-switching-In-650c3-correct-hreflang-attributes-chromium\video.webm
    ────────────────────────────────────────────────────────────────────────────────────────────────
]]>
</failure>
<system-out>
<![CDATA[
[[ATTACHMENT|i18n-language-switching-In-650c3-correct-hreflang-attributes-chromium\video.webm]]
]]>
</system-out>
</testcase>
<testcase name="Internationalization (i18n) Tests › should have localized meta titles and descriptions" classname="i18n\language-switching.spec.ts" time="46.015">
<failure message="language-switching.spec.ts:39:7 should have localized meta titles and descriptions" type="FAILURE">
<![CDATA[  [chromium] › i18n\language-switching.spec.ts:39:7 › Internationalization (i18n) Tests › should have localized meta titles and descriptions 

    Test timeout of 30000ms exceeded.

    Error: page.goto: net::ERR_ABORTED; maybe frame was detached?
    Call log:
      - navigating to "http://localhost:3000/", waiting until "load"


      39 |   test('should have localized meta titles and descriptions', async ({ page }) => {
      40 |     // Русская версия
    > 41 |     await page.goto('/');
         |                ^
      42 |     const ruTitle = await page.title();
      43 |     const ruDescription = await page.locator('meta[name="description"]').getAttribute('content');
      44 |     
        at C:\Users\Viktor\projects\repair-blog\tests\e2e\i18n\language-switching.spec.ts:41:16

    attachment #1: video (video/webm) ──────────────────────────────────────────────────────────────
    ..\..\test-results\i18n-language-switching-In-d90f5-eta-titles-and-descriptions-chromium\video.webm
    ────────────────────────────────────────────────────────────────────────────────────────────────
]]>
</failure>
<system-out>
<![CDATA[
[[ATTACHMENT|i18n-language-switching-In-d90f5-eta-titles-and-descriptions-chromium\video.webm]]
]]>
</system-out>
</testcase>
<testcase name="Internationalization (i18n) Tests › should have mirror pages with same structure" classname="i18n\language-switching.spec.ts" time="46.129">
<failure message="language-switching.spec.ts:57:7 should have mirror pages with same structure" type="FAILURE">
<![CDATA[  [chromium] › i18n\language-switching.spec.ts:57:7 › Internationalization (i18n) Tests › should have mirror pages with same structure 

    Test timeout of 30000ms exceeded.

    Error: page.goto: net::ERR_ABORTED; maybe frame was detached?
    Call log:
      - navigating to "http://localhost:3000/", waiting until "load"


      65 |     for (const pages of mirrorPages) {
      66 |       // Проверяем русскую версию
    > 67 |       await page.goto(pages.ru);
         |                  ^
      68 |       const ruH1 = await page.locator('h1').first().textContent();
      69 |       const ruNav = await page.locator('nav').count();
      70 |       
        at C:\Users\Viktor\projects\repair-blog\tests\e2e\i18n\language-switching.spec.ts:67:18

    attachment #1: video (video/webm) ──────────────────────────────────────────────────────────────
    ..\..\test-results\i18n-language-switching-In-5bf6c-r-pages-with-same-structure-chromium\video.webm
    ────────────────────────────────────────────────────────────────────────────────────────────────
]]>
</failure>
<system-out>
<![CDATA[
[[ATTACHMENT|i18n-language-switching-In-5bf6c-r-pages-with-same-structure-chromium\video.webm]]
]]>
</system-out>
</testcase>
<testcase name="Internationalization (i18n) Tests › should handle language switching on tag pages" classname="i18n\language-switching.spec.ts" time="46.189">
<failure message="language-switching.spec.ts:84:7 should handle language switching on tag pages" type="FAILURE">
<![CDATA[  [chromium] › i18n\language-switching.spec.ts:84:7 › Internationalization (i18n) Tests › should handle language switching on tag pages 

    Test timeout of 30000ms exceeded.

    Error: page.goto: net::ERR_ABORTED; maybe frame was detached?
    Call log:
      - navigating to "http://localhost:3000/tags/%D0%BA%D1%83%D1%85%D0%BD%D1%8F", waiting until "load"


      84 |   test('should handle language switching on tag pages', async ({ page }) => {
      85 |     // Тестируем переключение на странице тегов
    > 86 |     await page.goto('/tags/кухня');
         |                ^
      87 |     await expect(page).toHaveURL(/\/tags\/кухня/);
      88 |     
      89 |     // Переключаем на английский
        at C:\Users\Viktor\projects\repair-blog\tests\e2e\i18n\language-switching.spec.ts:86:16

    attachment #1: video (video/webm) ──────────────────────────────────────────────────────────────
    ..\..\test-results\i18n-language-switching-In-1af7a-uage-switching-on-tag-pages-chromium\video.webm
    ────────────────────────────────────────────────────────────────────────────────────────────────
]]>
</failure>
<system-out>
<![CDATA[
[[ATTACHMENT|i18n-language-switching-In-1af7a-uage-switching-on-tag-pages-chromium\video.webm]]
]]>
</system-out>
</testcase>
<testcase name="Internationalization (i18n) Tests › should preserve language preference in URL" classname="i18n\language-switching.spec.ts" time="46.401">
<failure message="language-switching.spec.ts:97:7 should preserve language preference in URL" type="FAILURE">
<![CDATA[  [chromium] › i18n\language-switching.spec.ts:97:7 › Internationalization (i18n) Tests › should preserve language preference in URL 

    Test timeout of 30000ms exceeded.

    Error: page.goto: net::ERR_ABORTED; maybe frame was detached?
    Call log:
      - navigating to "http://localhost:3000/en/calculators/budget", waiting until "load"


       97 |   test('should preserve language preference in URL', async ({ page }) => {
       98 |     // Переходим на английскую версию калькулятора
    >  99 |     await page.goto('/en/calculators/budget');
          |                ^
      100 |     await expect(page).toHaveURL(/\/en\/calculators\/budget/);
      101 |     
      102 |     // Проверяем, что все ссылки остаются в английской версии
        at C:\Users\Viktor\projects\repair-blog\tests\e2e\i18n\language-switching.spec.ts:99:16

    attachment #1: video (video/webm) ──────────────────────────────────────────────────────────────
    ..\..\test-results\i18n-language-switching-In-660d1--language-preference-in-URL-chromium\video.webm
    ────────────────────────────────────────────────────────────────────────────────────────────────
]]>
</failure>
<system-out>
<![CDATA[
[[ATTACHMENT|i18n-language-switching-In-660d1--language-preference-in-URL-chromium\video.webm]]
]]>
</system-out>
</testcase>
</testsuite>
<testsuite name="navigation\routing.spec.ts" timestamp="2025-11-26T12:11:41.906Z" hostname="chromium" tests="6" failures="6" skipped="0" time="275.155" errors="0">
<testcase name="Navigation and Routing Tests › should have all navigation links working" classname="navigation\routing.spec.ts" time="45.701">
<failure message="routing.spec.ts:4:7 should have all navigation links working" type="FAILURE">
<![CDATA[  [chromium] › navigation\routing.spec.ts:4:7 › Navigation and Routing Tests › should have all navigation links working 

    Test timeout of 30000ms exceeded.

    Error: page.goto: net::ERR_ABORTED; maybe frame was detached?
    Call log:
      - navigating to "http://localhost:3000/", waiting until "load"


      3 | test.describe('Navigation and Routing Tests', () => {
      4 |   test('should have all navigation links working', async ({ page }) => {
    > 5 |     await page.goto('/');
        |                ^
      6 |     
      7 |     // Получаем все ссылки из навигации
      8 |     const navLinks = page.locator('nav a, header a');
        at C:\Users\Viktor\projects\repair-blog\tests\e2e\navigation\routing.spec.ts:5:16

    attachment #1: video (video/webm) ──────────────────────────────────────────────────────────────
    ..\..\test-results\navigation-routing-Navigat-f51c2-ll-navigation-links-working-chromium\video.webm
    ────────────────────────────────────────────────────────────────────────────────────────────────
]]>
</failure>
<system-out>
<![CDATA[
[[ATTACHMENT|navigation-routing-Navigat-f51c2-ll-navigation-links-working-chromium\video.webm]]
]]>
</system-out>
</testcase>
<testcase name="Navigation and Routing Tests › should handle deep links correctly" classname="navigation\routing.spec.ts" time="45.787">
<failure message="routing.spec.ts:31:7 should handle deep links correctly" type="FAILURE">
<![CDATA[  [chromium] › navigation\routing.spec.ts:31:7 › Navigation and Routing Tests › should handle deep links correctly 

    Test timeout of 30000ms exceeded.

    Error: page.goto: net::ERR_ABORTED; maybe frame was detached?
    Call log:
      - navigating to "http://localhost:3000/", waiting until "load"


      30 |
      31 |   test('should handle deep links correctly', async ({ page }) => {
    > 32 |     await page.goto('/');
         |                ^
      33 |     
      34 |     // Ищем кнопки DeepLink
      35 |     const deepLinks = page.locator('[data-deep-link]');
        at C:\Users\Viktor\projects\repair-blog\tests\e2e\navigation\routing.spec.ts:32:16

    attachment #1: video (video/webm) ──────────────────────────────────────────────────────────────
    ..\..\test-results\navigation-routing-Navigat-06fcf-handle-deep-links-correctly-chromium\video.webm
    ────────────────────────────────────────────────────────────────────────────────────────────────
]]>
</failure>
<system-out>
<![CDATA[
[[ATTACHMENT|navigation-routing-Navigat-06fcf-handle-deep-links-correctly-chromium\video.webm]]
]]>
</system-out>
</testcase>
<testcase name="Navigation and Routing Tests › should have working breadcrumbs and home button" classname="navigation\routing.spec.ts" time="45.961">
<failure message="routing.spec.ts:48:7 should have working breadcrumbs and home button" type="FAILURE">
<![CDATA[  [chromium] › navigation\routing.spec.ts:48:7 › Navigation and Routing Tests › should have working breadcrumbs and home button 

    Test timeout of 30000ms exceeded.

    Error: page.goto: net::ERR_ABORTED; maybe frame was detached?
    Call log:
      - navigating to "http://localhost:3000/calculators/budget", waiting until "load"


      48 |   test('should have working breadcrumbs and home button', async ({ page }) => {
      49 |     // Переходим на любую внутреннюю страницу
    > 50 |     await page.goto('/calculators/budget');
         |                ^
      51 |     
      52 |     // Ищем кнопку "Home" или логотип
      53 |     const homeButton = page.locator('a[href="/"], a[href="/en"]').first();
        at C:\Users\Viktor\projects\repair-blog\tests\e2e\navigation\routing.spec.ts:50:16

    attachment #1: video (video/webm) ──────────────────────────────────────────────────────────────
    ..\..\test-results\navigation-routing-Navigat-47a56-breadcrumbs-and-home-button-chromium\video.webm
    ────────────────────────────────────────────────────────────────────────────────────────────────
]]>
</failure>
<system-out>
<![CDATA[
[[ATTACHMENT|navigation-routing-Navigat-47a56-breadcrumbs-and-home-button-chromium\video.webm]]
]]>
</system-out>
</testcase>
<testcase name="Navigation and Routing Tests › should handle 404 pages gracefully" classname="navigation\routing.spec.ts" time="45.946">
<failure message="routing.spec.ts:61:7 should handle 404 pages gracefully" type="FAILURE">
<![CDATA[  [chromium] › navigation\routing.spec.ts:61:7 › Navigation and Routing Tests › should handle 404 pages gracefully 

    Test timeout of 30000ms exceeded.

    Error: page.goto: net::ERR_ABORTED; maybe frame was detached?
    Call log:
      - navigating to "http://localhost:3000/non-existent-page", waiting until "load"


      68 |
      69 |     for (const url of nonExistentUrls) {
    > 70 |       const response = await page.goto(url);
         |                                   ^
      71 |       expect(response?.status()).toBe(404);
      72 |       
      73 |       // Проверяем, что отображается кастомная 404 страница
        at C:\Users\Viktor\projects\repair-blog\tests\e2e\navigation\routing.spec.ts:70:35

    attachment #1: video (video/webm) ──────────────────────────────────────────────────────────────
    ..\..\test-results\navigation-routing-Navigat-5478d-handle-404-pages-gracefully-chromium\video.webm
    ────────────────────────────────────────────────────────────────────────────────────────────────
]]>
</failure>
<system-out>
<![CDATA[
[[ATTACHMENT|navigation-routing-Navigat-5478d-handle-404-pages-gracefully-chromium\video.webm]]
]]>
</system-out>
</testcase>
<testcase name="Navigation and Routing Tests › should have consistent navigation across pages" classname="navigation\routing.spec.ts" time="46.46">
<failure message="routing.spec.ts:82:7 should have consistent navigation across pages" type="FAILURE">
<![CDATA[  [chromium] › navigation\routing.spec.ts:82:7 › Navigation and Routing Tests › should have consistent navigation across pages 

    Test timeout of 30000ms exceeded.

    Error: page.goto: net::ERR_ABORTED; maybe frame was detached?
    Call log:
      - navigating to "http://localhost:3000/", waiting until "load"


      86 |     
      87 |     for (const testPage of testPages) {
    > 88 |       await page.goto(testPage);
         |                  ^
      89 |       
      90 |       // Получаем структуру навигации
      91 |       const nav = page.locator('nav').first();
        at C:\Users\Viktor\projects\repair-blog\tests\e2e\navigation\routing.spec.ts:88:18

    attachment #1: video (video/webm) ──────────────────────────────────────────────────────────────
    ..\..\test-results\navigation-routing-Navigat-606f2-ent-navigation-across-pages-chromium\video.webm
    ────────────────────────────────────────────────────────────────────────────────────────────────
]]>
</failure>
<system-out>
<![CDATA[
[[ATTACHMENT|navigation-routing-Navigat-606f2-ent-navigation-across-pages-chromium\video.webm]]
]]>
</system-out>
</testcase>
<testcase name="Navigation and Routing Tests › should handle mobile navigation menu" classname="navigation\routing.spec.ts" time="45.3">
<failure message="routing.spec.ts:103:7 should handle mobile navigation menu" type="FAILURE">
<![CDATA[  [chromium] › navigation\routing.spec.ts:103:7 › Navigation and Routing Tests › should handle mobile navigation menu 

    Test timeout of 30000ms exceeded.

    Error: page.goto: net::ERR_ABORTED; maybe frame was detached?
    Call log:
      - navigating to "http://localhost:3000/", waiting until "load"


      104 |     // Устанавливаем мобильный размер экрана
      105 |     await page.setViewportSize({ width: 375, height: 667 });
    > 106 |     await page.goto('/');
          |                ^
      107 |     
      108 |     // Ищем кнопку мобильного меню
      109 |     const mobileMenuButton = page.locator('[aria-label*="меню"], [aria-label*="menu"], button[aria-expanded]').first();
        at C:\Users\Viktor\projects\repair-blog\tests\e2e\navigation\routing.spec.ts:106:16

    attachment #1: video (video/webm) ──────────────────────────────────────────────────────────────
    ..\..\test-results\navigation-routing-Navigat-646ff-ndle-mobile-navigation-menu-chromium\video.webm
    ────────────────────────────────────────────────────────────────────────────────────────────────
]]>
</failure>
<system-out>
<![CDATA[
[[ATTACHMENT|navigation-routing-Navigat-646ff-ndle-mobile-navigation-menu-chromium\video.webm]]
]]>
</system-out>
</testcase>
</testsuite>
<testsuite name="performance\lighthouse.spec.ts" timestamp="2025-11-26T12:11:41.906Z" hostname="chromium" tests="10" failures="10" skipped="0" time="461.553" errors="0">
<testcase name="Performance and Accessibility Tests › Lighthouse Performance › should have good Lighthouse scores" classname="performance\lighthouse.spec.ts" time="46.581">
<failure message="lighthouse.spec.ts:5:9 should have good Lighthouse scores" type="FAILURE">
<![CDATA[  [chromium] › performance\lighthouse.spec.ts:5:9 › Performance and Accessibility Tests › Lighthouse Performance › should have good Lighthouse scores 

    Test timeout of 30000ms exceeded.

    Error: page.goto: net::ERR_ABORTED; maybe frame was detached?
    Call log:
      - navigating to "http://localhost:3000/", waiting until "load"


      4 |   test.describe('Lighthouse Performance', () => {
      5 |     test('should have good Lighthouse scores', async ({ page }) => {
    > 6 |       await page.goto('/');
        |                  ^
      7 |       
      8 |       // Запускаем Lighthouse
      9 |       const lighthouse = await page.evaluate<{
        at C:\Users\Viktor\projects\repair-blog\tests\e2e\performance\lighthouse.spec.ts:6:18

    attachment #1: video (video/webm) ──────────────────────────────────────────────────────────────
    ..\..\test-results\performance-lighthouse-Per-246d4-have-good-Lighthouse-scores-chromium\video.webm
    ────────────────────────────────────────────────────────────────────────────────────────────────
]]>
</failure>
<system-out>
<![CDATA[
[[ATTACHMENT|performance-lighthouse-Per-246d4-have-good-Lighthouse-scores-chromium\video.webm]]
]]>
</system-out>
</testcase>
<testcase name="Performance and Accessibility Tests › Image Optimization › should use next/image for all images" classname="performance\lighthouse.spec.ts" time="46.525">
<failure message="lighthouse.spec.ts:45:9 should use next/image for all images" type="FAILURE">
<![CDATA[  [chromium] › performance\lighthouse.spec.ts:45:9 › Performance and Accessibility Tests › Image Optimization › should use next/image for all images 

    Test timeout of 30000ms exceeded.

    Error: page.goto: net::ERR_ABORTED; maybe frame was detached?
    Call log:
      - navigating to "http://localhost:3000/", waiting until "load"


      44 |   test.describe('Image Optimization', () => {
      45 |     test('should use next/image for all images', async ({ page }) => {
    > 46 |       await page.goto('/');
         |                  ^
      47 |       
      48 |       // Проверяем, что все изображения используют next/image
      49 |       const images = page.locator('img');
        at C:\Users\Viktor\projects\repair-blog\tests\e2e\performance\lighthouse.spec.ts:46:18

    attachment #1: video (video/webm) ──────────────────────────────────────────────────────────────
    ..\..\test-results\performance-lighthouse-Per-df68e-e-next-image-for-all-images-chromium\video.webm
    ────────────────────────────────────────────────────────────────────────────────────────────────
]]>
</failure>
<system-out>
<![CDATA[
[[ATTACHMENT|performance-lighthouse-Per-df68e-e-next-image-for-all-images-chromium\video.webm]]
]]>
</system-out>
</testcase>
<testcase name="Performance and Accessibility Tests › Image Optimization › should have proper image loading attributes" classname="performance\lighthouse.spec.ts" time="45.854">
<failure message="lighthouse.spec.ts:67:9 should have proper image loading attributes" type="FAILURE">
<![CDATA[  [chromium] › performance\lighthouse.spec.ts:67:9 › Performance and Accessibility Tests › Image Optimization › should have proper image loading attributes 

    Test timeout of 30000ms exceeded.

    Error: page.goto: net::ERR_ABORTED; maybe frame was detached?
    Call log:
      - navigating to "http://localhost:3000/posts/remont-vannoy", waiting until "load"


      66 |
      67 |     test('should have proper image loading attributes', async ({ page }) => {
    > 68 |       await page.goto('/posts/remont-vannoy');
         |                  ^
      69 |       
      70 |       // Проверяем изображения в статье
      71 |       const articleImages = page.locator('article img, main img');
        at C:\Users\Viktor\projects\repair-blog\tests\e2e\performance\lighthouse.spec.ts:68:18

    attachment #1: video (video/webm) ──────────────────────────────────────────────────────────────
    ..\..\test-results\performance-lighthouse-Per-5c85d-er-image-loading-attributes-chromium\video.webm
    ────────────────────────────────────────────────────────────────────────────────────────────────
]]>
</failure>
<system-out>
<![CDATA[
[[ATTACHMENT|performance-lighthouse-Per-5c85d-er-image-loading-attributes-chromium\video.webm]]
]]>
</system-out>
</testcase>
<testcase name="Performance and Accessibility Tests › Accessibility (A11y) › should have proper color contrast" classname="performance\lighthouse.spec.ts" time="46.062">
<failure message="lighthouse.spec.ts:93:9 should have proper color contrast" type="FAILURE">
<![CDATA[  [chromium] › performance\lighthouse.spec.ts:93:9 › Performance and Accessibility Tests › Accessibility (A11y) › should have proper color contrast 

    Test timeout of 30000ms exceeded.

    Error: page.goto: net::ERR_ABORTED; maybe frame was detached?
    Call log:
      - navigating to "http://localhost:3000/", waiting until "load"


      92 |   test.describe('Accessibility (A11y)', () => {
      93 |     test('should have proper color contrast', async ({ page }) => {
    > 94 |       await page.goto('/');
         |                  ^
      95 |       
      96 |       // Проверяем основные текстовые элементы
      97 |       const textElements = page.locator('h1, h2, h3, p, a');
        at C:\Users\Viktor\projects\repair-blog\tests\e2e\performance\lighthouse.spec.ts:94:18

    attachment #1: video (video/webm) ──────────────────────────────────────────────────────────────
    ..\..\test-results\performance-lighthouse-Per-fbaab--have-proper-color-contrast-chromium\video.webm
    ────────────────────────────────────────────────────────────────────────────────────────────────
]]>
</failure>
<system-out>
<![CDATA[
[[ATTACHMENT|performance-lighthouse-Per-fbaab--have-proper-color-contrast-chromium\video.webm]]
]]>
</system-out>
</testcase>
<testcase name="Performance and Accessibility Tests › Accessibility (A11y) › should have proper focus management" classname="performance\lighthouse.spec.ts" time="46.272">
<failure message="lighthouse.spec.ts:116:9 should have proper focus management" type="FAILURE">
<![CDATA[  [chromium] › performance\lighthouse.spec.ts:116:9 › Performance and Accessibility Tests › Accessibility (A11y) › should have proper focus management 

    Test timeout of 30000ms exceeded.

    Error: page.goto: net::ERR_ABORTED; maybe frame was detached?
    Call log:
      - navigating to "http://localhost:3000/", waiting until "load"


      115 |
      116 |     test('should have proper focus management', async ({ page }) => {
    > 117 |       await page.goto('/');
          |                  ^
      118 |       
      119 |       // Проверяем фокус на навигационных элементах
      120 |       const navLinks = page.locator('nav a, header a');
        at C:\Users\Viktor\projects\repair-blog\tests\e2e\performance\lighthouse.spec.ts:117:18

    attachment #1: video (video/webm) ──────────────────────────────────────────────────────────────
    ..\..\test-results\performance-lighthouse-Per-a1cee-ave-proper-focus-management-chromium\video.webm
    ────────────────────────────────────────────────────────────────────────────────────────────────
]]>
</failure>
<system-out>
<![CDATA[
[[ATTACHMENT|performance-lighthouse-Per-a1cee-ave-proper-focus-management-chromium\video.webm]]
]]>
</system-out>
</testcase>
<testcase name="Performance and Accessibility Tests › Accessibility (A11y) › should have proper ARIA labels" classname="performance\lighthouse.spec.ts" time="46.257">
<failure message="lighthouse.spec.ts:143:9 should have proper ARIA labels" type="FAILURE">
<![CDATA[  [chromium] › performance\lighthouse.spec.ts:143:9 › Performance and Accessibility Tests › Accessibility (A11y) › should have proper ARIA labels 

    Test timeout of 30000ms exceeded.

    Error: page.goto: net::ERR_ABORTED; maybe frame was detached?
    Call log:
      - navigating to "http://localhost:3000/", waiting until "load"


      142 |
      143 |     test('should have proper ARIA labels', async ({ page }) => {
    > 144 |       await page.goto('/');
          |                  ^
      145 |       
      146 |       // Проверяем кнопки с aria-label
      147 |       const buttonsWithAria = page.locator('button[aria-label]');
        at C:\Users\Viktor\projects\repair-blog\tests\e2e\performance\lighthouse.spec.ts:144:18

    attachment #1: video (video/webm) ──────────────────────────────────────────────────────────────
    ..\..\test-results\performance-lighthouse-Per-abfb9-uld-have-proper-ARIA-labels-chromium\video.webm
    ────────────────────────────────────────────────────────────────────────────────────────────────
]]>
</failure>
<system-out>
<![CDATA[
[[ATTACHMENT|performance-lighthouse-Per-abfb9-uld-have-proper-ARIA-labels-chromium\video.webm]]
]]>
</system-out>
</testcase>
<testcase name="Performance and Accessibility Tests › Accessibility (A11y) › should have proper heading hierarchy" classname="performance\lighthouse.spec.ts" time="45.845">
<failure message="lighthouse.spec.ts:159:9 should have proper heading hierarchy" type="FAILURE">
<![CDATA[  [chromium] › performance\lighthouse.spec.ts:159:9 › Performance and Accessibility Tests › Accessibility (A11y) › should have proper heading hierarchy 

    Test timeout of 30000ms exceeded.

    Error: page.goto: net::ERR_ABORTED; maybe frame was detached?
    Call log:
      - navigating to "http://localhost:3000/posts/remont-vannoy", waiting until "load"


      158 |
      159 |     test('should have proper heading hierarchy', async ({ page }) => {
    > 160 |       await page.goto('/posts/remont-vannoy');
          |                  ^
      161 |       
      162 |       // Проверяем структуру заголовков
      163 |       const h1 = page.locator('h1');
        at C:\Users\Viktor\projects\repair-blog\tests\e2e\performance\lighthouse.spec.ts:160:18

    attachment #1: video (video/webm) ──────────────────────────────────────────────────────────────
    ..\..\test-results\performance-lighthouse-Per-a1349-ve-proper-heading-hierarchy-chromium\video.webm
    ────────────────────────────────────────────────────────────────────────────────────────────────
]]>
</failure>
<system-out>
<![CDATA[
[[ATTACHMENT|performance-lighthouse-Per-a1349-ve-proper-heading-hierarchy-chromium\video.webm]]
]]>
</system-out>
</testcase>
<testcase name="Performance and Accessibility Tests › Accessibility (A11y) › should have proper form labels" classname="performance\lighthouse.spec.ts" time="45.941">
<failure message="lighthouse.spec.ts:179:9 should have proper form labels" type="FAILURE">
<![CDATA[  [chromium] › performance\lighthouse.spec.ts:179:9 › Performance and Accessibility Tests › Accessibility (A11y) › should have proper form labels 

    Test timeout of 30000ms exceeded.

    Error: page.goto: net::ERR_ABORTED; maybe frame was detached?
    Call log:
      - navigating to "http://localhost:3000/calculators/budget", waiting until "load"


      178 |
      179 |     test('should have proper form labels', async ({ page }) => {
    > 180 |       await page.goto('/calculators/budget');
          |                  ^
      181 |       
      182 |       // Проверяем поля ввода
      183 |       const inputs = page.locator('input');
        at C:\Users\Viktor\projects\repair-blog\tests\e2e\performance\lighthouse.spec.ts:180:18

    attachment #1: video (video/webm) ──────────────────────────────────────────────────────────────
    ..\..\test-results\performance-lighthouse-Per-da580-uld-have-proper-form-labels-chromium\video.webm
    ────────────────────────────────────────────────────────────────────────────────────────────────
]]>
</failure>
<system-out>
<![CDATA[
[[ATTACHMENT|performance-lighthouse-Per-da580-uld-have-proper-form-labels-chromium\video.webm]]
]]>
</system-out>
</testcase>
<testcase name="Performance and Accessibility Tests › Performance Metrics › should load critical resources quickly" classname="performance\lighthouse.spec.ts" time="46.175">
<failure message="lighthouse.spec.ts:206:9 should load critical resources quickly" type="FAILURE">
<![CDATA[  [chromium] › performance\lighthouse.spec.ts:206:9 › Performance and Accessibility Tests › Performance Metrics › should load critical resources quickly 

    Test timeout of 30000ms exceeded.

    Error: page.goto: net::ERR_ABORTED; maybe frame was detached?
    Call log:
      - navigating to "http://localhost:3000/", waiting until "load"


      207 |       const startTime = Date.now();
      208 |       
    > 209 |       await page.goto('/');
          |                  ^
      210 |       
      211 |       // Ждем загрузки критических ресурсов
      212 |       await page.waitForLoadState('networkidle');
        at C:\Users\Viktor\projects\repair-blog\tests\e2e\performance\lighthouse.spec.ts:209:18

    attachment #1: video (video/webm) ──────────────────────────────────────────────────────────────
    ..\..\test-results\performance-lighthouse-Per-497ec--critical-resources-quickly-chromium\video.webm
    ────────────────────────────────────────────────────────────────────────────────────────────────
]]>
</failure>
<system-out>
<![CDATA[
[[ATTACHMENT|performance-lighthouse-Per-497ec--critical-resources-quickly-chromium\video.webm]]
]]>
</system-out>
</testcase>
<testcase name="Performance and Accessibility Tests › Performance Metrics › should have efficient bundle size" classname="performance\lighthouse.spec.ts" time="46.041">
<failure message="lighthouse.spec.ts:224:9 should have efficient bundle size" type="FAILURE">
<![CDATA[  [chromium] › performance\lighthouse.spec.ts:224:9 › Performance and Accessibility Tests › Performance Metrics › should have efficient bundle size 

    Test timeout of 30000ms exceeded.

    Error: page.goto: net::ERR_ABORTED; maybe frame was detached?
    Call log:
      - navigating to "http://localhost:3000/", waiting until "load"


      223 |
      224 |     test('should have efficient bundle size', async ({ page }) => {
    > 225 |       await page.goto('/');
          |                  ^
      226 |       
      227 |       // Проверяем количество загруженных скриптов
      228 |       const scripts = page.locator('script[src]');
        at C:\Users\Viktor\projects\repair-blog\tests\e2e\performance\lighthouse.spec.ts:225:18

    attachment #1: video (video/webm) ──────────────────────────────────────────────────────────────
    ..\..\test-results\performance-lighthouse-Per-1a2d9--have-efficient-bundle-size-chromium\video.webm
    ────────────────────────────────────────────────────────────────────────────────────────────────
]]>
</failure>
<system-out>
<![CDATA[
[[ATTACHMENT|performance-lighthouse-Per-1a2d9--have-efficient-bundle-size-chromium\video.webm]]
]]>
</system-out>
</testcase>
</testsuite>
<testsuite name="regression.spec.ts" timestamp="2025-11-26T12:11:41.906Z" hostname="chromium" tests="16" failures="16" skipped="0" time="685.484" errors="0">
<testcase name="All Buttons and Forms › should test all navigation buttons" classname="regression.spec.ts" time="45.404">
<failure message="regression.spec.ts:4:7 should test all navigation buttons" type="FAILURE">
<![CDATA[  [chromium] › regression.spec.ts:4:7 › All Buttons and Forms › should test all navigation buttons ─

    Test timeout of 30000ms exceeded.

    Error: page.goto: net::ERR_ABORTED; maybe frame was detached?
    Call log:
      - navigating to "http://localhost:3000/", waiting until "load"


      3 | test.describe('All Buttons and Forms', () => {
      4 |   test('should test all navigation buttons', async ({ page }) => {
    > 5 |     await page.goto('/');
        |                ^
      6 |     
      7 |     // Проверяем все кнопки навигации
      8 |     const navButtons = [
        at C:\Users\Viktor\projects\repair-blog\tests\e2e\regression.spec.ts:5:16

    attachment #1: video (video/webm) ──────────────────────────────────────────────────────────────
    ..\..\test-results\regression-All-Buttons-and-c4656-test-all-navigation-buttons-chromium\video.webm
    ────────────────────────────────────────────────────────────────────────────────────────────────
]]>
</failure>
<system-out>
<![CDATA[
[[ATTACHMENT|regression-All-Buttons-and-c4656-test-all-navigation-buttons-chromium\video.webm]]
]]>
</system-out>
</testcase>
<testcase name="All Buttons and Forms › should test all calculator buttons" classname="regression.spec.ts" time="45.825">
<failure message="regression.spec.ts:23:7 should test all calculator buttons" type="FAILURE">
<![CDATA[  [chromium] › regression.spec.ts:23:7 › All Buttons and Forms › should test all calculator buttons 

    Test timeout of 30000ms exceeded.

    Error: page.goto: net::ERR_ABORTED; maybe frame was detached?
    Call log:
      - navigating to "http://localhost:3000/calculators/budget", waiting until "load"


      22 |
      23 |   test('should test all calculator buttons', async ({ page }) => {
    > 24 |     await page.goto('/calculators/budget');
         |                ^
      25 |     
      26 |     // Проверяем все кнопки калькулятора
      27 |     const calculatorButtons = [
        at C:\Users\Viktor\projects\repair-blog\tests\e2e\regression.spec.ts:24:16

    attachment #1: video (video/webm) ──────────────────────────────────────────────────────────────
    ..\..\test-results\regression-All-Buttons-and-12484-test-all-calculator-buttons-chromium\video.webm
    ────────────────────────────────────────────────────────────────────────────────────────────────
]]>
</failure>
<system-out>
<![CDATA[
[[ATTACHMENT|regression-All-Buttons-and-12484-test-all-calculator-buttons-chromium\video.webm]]
]]>
</system-out>
</testcase>
<testcase name="All Buttons and Forms › should test all form inputs" classname="regression.spec.ts" time="45.883">
<failure message="regression.spec.ts:46:7 should test all form inputs" type="FAILURE">
<![CDATA[  [chromium] › regression.spec.ts:46:7 › All Buttons and Forms › should test all form inputs ───────

    Test timeout of 30000ms exceeded.

    Error: page.goto: net::ERR_ABORTED; maybe frame was detached?
    Call log:
      - navigating to "http://localhost:3000/calculators/budget", waiting until "load"


      45 |
      46 |   test('should test all form inputs', async ({ page }) => {
    > 47 |     await page.goto('/calculators/budget');
         |                ^
      48 |     
      49 |     // Добавляем несколько категорий
      50 |     await page.click('button:has-text("Добавить категорию")');
        at C:\Users\Viktor\projects\repair-blog\tests\e2e\regression.spec.ts:47:16

    attachment #1: video (video/webm) ──────────────────────────────────────────────────────────────
    ..\..\test-results\regression-All-Buttons-and-Forms-should-test-all-form-inputs-chromium\video.webm
    ────────────────────────────────────────────────────────────────────────────────────────────────
]]>
</failure>
<system-out>
<![CDATA[
[[ATTACHMENT|regression-All-Buttons-and-Forms-should-test-all-form-inputs-chromium\video.webm]]
]]>
</system-out>
</testcase>
<testcase name="All Buttons and Forms › should test all dropdowns and selects" classname="regression.spec.ts" time="45.922">
<failure message="regression.spec.ts:67:7 should test all dropdowns and selects" type="FAILURE">
<![CDATA[  [chromium] › regression.spec.ts:67:7 › All Buttons and Forms › should test all dropdowns and selects 

    Test timeout of 30000ms exceeded.

    Error: page.goto: net::ERR_ABORTED; maybe frame was detached?
    Call log:
      - navigating to "http://localhost:3000/calculators/budget", waiting until "load"


      66 |
      67 |   test('should test all dropdowns and selects', async ({ page }) => {
    > 68 |     await page.goto('/calculators/budget');
         |                ^
      69 |     
      70 |     // Проверяем все селекты
      71 |     const selects = page.locator('select');
        at C:\Users\Viktor\projects\repair-blog\tests\e2e\regression.spec.ts:68:16

    attachment #1: video (video/webm) ──────────────────────────────────────────────────────────────
    ..\..\test-results\regression-All-Buttons-and-7daef-t-all-dropdowns-and-selects-chromium\video.webm
    ────────────────────────────────────────────────────────────────────────────────────────────────
]]>
</failure>
<system-out>
<![CDATA[
[[ATTACHMENT|regression-All-Buttons-and-7daef-t-all-dropdowns-and-selects-chromium\video.webm]]
]]>
</system-out>
</testcase>
<testcase name="All Page Transitions › should test all internal links" classname="regression.spec.ts" time="45.224">
<failure message="regression.spec.ts:86:7 should test all internal links" type="FAILURE">
<![CDATA[  [chromium] › regression.spec.ts:86:7 › All Page Transitions › should test all internal links ─────

    Test timeout of 30000ms exceeded.

    Error: page.goto: net::ERR_ABORTED; maybe frame was detached?
    Call log:
      - navigating to "http://localhost:3000/", waiting until "load"


      85 | test.describe('All Page Transitions', () => {
      86 |   test('should test all internal links', async ({ page }) => {
    > 87 |     await page.goto('/');
         |                ^
      88 |     
      89 |     // Собираем все ссылки на странице
      90 |     const links = page.locator('a[href^="/"]');
        at C:\Users\Viktor\projects\repair-blog\tests\e2e\regression.spec.ts:87:16

    attachment #1: video (video/webm) ──────────────────────────────────────────────────────────────
    ..\..\test-results\regression-All-Page-Transi-c14ba-uld-test-all-internal-links-chromium\video.webm
    ────────────────────────────────────────────────────────────────────────────────────────────────
]]>
</failure>
<system-out>
<![CDATA[
[[ATTACHMENT|regression-All-Page-Transi-c14ba-uld-test-all-internal-links-chromium\video.webm]]
]]>
</system-out>
</testcase>
<testcase name="All Page Transitions › should test all external links" classname="regression.spec.ts" time="45.934">
<failure message="regression.spec.ts:118:7 should test all external links" type="FAILURE">
<![CDATA[  [chromium] › regression.spec.ts:118:7 › All Page Transitions › should test all external links ────

    Test timeout of 30000ms exceeded.

    Error: page.goto: net::ERR_ABORTED; maybe frame was detached?
    Call log:
      - navigating to "http://localhost:3000/", waiting until "load"


      117 |
      118 |   test('should test all external links', async ({ page }) => {
    > 119 |     await page.goto('/');
          |                ^
      120 |     
      121 |     // Проверяем внешние ссылки (социальные сети)
      122 |     const externalLinks = page.locator('a[href^="http"]');
        at C:\Users\Viktor\projects\repair-blog\tests\e2e\regression.spec.ts:119:16

    attachment #1: video (video/webm) ──────────────────────────────────────────────────────────────
    ..\..\test-results\regression-All-Page-Transi-9273c-uld-test-all-external-links-chromium\video.webm
    ────────────────────────────────────────────────────────────────────────────────────────────────
]]>
</failure>
<system-out>
<![CDATA[
[[ATTACHMENT|regression-All-Page-Transi-9273c-uld-test-all-external-links-chromium\video.webm]]
]]>
</system-out>
</testcase>
<testcase name="All Interactive Elements › should test all hover effects" classname="regression.spec.ts" time="46.016">
<failure message="regression.spec.ts:142:7 should test all hover effects" type="FAILURE">
<![CDATA[  [chromium] › regression.spec.ts:142:7 › All Interactive Elements › should test all hover effects ─

    Test timeout of 30000ms exceeded.

    Error: page.goto: net::ERR_ABORTED; maybe frame was detached?
    Call log:
      - navigating to "http://localhost:3000/", waiting until "load"


      141 | test.describe('All Interactive Elements', () => {
      142 |   test('should test all hover effects', async ({ page }) => {
    > 143 |     await page.goto('/');
          |                ^
      144 |     
      145 |     // Проверяем hover эффекты на всех интерактивных элементах
      146 |     const interactiveElements = page.locator('button, a, [role="button"]');
        at C:\Users\Viktor\projects\repair-blog\tests\e2e\regression.spec.ts:143:16

    attachment #1: video (video/webm) ──────────────────────────────────────────────────────────────
    ..\..\test-results\regression-All-Interactive-14860-ould-test-all-hover-effects-chromium\video.webm
    ────────────────────────────────────────────────────────────────────────────────────────────────
]]>
</failure>
<system-out>
<![CDATA[
[[ATTACHMENT|regression-All-Interactive-14860-ould-test-all-hover-effects-chromium\video.webm]]
]]>
</system-out>
</testcase>
<testcase name="All Interactive Elements › should test all focus states" classname="regression.spec.ts" time="45.872">
<failure message="regression.spec.ts:160:7 should test all focus states" type="FAILURE">
<![CDATA[  [chromium] › regression.spec.ts:160:7 › All Interactive Elements › should test all focus states ──

    Test timeout of 30000ms exceeded.

    Error: page.goto: net::ERR_ABORTED; maybe frame was detached?
    Call log:
      - navigating to "http://localhost:3000/calculators/budget", waiting until "load"


      159 |
      160 |   test('should test all focus states', async ({ page }) => {
    > 161 |     await page.goto('/calculators/budget');
          |                ^
      162 |     
      163 |     // Проверяем focus состояния всех интерактивных элементов
      164 |     const focusableElements = page.locator('input, button, select, a');
        at C:\Users\Viktor\projects\repair-blog\tests\e2e\regression.spec.ts:161:16

    attachment #1: video (video/webm) ──────────────────────────────────────────────────────────────
    ..\..\test-results\regression-All-Interactive-a7c56-hould-test-all-focus-states-chromium\video.webm
    ────────────────────────────────────────────────────────────────────────────────────────────────
]]>
</failure>
<system-out>
<![CDATA[
[[ATTACHMENT|regression-All-Interactive-a7c56-hould-test-all-focus-states-chromium\video.webm]]
]]>
</system-out>
</testcase>
<testcase name="All Interactive Elements › should test all keyboard navigation" classname="regression.spec.ts" time="45.19">
<failure message="regression.spec.ts:177:7 should test all keyboard navigation" type="FAILURE">
<![CDATA[  [chromium] › regression.spec.ts:177:7 › All Interactive Elements › should test all keyboard navigation 

    Test timeout of 30000ms exceeded.

    Error: page.goto: net::ERR_ABORTED; maybe frame was detached?
    Call log:
      - navigating to "http://localhost:3000/", waiting until "load"


      176 |
      177 |   test('should test all keyboard navigation', async ({ page }) => {
    > 178 |     await page.goto('/');
          |                ^
      179 |     
      180 |     // Проверяем навигацию с клавиатуры
      181 |     await page.keyboard.press('Tab');
        at C:\Users\Viktor\projects\repair-blog\tests\e2e\regression.spec.ts:178:16

    attachment #1: video (video/webm) ──────────────────────────────────────────────────────────────
    ..\..\test-results\regression-All-Interactive-8d462-est-all-keyboard-navigation-chromium\video.webm
    ────────────────────────────────────────────────────────────────────────────────────────────────
]]>
</failure>
<system-out>
<![CDATA[
[[ATTACHMENT|regression-All-Interactive-8d462-est-all-keyboard-navigation-chromium\video.webm]]
]]>
</system-out>
</testcase>
<testcase name="All State Changes › should test theme switching" classname="regression.spec.ts" time="46.01">
<failure message="regression.spec.ts:196:7 should test theme switching" type="FAILURE">
<![CDATA[  [chromium] › regression.spec.ts:196:7 › All State Changes › should test theme switching ──────────

    Test timeout of 30000ms exceeded.

    Error: page.goto: net::ERR_ABORTED; maybe frame was detached?
    Call log:
      - navigating to "http://localhost:3000/", waiting until "load"


      195 | test.describe('All State Changes', () => {
      196 |   test('should test theme switching', async ({ page }) => {
    > 197 |     await page.goto('/');
          |                ^
      198 |     
      199 |     // Проверяем переключение темы
      200 |     const themeButton = page.locator('button[aria-label*="тему"]');
        at C:\Users\Viktor\projects\repair-blog\tests\e2e\regression.spec.ts:197:16

    attachment #1: video (video/webm) ──────────────────────────────────────────────────────────────
    ..\..\test-results\regression-All-State-Changes-should-test-theme-switching-chromium\video.webm
    ────────────────────────────────────────────────────────────────────────────────────────────────
]]>
</failure>
<system-out>
<![CDATA[
[[ATTACHMENT|regression-All-State-Changes-should-test-theme-switching-chromium\video.webm]]
]]>
</system-out>
</testcase>
<testcase name="All State Changes › should test language switching on all pages" classname="regression.spec.ts" time="46.32">
<failure message="regression.spec.ts:213:7 should test language switching on all pages" type="FAILURE">
<![CDATA[  [chromium] › regression.spec.ts:213:7 › All State Changes › should test language switching on all pages 

    Test timeout of 30000ms exceeded.

    Error: page.goto: net::ERR_ABORTED; maybe frame was detached?
    Call log:
      - navigating to "http://localhost:3000/", waiting until "load"


      222 |     
      223 |     for (const pagePath of pages) {
    > 224 |       await page.goto(pagePath);
          |                  ^
      225 |       
      226 |       // Переключаем на английский
      227 |       await page.click('text=EN');
        at C:\Users\Viktor\projects\repair-blog\tests\e2e\regression.spec.ts:224:18

    attachment #1: video (video/webm) ──────────────────────────────────────────────────────────────
    ..\..\test-results\regression-All-State-Chang-bde6a-uage-switching-on-all-pages-chromium\video.webm
    ────────────────────────────────────────────────────────────────────────────────────────────────
]]>
</failure>
<system-out>
<![CDATA[
[[ATTACHMENT|regression-All-State-Chang-bde6a-uage-switching-on-all-pages-chromium\video.webm]]
]]>
</system-out>
</testcase>
<testcase name="All State Changes › should test all form validations" classname="regression.spec.ts" time="46.384">
<failure message="regression.spec.ts:236:7 should test all form validations" type="FAILURE">
<![CDATA[  [chromium] › regression.spec.ts:236:7 › All State Changes › should test all form validations ─────

    Test timeout of 30000ms exceeded.

    Error: page.goto: net::ERR_ABORTED; maybe frame was detached?
    Call log:
      - navigating to "http://localhost:3000/calculators/budget", waiting until "load"


      235 |
      236 |   test('should test all form validations', async ({ page }) => {
    > 237 |     await page.goto('/calculators/budget');
          |                ^
      238 |     
      239 |     // Проверяем валидацию форм
      240 |     const inputs = page.locator('input[required]');
        at C:\Users\Viktor\projects\repair-blog\tests\e2e\regression.spec.ts:237:16

    attachment #1: video (video/webm) ──────────────────────────────────────────────────────────────
    ..\..\test-results\regression-All-State-Chang-f1c11-d-test-all-form-validations-chromium\video.webm
    ────────────────────────────────────────────────────────────────────────────────────────────────
]]>
</failure>
<system-out>
<![CDATA[
[[ATTACHMENT|regression-All-State-Chang-f1c11-d-test-all-form-validations-chromium\video.webm]]
]]>
</system-out>
</testcase>
<testcase name="All Error States › should handle 404 pages gracefully" classname="regression.spec.ts" time="43.977">
<failure message="regression.spec.ts:256:7 should handle 404 pages gracefully" type="FAILURE">
<![CDATA[  [chromium] › regression.spec.ts:256:7 › All Error States › should handle 404 pages gracefully ────

    Test timeout of 30000ms exceeded.

    Error: page.goto: net::ERR_ABORTED; maybe frame was detached?
    Call log:
      - navigating to "http://localhost:3000/non-existent-page", waiting until "load"


      263 |     
      264 |     for (const pagePath of nonExistentPages) {
    > 265 |       await page.goto(pagePath);
          |                  ^
      266 |       
      267 |       // Проверяем, что показывается 404 страница
      268 |       await expect(page.locator('text=404')).toBeVisible();
        at C:\Users\Viktor\projects\repair-blog\tests\e2e\regression.spec.ts:265:18

    attachment #1: video (video/webm) ──────────────────────────────────────────────────────────────
    ..\..\test-results\regression-All-Error-State-0db55-handle-404-pages-gracefully-chromium\video.webm
    ────────────────────────────────────────────────────────────────────────────────────────────────
]]>
</failure>
<system-out>
<![CDATA[
[[ATTACHMENT|regression-All-Error-State-0db55-handle-404-pages-gracefully-chromium\video.webm]]
]]>
</system-out>
</testcase>
<testcase name="All Error States › should handle network errors gracefully" classname="regression.spec.ts" time="0.388">
<failure message="regression.spec.ts:275:7 should handle network errors gracefully" type="FAILURE">
<![CDATA[  [chromium] › regression.spec.ts:275:7 › All Error States › should handle network errors gracefully 

    Error: page.goto: net::ERR_FAILED at http://localhost:3000/
    Call log:
      - navigating to "http://localhost:3000/", waiting until "load"


      277 |     await page.route('**/*', route => route.abort());
      278 |     
    > 279 |     await page.goto('/');
          |                ^
      280 |     
      281 |     // Проверяем, что приложение не падает
      282 |     await expect(page.locator('body')).toBeVisible();
        at C:\Users\Viktor\projects\repair-blog\tests\e2e\regression.spec.ts:279:16

    attachment #1: screenshot (image/png) ──────────────────────────────────────────────────────────
    ..\..\test-results\regression-All-Error-State-7432f-e-network-errors-gracefully-chromium\test-failed-1.png
    ────────────────────────────────────────────────────────────────────────────────────────────────

    attachment #2: video (video/webm) ──────────────────────────────────────────────────────────────
    ..\..\test-results\regression-All-Error-State-7432f-e-network-errors-gracefully-chromium\video.webm
    ────────────────────────────────────────────────────────────────────────────────────────────────
]]>
</failure>
<system-out>
<![CDATA[
[[ATTACHMENT|regression-All-Error-State-7432f-e-network-errors-gracefully-chromium\test-failed-1.png]]

[[ATTACHMENT|regression-All-Error-State-7432f-e-network-errors-gracefully-chromium\video.webm]]
]]>
</system-out>
</testcase>
<testcase name="All Performance Checks › should check all pages load within acceptable time" classname="regression.spec.ts" time="45.591">
<failure message="regression.spec.ts:287:7 should check all pages load within acceptable time" type="FAILURE">
<![CDATA[  [chromium] › regression.spec.ts:287:7 › All Performance Checks › should check all pages load within acceptable time 

    Test timeout of 30000ms exceeded.

    Error: page.goto: net::ERR_ABORTED; maybe frame was detached?
    Call log:
      - navigating to "http://localhost:3000/", waiting until "load"


      299 |     for (const pagePath of pages) {
      300 |       const startTime = Date.now();
    > 301 |       await page.goto(pagePath);
          |                  ^
      302 |       await page.waitForLoadState('networkidle');
      303 |       const loadTime = Date.now() - startTime;
      304 |       
        at C:\Users\Viktor\projects\repair-blog\tests\e2e\regression.spec.ts:301:18

    attachment #1: video (video/webm) ──────────────────────────────────────────────────────────────
    ..\..\test-results\regression-All-Performance-e3eb7-load-within-acceptable-time-chromium\video.webm
    ────────────────────────────────────────────────────────────────────────────────────────────────
]]>
</failure>
<system-out>
<![CDATA[
[[ATTACHMENT|regression-All-Performance-e3eb7-load-within-acceptable-time-chromium\video.webm]]
]]>
</system-out>
</testcase>
<testcase name="All Performance Checks › should check all images load correctly" classname="regression.spec.ts" time="45.544">
<failure message="regression.spec.ts:310:7 should check all images load correctly" type="FAILURE">
<![CDATA[  [chromium] › regression.spec.ts:310:7 › All Performance Checks › should check all images load correctly 

    Test timeout of 30000ms exceeded.

    Error: page.goto: net::ERR_ABORTED; maybe frame was detached?
    Call log:
      - navigating to "http://localhost:3000/", waiting until "load"


      309 |
      310 |   test('should check all images load correctly', async ({ page }) => {
    > 311 |     await page.goto('/');
          |                ^
      312 |     
      313 |     // Проверяем все изображения
      314 |     const images = page.locator('img');
        at C:\Users\Viktor\projects\repair-blog\tests\e2e\regression.spec.ts:311:16

    attachment #1: video (video/webm) ──────────────────────────────────────────────────────────────
    ..\..\test-results\regression-All-Performance-269d8-k-all-images-load-correctly-chromium\video.webm
    ────────────────────────────────────────────────────────────────────────────────────────────────
]]>
</failure>
<system-out>
<![CDATA[
[[ATTACHMENT|regression-All-Performance-269d8-k-all-images-load-correctly-chromium\video.webm]]
]]>
</system-out>
</testcase>
</testsuite>
<testsuite name="security\headers.spec.ts" timestamp="2025-11-26T12:11:41.906Z" hostname="chromium" tests="11" failures="11" skipped="0" time="467.562" errors="0">
<testcase name="Security and Configuration Tests › HTTPS and Security Headers › should use HTTPS in production" classname="security\headers.spec.ts" time="45.507">
<failure message="headers.spec.ts:5:9 should use HTTPS in production" type="FAILURE">
<![CDATA[  [chromium] › security\headers.spec.ts:5:9 › Security and Configuration Tests › HTTPS and Security Headers › should use HTTPS in production 

    Test timeout of 30000ms exceeded.

    Error: page.goto: net::ERR_ABORTED; maybe frame was detached?
    Call log:
      - navigating to "http://localhost:3000/", waiting until "load"


      4 |   test.describe('HTTPS and Security Headers', () => {
      5 |     test('should use HTTPS in production', async ({ page }) => {
    > 6 |       await page.goto('/');
        |                  ^
      7 |       
      8 |       // Проверяем, что страница загружается по HTTPS
      9 |       const url = page.url();
        at C:\Users\Viktor\projects\repair-blog\tests\e2e\security\headers.spec.ts:6:18

    attachment #1: video (video/webm) ──────────────────────────────────────────────────────────────
    ..\..\test-results\security-headers-Security--14430-uld-use-HTTPS-in-production-chromium\video.webm
    ────────────────────────────────────────────────────────────────────────────────────────────────
]]>
</failure>
<system-out>
<![CDATA[
[[ATTACHMENT|security-headers-Security--14430-uld-use-HTTPS-in-production-chromium\video.webm]]
]]>
</system-out>
</testcase>
<testcase name="Security and Configuration Tests › HTTPS and Security Headers › should have proper security headers" classname="security\headers.spec.ts" time="44.152">
<failure message="headers.spec.ts:13:9 should have proper security headers" type="FAILURE">
<![CDATA[  [chromium] › security\headers.spec.ts:13:9 › Security and Configuration Tests › HTTPS and Security Headers › should have proper security headers 

    Test timeout of 30000ms exceeded.

    Error: page.goto: net::ERR_ABORTED; maybe frame was detached?
    Call log:
      - navigating to "http://localhost:3000/", waiting until "load"


      12 |
      13 |     test('should have proper security headers', async ({ page }) => {
    > 14 |       const response = await page.goto('/');
         |                                   ^
      15 |       
      16 |       // Проверяем основные заголовки безопасности
      17 |       const headers = response?.headers();
        at C:\Users\Viktor\projects\repair-blog\tests\e2e\security\headers.spec.ts:14:35

    attachment #1: video (video/webm) ──────────────────────────────────────────────────────────────
    ..\..\test-results\security-headers-Security--80a1d-ave-proper-security-headers-chromium\video.webm
    ────────────────────────────────────────────────────────────────────────────────────────────────
]]>
</failure>
<system-out>
<![CDATA[
[[ATTACHMENT|security-headers-Security--80a1d-ave-proper-security-headers-chromium\video.webm]]
]]>
</system-out>
</testcase>
<testcase name="Security and Configuration Tests › Environment and Configuration › should not expose sensitive information" classname="security\headers.spec.ts" time="44.733">
<failure message="headers.spec.ts:42:9 should not expose sensitive information" type="FAILURE">
<![CDATA[  [chromium] › security\headers.spec.ts:42:9 › Security and Configuration Tests › Environment and Configuration › should not expose sensitive information 

    Test timeout of 30000ms exceeded.

    Error: page.goto: net::ERR_ABORTED; maybe frame was detached?
    Call log:
      - navigating to "http://localhost:3000/", waiting until "load"


      41 |   test.describe('Environment and Configuration', () => {
      42 |     test('should not expose sensitive information', async ({ page }) => {
    > 43 |       await page.goto('/');
         |                  ^
      44 |       
      45 |       // Проверяем, что в HTML нет .env переменных
      46 |       const html = await page.content();
        at C:\Users\Viktor\projects\repair-blog\tests\e2e\security\headers.spec.ts:43:18

    attachment #1: video (video/webm) ──────────────────────────────────────────────────────────────
    ..\..\test-results\security-headers-Security--b13a7-xpose-sensitive-information-chromium\video.webm
    ────────────────────────────────────────────────────────────────────────────────────────────────
]]>
</failure>
<system-out>
<![CDATA[
[[ATTACHMENT|security-headers-Security--b13a7-xpose-sensitive-information-chromium\video.webm]]
]]>
</system-out>
</testcase>
<testcase name="Security and Configuration Tests › Environment and Configuration › should not expose API routes in sitemap" classname="security\headers.spec.ts" time="33.252">
<failure message="headers.spec.ts:55:9 should not expose API routes in sitemap" type="FAILURE">
<![CDATA[  [chromium] › security\headers.spec.ts:55:9 › Security and Configuration Tests › Environment and Configuration › should not expose API routes in sitemap 

    Test timeout of 30000ms exceeded.

    Error: apiRequestContext.get: Target page, context or browser has been closed
    Call log:
      - → GET http://localhost:3000/sitemap.xml
        - user-agent: Mozilla/5.0 (Windows NT 10.0; Win64; x64) AppleWebKit/537.36 (KHTML, like Gecko) Chrome/141.0.7390.37 Safari/537.36
        - accept: */*
        - accept-encoding: gzip,deflate,br


      54 |
      55 |     test('should not expose API routes in sitemap', async ({ page }) => {
    > 56 |       const response = await page.request.get('/sitemap.xml');
         |                                           ^
      57 |       expect(response.status()).toBe(200);
      58 |       
      59 |       const sitemapContent = await response.text();
        at C:\Users\Viktor\projects\repair-blog\tests\e2e\security\headers.spec.ts:56:43

    attachment #1: screenshot (image/png) ──────────────────────────────────────────────────────────
    ..\..\test-results\security-headers-Security--d8e96-xpose-API-routes-in-sitemap-chromium\test-failed-1.png
    ────────────────────────────────────────────────────────────────────────────────────────────────

    attachment #2: video (video/webm) ──────────────────────────────────────────────────────────────
    ..\..\test-results\security-headers-Security--d8e96-xpose-API-routes-in-sitemap-chromium\video.webm
    ────────────────────────────────────────────────────────────────────────────────────────────────
]]>
</failure>
<system-out>
<![CDATA[
[[ATTACHMENT|security-headers-Security--d8e96-xpose-API-routes-in-sitemap-chromium\test-failed-1.png]]

[[ATTACHMENT|security-headers-Security--d8e96-xpose-API-routes-in-sitemap-chromium\video.webm]]
]]>
</system-out>
</testcase>
<testcase name="Security and Configuration Tests › Environment and Configuration › should have proper robots.txt configuration" classname="security\headers.spec.ts" time="33.241">
<failure message="headers.spec.ts:67:9 should have proper robots.txt configuration" type="FAILURE">
<![CDATA[  [chromium] › security\headers.spec.ts:67:9 › Security and Configuration Tests › Environment and Configuration › should have proper robots.txt configuration 

    Test timeout of 30000ms exceeded.

    Error: apiRequestContext.get: Target page, context or browser has been closed
    Call log:
      - → GET http://localhost:3000/robots.txt
        - user-agent: Mozilla/5.0 (Windows NT 10.0; Win64; x64) AppleWebKit/537.36 (KHTML, like Gecko) Chrome/141.0.7390.37 Safari/537.36
        - accept: */*
        - accept-encoding: gzip,deflate,br


      66 |
      67 |     test('should have proper robots.txt configuration', async ({ page }) => {
    > 68 |       const response = await page.request.get('/robots.txt');
         |                                           ^
      69 |       expect(response.status()).toBe(200);
      70 |       
      71 |       const robotsContent = await response.text();
        at C:\Users\Viktor\projects\repair-blog\tests\e2e\security\headers.spec.ts:68:43

    attachment #1: screenshot (image/png) ──────────────────────────────────────────────────────────
    ..\..\test-results\security-headers-Security--cdcfc-er-robots-txt-configuration-chromium\test-failed-1.png
    ────────────────────────────────────────────────────────────────────────────────────────────────

    attachment #2: video (video/webm) ──────────────────────────────────────────────────────────────
    ..\..\test-results\security-headers-Security--cdcfc-er-robots-txt-configuration-chromium\video.webm
    ────────────────────────────────────────────────────────────────────────────────────────────────
]]>
</failure>
<system-out>
<![CDATA[
[[ATTACHMENT|security-headers-Security--cdcfc-er-robots-txt-configuration-chromium\test-failed-1.png]]

[[ATTACHMENT|security-headers-Security--cdcfc-er-robots-txt-configuration-chromium\video.webm]]
]]>
</system-out>
</testcase>
<testcase name="Security and Configuration Tests › Content Security › should not have inline scripts without nonce" classname="security\headers.spec.ts" time="42.924">
<failure message="headers.spec.ts:85:9 should not have inline scripts without nonce" type="FAILURE">
<![CDATA[  [chromium] › security\headers.spec.ts:85:9 › Security and Configuration Tests › Content Security › should not have inline scripts without nonce 

    Test timeout of 30000ms exceeded.

    Error: page.goto: net::ERR_ABORTED; maybe frame was detached?
    Call log:
      - navigating to "http://localhost:3000/", waiting until "load"


      84 |   test.describe('Content Security', () => {
      85 |     test('should not have inline scripts without nonce', async ({ page }) => {
    > 86 |       await page.goto('/');
         |                  ^
      87 |       
      88 |       // Проверяем inline скрипты
      89 |       const inlineScripts = page.locator('script:not([src])');
        at C:\Users\Viktor\projects\repair-blog\tests\e2e\security\headers.spec.ts:86:18

    attachment #1: video (video/webm) ──────────────────────────────────────────────────────────────
    ..\..\test-results\security-headers-Security--cf70c-nline-scripts-without-nonce-chromium\video.webm
    ────────────────────────────────────────────────────────────────────────────────────────────────
]]>
</failure>
<system-out>
<![CDATA[
[[ATTACHMENT|security-headers-Security--cf70c-nline-scripts-without-nonce-chromium\video.webm]]
]]>
</system-out>
</testcase>
<testcase name="Security and Configuration Tests › Content Security › should have proper external resource loading" classname="security\headers.spec.ts" time="45.164">
<failure message="headers.spec.ts:106:9 should have proper external resource loading" type="FAILURE">
<![CDATA[  [chromium] › security\headers.spec.ts:106:9 › Security and Configuration Tests › Content Security › should have proper external resource loading 

    Test timeout of 30000ms exceeded.

    Error: page.goto: net::ERR_ABORTED; maybe frame was detached?
    Call log:
      - navigating to "http://localhost:3000/", waiting until "load"


      105 |
      106 |     test('should have proper external resource loading', async ({ page }) => {
    > 107 |       await page.goto('/');
          |                  ^
      108 |       
      109 |       // Проверяем внешние ресурсы
      110 |       const externalScripts = page.locator('script[src^="http"]');
        at C:\Users\Viktor\projects\repair-blog\tests\e2e\security\headers.spec.ts:107:18

    attachment #1: video (video/webm) ──────────────────────────────────────────────────────────────
    ..\..\test-results\security-headers-Security--28964-r-external-resource-loading-chromium\video.webm
    ────────────────────────────────────────────────────────────────────────────────────────────────
]]>
</failure>
<system-out>
<![CDATA[
[[ATTACHMENT|security-headers-Security--28964-r-external-resource-loading-chromium\video.webm]]
]]>
</system-out>
</testcase>
<testcase name="Security and Configuration Tests › Form Security › should have proper form validation" classname="security\headers.spec.ts" time="45.209">
<failure message="headers.spec.ts:129:9 should have proper form validation" type="FAILURE">
<![CDATA[  [chromium] › security\headers.spec.ts:129:9 › Security and Configuration Tests › Form Security › should have proper form validation 

    Test timeout of 30000ms exceeded.

    Error: page.goto: net::ERR_ABORTED; maybe frame was detached?
    Call log:
      - navigating to "http://localhost:3000/calculators/budget", waiting until "load"


      128 |   test.describe('Form Security', () => {
      129 |     test('should have proper form validation', async ({ page }) => {
    > 130 |       await page.goto('/calculators/budget');
          |                  ^
      131 |       
      132 |       // Проверяем поля ввода
      133 |       const inputs = page.locator('input');
        at C:\Users\Viktor\projects\repair-blog\tests\e2e\security\headers.spec.ts:130:18

    attachment #1: video (video/webm) ──────────────────────────────────────────────────────────────
    ..\..\test-results\security-headers-Security--0a00c-have-proper-form-validation-chromium\video.webm
    ────────────────────────────────────────────────────────────────────────────────────────────────
]]>
</failure>
<system-out>
<![CDATA[
[[ATTACHMENT|security-headers-Security--0a00c-have-proper-form-validation-chromium\video.webm]]
]]>
</system-out>
</testcase>
<testcase name="Security and Configuration Tests › Form Security › should prevent XSS in user input" classname="security\headers.spec.ts" time="44.981">
<failure message="headers.spec.ts:151:9 should prevent XSS in user input" type="FAILURE">
<![CDATA[  [chromium] › security\headers.spec.ts:151:9 › Security and Configuration Tests › Form Security › should prevent XSS in user input 

    Test timeout of 30000ms exceeded.

    Error: page.goto: net::ERR_ABORTED; maybe frame was detached?
    Call log:
      - navigating to "http://localhost:3000/calculators/budget", waiting until "load"


      150 |
      151 |     test('should prevent XSS in user input', async ({ page }) => {
    > 152 |       await page.goto('/calculators/budget');
          |                  ^
      153 |       
      154 |       // Пытаемся ввести потенциально опасный код
      155 |       const maliciousInput = '<script>alert("xss")</script>';
        at C:\Users\Viktor\projects\repair-blog\tests\e2e\security\headers.spec.ts:152:18

    attachment #1: video (video/webm) ──────────────────────────────────────────────────────────────
    ..\..\test-results\security-headers-Security--934e6-d-prevent-XSS-in-user-input-chromium\video.webm
    ────────────────────────────────────────────────────────────────────────────────────────────────
]]>
</failure>
<system-out>
<![CDATA[
[[ATTACHMENT|security-headers-Security--934e6-d-prevent-XSS-in-user-input-chromium\video.webm]]
]]>
</system-out>
</testcase>
<testcase name="Security and Configuration Tests › Error Handling › should handle errors gracefully" classname="security\headers.spec.ts" time="44.084">
<failure message="headers.spec.ts:168:9 should handle errors gracefully" type="FAILURE">
<![CDATA[  [chromium] › security\headers.spec.ts:168:9 › Security and Configuration Tests › Error Handling › should handle errors gracefully 

    Test timeout of 30000ms exceeded.

    Error: page.goto: net::ERR_ABORTED; maybe frame was detached?
    Call log:
      - navigating to "http://localhost:3000/non-existent-page", waiting until "load"


      168 |     test('should handle errors gracefully', async ({ page }) => {
      169 |       // Тестируем несуществующие страницы
    > 170 |       const response = await page.goto('/non-existent-page');
          |                                   ^
      171 |       expect(response?.status()).toBe(404);
      172 |       
      173 |       // Проверяем, что отображается кастомная 404 страница
        at C:\Users\Viktor\projects\repair-blog\tests\e2e\security\headers.spec.ts:170:35

    attachment #1: video (video/webm) ──────────────────────────────────────────────────────────────
    ..\..\test-results\security-headers-Security--57c91-ld-handle-errors-gracefully-chromium\video.webm
    ────────────────────────────────────────────────────────────────────────────────────────────────
]]>
</failure>
<system-out>
<![CDATA[
[[ATTACHMENT|security-headers-Security--57c91-ld-handle-errors-gracefully-chromium\video.webm]]
]]>
</system-out>
</testcase>
<testcase name="Security and Configuration Tests › Error Handling › should not expose stack traces" classname="security\headers.spec.ts" time="44.315">
<failure message="headers.spec.ts:181:9 should not expose stack traces" type="FAILURE">
<![CDATA[  [chromium] › security\headers.spec.ts:181:9 › Security and Configuration Tests › Error Handling › should not expose stack traces 

    Test timeout of 30000ms exceeded.

    Error: page.goto: net::ERR_ABORTED; maybe frame was detached?
    Call log:
      - navigating to "http://localhost:3000/", waiting until "load"


      181 |     test('should not expose stack traces', async ({ page }) => {
      182 |       // Пытаемся вызвать ошибку
    > 183 |       await page.goto('/');
          |                  ^
      184 |       
      185 |       // Проверяем, что в консоли нет критических ошибок
      186 |       const errors: string[] = [];
        at C:\Users\Viktor\projects\repair-blog\tests\e2e\security\headers.spec.ts:183:18

    attachment #1: video (video/webm) ──────────────────────────────────────────────────────────────
    ..\..\test-results\security-headers-Security--03098-uld-not-expose-stack-traces-chromium\video.webm
    ────────────────────────────────────────────────────────────────────────────────────────────────
]]>
</failure>
<system-out>
<![CDATA[
[[ATTACHMENT|security-headers-Security--03098-uld-not-expose-stack-traces-chromium\video.webm]]
]]>
</system-out>
</testcase>
</testsuite>
<testsuite name="seo\meta-tags.spec.ts" timestamp="2025-11-26T12:11:41.906Z" hostname="chromium" tests="8" failures="8" skipped="0" time="345.219" errors="0">
<testcase name="SEO and Content Tests › should have proper meta tags on all pages" classname="seo\meta-tags.spec.ts" time="44.485">
<failure message="meta-tags.spec.ts:4:7 should have proper meta tags on all pages" type="FAILURE">
<![CDATA[  [chromium] › seo\meta-tags.spec.ts:4:7 › SEO and Content Tests › should have proper meta tags on all pages 

    Test timeout of 30000ms exceeded.

    Error: page.goto: net::ERR_ABORTED; maybe frame was detached?
    Call log:
      - navigating to "http://localhost:3000/", waiting until "load"


      11 |
      12 |     for (const testPage of testPages) {
    > 13 |       await page.goto(testPage.path);
         |                  ^
      14 |       
      15 |       // Проверяем title
      16 |       const title = await page.title();
        at C:\Users\Viktor\projects\repair-blog\tests\e2e\seo\meta-tags.spec.ts:13:18

    attachment #1: video (video/webm) ──────────────────────────────────────────────────────────────
    ..\..\test-results\seo-meta-tags-SEO-and-Cont-61371-oper-meta-tags-on-all-pages-chromium\video.webm
    ────────────────────────────────────────────────────────────────────────────────────────────────
]]>
</failure>
<system-out>
<![CDATA[
[[ATTACHMENT|seo-meta-tags-SEO-and-Cont-61371-oper-meta-tags-on-all-pages-chromium\video.webm]]
]]>
</system-out>
</testcase>
<testcase name="SEO and Content Tests › should have JSON-LD structured data" classname="seo\meta-tags.spec.ts" time="45.397">
<failure message="meta-tags.spec.ts:39:7 should have JSON-LD structured data" type="FAILURE">
<![CDATA[  [chromium] › seo\meta-tags.spec.ts:39:7 › SEO and Content Tests › should have JSON-LD structured data 

    Test timeout of 30000ms exceeded.

    Error: page.goto: net::ERR_ABORTED; maybe frame was detached?
    Call log:
      - navigating to "http://localhost:3000/calculators/budget", waiting until "load"


      38 |
      39 |   test('should have JSON-LD structured data', async ({ page }) => {
    > 40 |     await page.goto('/calculators/budget');
         |                ^
      41 |     
      42 |     // Проверяем наличие JSON-LD
      43 |     const jsonLd = page.locator('script[type="application/ld+json"]');
        at C:\Users\Viktor\projects\repair-blog\tests\e2e\seo\meta-tags.spec.ts:40:16

    attachment #1: video (video/webm) ──────────────────────────────────────────────────────────────
    ..\..\test-results\seo-meta-tags-SEO-and-Cont-f9752-ave-JSON-LD-structured-data-chromium\video.webm
    ────────────────────────────────────────────────────────────────────────────────────────────────
]]>
</failure>
<system-out>
<![CDATA[
[[ATTACHMENT|seo-meta-tags-SEO-and-Cont-f9752-ave-JSON-LD-structured-data-chromium\video.webm]]
]]>
</system-out>
</testcase>
<testcase name="SEO and Content Tests › should have proper image alt attributes" classname="seo\meta-tags.spec.ts" time="43.733">
<failure message="meta-tags.spec.ts:53:7 should have proper image alt attributes" type="FAILURE">
<![CDATA[  [chromium] › seo\meta-tags.spec.ts:53:7 › SEO and Content Tests › should have proper image alt attributes 

    Test timeout of 30000ms exceeded.

    Error: page.goto: net::ERR_ABORTED; maybe frame was detached?
    Call log:
      - navigating to "http://localhost:3000/", waiting until "load"


      52 |
      53 |   test('should have proper image alt attributes', async ({ page }) => {
    > 54 |     await page.goto('/');
         |                ^
      55 |     
      56 |     // Получаем все изображения
      57 |     const images = page.locator('img');
        at C:\Users\Viktor\projects\repair-blog\tests\e2e\seo\meta-tags.spec.ts:54:16

    attachment #1: video (video/webm) ──────────────────────────────────────────────────────────────
    ..\..\test-results\seo-meta-tags-SEO-and-Cont-b7033-proper-image-alt-attributes-chromium\video.webm
    ────────────────────────────────────────────────────────────────────────────────────────────────
]]>
</failure>
<system-out>
<![CDATA[
[[ATTACHMENT|seo-meta-tags-SEO-and-Cont-b7033-proper-image-alt-attributes-chromium\video.webm]]
]]>
</system-out>
</testcase>
<testcase name="SEO and Content Tests › should have robots.txt and sitemap.xml" classname="seo\meta-tags.spec.ts" time="34.38">
<failure message="meta-tags.spec.ts:70:7 should have robots.txt and sitemap.xml" type="FAILURE">
<![CDATA[  [chromium] › seo\meta-tags.spec.ts:70:7 › SEO and Content Tests › should have robots.txt and sitemap.xml 

    Test timeout of 30000ms exceeded.

    Error: apiRequestContext.get: Target page, context or browser has been closed
    Call log:
      - → GET http://localhost:3000/robots.txt
        - user-agent: Mozilla/5.0 (Windows NT 10.0; Win64; x64) AppleWebKit/537.36 (KHTML, like Gecko) Chrome/141.0.7390.37 Safari/537.36
        - accept: */*
        - accept-encoding: gzip,deflate,br


      70 |   test('should have robots.txt and sitemap.xml', async ({ page }) => {
      71 |     // Проверяем robots.txt
    > 72 |     const robotsResponse = await page.request.get('/robots.txt');
         |                                               ^
      73 |     expect(robotsResponse.status()).toBe(200);
      74 |     
      75 |     const robotsContent = await robotsResponse.text();
        at C:\Users\Viktor\projects\repair-blog\tests\e2e\seo\meta-tags.spec.ts:72:47

    attachment #1: screenshot (image/png) ──────────────────────────────────────────────────────────
    ..\..\test-results\seo-meta-tags-SEO-and-Cont-beb08--robots-txt-and-sitemap-xml-chromium\test-failed-1.png
    ────────────────────────────────────────────────────────────────────────────────────────────────

    attachment #2: video (video/webm) ──────────────────────────────────────────────────────────────
    ..\..\test-results\seo-meta-tags-SEO-and-Cont-beb08--robots-txt-and-sitemap-xml-chromium\video.webm
    ────────────────────────────────────────────────────────────────────────────────────────────────
]]>
</failure>
<system-out>
<![CDATA[
[[ATTACHMENT|seo-meta-tags-SEO-and-Cont-beb08--robots-txt-and-sitemap-xml-chromium\test-failed-1.png]]

[[ATTACHMENT|seo-meta-tags-SEO-and-Cont-beb08--robots-txt-and-sitemap-xml-chromium\video.webm]]
]]>
</system-out>
</testcase>
<testcase name="SEO and Content Tests › should not have noindex on production pages" classname="seo\meta-tags.spec.ts" time="44.119">
<failure message="meta-tags.spec.ts:88:7 should not have noindex on production pages" type="FAILURE">
<![CDATA[  [chromium] › seo\meta-tags.spec.ts:88:7 › SEO and Content Tests › should not have noindex on production pages 

    Test timeout of 30000ms exceeded.

    Error: page.goto: net::ERR_ABORTED; maybe frame was detached?
    Call log:
      - navigating to "http://localhost:3000/", waiting until "load"


      90 |     
      91 |     for (const testPage of testPages) {
    > 92 |       await page.goto(testPage);
         |                  ^
      93 |       
      94 |       // Проверяем, что нет noindex
      95 |       const noindex = page.locator('meta[name="robots"][content*="noindex"]');
        at C:\Users\Viktor\projects\repair-blog\tests\e2e\seo\meta-tags.spec.ts:92:18

    attachment #1: video (video/webm) ──────────────────────────────────────────────────────────────
    ..\..\test-results\seo-meta-tags-SEO-and-Cont-37a20-noindex-on-production-pages-chromium\video.webm
    ────────────────────────────────────────────────────────────────────────────────────────────────
]]>
</failure>
<system-out>
<![CDATA[
[[ATTACHMENT|seo-meta-tags-SEO-and-Cont-37a20-noindex-on-production-pages-chromium\video.webm]]
]]>
</system-out>
</testcase>
<testcase name="SEO and Content Tests › should have proper canonical URLs" classname="seo\meta-tags.spec.ts" time="44.638">
<failure message="meta-tags.spec.ts:104:7 should have proper canonical URLs" type="FAILURE">
<![CDATA[  [chromium] › seo\meta-tags.spec.ts:104:7 › SEO and Content Tests › should have proper canonical URLs 

    Test timeout of 30000ms exceeded.

    Error: page.goto: net::ERR_ABORTED; maybe frame was detached?
    Call log:
      - navigating to "http://localhost:3000/", waiting until "load"


      106 |     
      107 |     for (const testPage of testPages) {
    > 108 |       await page.goto(testPage);
          |                  ^
      109 |       
      110 |       // Проверяем canonical
      111 |       const canonical = page.locator('link[rel="canonical"]');
        at C:\Users\Viktor\projects\repair-blog\tests\e2e\seo\meta-tags.spec.ts:108:18

    attachment #1: video (video/webm) ──────────────────────────────────────────────────────────────
    ..\..\test-results\seo-meta-tags-SEO-and-Cont-b42c4--have-proper-canonical-URLs-chromium\video.webm
    ────────────────────────────────────────────────────────────────────────────────────────────────
]]>
</failure>
<system-out>
<![CDATA[
[[ATTACHMENT|seo-meta-tags-SEO-and-Cont-b42c4--have-proper-canonical-URLs-chromium\video.webm]]
]]>
</system-out>
</testcase>
<testcase name="SEO and Content Tests › should have proper hreflang for multilingual content" classname="seo\meta-tags.spec.ts" time="44.242">
<failure message="meta-tags.spec.ts:120:7 should have proper hreflang for multilingual content" type="FAILURE">
<![CDATA[  [chromium] › seo\meta-tags.spec.ts:120:7 › SEO and Content Tests › should have proper hreflang for multilingual content 

    Test timeout of 30000ms exceeded.

    Error: page.goto: net::ERR_ABORTED; maybe frame was detached?
    Call log:
      - navigating to "http://localhost:3000/", waiting until "load"


      119 |
      120 |   test('should have proper hreflang for multilingual content', async ({ page }) => {
    > 121 |     await page.goto('/');
          |                ^
      122 |     
      123 |     // Проверяем hreflang для русской версии
      124 |     const hreflangRu = page.locator('link[hreflang="ru"]');
        at C:\Users\Viktor\projects\repair-blog\tests\e2e\seo\meta-tags.spec.ts:121:16

    attachment #1: video (video/webm) ──────────────────────────────────────────────────────────────
    ..\..\test-results\seo-meta-tags-SEO-and-Cont-e757b-ng-for-multilingual-content-chromium\video.webm
    ────────────────────────────────────────────────────────────────────────────────────────────────
]]>
</failure>
<system-out>
<![CDATA[
[[ATTACHMENT|seo-meta-tags-SEO-and-Cont-e757b-ng-for-multilingual-content-chromium\video.webm]]
]]>
</system-out>
</testcase>
<testcase name="SEO and Content Tests › should have proper heading hierarchy" classname="seo\meta-tags.spec.ts" time="44.225">
<failure message="meta-tags.spec.ts:136:7 should have proper heading hierarchy" type="FAILURE">
<![CDATA[  [chromium] › seo\meta-tags.spec.ts:136:7 › SEO and Content Tests › should have proper heading hierarchy 

    Test timeout of 30000ms exceeded.

    Error: page.goto: net::ERR_ABORTED; maybe frame was detached?
    Call log:
      - navigating to "http://localhost:3000/posts/remont-vannoy", waiting until "load"


      135 |
      136 |   test('should have proper heading hierarchy', async ({ page }) => {
    > 137 |     await page.goto('/posts/remont-vannoy');
          |                ^
      138 |     
      139 |     // Проверяем, что есть только один h1
      140 |     const h1Count = await page.locator('h1').count();
        at C:\Users\Viktor\projects\repair-blog\tests\e2e\seo\meta-tags.spec.ts:137:16

    attachment #1: video (video/webm) ──────────────────────────────────────────────────────────────
    ..\..\test-results\seo-meta-tags-SEO-and-Cont-bc2b5-ve-proper-heading-hierarchy-chromium\video.webm
    ────────────────────────────────────────────────────────────────────────────────────────────────
]]>
</failure>
<system-out>
<![CDATA[
[[ATTACHMENT|seo-meta-tags-SEO-and-Cont-bc2b5-ve-proper-heading-hierarchy-chromium\video.webm]]
]]>
</system-out>
</testcase>
</testsuite>
<testsuite name="simple-calculator.spec.ts" timestamp="2025-11-26T12:11:41.906Z" hostname="chromium" tests="2" failures="2" skipped="0" time="88.854" errors="0">
<testcase name="Simple Calculator Test › should load RU budget calculator page" classname="simple-calculator.spec.ts" time="43.912">
<failure message="simple-calculator.spec.ts:4:7 should load RU budget calculator page" type="FAILURE">
<![CDATA[  [chromium] › simple-calculator.spec.ts:4:7 › Simple Calculator Test › should load RU budget calculator page 

    Test timeout of 30000ms exceeded.

    Error: page.goto: net::ERR_ABORTED; maybe frame was detached?
    Call log:
      - navigating to "http://localhost:3000/calculators/budget", waiting until "load"


      3 | test.describe('Simple Calculator Test', () => {
      4 |   test('should load RU budget calculator page', async ({ page }) => {
    > 5 |     await page.goto('/calculators/budget');
        |                ^
      6 |
      7 |     await expect(page.locator('h1')).toContainText('Планировщик бюджета ремонта');
      8 |
        at C:\Users\Viktor\projects\repair-blog\tests\e2e\simple-calculator.spec.ts:5:16

    attachment #1: video (video/webm) ──────────────────────────────────────────────────────────────
    ..\..\test-results\simple-calculator-Simple-C-050a0-d-RU-budget-calculator-page-chromium\video.webm
    ────────────────────────────────────────────────────────────────────────────────────────────────
]]>
</failure>
<system-out>
<![CDATA[
[[ATTACHMENT|simple-calculator-Simple-C-050a0-d-RU-budget-calculator-page-chromium\video.webm]]
]]>
</system-out>
</testcase>
<testcase name="Simple Calculator Test › should add category and calculate total in RU" classname="simple-calculator.spec.ts" time="44.942">
<failure message="simple-calculator.spec.ts:15:7 should add category and calculate total in RU" type="FAILURE">
<![CDATA[  [chromium] › simple-calculator.spec.ts:15:7 › Simple Calculator Test › should add category and calculate total in RU 

    Test timeout of 30000ms exceeded.

    Error: page.goto: net::ERR_ABORTED; maybe frame was detached?
    Call log:
      - navigating to "http://localhost:3000/calculators/budget", waiting until "load"


      14 |
      15 |   test('should add category and calculate total in RU', async ({ page }) => {
    > 16 |     await page.goto('/calculators/budget');
         |                ^
      17 |
      18 |     await page.getByRole('button', { name: /добавить категорию/i }).click();
      19 |
        at C:\Users\Viktor\projects\repair-blog\tests\e2e\simple-calculator.spec.ts:16:16

    attachment #1: video (video/webm) ──────────────────────────────────────────────────────────────
    ..\..\test-results\simple-calculator-Simple-C-160b1-y-and-calculate-total-in-RU-chromium\video.webm
    ────────────────────────────────────────────────────────────────────────────────────────────────
]]>
</failure>
<system-out>
<![CDATA[
[[ATTACHMENT|simple-calculator-Simple-C-160b1-y-and-calculate-total-in-RU-chromium\video.webm]]
]]>
</system-out>
</testcase>
</testsuite>
<testsuite name="smoke\basic-structure.spec.ts" timestamp="2025-11-26T12:11:41.906Z" hostname="chromium" tests="11" failures="11" skipped="0" time="488.466" errors="0">
<testcase name="Smoke Tests - Basic Site Structure › should load / with correct title and structure" classname="smoke\basic-structure.spec.ts" time="45.179">
<failure message="basic-structure.spec.ts:16:9 should load / with correct title and structure" type="FAILURE">
<![CDATA[  [chromium] › smoke\basic-structure.spec.ts:16:9 › Smoke Tests - Basic Site Structure › should load / with correct title and structure 

    Test timeout of 30000ms exceeded.

    Error: page.goto: net::ERR_ABORTED; maybe frame was detached?
    Call log:
      - navigating to "http://localhost:3000/", waiting until "load"


      15 |   for (const page of pages) {
      16 |     test(`should load ${page.path} with correct title and structure`, async ({ page: testPage }) => {
    > 17 |       const response = await testPage.goto(page.path);
         |                                       ^
      18 |       expect(response?.status()).toBe(200);
      19 |
      20 |       // Проверяем title
        at C:\Users\Viktor\projects\repair-blog\tests\e2e\smoke\basic-structure.spec.ts:17:39

    attachment #1: video (video/webm) ──────────────────────────────────────────────────────────────
    ..\..\test-results\smoke-basic-structure-Smok-ff31e-correct-title-and-structure-chromium\video.webm
    ────────────────────────────────────────────────────────────────────────────────────────────────
]]>
</failure>
<system-out>
<![CDATA[
[[ATTACHMENT|smoke-basic-structure-Smok-ff31e-correct-title-and-structure-chromium\video.webm]]
]]>
</system-out>
</testcase>
<testcase name="Smoke Tests - Basic Site Structure › should load /en with correct title and structure" classname="smoke\basic-structure.spec.ts" time="44.33">
<failure message="basic-structure.spec.ts:16:9 should load /en with correct title and structure" type="FAILURE">
<![CDATA[  [chromium] › smoke\basic-structure.spec.ts:16:9 › Smoke Tests - Basic Site Structure › should load /en with correct title and structure 

    Test timeout of 30000ms exceeded.

    Error: page.goto: net::ERR_ABORTED; maybe frame was detached?
    Call log:
      - navigating to "http://localhost:3000/en", waiting until "load"


      15 |   for (const page of pages) {
      16 |     test(`should load ${page.path} with correct title and structure`, async ({ page: testPage }) => {
    > 17 |       const response = await testPage.goto(page.path);
         |                                       ^
      18 |       expect(response?.status()).toBe(200);
      19 |
      20 |       // Проверяем title
        at C:\Users\Viktor\projects\repair-blog\tests\e2e\smoke\basic-structure.spec.ts:17:39

    attachment #1: video (video/webm) ──────────────────────────────────────────────────────────────
    ..\..\test-results\smoke-basic-structure-Smok-f7c2f-correct-title-and-structure-chromium\video.webm
    ────────────────────────────────────────────────────────────────────────────────────────────────
]]>
</failure>
<system-out>
<![CDATA[
[[ATTACHMENT|smoke-basic-structure-Smok-f7c2f-correct-title-and-structure-chromium\video.webm]]
]]>
</system-out>
</testcase>
<testcase name="Smoke Tests - Basic Site Structure › should load /about with correct title and structure" classname="smoke\basic-structure.spec.ts" time="44.526">
<failure message="basic-structure.spec.ts:16:9 should load /about with correct title and structure" type="FAILURE">
<![CDATA[  [chromium] › smoke\basic-structure.spec.ts:16:9 › Smoke Tests - Basic Site Structure › should load /about with correct title and structure 

    Test timeout of 30000ms exceeded.

    Error: page.goto: net::ERR_ABORTED; maybe frame was detached?
    Call log:
      - navigating to "http://localhost:3000/about", waiting until "load"


      15 |   for (const page of pages) {
      16 |     test(`should load ${page.path} with correct title and structure`, async ({ page: testPage }) => {
    > 17 |       const response = await testPage.goto(page.path);
         |                                       ^
      18 |       expect(response?.status()).toBe(200);
      19 |
      20 |       // Проверяем title
        at C:\Users\Viktor\projects\repair-blog\tests\e2e\smoke\basic-structure.spec.ts:17:39

    attachment #1: video (video/webm) ──────────────────────────────────────────────────────────────
    ..\..\test-results\smoke-basic-structure-Smok-b773e-correct-title-and-structure-chromium\video.webm
    ────────────────────────────────────────────────────────────────────────────────────────────────
]]>
</failure>
<system-out>
<![CDATA[
[[ATTACHMENT|smoke-basic-structure-Smok-b773e-correct-title-and-structure-chromium\video.webm]]
]]>
</system-out>
</testcase>
<testcase name="Smoke Tests - Basic Site Structure › should load /en/about with correct title and structure" classname="smoke\basic-structure.spec.ts" time="44.455">
<failure message="basic-structure.spec.ts:16:9 should load /en/about with correct title and structure" type="FAILURE">
<![CDATA[  [chromium] › smoke\basic-structure.spec.ts:16:9 › Smoke Tests - Basic Site Structure › should load /en/about with correct title and structure 

    Test timeout of 30000ms exceeded.

    Error: page.goto: net::ERR_ABORTED; maybe frame was detached?
    Call log:
      - navigating to "http://localhost:3000/en/about", waiting until "load"


      15 |   for (const page of pages) {
      16 |     test(`should load ${page.path} with correct title and structure`, async ({ page: testPage }) => {
    > 17 |       const response = await testPage.goto(page.path);
         |                                       ^
      18 |       expect(response?.status()).toBe(200);
      19 |
      20 |       // Проверяем title
        at C:\Users\Viktor\projects\repair-blog\tests\e2e\smoke\basic-structure.spec.ts:17:39

    attachment #1: video (video/webm) ──────────────────────────────────────────────────────────────
    ..\..\test-results\smoke-basic-structure-Smok-8f760-correct-title-and-structure-chromium\video.webm
    ────────────────────────────────────────────────────────────────────────────────────────────────
]]>
</failure>
<system-out>
<![CDATA[
[[ATTACHMENT|smoke-basic-structure-Smok-8f760-correct-title-and-structure-chromium\video.webm]]
]]>
</system-out>
</testcase>
<testcase name="Smoke Tests - Basic Site Structure › should load /calculators with correct title and structure" classname="smoke\basic-structure.spec.ts" time="44.259">
<failure message="basic-structure.spec.ts:16:9 should load /calculators with correct title and structure" type="FAILURE">
<![CDATA[  [chromium] › smoke\basic-structure.spec.ts:16:9 › Smoke Tests - Basic Site Structure › should load /calculators with correct title and structure 

    Test timeout of 30000ms exceeded.

    Error: page.goto: net::ERR_ABORTED; maybe frame was detached?
    Call log:
      - navigating to "http://localhost:3000/calculators", waiting until "load"


      15 |   for (const page of pages) {
      16 |     test(`should load ${page.path} with correct title and structure`, async ({ page: testPage }) => {
    > 17 |       const response = await testPage.goto(page.path);
         |                                       ^
      18 |       expect(response?.status()).toBe(200);
      19 |
      20 |       // Проверяем title
        at C:\Users\Viktor\projects\repair-blog\tests\e2e\smoke\basic-structure.spec.ts:17:39

    attachment #1: video (video/webm) ──────────────────────────────────────────────────────────────
    ..\..\test-results\smoke-basic-structure-Smok-1a631-correct-title-and-structure-chromium\video.webm
    ────────────────────────────────────────────────────────────────────────────────────────────────
]]>
</failure>
<system-out>
<![CDATA[
[[ATTACHMENT|smoke-basic-structure-Smok-1a631-correct-title-and-structure-chromium\video.webm]]
]]>
</system-out>
</testcase>
<testcase name="Smoke Tests - Basic Site Structure › should load /en/calculators with correct title and structure" classname="smoke\basic-structure.spec.ts" time="44.16">
<failure message="basic-structure.spec.ts:16:9 should load /en/calculators with correct title and structure" type="FAILURE">
<![CDATA[  [chromium] › smoke\basic-structure.spec.ts:16:9 › Smoke Tests - Basic Site Structure › should load /en/calculators with correct title and structure 

    Test timeout of 30000ms exceeded.

    Error: page.goto: net::ERR_ABORTED; maybe frame was detached?
    Call log:
      - navigating to "http://localhost:3000/en/calculators", waiting until "load"


      15 |   for (const page of pages) {
      16 |     test(`should load ${page.path} with correct title and structure`, async ({ page: testPage }) => {
    > 17 |       const response = await testPage.goto(page.path);
         |                                       ^
      18 |       expect(response?.status()).toBe(200);
      19 |
      20 |       // Проверяем title
        at C:\Users\Viktor\projects\repair-blog\tests\e2e\smoke\basic-structure.spec.ts:17:39

    attachment #1: video (video/webm) ──────────────────────────────────────────────────────────────
    ..\..\test-results\smoke-basic-structure-Smok-1d636-correct-title-and-structure-chromium\video.webm
    ────────────────────────────────────────────────────────────────────────────────────────────────
]]>
</failure>
<system-out>
<![CDATA[
[[ATTACHMENT|smoke-basic-structure-Smok-1d636-correct-title-and-structure-chromium\video.webm]]
]]>
</system-out>
</testcase>
<testcase name="Smoke Tests - Basic Site Structure › should load /calculators/budget with correct title and structure" classname="smoke\basic-structure.spec.ts" time="43.494">
<failure message="basic-structure.spec.ts:16:9 should load /calculators/budget with correct title and structure" type="FAILURE">
<![CDATA[  [chromium] › smoke\basic-structure.spec.ts:16:9 › Smoke Tests - Basic Site Structure › should load /calculators/budget with correct title and structure 

    Test timeout of 30000ms exceeded.

    Error: page.goto: net::ERR_ABORTED; maybe frame was detached?
    Call log:
      - navigating to "http://localhost:3000/calculators/budget", waiting until "load"


      15 |   for (const page of pages) {
      16 |     test(`should load ${page.path} with correct title and structure`, async ({ page: testPage }) => {
    > 17 |       const response = await testPage.goto(page.path);
         |                                       ^
      18 |       expect(response?.status()).toBe(200);
      19 |
      20 |       // Проверяем title
        at C:\Users\Viktor\projects\repair-blog\tests\e2e\smoke\basic-structure.spec.ts:17:39

    attachment #1: video (video/webm) ──────────────────────────────────────────────────────────────
    ..\..\test-results\smoke-basic-structure-Smok-fb86d-correct-title-and-structure-chromium\video.webm
    ────────────────────────────────────────────────────────────────────────────────────────────────
]]>
</failure>
<system-out>
<![CDATA[
[[ATTACHMENT|smoke-basic-structure-Smok-fb86d-correct-title-and-structure-chromium\video.webm]]
]]>
</system-out>
</testcase>
<testcase name="Smoke Tests - Basic Site Structure › should load /en/calculators/budget with correct title and structure" classname="smoke\basic-structure.spec.ts" time="44.714">
<failure message="basic-structure.spec.ts:16:9 should load /en/calculators/budget with correct title and structure" type="FAILURE">
<![CDATA[  [chromium] › smoke\basic-structure.spec.ts:16:9 › Smoke Tests - Basic Site Structure › should load /en/calculators/budget with correct title and structure 

    Test timeout of 30000ms exceeded.

    Error: page.goto: net::ERR_ABORTED; maybe frame was detached?
    Call log:
      - navigating to "http://localhost:3000/en/calculators/budget", waiting until "load"


      15 |   for (const page of pages) {
      16 |     test(`should load ${page.path} with correct title and structure`, async ({ page: testPage }) => {
    > 17 |       const response = await testPage.goto(page.path);
         |                                       ^
      18 |       expect(response?.status()).toBe(200);
      19 |
      20 |       // Проверяем title
        at C:\Users\Viktor\projects\repair-blog\tests\e2e\smoke\basic-structure.spec.ts:17:39

    attachment #1: video (video/webm) ──────────────────────────────────────────────────────────────
    ..\..\test-results\smoke-basic-structure-Smok-73bd6-correct-title-and-structure-chromium\video.webm
    ────────────────────────────────────────────────────────────────────────────────────────────────
]]>
</failure>
<system-out>
<![CDATA[
[[ATTACHMENT|smoke-basic-structure-Smok-73bd6-correct-title-and-structure-chromium\video.webm]]
]]>
</system-out>
</testcase>
<testcase name="Smoke Tests - Basic Site Structure › should have clickable navigation links" classname="smoke\basic-structure.spec.ts" time="44.732">
<failure message="basic-structure.spec.ts:41:7 should have clickable navigation links" type="FAILURE">
<![CDATA[  [chromium] › smoke\basic-structure.spec.ts:41:7 › Smoke Tests - Basic Site Structure › should have clickable navigation links 

    Test timeout of 30000ms exceeded.

    Error: page.goto: net::ERR_ABORTED; maybe frame was detached?
    Call log:
      - navigating to "http://localhost:3000/", waiting until "load"


      40 |
      41 |   test('should have clickable navigation links', async ({ page }) => {
    > 42 |     await page.goto('/');
         |                ^
      43 |     
      44 |     // Проверяем основные ссылки в хедере
      45 |     const navLinks = [
        at C:\Users\Viktor\projects\repair-blog\tests\e2e\smoke\basic-structure.spec.ts:42:16

    attachment #1: video (video/webm) ──────────────────────────────────────────────────────────────
    ..\..\test-results\smoke-basic-structure-Smok-b680c--clickable-navigation-links-chromium\video.webm
    ────────────────────────────────────────────────────────────────────────────────────────────────
]]>
</failure>
<system-out>
<![CDATA[
[[ATTACHMENT|smoke-basic-structure-Smok-b680c--clickable-navigation-links-chromium\video.webm]]
]]>
</system-out>
</testcase>
<testcase name="Smoke Tests - Basic Site Structure › should have valid footer links" classname="smoke\basic-structure.spec.ts" time="44.703">
<failure message="basic-structure.spec.ts:66:7 should have valid footer links" type="FAILURE">
<![CDATA[  [chromium] › smoke\basic-structure.spec.ts:66:7 › Smoke Tests - Basic Site Structure › should have valid footer links 

    Test timeout of 30000ms exceeded.

    Error: page.goto: net::ERR_ABORTED; maybe frame was detached?
    Call log:
      - navigating to "http://localhost:3000/", waiting until "load"


      65 |
      66 |   test('should have valid footer links', async ({ page }) => {
    > 67 |     await page.goto('/');
         |                ^
      68 |     
      69 |     // Проверяем ссылки в футере
      70 |     const footerLinks = page.locator('footer a');
        at C:\Users\Viktor\projects\repair-blog\tests\e2e\smoke\basic-structure.spec.ts:67:16

    attachment #1: video (video/webm) ──────────────────────────────────────────────────────────────
    ..\..\test-results\smoke-basic-structure-Smok-4a4b2-uld-have-valid-footer-links-chromium\video.webm
    ────────────────────────────────────────────────────────────────────────────────────────────────
]]>
</failure>
<system-out>
<![CDATA[
[[ATTACHMENT|smoke-basic-structure-Smok-4a4b2-uld-have-valid-footer-links-chromium\video.webm]]
]]>
</system-out>
</testcase>
<testcase name="Smoke Tests - Basic Site Structure › should handle 404 pages correctly" classname="smoke\basic-structure.spec.ts" time="43.914">
<failure message="basic-structure.spec.ts:88:7 should handle 404 pages correctly" type="FAILURE">
<![CDATA[  [chromium] › smoke\basic-structure.spec.ts:88:7 › Smoke Tests - Basic Site Structure › should handle 404 pages correctly 

    Test timeout of 30000ms exceeded.

    Error: page.goto: net::ERR_ABORTED; maybe frame was detached?
    Call log:
      - navigating to "http://localhost:3000/non-existent-page", waiting until "load"


      87 |
      88 |   test('should handle 404 pages correctly', async ({ page }) => {
    > 89 |     const response = await page.goto('/non-existent-page');
         |                                 ^
      90 |     expect(response?.status()).toBe(404);
      91 |     
      92 |     // Проверяем, что отображается кастомная 404 страница
        at C:\Users\Viktor\projects\repair-blog\tests\e2e\smoke\basic-structure.spec.ts:89:33

    attachment #1: video (video/webm) ──────────────────────────────────────────────────────────────
    ..\..\test-results\smoke-basic-structure-Smok-9f93d--handle-404-pages-correctly-chromium\video.webm
    ────────────────────────────────────────────────────────────────────────────────────────────────
]]>
</failure>
<system-out>
<![CDATA[
[[ATTACHMENT|smoke-basic-structure-Smok-9f93d--handle-404-pages-correctly-chromium\video.webm]]
]]>
</system-out>
</testcase>
</testsuite>
<testsuite name="smoke.spec.ts" timestamp="2025-11-26T12:11:41.906Z" hostname="chromium" tests="11" failures="11" skipped="0" time="486.981" errors="0">
<testcase name="Homepage › should load homepage successfully" classname="smoke.spec.ts" time="44.357">
<failure message="smoke.spec.ts:4:7 should load homepage successfully" type="FAILURE">
<![CDATA[  [chromium] › smoke.spec.ts:4:7 › Homepage › should load homepage successfully ────────────────────

    Test timeout of 30000ms exceeded.

    Error: page.goto: net::ERR_ABORTED; maybe frame was detached?
    Call log:
      - navigating to "http://localhost:3000/", waiting until "load"


      3 | test.describe('Homepage', () => {
      4 |   test('should load homepage successfully', async ({ page }) => {
    > 5 |     await page.goto('/');
        |                ^
      6 |     await expect(page).toHaveTitle(/Renohacks/);
      7 |     await expect(page.locator('h1')).toBeVisible();
      8 |   });
        at C:\Users\Viktor\projects\repair-blog\tests\e2e\smoke.spec.ts:5:16

    attachment #1: video (video/webm) ──────────────────────────────────────────────────────────────
    ..\..\test-results\smoke-Homepage-should-load-homepage-successfully-chromium\video.webm
    ────────────────────────────────────────────────────────────────────────────────────────────────
]]>
</failure>
<system-out>
<![CDATA[
[[ATTACHMENT|smoke-Homepage-should-load-homepage-successfully-chromium\video.webm]]
]]>
</system-out>
</testcase>
<testcase name="Homepage › should have working navigation" classname="smoke.spec.ts" time="44.266">
<failure message="smoke.spec.ts:10:7 should have working navigation" type="FAILURE">
<![CDATA[  [chromium] › smoke.spec.ts:10:7 › Homepage › should have working navigation ──────────────────────

    Test timeout of 30000ms exceeded.

    Error: page.goto: net::ERR_ABORTED; maybe frame was detached?
    Call log:
      - navigating to "http://localhost:3000/", waiting until "load"


       9 |
      10 |   test('should have working navigation', async ({ page }) => {
    > 11 |     await page.goto('/');
         |                ^
      12 |     
      13 |     // Проверяем основные ссылки навигации
      14 |     await expect(page.locator('a[href="/"]')).toBeVisible();
        at C:\Users\Viktor\projects\repair-blog\tests\e2e\smoke.spec.ts:11:16

    attachment #1: video (video/webm) ──────────────────────────────────────────────────────────────
    ..\..\test-results\smoke-Homepage-should-have-working-navigation-chromium\video.webm
    ────────────────────────────────────────────────────────────────────────────────────────────────
]]>
</failure>
<system-out>
<![CDATA[
[[ATTACHMENT|smoke-Homepage-should-have-working-navigation-chromium\video.webm]]
]]>
</system-out>
</testcase>
<testcase name="Homepage › should have working language switcher" classname="smoke.spec.ts" time="44.277">
<failure message="smoke.spec.ts:21:7 should have working language switcher" type="FAILURE">
<![CDATA[  [chromium] › smoke.spec.ts:21:7 › Homepage › should have working language switcher ───────────────

    Test timeout of 30000ms exceeded.

    Error: page.goto: net::ERR_ABORTED; maybe frame was detached?
    Call log:
      - navigating to "http://localhost:3000/", waiting until "load"


      20 |
      21 |   test('should have working language switcher', async ({ page }) => {
    > 22 |     await page.goto('/');
         |                ^
      23 |     
      24 |     // Проверяем переключение языка
      25 |     await page.click('text=EN');
        at C:\Users\Viktor\projects\repair-blog\tests\e2e\smoke.spec.ts:22:16

    attachment #1: video (video/webm) ──────────────────────────────────────────────────────────────
    ..\..\test-results\smoke-Homepage-should-have-working-language-switcher-chromium\video.webm
    ────────────────────────────────────────────────────────────────────────────────────────────────
]]>
</failure>
<system-out>
<![CDATA[
[[ATTACHMENT|smoke-Homepage-should-have-working-language-switcher-chromium\video.webm]]
]]>
</system-out>
</testcase>
<testcase name="Tag Pages › should load tag pages without 404" classname="smoke.spec.ts" time="43.335">
<failure message="smoke.spec.ts:34:7 should load tag pages without 404" type="FAILURE">
<![CDATA[  [chromium] › smoke.spec.ts:34:7 › Tag Pages › should load tag pages without 404 ──────────────────

    Test timeout of 30000ms exceeded.

    Error: page.goto: net::ERR_ABORTED; maybe frame was detached?
    Call log:
      - navigating to "http://localhost:3000/tags/%D1%82%D1%80%D0%B5%D0%BD%D0%B4%D1%8B", waiting until "load"


      36 |     
      37 |     for (const tag of tags) {
    > 38 |       await page.goto(`/tags/${tag}`);
         |                  ^
      39 |       await expect(page).toHaveTitle(/Renohacks/);
      40 |       // Проверяем, что нет 404 ошибки
      41 |       await expect(page.locator('text=404')).not.toBeVisible();
        at C:\Users\Viktor\projects\repair-blog\tests\e2e\smoke.spec.ts:38:18

    attachment #1: video (video/webm) ──────────────────────────────────────────────────────────────
    ..\..\test-results\smoke-Tag-Pages-should-load-tag-pages-without-404-chromium\video.webm
    ────────────────────────────────────────────────────────────────────────────────────────────────
]]>
</failure>
<system-out>
<![CDATA[
[[ATTACHMENT|smoke-Tag-Pages-should-load-tag-pages-without-404-chromium\video.webm]]
]]>
</system-out>
</testcase>
<testcase name="Tag Pages › should have working language switch on tag pages" classname="smoke.spec.ts" time="44.735">
<failure message="smoke.spec.ts:45:7 should have working language switch on tag pages" type="FAILURE">
<![CDATA[  [chromium] › smoke.spec.ts:45:7 › Tag Pages › should have working language switch on tag pages ───

    Test timeout of 30000ms exceeded.

    Error: page.goto: net::ERR_ABORTED; maybe frame was detached?
    Call log:
      - navigating to "http://localhost:3000/tags/kitchen", waiting until "load"


      44 |
      45 |   test('should have working language switch on tag pages', async ({ page }) => {
    > 46 |     await page.goto('/tags/kitchen');
         |                ^
      47 |     
      48 |     // Переключаем на английский
      49 |     await page.click('text=EN');
        at C:\Users\Viktor\projects\repair-blog\tests\e2e\smoke.spec.ts:46:16

    attachment #1: video (video/webm) ──────────────────────────────────────────────────────────────
    ..\..\test-results\smoke-Tag-Pages-should-hav-d0201-anguage-switch-on-tag-pages-chromium\video.webm
    ────────────────────────────────────────────────────────────────────────────────────────────────
]]>
</failure>
<system-out>
<![CDATA[
[[ATTACHMENT|smoke-Tag-Pages-should-hav-d0201-anguage-switch-on-tag-pages-chromium\video.webm]]
]]>
</system-out>
</testcase>
<testcase name="Calculators › should load budget calculator" classname="smoke.spec.ts" time="44.73">
<failure message="smoke.spec.ts:59:7 should load budget calculator" type="FAILURE">
<![CDATA[  [chromium] › smoke.spec.ts:59:7 › Calculators › should load budget calculator ────────────────────

    Test timeout of 30000ms exceeded.

    Error: page.goto: net::ERR_ABORTED; maybe frame was detached?
    Call log:
      - navigating to "http://localhost:3000/calculators/budget", waiting until "load"


      58 | test.describe('Calculators', () => {
      59 |   test('should load budget calculator', async ({ page }) => {
    > 60 |     await page.goto('/calculators/budget');
         |                ^
      61 |     await expect(page).toHaveTitle(/Планировщик бюджета/);
      62 |     
      63 |     // Проверяем, что калькулятор загрузился
        at C:\Users\Viktor\projects\repair-blog\tests\e2e\smoke.spec.ts:60:16

    attachment #1: video (video/webm) ──────────────────────────────────────────────────────────────
    ..\..\test-results\smoke-Calculators-should-load-budget-calculator-chromium\video.webm
    ────────────────────────────────────────────────────────────────────────────────────────────────
]]>
</failure>
<system-out>
<![CDATA[
[[ATTACHMENT|smoke-Calculators-should-load-budget-calculator-chromium\video.webm]]
]]>
</system-out>
</testcase>
<testcase name="Calculators › should work budget calculator functionality" classname="smoke.spec.ts" time="44.837">
<failure message="smoke.spec.ts:68:7 should work budget calculator functionality" type="FAILURE">
<![CDATA[  [chromium] › smoke.spec.ts:68:7 › Calculators › should work budget calculator functionality ──────

    Test timeout of 30000ms exceeded.

    Error: page.goto: net::ERR_ABORTED; maybe frame was detached?
    Call log:
      - navigating to "http://localhost:3000/calculators/budget", waiting until "load"


      67 |
      68 |   test('should work budget calculator functionality', async ({ page }) => {
    > 69 |     await page.goto('/calculators/budget');
         |                ^
      70 |     
      71 |     // Добавляем категорию
      72 |     await page.click('button:has-text("Добавить категорию")');
        at C:\Users\Viktor\projects\repair-blog\tests\e2e\smoke.spec.ts:69:16

    attachment #1: video (video/webm) ──────────────────────────────────────────────────────────────
    ..\..\test-results\smoke-Calculators-should-w-b2c23-et-calculator-functionality-chromium\video.webm
    ────────────────────────────────────────────────────────────────────────────────────────────────
]]>
</failure>
<system-out>
<![CDATA[
[[ATTACHMENT|smoke-Calculators-should-w-b2c23-et-calculator-functionality-chromium\video.webm]]
]]>
</system-out>
</testcase>
<testcase name="Articles › should load article pages" classname="smoke.spec.ts" time="44.543">
<failure message="smoke.spec.ts:85:7 should load article pages" type="FAILURE">
<![CDATA[  [chromium] › smoke.spec.ts:85:7 › Articles › should load article pages ───────────────────────────

    Test timeout of 30000ms exceeded.

    Error: page.goto: net::ERR_ABORTED; maybe frame was detached?
    Call log:
      - navigating to "http://localhost:3000/posts/remont-vannoy", waiting until "load"


      92 |     
      93 |     for (const article of articles) {
    > 94 |       await page.goto(article);
         |                  ^
      95 |       await expect(page).toHaveTitle(/Renohacks/);
      96 |       await expect(page.locator('article')).toBeVisible();
      97 |     }
        at C:\Users\Viktor\projects\repair-blog\tests\e2e\smoke.spec.ts:94:18

    attachment #1: video (video/webm) ──────────────────────────────────────────────────────────────
    ..\..\test-results\smoke-Articles-should-load-article-pages-chromium\video.webm
    ────────────────────────────────────────────────────────────────────────────────────────────────
]]>
</failure>
<system-out>
<![CDATA[
[[ATTACHMENT|smoke-Articles-should-load-article-pages-chromium\video.webm]]
]]>
</system-out>
</testcase>
<testcase name="Articles › should have related posts section" classname="smoke.spec.ts" time="44.704">
<failure message="smoke.spec.ts:100:7 should have related posts section" type="FAILURE">
<![CDATA[  [chromium] › smoke.spec.ts:100:7 › Articles › should have related posts section ──────────────────

    Test timeout of 30000ms exceeded.

    Error: page.goto: net::ERR_ABORTED; maybe frame was detached?
    Call log:
      - navigating to "http://localhost:3000/posts/remont-vannoy", waiting until "load"


       99 |
      100 |   test('should have related posts section', async ({ page }) => {
    > 101 |     await page.goto('/posts/remont-vannoy');
          |                ^
      102 |     
      103 |     // Проверяем блок "Читайте также"
      104 |     await expect(page.locator('text=Читайте также')).toBeVisible();
        at C:\Users\Viktor\projects\repair-blog\tests\e2e\smoke.spec.ts:101:16

    attachment #1: video (video/webm) ──────────────────────────────────────────────────────────────
    ..\..\test-results\smoke-Articles-should-have-related-posts-section-chromium\video.webm
    ────────────────────────────────────────────────────────────────────────────────────────────────
]]>
</failure>
<system-out>
<![CDATA[
[[ATTACHMENT|smoke-Articles-should-have-related-posts-section-chromium\video.webm]]
]]>
</system-out>
</testcase>
<testcase name="Performance › should load quickly" classname="smoke.spec.ts" time="43.872">
<failure message="smoke.spec.ts:110:7 should load quickly" type="FAILURE">
<![CDATA[  [chromium] › smoke.spec.ts:110:7 › Performance › should load quickly ─────────────────────────────

    Test timeout of 30000ms exceeded.

    Error: page.goto: net::ERR_ABORTED; maybe frame was detached?
    Call log:
      - navigating to "http://localhost:3000/", waiting until "load"


      110 |   test('should load quickly', async ({ page }) => {
      111 |     const startTime = Date.now();
    > 112 |     await page.goto('/');
          |                ^
      113 |     await page.waitForLoadState('networkidle');
      114 |     const loadTime = Date.now() - startTime;
      115 |     
        at C:\Users\Viktor\projects\repair-blog\tests\e2e\smoke.spec.ts:112:16

    attachment #1: video (video/webm) ──────────────────────────────────────────────────────────────
    ..\..\test-results\smoke-Performance-should-load-quickly-chromium\video.webm
    ────────────────────────────────────────────────────────────────────────────────────────────────
]]>
</failure>
<system-out>
<![CDATA[
[[ATTACHMENT|smoke-Performance-should-load-quickly-chromium\video.webm]]
]]>
</system-out>
</testcase>
<testcase name="Mobile Responsiveness › should work on mobile" classname="smoke.spec.ts" time="43.325">
<failure message="smoke.spec.ts:122:7 should work on mobile" type="FAILURE">
<![CDATA[  [chromium] › smoke.spec.ts:122:7 › Mobile Responsiveness › should work on mobile ─────────────────

    Test timeout of 30000ms exceeded.

    Error: page.goto: net::ERR_ABORTED; maybe frame was detached?
    Call log:
      - navigating to "http://localhost:3000/", waiting until "load"


      122 |   test('should work on mobile', async ({ page }) => {
      123 |     await page.setViewportSize({ width: 375, height: 667 });
    > 124 |     await page.goto('/');
          |                ^
      125 |     
      126 |     // Проверяем мобильное меню
      127 |     await page.click('button[aria-label*="меню"]');
        at C:\Users\Viktor\projects\repair-blog\tests\e2e\smoke.spec.ts:124:16

    attachment #1: video (video/webm) ──────────────────────────────────────────────────────────────
    ..\..\test-results\smoke-Mobile-Responsiveness-should-work-on-mobile-chromium\video.webm
    ────────────────────────────────────────────────────────────────────────────────────────────────
]]>
</failure>
<system-out>
<![CDATA[
[[ATTACHMENT|smoke-Mobile-Responsiveness-should-work-on-mobile-chromium\video.webm]]
]]>
</system-out>
</testcase>
</testsuite>
<testsuite name="ui\responsiveness.spec.ts" timestamp="2025-11-26T12:11:41.906Z" hostname="chromium" tests="13" failures="13" skipped="0" time="582.194" errors="0">
<testcase name="UI and Responsiveness Tests › Responsive Layout › should display correctly on Mobile" classname="ui\responsiveness.spec.ts" time="43.058">
<failure message="responsiveness.spec.ts:13:11 should display correctly on Mobile" type="FAILURE">
<![CDATA[  [chromium] › ui\responsiveness.spec.ts:13:11 › UI and Responsiveness Tests › Responsive Layout › should display correctly on Mobile 

    Test timeout of 30000ms exceeded.

    Error: page.goto: net::ERR_ABORTED; maybe frame was detached?
    Call log:
      - navigating to "http://localhost:3000/", waiting until "load"


      13 |       test(`should display correctly on ${viewport.name}`, async ({ page }) => {
      14 |         await page.setViewportSize({ width: viewport.width, height: viewport.height });
    > 15 |         await page.goto('/');
         |                    ^
      16 |         
      17 |         // Проверяем, что основные элементы видны
      18 |         await expect(page.locator('h1')).toBeVisible();
        at C:\Users\Viktor\projects\repair-blog\tests\e2e\ui\responsiveness.spec.ts:15:20

    attachment #1: video (video/webm) ──────────────────────────────────────────────────────────────
    ..\..\test-results\ui-responsiveness-UI-and-R-2cd74-display-correctly-on-Mobile-chromium\video.webm
    ────────────────────────────────────────────────────────────────────────────────────────────────
]]>
</failure>
<system-out>
<![CDATA[
[[ATTACHMENT|ui-responsiveness-UI-and-R-2cd74-display-correctly-on-Mobile-chromium\video.webm]]
]]>
</system-out>
</testcase>
<testcase name="UI and Responsiveness Tests › Responsive Layout › should display correctly on Tablet" classname="ui\responsiveness.spec.ts" time="40.051">
<failure message="responsiveness.spec.ts:13:11 should display correctly on Tablet" type="FAILURE">
<![CDATA[  [chromium] › ui\responsiveness.spec.ts:13:11 › UI and Responsiveness Tests › Responsive Layout › should display correctly on Tablet 

    Test timeout of 30000ms exceeded.

    Error: page.goto: net::ERR_ABORTED; maybe frame was detached?
    Call log:
      - navigating to "http://localhost:3000/", waiting until "load"


      13 |       test(`should display correctly on ${viewport.name}`, async ({ page }) => {
      14 |         await page.setViewportSize({ width: viewport.width, height: viewport.height });
    > 15 |         await page.goto('/');
         |                    ^
      16 |         
      17 |         // Проверяем, что основные элементы видны
      18 |         await expect(page.locator('h1')).toBeVisible();
        at C:\Users\Viktor\projects\repair-blog\tests\e2e\ui\responsiveness.spec.ts:15:20
]]>
</failure>
</testcase>
<testcase name="UI and Responsiveness Tests › Responsive Layout › should display correctly on Desktop" classname="ui\responsiveness.spec.ts" time="40.08">
<failure message="responsiveness.spec.ts:13:11 should display correctly on Desktop" type="FAILURE">
<![CDATA[  [chromium] › ui\responsiveness.spec.ts:13:11 › UI and Responsiveness Tests › Responsive Layout › should display correctly on Desktop 

    Test timeout of 30000ms exceeded.

    Error: page.goto: net::ERR_ABORTED; maybe frame was detached?
    Call log:
      - navigating to "http://localhost:3000/", waiting until "load"


      13 |       test(`should display correctly on ${viewport.name}`, async ({ page }) => {
      14 |         await page.setViewportSize({ width: viewport.width, height: viewport.height });
    > 15 |         await page.goto('/');
         |                    ^
      16 |         
      17 |         // Проверяем, что основные элементы видны
      18 |         await expect(page.locator('h1')).toBeVisible();
        at C:\Users\Viktor\projects\repair-blog\tests\e2e\ui\responsiveness.spec.ts:15:20
]]>
</failure>
</testcase>
<testcase name="UI and Responsiveness Tests › Responsive Layout › should display correctly on Large Desktop" classname="ui\responsiveness.spec.ts" time="43.072">
<failure message="responsiveness.spec.ts:13:11 should display correctly on Large Desktop" type="FAILURE">
<![CDATA[  [chromium] › ui\responsiveness.spec.ts:13:11 › UI and Responsiveness Tests › Responsive Layout › should display correctly on Large Desktop 

    Test timeout of 30000ms exceeded.

    Error: page.goto: net::ERR_ABORTED; maybe frame was detached?
    Call log:
      - navigating to "http://localhost:3000/", waiting until "load"


      13 |       test(`should display correctly on ${viewport.name}`, async ({ page }) => {
      14 |         await page.setViewportSize({ width: viewport.width, height: viewport.height });
    > 15 |         await page.goto('/');
         |                    ^
      16 |         
      17 |         // Проверяем, что основные элементы видны
      18 |         await expect(page.locator('h1')).toBeVisible();
        at C:\Users\Viktor\projects\repair-blog\tests\e2e\ui\responsiveness.spec.ts:15:20

    attachment #1: video (video/webm) ──────────────────────────────────────────────────────────────
    ..\..\test-results\ui-responsiveness-UI-and-R-8995e--correctly-on-Large-Desktop-chromium\video.webm
    ────────────────────────────────────────────────────────────────────────────────────────────────
]]>
</failure>
<system-out>
<![CDATA[
[[ATTACHMENT|ui-responsiveness-UI-and-R-8995e--correctly-on-Large-Desktop-chromium\video.webm]]
]]>
</system-out>
</testcase>
<testcase name="UI and Responsiveness Tests › Theme Switcher › should switch themes correctly" classname="ui\responsiveness.spec.ts" time="43.987">
<failure message="responsiveness.spec.ts:34:9 should switch themes correctly" type="FAILURE">
<![CDATA[  [chromium] › ui\responsiveness.spec.ts:34:9 › UI and Responsiveness Tests › Theme Switcher › should switch themes correctly 

    Test timeout of 30000ms exceeded.

    Error: page.goto: net::ERR_ABORTED; maybe frame was detached?
    Call log:
      - navigating to "http://localhost:3000/", waiting until "load"


      33 |   test.describe('Theme Switcher', () => {
      34 |     test('should switch themes correctly', async ({ page }) => {
    > 35 |       await page.goto('/');
         |                  ^
      36 |       
      37 |       // Проверяем начальную тему
      38 |       const html = page.locator('html');
        at C:\Users\Viktor\projects\repair-blog\tests\e2e\ui\responsiveness.spec.ts:35:18

    attachment #1: video (video/webm) ──────────────────────────────────────────────────────────────
    ..\..\test-results\ui-responsiveness-UI-and-R-f4d86-uld-switch-themes-correctly-chromium\video.webm
    ────────────────────────────────────────────────────────────────────────────────────────────────
]]>
</failure>
<system-out>
<![CDATA[
[[ATTACHMENT|ui-responsiveness-UI-and-R-f4d86-uld-switch-themes-correctly-chromium\video.webm]]
]]>
</system-out>
</testcase>
<testcase name="UI and Responsiveness Tests › Theme Switcher › should have all theme options" classname="ui\responsiveness.spec.ts" time="44.449">
<failure message="responsiveness.spec.ts:54:9 should have all theme options" type="FAILURE">
<![CDATA[  [chromium] › ui\responsiveness.spec.ts:54:9 › UI and Responsiveness Tests › Theme Switcher › should have all theme options 

    Test timeout of 30000ms exceeded.

    Error: page.goto: net::ERR_ABORTED; maybe frame was detached?
    Call log:
      - navigating to "http://localhost:3000/", waiting until "load"


      53 |
      54 |     test('should have all theme options', async ({ page }) => {
    > 55 |       await page.goto('/');
         |                  ^
      56 |       
      57 |       // Открываем переключатель тем
      58 |       await page.click('[aria-label*="тему"], [aria-label*="theme"]');
        at C:\Users\Viktor\projects\repair-blog\tests\e2e\ui\responsiveness.spec.ts:55:18

    attachment #1: video (video/webm) ──────────────────────────────────────────────────────────────
    ..\..\test-results\ui-responsiveness-UI-and-R-b43b1-ould-have-all-theme-options-chromium\video.webm
    ────────────────────────────────────────────────────────────────────────────────────────────────
]]>
</failure>
<system-out>
<![CDATA[
[[ATTACHMENT|ui-responsiveness-UI-and-R-b43b1-ould-have-all-theme-options-chromium\video.webm]]
]]>
</system-out>
</testcase>
<testcase name="UI and Responsiveness Tests › Mobile Navigation › should have working mobile menu" classname="ui\responsiveness.spec.ts" time="43.656">
<failure message="responsiveness.spec.ts:71:9 should have working mobile menu" type="FAILURE">
<![CDATA[  [chromium] › ui\responsiveness.spec.ts:71:9 › UI and Responsiveness Tests › Mobile Navigation › should have working mobile menu 

    Test timeout of 30000ms exceeded.

    Error: page.goto: net::ERR_ABORTED; maybe frame was detached?
    Call log:
      - navigating to "http://localhost:3000/", waiting until "load"


      71 |     test('should have working mobile menu', async ({ page }) => {
      72 |       await page.setViewportSize({ width: 375, height: 667 });
    > 73 |       await page.goto('/');
         |                  ^
      74 |       
      75 |       // Ищем кнопку мобильного меню
      76 |       const mobileMenuButton = page.locator('[aria-label*="меню"], [aria-label*="menu"]').first();
        at C:\Users\Viktor\projects\repair-blog\tests\e2e\ui\responsiveness.spec.ts:73:18

    attachment #1: video (video/webm) ──────────────────────────────────────────────────────────────
    ..\..\test-results\ui-responsiveness-UI-and-R-678fe-ld-have-working-mobile-menu-chromium\video.webm
    ────────────────────────────────────────────────────────────────────────────────────────────────
]]>
</failure>
<system-out>
<![CDATA[
[[ATTACHMENT|ui-responsiveness-UI-and-R-678fe-ld-have-working-mobile-menu-chromium\video.webm]]
]]>
</system-out>
</testcase>
<testcase name="UI and Responsiveness Tests › Interactive Elements › should have working hover effects" classname="ui\responsiveness.spec.ts" time="44.556">
<failure message="responsiveness.spec.ts:102:9 should have working hover effects" type="FAILURE">
<![CDATA[  [chromium] › ui\responsiveness.spec.ts:102:9 › UI and Responsiveness Tests › Interactive Elements › should have working hover effects 

    Test timeout of 30000ms exceeded.

    Error: page.goto: net::ERR_ABORTED; maybe frame was detached?
    Call log:
      - navigating to "http://localhost:3000/", waiting until "load"


      101 |   test.describe('Interactive Elements', () => {
      102 |     test('should have working hover effects', async ({ page }) => {
    > 103 |       await page.goto('/');
          |                  ^
      104 |       
      105 |       // Проверяем hover эффекты на ссылках
      106 |       const links = page.locator('a').first();
        at C:\Users\Viktor\projects\repair-blog\tests\e2e\ui\responsiveness.spec.ts:103:18

    attachment #1: video (video/webm) ──────────────────────────────────────────────────────────────
    ..\..\test-results\ui-responsiveness-UI-and-R-b9ca3--have-working-hover-effects-chromium\video.webm
    ────────────────────────────────────────────────────────────────────────────────────────────────
]]>
</failure>
<system-out>
<![CDATA[
[[ATTACHMENT|ui-responsiveness-UI-and-R-b9ca3--have-working-hover-effects-chromium\video.webm]]
]]>
</system-out>
</testcase>
<testcase name="UI and Responsiveness Tests › Interactive Elements › should have visible SVG icons" classname="ui\responsiveness.spec.ts" time="46.99">
<failure message="responsiveness.spec.ts:113:9 should have visible SVG icons" type="FAILURE">
<![CDATA[  [chromium] › ui\responsiveness.spec.ts:113:9 › UI and Responsiveness Tests › Interactive Elements › should have visible SVG icons 

    Test timeout of 30000ms exceeded.

    Error: page.goto: net::ERR_ABORTED; maybe frame was detached?
    Call log:
      - navigating to "http://localhost:3000/", waiting until "load"


      112 |
      113 |     test('should have visible SVG icons', async ({ page }) => {
    > 114 |       await page.goto('/');
          |                  ^
      115 |       
      116 |       // Проверяем SVG иконки
      117 |       const svgIcons = page.locator('svg');
        at C:\Users\Viktor\projects\repair-blog\tests\e2e\ui\responsiveness.spec.ts:114:18

    attachment #1: video (video/webm) ──────────────────────────────────────────────────────────────
    ..\..\test-results\ui-responsiveness-UI-and-R-a5e10-ould-have-visible-SVG-icons-chromium\video.webm
    ────────────────────────────────────────────────────────────────────────────────────────────────
]]>
</failure>
<system-out>
<![CDATA[
[[ATTACHMENT|ui-responsiveness-UI-and-R-a5e10-ould-have-visible-SVG-icons-chromium\video.webm]]
]]>
</system-out>
</testcase>
<testcase name="UI and Responsiveness Tests › Interactive Elements › should have proper focus indicators" classname="ui\responsiveness.spec.ts" time="46.992">
<failure message="responsiveness.spec.ts:132:9 should have proper focus indicators" type="FAILURE">
<![CDATA[  [chromium] › ui\responsiveness.spec.ts:132:9 › UI and Responsiveness Tests › Interactive Elements › should have proper focus indicators 

    Test timeout of 30000ms exceeded.

    Error: page.goto: net::ERR_ABORTED; maybe frame was detached?
    Call log:
      - navigating to "http://localhost:3000/", waiting until "load"


      131 |
      132 |     test('should have proper focus indicators', async ({ page }) => {
    > 133 |       await page.goto('/');
          |                  ^
      134 |       
      135 |       // Проверяем фокус на первой ссылке
      136 |       const firstLink = page.locator('a').first();
        at C:\Users\Viktor\projects\repair-blog\tests\e2e\ui\responsiveness.spec.ts:133:18

    attachment #1: video (video/webm) ──────────────────────────────────────────────────────────────
    ..\..\test-results\ui-responsiveness-UI-and-R-c31b3-ave-proper-focus-indicators-chromium\video.webm
    ────────────────────────────────────────────────────────────────────────────────────────────────
]]>
</failure>
<system-out>
<![CDATA[
[[ATTACHMENT|ui-responsiveness-UI-and-R-c31b3-ave-proper-focus-indicators-chromium\video.webm]]
]]>
</system-out>
</testcase>
<testcase name="UI and Responsiveness Tests › Content Layout › should have proper content spacing" classname="ui\responsiveness.spec.ts" time="46.922">
<failure message="responsiveness.spec.ts:145:9 should have proper content spacing" type="FAILURE">
<![CDATA[  [chromium] › ui\responsiveness.spec.ts:145:9 › UI and Responsiveness Tests › Content Layout › should have proper content spacing 

    Test timeout of 30000ms exceeded.

    Error: page.goto: net::ERR_ABORTED; maybe frame was detached?
    Call log:
      - navigating to "http://localhost:3000/posts/remont-vannoy", waiting until "load"


      144 |   test.describe('Content Layout', () => {
      145 |     test('should have proper content spacing', async ({ page }) => {
    > 146 |       await page.goto('/posts/remont-vannoy');
          |                  ^
      147 |       
      148 |       // Проверяем, что контент не прилипает к краям
      149 |       const content = page.locator('main, article');
        at C:\Users\Viktor\projects\repair-blog\tests\e2e\ui\responsiveness.spec.ts:146:18

    attachment #1: video (video/webm) ──────────────────────────────────────────────────────────────
    ..\..\test-results\ui-responsiveness-UI-and-R-e8ae8-have-proper-content-spacing-chromium\video.webm
    ────────────────────────────────────────────────────────────────────────────────────────────────
]]>
</failure>
<system-out>
<![CDATA[
[[ATTACHMENT|ui-responsiveness-UI-and-R-e8ae8-have-proper-content-spacing-chromium\video.webm]]
]]>
</system-out>
</testcase>
<testcase name="UI and Responsiveness Tests › Content Layout › should have readable typography" classname="ui\responsiveness.spec.ts" time="48.756">
<failure message="responsiveness.spec.ts:158:9 should have readable typography" type="FAILURE">
<![CDATA[  [chromium] › ui\responsiveness.spec.ts:158:9 › UI and Responsiveness Tests › Content Layout › should have readable typography 

    Test timeout of 30000ms exceeded.

    Error: page.goto: net::ERR_ABORTED; maybe frame was detached?
    Call log:
      - navigating to "http://localhost:3000/posts/remont-vannoy", waiting until "load"


      157 |
      158 |     test('should have readable typography', async ({ page }) => {
    > 159 |       await page.goto('/posts/remont-vannoy');
          |                  ^
      160 |       
      161 |       // Проверяем заголовки
      162 |       const h1 = page.locator('h1').first();
        at C:\Users\Viktor\projects\repair-blog\tests\e2e\ui\responsiveness.spec.ts:159:18

    attachment #1: video (video/webm) ──────────────────────────────────────────────────────────────
    ..\..\test-results\ui-responsiveness-UI-and-R-6a92d-ld-have-readable-typography-chromium\video.webm
    ────────────────────────────────────────────────────────────────────────────────────────────────
]]>
</failure>
<system-out>
<![CDATA[
[[ATTACHMENT|ui-responsiveness-UI-and-R-6a92d-ld-have-readable-typography-chromium\video.webm]]
]]>
</system-out>
</testcase>
<testcase name="UI and Responsiveness Tests › New Badge › should show new badge for recent articles" classname="ui\responsiveness.spec.ts" time="49.625">
<failure message="responsiveness.spec.ts:180:9 should show new badge for recent articles" type="FAILURE">
<![CDATA[  [chromium] › ui\responsiveness.spec.ts:180:9 › UI and Responsiveness Tests › New Badge › should show new badge for recent articles 

    Test timeout of 30000ms exceeded.

    Error: page.goto: net::ERR_ABORTED; maybe frame was detached?
    Call log:
      - navigating to "http://localhost:3000/", waiting until "load"


      179 |   test.describe('New Badge', () => {
      180 |     test('should show new badge for recent articles', async ({ page }) => {
    > 181 |       await page.goto('/');
          |                  ^
      182 |       
      183 |       // Ищем статьи с бейджем "New"
      184 |       const newBadges = page.locator('text=New, text=Новое');
        at C:\Users\Viktor\projects\repair-blog\tests\e2e\ui\responsiveness.spec.ts:181:18

    attachment #1: video (video/webm) ──────────────────────────────────────────────────────────────
    ..\..\test-results\ui-responsiveness-UI-and-R-241d8-w-badge-for-recent-articles-chromium\video.webm
    ────────────────────────────────────────────────────────────────────────────────────────────────
]]>
</failure>
<system-out>
<![CDATA[
[[ATTACHMENT|ui-responsiveness-UI-and-R-241d8-w-badge-for-recent-articles-chromium\video.webm]]
]]>
</system-out>
</testcase>
</testsuite>
<testsuite name="critical.spec.ts" timestamp="2025-11-26T12:11:41.906Z" hostname="firefox" tests="3" failures="3" skipped="0" time="90.853" errors="0">
<testcase name="Critical Path Tests › should load homepage and navigate to all main sections" classname="critical.spec.ts" time="30.245">
<failure message="critical.spec.ts:4:7 should load homepage and navigate to all main sections" type="FAILURE">
<![CDATA[  [firefox] › critical.spec.ts:4:7 › Critical Path Tests › should load homepage and navigate to all main sections 

    Test timeout of 30000ms exceeded.

    Error: page.goto: Test timeout of 30000ms exceeded.
    Call log:
      - navigating to "http://localhost:3000/", waiting until "load"


      4 |   test('should load homepage and navigate to all main sections', async ({ page }) => {
      5 |     // Главная страница
    > 6 |     await page.goto('/');
        |                ^
      7 |     await expect(page).toHaveTitle(/Renohacks/);
      8 |     
      9 |     // Проверяем все основные ссылки
        at C:\Users\Viktor\projects\repair-blog\tests\e2e\critical.spec.ts:6:16

    attachment #1: screenshot (image/png) ──────────────────────────────────────────────────────────
    ..\..\test-results\critical-Critical-Path-Tes-6a4d0-vigate-to-all-main-sections-firefox\test-failed-1.png
    ────────────────────────────────────────────────────────────────────────────────────────────────

    attachment #2: video (video/webm) ──────────────────────────────────────────────────────────────
    ..\..\test-results\critical-Critical-Path-Tes-6a4d0-vigate-to-all-main-sections-firefox\video.webm
    ────────────────────────────────────────────────────────────────────────────────────────────────
]]>
</failure>
<system-out>
<![CDATA[
[[ATTACHMENT|critical-Critical-Path-Tes-6a4d0-vigate-to-all-main-sections-firefox\test-failed-1.png]]

[[ATTACHMENT|critical-Critical-Path-Tes-6a4d0-vigate-to-all-main-sections-firefox\video.webm]]
]]>
</system-out>
</testcase>
<testcase name="Critical Path Tests › should test budget calculator functionality" classname="critical.spec.ts" time="30.328">
<failure message="critical.spec.ts:24:7 should test budget calculator functionality" type="FAILURE">
<![CDATA[  [firefox] › critical.spec.ts:24:7 › Critical Path Tests › should test budget calculator functionality 

    Test timeout of 30000ms exceeded.

    Error: page.goto: Test timeout of 30000ms exceeded.
    Call log:
      - navigating to "http://localhost:3000/calculators/budget", waiting until "load"


      23 |
      24 |   test('should test budget calculator functionality', async ({ page }) => {
    > 25 |     await page.goto('/calculators/budget');
         |                ^
      26 |     
      27 |     // Добавляем категорию
      28 |     await page.click('button:has-text("Добавить категорию")');
        at C:\Users\Viktor\projects\repair-blog\tests\e2e\critical.spec.ts:25:16

    attachment #1: screenshot (image/png) ──────────────────────────────────────────────────────────
    ..\..\test-results\critical-Critical-Path-Tes-efadc-et-calculator-functionality-firefox\test-failed-1.png
    ────────────────────────────────────────────────────────────────────────────────────────────────

    attachment #2: video (video/webm) ──────────────────────────────────────────────────────────────
    ..\..\test-results\critical-Critical-Path-Tes-efadc-et-calculator-functionality-firefox\video.webm
    ────────────────────────────────────────────────────────────────────────────────────────────────
]]>
</failure>
<system-out>
<![CDATA[
[[ATTACHMENT|critical-Critical-Path-Tes-efadc-et-calculator-functionality-firefox\test-failed-1.png]]

[[ATTACHMENT|critical-Critical-Path-Tes-efadc-et-calculator-functionality-firefox\video.webm]]
]]>
</system-out>
</testcase>
<testcase name="Critical Path Tests › should test language switching" classname="critical.spec.ts" time="30.28">
<failure message="critical.spec.ts:39:7 should test language switching" type="FAILURE">
<![CDATA[  [firefox] › critical.spec.ts:39:7 › Critical Path Tests › should test language switching ─────────

    Test timeout of 30000ms exceeded.

    Error: page.goto: Test timeout of 30000ms exceeded.
    Call log:
      - navigating to "http://localhost:3000/", waiting until "load"


      38 |
      39 |   test('should test language switching', async ({ page }) => {
    > 40 |     await page.goto('/');
         |                ^
      41 |     
      42 |     // Переключаем на английский
      43 |     await page.click('text=EN');
        at C:\Users\Viktor\projects\repair-blog\tests\e2e\critical.spec.ts:40:16

    attachment #1: screenshot (image/png) ──────────────────────────────────────────────────────────
    ..\..\test-results\critical-Critical-Path-Tests-should-test-language-switching-firefox\test-failed-1.png
    ────────────────────────────────────────────────────────────────────────────────────────────────

    attachment #2: video (video/webm) ──────────────────────────────────────────────────────────────
    ..\..\test-results\critical-Critical-Path-Tests-should-test-language-switching-firefox\video.webm
    ────────────────────────────────────────────────────────────────────────────────────────────────
]]>
</failure>
<system-out>
<![CDATA[
[[ATTACHMENT|critical-Critical-Path-Tests-should-test-language-switching-firefox\test-failed-1.png]]

[[ATTACHMENT|critical-Critical-Path-Tests-should-test-language-switching-firefox\video.webm]]
]]>
</system-out>
</testcase>
</testsuite>
<testsuite name="functional\calculators.spec.ts" timestamp="2025-11-26T12:11:41.906Z" hostname="firefox" tests="9" failures="9" skipped="0" time="272.525" errors="0">
<testcase name="Functional Tests - Calculators › Renovation Budget Planner (RU) › should add and remove categories correctly" classname="functional\calculators.spec.ts" time="30.201">
<failure message="calculators.spec.ts:5:9 should add and remove categories correctly" type="FAILURE">
<![CDATA[  [firefox] › functional\calculators.spec.ts:5:9 › Functional Tests - Calculators › Renovation Budget Planner (RU) › should add and remove categories correctly 

    Test timeout of 30000ms exceeded.

    Error: page.goto: Test timeout of 30000ms exceeded.
    Call log:
      - navigating to "http://localhost:3000/calculators/budget", waiting until "load"


      4 |   test.describe('Renovation Budget Planner (RU)', () => {
      5 |     test('should add and remove categories correctly', async ({ page }) => {
    > 6 |       await page.goto('/calculators/budget');
        |                  ^
      7 |
      8 |       // Начально один элемент сметы
      9 |       const items = page.locator('[data-testid="expense-item"]');
        at C:\Users\Viktor\projects\repair-blog\tests\e2e\functional\calculators.spec.ts:6:18

    attachment #1: screenshot (image/png) ──────────────────────────────────────────────────────────
    ..\..\test-results\functional-calculators-Fun-b6d57-remove-categories-correctly-firefox\test-failed-1.png
    ────────────────────────────────────────────────────────────────────────────────────────────────

    attachment #2: video (video/webm) ──────────────────────────────────────────────────────────────
    ..\..\test-results\functional-calculators-Fun-b6d57-remove-categories-correctly-firefox\video.webm
    ────────────────────────────────────────────────────────────────────────────────────────────────
]]>
</failure>
<system-out>
<![CDATA[
[[ATTACHMENT|functional-calculators-Fun-b6d57-remove-categories-correctly-firefox\test-failed-1.png]]

[[ATTACHMENT|functional-calculators-Fun-b6d57-remove-categories-correctly-firefox\video.webm]]
]]>
</system-out>
</testcase>
<testcase name="Functional Tests - Calculators › Renovation Budget Planner (RU) › should calculate total correctly with zero reserve" classname="functional\calculators.spec.ts" time="30.283">
<failure message="calculators.spec.ts:22:9 should calculate total correctly with zero reserve" type="FAILURE">
<![CDATA[  [firefox] › functional\calculators.spec.ts:22:9 › Functional Tests - Calculators › Renovation Budget Planner (RU) › should calculate total correctly with zero reserve 

    Test timeout of 30000ms exceeded.

    Error: page.goto: Test timeout of 30000ms exceeded.
    Call log:
      - navigating to "http://localhost:3000/calculators/budget", waiting until "load"


      21 |
      22 |     test('should calculate total correctly with zero reserve', async ({ page }) => {
    > 23 |       await page.goto('/calculators/budget');
         |                  ^
      24 |
      25 |       // Ставим резерв 0%, чтобы итог = сумме
      26 |       await page.getByRole('spinbutton').nth(1).fill('0');
        at C:\Users\Viktor\projects\repair-blog\tests\e2e\functional\calculators.spec.ts:23:18

    attachment #1: screenshot (image/png) ──────────────────────────────────────────────────────────
    ..\..\test-results\functional-calculators-Fun-f7d5e-correctly-with-zero-reserve-firefox\test-failed-1.png
    ────────────────────────────────────────────────────────────────────────────────────────────────

    attachment #2: video (video/webm) ──────────────────────────────────────────────────────────────
    ..\..\test-results\functional-calculators-Fun-f7d5e-correctly-with-zero-reserve-firefox\video.webm
    ────────────────────────────────────────────────────────────────────────────────────────────────
]]>
</failure>
<system-out>
<![CDATA[
[[ATTACHMENT|functional-calculators-Fun-f7d5e-correctly-with-zero-reserve-firefox\test-failed-1.png]]

[[ATTACHMENT|functional-calculators-Fun-f7d5e-correctly-with-zero-reserve-firefox\video.webm]]
]]>
</system-out>
</testcase>
<testcase name="Functional Tests - Calculators › Renovation Budget Planner (RU) › should handle reserve percentage correctly" classname="functional\calculators.spec.ts" time="30.215">
<failure message="calculators.spec.ts:47:9 should handle reserve percentage correctly" type="FAILURE">
<![CDATA[  [firefox] › functional\calculators.spec.ts:47:9 › Functional Tests - Calculators › Renovation Budget Planner (RU) › should handle reserve percentage correctly 

    Test timeout of 30000ms exceeded.

    Error: page.goto: Test timeout of 30000ms exceeded.
    Call log:
      - navigating to "http://localhost:3000/calculators/budget", waiting until "load"


      46 |
      47 |     test('should handle reserve percentage correctly', async ({ page }) => {
    > 48 |       await page.goto('/calculators/budget');
         |                  ^
      49 |
      50 |       // Стоимость 100 000, резерв 10%
      51 |       await page.locator('input[placeholder*="Категория"]').first().fill('Потолок');
        at C:\Users\Viktor\projects\repair-blog\tests\e2e\functional\calculators.spec.ts:48:18

    attachment #1: screenshot (image/png) ──────────────────────────────────────────────────────────
    ..\..\test-results\functional-calculators-Fun-ff5db-eserve-percentage-correctly-firefox\test-failed-1.png
    ────────────────────────────────────────────────────────────────────────────────────────────────

    attachment #2: video (video/webm) ──────────────────────────────────────────────────────────────
    ..\..\test-results\functional-calculators-Fun-ff5db-eserve-percentage-correctly-firefox\video.webm
    ────────────────────────────────────────────────────────────────────────────────────────────────
]]>
</failure>
<system-out>
<![CDATA[
[[ATTACHMENT|functional-calculators-Fun-ff5db-eserve-percentage-correctly-firefox\test-failed-1.png]]

[[ATTACHMENT|functional-calculators-Fun-ff5db-eserve-percentage-correctly-firefox\video.webm]]
]]>
</system-out>
</testcase>
<testcase name="Functional Tests - Calculators › Renovation Budget Planner (RU) › should treat negative cost as zero in calculation" classname="functional\calculators.spec.ts" time="30.212">
<failure message="calculators.spec.ts:61:9 should treat negative cost as zero in calculation" type="FAILURE">
<![CDATA[  [firefox] › functional\calculators.spec.ts:61:9 › Functional Tests - Calculators › Renovation Budget Planner (RU) › should treat negative cost as zero in calculation 

    Test timeout of 30000ms exceeded.

    Error: page.goto: Test timeout of 30000ms exceeded.
    Call log:
      - navigating to "http://localhost:3000/calculators/budget", waiting until "load"


      60 |
      61 |     test('should treat negative cost as zero in calculation', async ({ page }) => {
    > 62 |       await page.goto('/calculators/budget');
         |                  ^
      63 |
      64 |       await page.locator('input[placeholder*="Категория"]').first().fill('Тест');
      65 |       await page.locator('input[placeholder="0"]').first().fill('-1000');
        at C:\Users\Viktor\projects\repair-blog\tests\e2e\functional\calculators.spec.ts:62:18

    attachment #1: screenshot (image/png) ──────────────────────────────────────────────────────────
    ..\..\test-results\functional-calculators-Fun-f2ed9-cost-as-zero-in-calculation-firefox\test-failed-1.png
    ────────────────────────────────────────────────────────────────────────────────────────────────

    attachment #2: video (video/webm) ──────────────────────────────────────────────────────────────
    ..\..\test-results\functional-calculators-Fun-f2ed9-cost-as-zero-in-calculation-firefox\video.webm
    ────────────────────────────────────────────────────────────────────────────────────────────────
]]>
</failure>
<system-out>
<![CDATA[
[[ATTACHMENT|functional-calculators-Fun-f2ed9-cost-as-zero-in-calculation-firefox\test-failed-1.png]]

[[ATTACHMENT|functional-calculators-Fun-f2ed9-cost-as-zero-in-calculation-firefox\video.webm]]
]]>
</system-out>
</testcase>
<testcase name="Functional Tests - Calculators › Renovation Budget Planner (EN) › should calculate total correctly in English version with zero reserve" classname="functional\calculators.spec.ts" time="30.448">
<failure message="calculators.spec.ts:75:9 should calculate total correctly in English version with zero reserve" type="FAILURE">
<![CDATA[  [firefox] › functional\calculators.spec.ts:75:9 › Functional Tests - Calculators › Renovation Budget Planner (EN) › should calculate total correctly in English version with zero reserve 

    Test timeout of 30000ms exceeded.

    Error: page.goto: Test timeout of 30000ms exceeded.
    Call log:
      - navigating to "http://localhost:3000/en/calculators/budget", waiting until "load"


      74 |   test.describe('Renovation Budget Planner (EN)', () => {
      75 |     test('should calculate total correctly in English version with zero reserve', async ({ page }) => {
    > 76 |       await page.goto('/en/calculators/budget');
         |                  ^
      77 |
      78 |       // Проверяем заголовок
      79 |       await expect(page.locator('h1')).toContainText('Renovation Budget Planner');
        at C:\Users\Viktor\projects\repair-blog\tests\e2e\functional\calculators.spec.ts:76:18

    attachment #1: screenshot (image/png) ──────────────────────────────────────────────────────────
    ..\..\test-results\functional-calculators-Fun-5cd02-h-version-with-zero-reserve-firefox\test-failed-1.png
    ────────────────────────────────────────────────────────────────────────────────────────────────

    attachment #2: video (video/webm) ──────────────────────────────────────────────────────────────
    ..\..\test-results\functional-calculators-Fun-5cd02-h-version-with-zero-reserve-firefox\video.webm
    ────────────────────────────────────────────────────────────────────────────────────────────────
]]>
</failure>
<system-out>
<![CDATA[
[[ATTACHMENT|functional-calculators-Fun-5cd02-h-version-with-zero-reserve-firefox\test-failed-1.png]]

[[ATTACHMENT|functional-calculators-Fun-5cd02-h-version-with-zero-reserve-firefox\video.webm]]
]]>
</system-out>
</testcase>
<testcase name="Functional Tests - Calculators › Renovation Budget Planner (EN) › should switch to RU calculator from EN page" classname="functional\calculators.spec.ts" time="30.323">
<failure message="calculators.spec.ts:94:9 should switch to RU calculator from EN page" type="FAILURE">
<![CDATA[  [firefox] › functional\calculators.spec.ts:94:9 › Functional Tests - Calculators › Renovation Budget Planner (EN) › should switch to RU calculator from EN page 

    Test timeout of 30000ms exceeded.

    Error: page.goto: Test timeout of 30000ms exceeded.
    Call log:
      - navigating to "http://localhost:3000/en/calculators/budget", waiting until "load"


      93 |
      94 |     test('should switch to RU calculator from EN page', async ({ page }) => {
    > 95 |       await page.goto('/en/calculators/budget');
         |                  ^
      96 |
      97 |       // Переключаемся на русский через переключатель языка
      98 |       await page.click('text=RU');
        at C:\Users\Viktor\projects\repair-blog\tests\e2e\functional\calculators.spec.ts:95:18

    attachment #1: screenshot (image/png) ──────────────────────────────────────────────────────────
    ..\..\test-results\functional-calculators-Fun-43d31--RU-calculator-from-EN-page-firefox\test-failed-1.png
    ────────────────────────────────────────────────────────────────────────────────────────────────

    attachment #2: video (video/webm) ──────────────────────────────────────────────────────────────
    ..\..\test-results\functional-calculators-Fun-43d31--RU-calculator-from-EN-page-firefox\video.webm
    ────────────────────────────────────────────────────────────────────────────────────────────────
]]>
</failure>
<system-out>
<![CDATA[
[[ATTACHMENT|functional-calculators-Fun-43d31--RU-calculator-from-EN-page-firefox\test-failed-1.png]]

[[ATTACHMENT|functional-calculators-Fun-43d31--RU-calculator-from-EN-page-firefox\video.webm]]
]]>
</system-out>
</testcase>
<testcase name="Functional Tests - Calculators › Other Calculators › should load paint calculator" classname="functional\calculators.spec.ts" time="30.268">
<failure message="calculators.spec.ts:107:9 should load paint calculator" type="FAILURE">
<![CDATA[  [firefox] › functional\calculators.spec.ts:107:9 › Functional Tests - Calculators › Other Calculators › should load paint calculator 

    Test timeout of 30000ms exceeded.

    Error: page.goto: Test timeout of 30000ms exceeded.
    Call log:
      - navigating to "http://localhost:3000/calculators/paint", waiting until "load"


      106 |   test.describe('Other Calculators', () => {
      107 |     test('should load paint calculator', async ({ page }) => {
    > 108 |       await page.goto('/calculators/paint');
          |                  ^
      109 |
      110 |       await expect(page.locator('h1')).toContainText('Калькулятор краски');
      111 |
        at C:\Users\Viktor\projects\repair-blog\tests\e2e\functional\calculators.spec.ts:108:18

    attachment #1: screenshot (image/png) ──────────────────────────────────────────────────────────
    ..\..\test-results\functional-calculators-Fun-1bddd-hould-load-paint-calculator-firefox\test-failed-1.png
    ────────────────────────────────────────────────────────────────────────────────────────────────

    attachment #2: video (video/webm) ──────────────────────────────────────────────────────────────
    ..\..\test-results\functional-calculators-Fun-1bddd-hould-load-paint-calculator-firefox\video.webm
    ────────────────────────────────────────────────────────────────────────────────────────────────
]]>
</failure>
<system-out>
<![CDATA[
[[ATTACHMENT|functional-calculators-Fun-1bddd-hould-load-paint-calculator-firefox\test-failed-1.png]]

[[ATTACHMENT|functional-calculators-Fun-1bddd-hould-load-paint-calculator-firefox\video.webm]]
]]>
</system-out>
</testcase>
<testcase name="Functional Tests - Calculators › Other Calculators › should load tile calculator" classname="functional\calculators.spec.ts" time="30.347">
<failure message="calculators.spec.ts:117:9 should load tile calculator" type="FAILURE">
<![CDATA[  [firefox] › functional\calculators.spec.ts:117:9 › Functional Tests - Calculators › Other Calculators › should load tile calculator 

    Test timeout of 30000ms exceeded.

    Error: page.goto: Test timeout of 30000ms exceeded.
    Call log:
      - navigating to "http://localhost:3000/calculators/tile", waiting until "load"


      116 |
      117 |     test('should load tile calculator', async ({ page }) => {
    > 118 |       await page.goto('/calculators/tile');
          |                  ^
      119 |
      120 |       await expect(page.locator('h1')).toContainText('Калькулятор плитки');
      121 |
        at C:\Users\Viktor\projects\repair-blog\tests\e2e\functional\calculators.spec.ts:118:18

    attachment #1: screenshot (image/png) ──────────────────────────────────────────────────────────
    ..\..\test-results\functional-calculators-Fun-9c16c-should-load-tile-calculator-firefox\test-failed-1.png
    ────────────────────────────────────────────────────────────────────────────────────────────────

    attachment #2: video (video/webm) ──────────────────────────────────────────────────────────────
    ..\..\test-results\functional-calculators-Fun-9c16c-should-load-tile-calculator-firefox\video.webm
    ────────────────────────────────────────────────────────────────────────────────────────────────
]]>
</failure>
<system-out>
<![CDATA[
[[ATTACHMENT|functional-calculators-Fun-9c16c-should-load-tile-calculator-firefox\test-failed-1.png]]

[[ATTACHMENT|functional-calculators-Fun-9c16c-should-load-tile-calculator-firefox\video.webm]]
]]>
</system-out>
</testcase>
<testcase name="Functional Tests - Calculators › Other Calculators › should load wallpaper calculator" classname="functional\calculators.spec.ts" time="30.228">
<failure message="calculators.spec.ts:127:9 should load wallpaper calculator" type="FAILURE">
<![CDATA[  [firefox] › functional\calculators.spec.ts:127:9 › Functional Tests - Calculators › Other Calculators › should load wallpaper calculator 

    Test timeout of 30000ms exceeded.

    Error: page.goto: Test timeout of 30000ms exceeded.
    Call log:
      - navigating to "http://localhost:3000/calculators/wallpaper", waiting until "load"


      126 |
      127 |     test('should load wallpaper calculator', async ({ page }) => {
    > 128 |       await page.goto('/calculators/wallpaper');
          |                  ^
      129 |
      130 |       await expect(page.locator('h1')).toContainText('Калькулятор обоев');
      131 |
        at C:\Users\Viktor\projects\repair-blog\tests\e2e\functional\calculators.spec.ts:128:18

    attachment #1: screenshot (image/png) ──────────────────────────────────────────────────────────
    ..\..\test-results\functional-calculators-Fun-b6a57-d-load-wallpaper-calculator-firefox\test-failed-1.png
    ────────────────────────────────────────────────────────────────────────────────────────────────

    attachment #2: video (video/webm) ──────────────────────────────────────────────────────────────
    ..\..\test-results\functional-calculators-Fun-b6a57-d-load-wallpaper-calculator-firefox\video.webm
    ────────────────────────────────────────────────────────────────────────────────────────────────
]]>
</failure>
<system-out>
<![CDATA[
[[ATTACHMENT|functional-calculators-Fun-b6a57-d-load-wallpaper-calculator-firefox\test-failed-1.png]]

[[ATTACHMENT|functional-calculators-Fun-b6a57-d-load-wallpaper-calculator-firefox\video.webm]]
]]>
</system-out>
</testcase>
</testsuite>
<testsuite name="i18n\language-switching.spec.ts" timestamp="2025-11-26T12:11:41.906Z" hostname="firefox" tests="6" failures="6" skipped="0" time="182.141" errors="0">
<testcase name="Internationalization (i18n) Tests › should switch between Russian and English correctly" classname="i18n\language-switching.spec.ts" time="30.404">
<failure message="language-switching.spec.ts:4:7 should switch between Russian and English correctly" type="FAILURE">
<![CDATA[  [firefox] › i18n\language-switching.spec.ts:4:7 › Internationalization (i18n) Tests › should switch between Russian and English correctly 

    Test timeout of 30000ms exceeded.

    Error: page.goto: Test timeout of 30000ms exceeded.
    Call log:
      - navigating to "http://localhost:3000/", waiting until "load"


      4 |   test('should switch between Russian and English correctly', async ({ page }) => {
      5 |     // Начинаем с русской версии
    > 6 |     await page.goto('/');
        |                ^
      7 |     await expect(page).toHaveURL(/\/$/);
      8 |     
      9 |     // Проверяем русский контент
        at C:\Users\Viktor\projects\repair-blog\tests\e2e\i18n\language-switching.spec.ts:6:16

    attachment #1: screenshot (image/png) ──────────────────────────────────────────────────────────
    ..\..\test-results\i18n-language-switching-In-f146a-ssian-and-English-correctly-firefox\test-failed-1.png
    ────────────────────────────────────────────────────────────────────────────────────────────────

    attachment #2: video (video/webm) ──────────────────────────────────────────────────────────────
    ..\..\test-results\i18n-language-switching-In-f146a-ssian-and-English-correctly-firefox\video.webm
    ────────────────────────────────────────────────────────────────────────────────────────────────
]]>
</failure>
<system-out>
<![CDATA[
[[ATTACHMENT|i18n-language-switching-In-f146a-ssian-and-English-correctly-firefox\test-failed-1.png]]

[[ATTACHMENT|i18n-language-switching-In-f146a-ssian-and-English-correctly-firefox\video.webm]]
]]>
</system-out>
</testcase>
<testcase name="Internationalization (i18n) Tests › should have correct hreflang attributes" classname="i18n\language-switching.spec.ts" time="30.293">
<failure message="language-switching.spec.ts:24:7 should have correct hreflang attributes" type="FAILURE">
<![CDATA[  [firefox] › i18n\language-switching.spec.ts:24:7 › Internationalization (i18n) Tests › should have correct hreflang attributes 

    Test timeout of 30000ms exceeded.

    Error: page.goto: Test timeout of 30000ms exceeded.
    Call log:
      - navigating to "http://localhost:3000/", waiting until "load"


      23 |
      24 |   test('should have correct hreflang attributes', async ({ page }) => {
    > 25 |     await page.goto('/');
         |                ^
      26 |     
      27 |     // Проверяем hreflang для русской версии
      28 |     const hreflangRu = page.locator('link[hreflang="ru"]');
        at C:\Users\Viktor\projects\repair-blog\tests\e2e\i18n\language-switching.spec.ts:25:16

    attachment #1: screenshot (image/png) ──────────────────────────────────────────────────────────
    ..\..\test-results\i18n-language-switching-In-650c3-correct-hreflang-attributes-firefox\test-failed-1.png
    ────────────────────────────────────────────────────────────────────────────────────────────────

    attachment #2: video (video/webm) ──────────────────────────────────────────────────────────────
    ..\..\test-results\i18n-language-switching-In-650c3-correct-hreflang-attributes-firefox\video.webm
    ────────────────────────────────────────────────────────────────────────────────────────────────
]]>
</failure>
<system-out>
<![CDATA[
[[ATTACHMENT|i18n-language-switching-In-650c3-correct-hreflang-attributes-firefox\test-failed-1.png]]

[[ATTACHMENT|i18n-language-switching-In-650c3-correct-hreflang-attributes-firefox\video.webm]]
]]>
</system-out>
</testcase>
<testcase name="Internationalization (i18n) Tests › should have localized meta titles and descriptions" classname="i18n\language-switching.spec.ts" time="30.322">
<failure message="language-switching.spec.ts:39:7 should have localized meta titles and descriptions" type="FAILURE">
<![CDATA[  [firefox] › i18n\language-switching.spec.ts:39:7 › Internationalization (i18n) Tests › should have localized meta titles and descriptions 

    Test timeout of 30000ms exceeded.

    Error: page.goto: Test timeout of 30000ms exceeded.
    Call log:
      - navigating to "http://localhost:3000/", waiting until "load"


      39 |   test('should have localized meta titles and descriptions', async ({ page }) => {
      40 |     // Русская версия
    > 41 |     await page.goto('/');
         |                ^
      42 |     const ruTitle = await page.title();
      43 |     const ruDescription = await page.locator('meta[name="description"]').getAttribute('content');
      44 |     
        at C:\Users\Viktor\projects\repair-blog\tests\e2e\i18n\language-switching.spec.ts:41:16

    attachment #1: screenshot (image/png) ──────────────────────────────────────────────────────────
    ..\..\test-results\i18n-language-switching-In-d90f5-eta-titles-and-descriptions-firefox\test-failed-1.png
    ────────────────────────────────────────────────────────────────────────────────────────────────

    attachment #2: video (video/webm) ──────────────────────────────────────────────────────────────
    ..\..\test-results\i18n-language-switching-In-d90f5-eta-titles-and-descriptions-firefox\video.webm
    ────────────────────────────────────────────────────────────────────────────────────────────────
]]>
</failure>
<system-out>
<![CDATA[
[[ATTACHMENT|i18n-language-switching-In-d90f5-eta-titles-and-descriptions-firefox\test-failed-1.png]]

[[ATTACHMENT|i18n-language-switching-In-d90f5-eta-titles-and-descriptions-firefox\video.webm]]
]]>
</system-out>
</testcase>
<testcase name="Internationalization (i18n) Tests › should have mirror pages with same structure" classname="i18n\language-switching.spec.ts" time="30.405">
<failure message="language-switching.spec.ts:57:7 should have mirror pages with same structure" type="FAILURE">
<![CDATA[  [firefox] › i18n\language-switching.spec.ts:57:7 › Internationalization (i18n) Tests › should have mirror pages with same structure 

    Test timeout of 30000ms exceeded.

    Error: page.goto: Test timeout of 30000ms exceeded.
    Call log:
      - navigating to "http://localhost:3000/", waiting until "load"


      65 |     for (const pages of mirrorPages) {
      66 |       // Проверяем русскую версию
    > 67 |       await page.goto(pages.ru);
         |                  ^
      68 |       const ruH1 = await page.locator('h1').first().textContent();
      69 |       const ruNav = await page.locator('nav').count();
      70 |       
        at C:\Users\Viktor\projects\repair-blog\tests\e2e\i18n\language-switching.spec.ts:67:18

    attachment #1: screenshot (image/png) ──────────────────────────────────────────────────────────
    ..\..\test-results\i18n-language-switching-In-5bf6c-r-pages-with-same-structure-firefox\test-failed-1.png
    ────────────────────────────────────────────────────────────────────────────────────────────────

    attachment #2: video (video/webm) ──────────────────────────────────────────────────────────────
    ..\..\test-results\i18n-language-switching-In-5bf6c-r-pages-with-same-structure-firefox\video.webm
    ────────────────────────────────────────────────────────────────────────────────────────────────
]]>
</failure>
<system-out>
<![CDATA[
[[ATTACHMENT|i18n-language-switching-In-5bf6c-r-pages-with-same-structure-firefox\test-failed-1.png]]

[[ATTACHMENT|i18n-language-switching-In-5bf6c-r-pages-with-same-structure-firefox\video.webm]]
]]>
</system-out>
</testcase>
<testcase name="Internationalization (i18n) Tests › should handle language switching on tag pages" classname="i18n\language-switching.spec.ts" time="30.409">
<failure message="language-switching.spec.ts:84:7 should handle language switching on tag pages" type="FAILURE">
<![CDATA[  [firefox] › i18n\language-switching.spec.ts:84:7 › Internationalization (i18n) Tests › should handle language switching on tag pages 

    Test timeout of 30000ms exceeded.

    Error: page.goto: Test timeout of 30000ms exceeded.
    Call log:
      - navigating to "http://localhost:3000/tags/%D0%BA%D1%83%D1%85%D0%BD%D1%8F", waiting until "load"


      84 |   test('should handle language switching on tag pages', async ({ page }) => {
      85 |     // Тестируем переключение на странице тегов
    > 86 |     await page.goto('/tags/кухня');
         |                ^
      87 |     await expect(page).toHaveURL(/\/tags\/кухня/);
      88 |     
      89 |     // Переключаем на английский
        at C:\Users\Viktor\projects\repair-blog\tests\e2e\i18n\language-switching.spec.ts:86:16

    attachment #1: screenshot (image/png) ──────────────────────────────────────────────────────────
    ..\..\test-results\i18n-language-switching-In-1af7a-uage-switching-on-tag-pages-firefox\test-failed-1.png
    ────────────────────────────────────────────────────────────────────────────────────────────────

    attachment #2: video (video/webm) ──────────────────────────────────────────────────────────────
    ..\..\test-results\i18n-language-switching-In-1af7a-uage-switching-on-tag-pages-firefox\video.webm
    ────────────────────────────────────────────────────────────────────────────────────────────────
]]>
</failure>
<system-out>
<![CDATA[
[[ATTACHMENT|i18n-language-switching-In-1af7a-uage-switching-on-tag-pages-firefox\test-failed-1.png]]

[[ATTACHMENT|i18n-language-switching-In-1af7a-uage-switching-on-tag-pages-firefox\video.webm]]
]]>
</system-out>
</testcase>
<testcase name="Internationalization (i18n) Tests › should preserve language preference in URL" classname="i18n\language-switching.spec.ts" time="30.308">
<failure message="language-switching.spec.ts:97:7 should preserve language preference in URL" type="FAILURE">
<![CDATA[  [firefox] › i18n\language-switching.spec.ts:97:7 › Internationalization (i18n) Tests › should preserve language preference in URL 

    Test timeout of 30000ms exceeded.

    Error: page.goto: Test timeout of 30000ms exceeded.
    Call log:
      - navigating to "http://localhost:3000/en/calculators/budget", waiting until "load"


       97 |   test('should preserve language preference in URL', async ({ page }) => {
       98 |     // Переходим на английскую версию калькулятора
    >  99 |     await page.goto('/en/calculators/budget');
          |                ^
      100 |     await expect(page).toHaveURL(/\/en\/calculators\/budget/);
      101 |     
      102 |     // Проверяем, что все ссылки остаются в английской версии
        at C:\Users\Viktor\projects\repair-blog\tests\e2e\i18n\language-switching.spec.ts:99:16

    attachment #1: screenshot (image/png) ──────────────────────────────────────────────────────────
    ..\..\test-results\i18n-language-switching-In-660d1--language-preference-in-URL-firefox\test-failed-1.png
    ────────────────────────────────────────────────────────────────────────────────────────────────

    attachment #2: video (video/webm) ──────────────────────────────────────────────────────────────
    ..\..\test-results\i18n-language-switching-In-660d1--language-preference-in-URL-firefox\video.webm
    ────────────────────────────────────────────────────────────────────────────────────────────────
]]>
</failure>
<system-out>
<![CDATA[
[[ATTACHMENT|i18n-language-switching-In-660d1--language-preference-in-URL-firefox\test-failed-1.png]]

[[ATTACHMENT|i18n-language-switching-In-660d1--language-preference-in-URL-firefox\video.webm]]
]]>
</system-out>
</testcase>
</testsuite>
<testsuite name="navigation\routing.spec.ts" timestamp="2025-11-26T12:11:41.906Z" hostname="firefox" tests="6" failures="6" skipped="0" time="182.11" errors="0">
<testcase name="Navigation and Routing Tests › should have all navigation links working" classname="navigation\routing.spec.ts" time="30.322">
<failure message="routing.spec.ts:4:7 should have all navigation links working" type="FAILURE">
<![CDATA[  [firefox] › navigation\routing.spec.ts:4:7 › Navigation and Routing Tests › should have all navigation links working 

    Test timeout of 30000ms exceeded.

    Error: page.goto: Test timeout of 30000ms exceeded.
    Call log:
      - navigating to "http://localhost:3000/", waiting until "load"


      3 | test.describe('Navigation and Routing Tests', () => {
      4 |   test('should have all navigation links working', async ({ page }) => {
    > 5 |     await page.goto('/');
        |                ^
      6 |     
      7 |     // Получаем все ссылки из навигации
      8 |     const navLinks = page.locator('nav a, header a');
        at C:\Users\Viktor\projects\repair-blog\tests\e2e\navigation\routing.spec.ts:5:16

    attachment #1: screenshot (image/png) ──────────────────────────────────────────────────────────
    ..\..\test-results\navigation-routing-Navigat-f51c2-ll-navigation-links-working-firefox\test-failed-1.png
    ────────────────────────────────────────────────────────────────────────────────────────────────

    attachment #2: video (video/webm) ──────────────────────────────────────────────────────────────
    ..\..\test-results\navigation-routing-Navigat-f51c2-ll-navigation-links-working-firefox\video.webm
    ────────────────────────────────────────────────────────────────────────────────────────────────
]]>
</failure>
<system-out>
<![CDATA[
[[ATTACHMENT|navigation-routing-Navigat-f51c2-ll-navigation-links-working-firefox\test-failed-1.png]]

[[ATTACHMENT|navigation-routing-Navigat-f51c2-ll-navigation-links-working-firefox\video.webm]]
]]>
</system-out>
</testcase>
<testcase name="Navigation and Routing Tests › should handle deep links correctly" classname="navigation\routing.spec.ts" time="30.511">
<failure message="routing.spec.ts:31:7 should handle deep links correctly" type="FAILURE">
<![CDATA[  [firefox] › navigation\routing.spec.ts:31:7 › Navigation and Routing Tests › should handle deep links correctly 

    Test timeout of 30000ms exceeded.

    Error: page.goto: Test timeout of 30000ms exceeded.
    Call log:
      - navigating to "http://localhost:3000/", waiting until "load"


      30 |
      31 |   test('should handle deep links correctly', async ({ page }) => {
    > 32 |     await page.goto('/');
         |                ^
      33 |     
      34 |     // Ищем кнопки DeepLink
      35 |     const deepLinks = page.locator('[data-deep-link]');
        at C:\Users\Viktor\projects\repair-blog\tests\e2e\navigation\routing.spec.ts:32:16

    attachment #1: screenshot (image/png) ──────────────────────────────────────────────────────────
    ..\..\test-results\navigation-routing-Navigat-06fcf-handle-deep-links-correctly-firefox\test-failed-1.png
    ────────────────────────────────────────────────────────────────────────────────────────────────

    attachment #2: video (video/webm) ──────────────────────────────────────────────────────────────
    ..\..\test-results\navigation-routing-Navigat-06fcf-handle-deep-links-correctly-firefox\video.webm
    ────────────────────────────────────────────────────────────────────────────────────────────────
]]>
</failure>
<system-out>
<![CDATA[
[[ATTACHMENT|navigation-routing-Navigat-06fcf-handle-deep-links-correctly-firefox\test-failed-1.png]]

[[ATTACHMENT|navigation-routing-Navigat-06fcf-handle-deep-links-correctly-firefox\video.webm]]
]]>
</system-out>
</testcase>
<testcase name="Navigation and Routing Tests › should have working breadcrumbs and home button" classname="navigation\routing.spec.ts" time="30.264">
<failure message="routing.spec.ts:48:7 should have working breadcrumbs and home button" type="FAILURE">
<![CDATA[  [firefox] › navigation\routing.spec.ts:48:7 › Navigation and Routing Tests › should have working breadcrumbs and home button 

    Test timeout of 30000ms exceeded.

    Error: page.goto: Test timeout of 30000ms exceeded.
    Call log:
      - navigating to "http://localhost:3000/calculators/budget", waiting until "load"


      48 |   test('should have working breadcrumbs and home button', async ({ page }) => {
      49 |     // Переходим на любую внутреннюю страницу
    > 50 |     await page.goto('/calculators/budget');
         |                ^
      51 |     
      52 |     // Ищем кнопку "Home" или логотип
      53 |     const homeButton = page.locator('a[href="/"], a[href="/en"]').first();
        at C:\Users\Viktor\projects\repair-blog\tests\e2e\navigation\routing.spec.ts:50:16

    attachment #1: screenshot (image/png) ──────────────────────────────────────────────────────────
    ..\..\test-results\navigation-routing-Navigat-47a56-breadcrumbs-and-home-button-firefox\test-failed-1.png
    ────────────────────────────────────────────────────────────────────────────────────────────────

    attachment #2: video (video/webm) ──────────────────────────────────────────────────────────────
    ..\..\test-results\navigation-routing-Navigat-47a56-breadcrumbs-and-home-button-firefox\video.webm
    ────────────────────────────────────────────────────────────────────────────────────────────────
]]>
</failure>
<system-out>
<![CDATA[
[[ATTACHMENT|navigation-routing-Navigat-47a56-breadcrumbs-and-home-button-firefox\test-failed-1.png]]

[[ATTACHMENT|navigation-routing-Navigat-47a56-breadcrumbs-and-home-button-firefox\video.webm]]
]]>
</system-out>
</testcase>
<testcase name="Navigation and Routing Tests › should handle 404 pages gracefully" classname="navigation\routing.spec.ts" time="30.255">
<failure message="routing.spec.ts:61:7 should handle 404 pages gracefully" type="FAILURE">
<![CDATA[  [firefox] › navigation\routing.spec.ts:61:7 › Navigation and Routing Tests › should handle 404 pages gracefully 

    Test timeout of 30000ms exceeded.

    Error: page.goto: Test timeout of 30000ms exceeded.
    Call log:
      - navigating to "http://localhost:3000/non-existent-page", waiting until "load"


      68 |
      69 |     for (const url of nonExistentUrls) {
    > 70 |       const response = await page.goto(url);
         |                                   ^
      71 |       expect(response?.status()).toBe(404);
      72 |       
      73 |       // Проверяем, что отображается кастомная 404 страница
        at C:\Users\Viktor\projects\repair-blog\tests\e2e\navigation\routing.spec.ts:70:35

    attachment #1: screenshot (image/png) ──────────────────────────────────────────────────────────
    ..\..\test-results\navigation-routing-Navigat-5478d-handle-404-pages-gracefully-firefox\test-failed-1.png
    ────────────────────────────────────────────────────────────────────────────────────────────────

    attachment #2: video (video/webm) ──────────────────────────────────────────────────────────────
    ..\..\test-results\navigation-routing-Navigat-5478d-handle-404-pages-gracefully-firefox\video.webm
    ────────────────────────────────────────────────────────────────────────────────────────────────
]]>
</failure>
<system-out>
<![CDATA[
[[ATTACHMENT|navigation-routing-Navigat-5478d-handle-404-pages-gracefully-firefox\test-failed-1.png]]

[[ATTACHMENT|navigation-routing-Navigat-5478d-handle-404-pages-gracefully-firefox\video.webm]]
]]>
</system-out>
</testcase>
<testcase name="Navigation and Routing Tests › should have consistent navigation across pages" classname="navigation\routing.spec.ts" time="30.315">
<failure message="routing.spec.ts:82:7 should have consistent navigation across pages" type="FAILURE">
<![CDATA[  [firefox] › navigation\routing.spec.ts:82:7 › Navigation and Routing Tests › should have consistent navigation across pages 

    Test timeout of 30000ms exceeded.

    Error: page.goto: Test timeout of 30000ms exceeded.
    Call log:
      - navigating to "http://localhost:3000/", waiting until "load"


      86 |     
      87 |     for (const testPage of testPages) {
    > 88 |       await page.goto(testPage);
         |                  ^
      89 |       
      90 |       // Получаем структуру навигации
      91 |       const nav = page.locator('nav').first();
        at C:\Users\Viktor\projects\repair-blog\tests\e2e\navigation\routing.spec.ts:88:18

    attachment #1: screenshot (image/png) ──────────────────────────────────────────────────────────
    ..\..\test-results\navigation-routing-Navigat-606f2-ent-navigation-across-pages-firefox\test-failed-1.png
    ────────────────────────────────────────────────────────────────────────────────────────────────

    attachment #2: video (video/webm) ──────────────────────────────────────────────────────────────
    ..\..\test-results\navigation-routing-Navigat-606f2-ent-navigation-across-pages-firefox\video.webm
    ────────────────────────────────────────────────────────────────────────────────────────────────
]]>
</failure>
<system-out>
<![CDATA[
[[ATTACHMENT|navigation-routing-Navigat-606f2-ent-navigation-across-pages-firefox\test-failed-1.png]]

[[ATTACHMENT|navigation-routing-Navigat-606f2-ent-navigation-across-pages-firefox\video.webm]]
]]>
</system-out>
</testcase>
<testcase name="Navigation and Routing Tests › should handle mobile navigation menu" classname="navigation\routing.spec.ts" time="30.443">
<failure message="routing.spec.ts:103:7 should handle mobile navigation menu" type="FAILURE">
<![CDATA[  [firefox] › navigation\routing.spec.ts:103:7 › Navigation and Routing Tests › should handle mobile navigation menu 

    Test timeout of 30000ms exceeded.

    Error: page.goto: Test timeout of 30000ms exceeded.
    Call log:
      - navigating to "http://localhost:3000/", waiting until "load"


      104 |     // Устанавливаем мобильный размер экрана
      105 |     await page.setViewportSize({ width: 375, height: 667 });
    > 106 |     await page.goto('/');
          |                ^
      107 |     
      108 |     // Ищем кнопку мобильного меню
      109 |     const mobileMenuButton = page.locator('[aria-label*="меню"], [aria-label*="menu"], button[aria-expanded]').first();
        at C:\Users\Viktor\projects\repair-blog\tests\e2e\navigation\routing.spec.ts:106:16

    attachment #1: screenshot (image/png) ──────────────────────────────────────────────────────────
    ..\..\test-results\navigation-routing-Navigat-646ff-ndle-mobile-navigation-menu-firefox\test-failed-1.png
    ────────────────────────────────────────────────────────────────────────────────────────────────

    attachment #2: video (video/webm) ──────────────────────────────────────────────────────────────
    ..\..\test-results\navigation-routing-Navigat-646ff-ndle-mobile-navigation-menu-firefox\video.webm
    ────────────────────────────────────────────────────────────────────────────────────────────────
]]>
</failure>
<system-out>
<![CDATA[
[[ATTACHMENT|navigation-routing-Navigat-646ff-ndle-mobile-navigation-menu-firefox\test-failed-1.png]]

[[ATTACHMENT|navigation-routing-Navigat-646ff-ndle-mobile-navigation-menu-firefox\video.webm]]
]]>
</system-out>
</testcase>
</testsuite>
<testsuite name="performance\lighthouse.spec.ts" timestamp="2025-11-26T12:11:41.906Z" hostname="firefox" tests="10" failures="10" skipped="0" time="303.36" errors="0">
<testcase name="Performance and Accessibility Tests › Lighthouse Performance › should have good Lighthouse scores" classname="performance\lighthouse.spec.ts" time="30.324">
<failure message="lighthouse.spec.ts:5:9 should have good Lighthouse scores" type="FAILURE">
<![CDATA[  [firefox] › performance\lighthouse.spec.ts:5:9 › Performance and Accessibility Tests › Lighthouse Performance › should have good Lighthouse scores 

    Test timeout of 30000ms exceeded.

    Error: page.goto: Test timeout of 30000ms exceeded.
    Call log:
      - navigating to "http://localhost:3000/", waiting until "load"


      4 |   test.describe('Lighthouse Performance', () => {
      5 |     test('should have good Lighthouse scores', async ({ page }) => {
    > 6 |       await page.goto('/');
        |                  ^
      7 |       
      8 |       // Запускаем Lighthouse
      9 |       const lighthouse = await page.evaluate<{
        at C:\Users\Viktor\projects\repair-blog\tests\e2e\performance\lighthouse.spec.ts:6:18

    attachment #1: screenshot (image/png) ──────────────────────────────────────────────────────────
    ..\..\test-results\performance-lighthouse-Per-246d4-have-good-Lighthouse-scores-firefox\test-failed-1.png
    ────────────────────────────────────────────────────────────────────────────────────────────────

    attachment #2: video (video/webm) ──────────────────────────────────────────────────────────────
    ..\..\test-results\performance-lighthouse-Per-246d4-have-good-Lighthouse-scores-firefox\video.webm
    ────────────────────────────────────────────────────────────────────────────────────────────────
]]>
</failure>
<system-out>
<![CDATA[
[[ATTACHMENT|performance-lighthouse-Per-246d4-have-good-Lighthouse-scores-firefox\test-failed-1.png]]

[[ATTACHMENT|performance-lighthouse-Per-246d4-have-good-Lighthouse-scores-firefox\video.webm]]
]]>
</system-out>
</testcase>
<testcase name="Performance and Accessibility Tests › Image Optimization › should use next/image for all images" classname="performance\lighthouse.spec.ts" time="30.474">
<failure message="lighthouse.spec.ts:45:9 should use next/image for all images" type="FAILURE">
<![CDATA[  [firefox] › performance\lighthouse.spec.ts:45:9 › Performance and Accessibility Tests › Image Optimization › should use next/image for all images 

    Test timeout of 30000ms exceeded.

    Error: page.goto: Test timeout of 30000ms exceeded.
    Call log:
      - navigating to "http://localhost:3000/", waiting until "load"


      44 |   test.describe('Image Optimization', () => {
      45 |     test('should use next/image for all images', async ({ page }) => {
    > 46 |       await page.goto('/');
         |                  ^
      47 |       
      48 |       // Проверяем, что все изображения используют next/image
      49 |       const images = page.locator('img');
        at C:\Users\Viktor\projects\repair-blog\tests\e2e\performance\lighthouse.spec.ts:46:18

    attachment #1: screenshot (image/png) ──────────────────────────────────────────────────────────
    ..\..\test-results\performance-lighthouse-Per-df68e-e-next-image-for-all-images-firefox\test-failed-1.png
    ────────────────────────────────────────────────────────────────────────────────────────────────

    attachment #2: video (video/webm) ──────────────────────────────────────────────────────────────
    ..\..\test-results\performance-lighthouse-Per-df68e-e-next-image-for-all-images-firefox\video.webm
    ────────────────────────────────────────────────────────────────────────────────────────────────
]]>
</failure>
<system-out>
<![CDATA[
[[ATTACHMENT|performance-lighthouse-Per-df68e-e-next-image-for-all-images-firefox\test-failed-1.png]]

[[ATTACHMENT|performance-lighthouse-Per-df68e-e-next-image-for-all-images-firefox\video.webm]]
]]>
</system-out>
</testcase>
<testcase name="Performance and Accessibility Tests › Image Optimization › should have proper image loading attributes" classname="performance\lighthouse.spec.ts" time="30.323">
<failure message="lighthouse.spec.ts:67:9 should have proper image loading attributes" type="FAILURE">
<![CDATA[  [firefox] › performance\lighthouse.spec.ts:67:9 › Performance and Accessibility Tests › Image Optimization › should have proper image loading attributes 

    Test timeout of 30000ms exceeded.

    Error: page.goto: Test timeout of 30000ms exceeded.
    Call log:
      - navigating to "http://localhost:3000/posts/remont-vannoy", waiting until "load"


      66 |
      67 |     test('should have proper image loading attributes', async ({ page }) => {
    > 68 |       await page.goto('/posts/remont-vannoy');
         |                  ^
      69 |       
      70 |       // Проверяем изображения в статье
      71 |       const articleImages = page.locator('article img, main img');
        at C:\Users\Viktor\projects\repair-blog\tests\e2e\performance\lighthouse.spec.ts:68:18

    attachment #1: screenshot (image/png) ──────────────────────────────────────────────────────────
    ..\..\test-results\performance-lighthouse-Per-5c85d-er-image-loading-attributes-firefox\test-failed-1.png
    ────────────────────────────────────────────────────────────────────────────────────────────────

    attachment #2: video (video/webm) ──────────────────────────────────────────────────────────────
    ..\..\test-results\performance-lighthouse-Per-5c85d-er-image-loading-attributes-firefox\video.webm
    ────────────────────────────────────────────────────────────────────────────────────────────────
]]>
</failure>
<system-out>
<![CDATA[
[[ATTACHMENT|performance-lighthouse-Per-5c85d-er-image-loading-attributes-firefox\test-failed-1.png]]

[[ATTACHMENT|performance-lighthouse-Per-5c85d-er-image-loading-attributes-firefox\video.webm]]
]]>
</system-out>
</testcase>
<testcase name="Performance and Accessibility Tests › Accessibility (A11y) › should have proper color contrast" classname="performance\lighthouse.spec.ts" time="30.293">
<failure message="lighthouse.spec.ts:93:9 should have proper color contrast" type="FAILURE">
<![CDATA[  [firefox] › performance\lighthouse.spec.ts:93:9 › Performance and Accessibility Tests › Accessibility (A11y) › should have proper color contrast 

    Test timeout of 30000ms exceeded.

    Error: page.goto: Test timeout of 30000ms exceeded.
    Call log:
      - navigating to "http://localhost:3000/", waiting until "load"


      92 |   test.describe('Accessibility (A11y)', () => {
      93 |     test('should have proper color contrast', async ({ page }) => {
    > 94 |       await page.goto('/');
         |                  ^
      95 |       
      96 |       // Проверяем основные текстовые элементы
      97 |       const textElements = page.locator('h1, h2, h3, p, a');
        at C:\Users\Viktor\projects\repair-blog\tests\e2e\performance\lighthouse.spec.ts:94:18

    attachment #1: screenshot (image/png) ──────────────────────────────────────────────────────────
    ..\..\test-results\performance-lighthouse-Per-fbaab--have-proper-color-contrast-firefox\test-failed-1.png
    ────────────────────────────────────────────────────────────────────────────────────────────────

    attachment #2: video (video/webm) ──────────────────────────────────────────────────────────────
    ..\..\test-results\performance-lighthouse-Per-fbaab--have-proper-color-contrast-firefox\video.webm
    ────────────────────────────────────────────────────────────────────────────────────────────────
]]>
</failure>
<system-out>
<![CDATA[
[[ATTACHMENT|performance-lighthouse-Per-fbaab--have-proper-color-contrast-firefox\test-failed-1.png]]

[[ATTACHMENT|performance-lighthouse-Per-fbaab--have-proper-color-contrast-firefox\video.webm]]
]]>
</system-out>
</testcase>
<testcase name="Performance and Accessibility Tests › Accessibility (A11y) › should have proper focus management" classname="performance\lighthouse.spec.ts" time="30.245">
<failure message="lighthouse.spec.ts:116:9 should have proper focus management" type="FAILURE">
<![CDATA[  [firefox] › performance\lighthouse.spec.ts:116:9 › Performance and Accessibility Tests › Accessibility (A11y) › should have proper focus management 

    Test timeout of 30000ms exceeded.

    Error: page.goto: Test timeout of 30000ms exceeded.
    Call log:
      - navigating to "http://localhost:3000/", waiting until "load"


      115 |
      116 |     test('should have proper focus management', async ({ page }) => {
    > 117 |       await page.goto('/');
          |                  ^
      118 |       
      119 |       // Проверяем фокус на навигационных элементах
      120 |       const navLinks = page.locator('nav a, header a');
        at C:\Users\Viktor\projects\repair-blog\tests\e2e\performance\lighthouse.spec.ts:117:18

    attachment #1: screenshot (image/png) ──────────────────────────────────────────────────────────
    ..\..\test-results\performance-lighthouse-Per-a1cee-ave-proper-focus-management-firefox\test-failed-1.png
    ────────────────────────────────────────────────────────────────────────────────────────────────

    attachment #2: video (video/webm) ──────────────────────────────────────────────────────────────
    ..\..\test-results\performance-lighthouse-Per-a1cee-ave-proper-focus-management-firefox\video.webm
    ────────────────────────────────────────────────────────────────────────────────────────────────
]]>
</failure>
<system-out>
<![CDATA[
[[ATTACHMENT|performance-lighthouse-Per-a1cee-ave-proper-focus-management-firefox\test-failed-1.png]]

[[ATTACHMENT|performance-lighthouse-Per-a1cee-ave-proper-focus-management-firefox\video.webm]]
]]>
</system-out>
</testcase>
<testcase name="Performance and Accessibility Tests › Accessibility (A11y) › should have proper ARIA labels" classname="performance\lighthouse.spec.ts" time="30.311">
<failure message="lighthouse.spec.ts:143:9 should have proper ARIA labels" type="FAILURE">
<![CDATA[  [firefox] › performance\lighthouse.spec.ts:143:9 › Performance and Accessibility Tests › Accessibility (A11y) › should have proper ARIA labels 

    Test timeout of 30000ms exceeded.

    Error: page.goto: Test timeout of 30000ms exceeded.
    Call log:
      - navigating to "http://localhost:3000/", waiting until "load"


      142 |
      143 |     test('should have proper ARIA labels', async ({ page }) => {
    > 144 |       await page.goto('/');
          |                  ^
      145 |       
      146 |       // Проверяем кнопки с aria-label
      147 |       const buttonsWithAria = page.locator('button[aria-label]');
        at C:\Users\Viktor\projects\repair-blog\tests\e2e\performance\lighthouse.spec.ts:144:18

    attachment #1: screenshot (image/png) ──────────────────────────────────────────────────────────
    ..\..\test-results\performance-lighthouse-Per-abfb9-uld-have-proper-ARIA-labels-firefox\test-failed-1.png
    ────────────────────────────────────────────────────────────────────────────────────────────────

    attachment #2: video (video/webm) ──────────────────────────────────────────────────────────────
    ..\..\test-results\performance-lighthouse-Per-abfb9-uld-have-proper-ARIA-labels-firefox\video.webm
    ────────────────────────────────────────────────────────────────────────────────────────────────
]]>
</failure>
<system-out>
<![CDATA[
[[ATTACHMENT|performance-lighthouse-Per-abfb9-uld-have-proper-ARIA-labels-firefox\test-failed-1.png]]

[[ATTACHMENT|performance-lighthouse-Per-abfb9-uld-have-proper-ARIA-labels-firefox\video.webm]]
]]>
</system-out>
</testcase>
<testcase name="Performance and Accessibility Tests › Accessibility (A11y) › should have proper heading hierarchy" classname="performance\lighthouse.spec.ts" time="30.319">
<failure message="lighthouse.spec.ts:159:9 should have proper heading hierarchy" type="FAILURE">
<![CDATA[  [firefox] › performance\lighthouse.spec.ts:159:9 › Performance and Accessibility Tests › Accessibility (A11y) › should have proper heading hierarchy 

    Test timeout of 30000ms exceeded.

    Error: page.goto: Test timeout of 30000ms exceeded.
    Call log:
      - navigating to "http://localhost:3000/posts/remont-vannoy", waiting until "load"


      158 |
      159 |     test('should have proper heading hierarchy', async ({ page }) => {
    > 160 |       await page.goto('/posts/remont-vannoy');
          |                  ^
      161 |       
      162 |       // Проверяем структуру заголовков
      163 |       const h1 = page.locator('h1');
        at C:\Users\Viktor\projects\repair-blog\tests\e2e\performance\lighthouse.spec.ts:160:18

    attachment #1: screenshot (image/png) ──────────────────────────────────────────────────────────
    ..\..\test-results\performance-lighthouse-Per-a1349-ve-proper-heading-hierarchy-firefox\test-failed-1.png
    ────────────────────────────────────────────────────────────────────────────────────────────────

    attachment #2: video (video/webm) ──────────────────────────────────────────────────────────────
    ..\..\test-results\performance-lighthouse-Per-a1349-ve-proper-heading-hierarchy-firefox\video.webm
    ────────────────────────────────────────────────────────────────────────────────────────────────
]]>
</failure>
<system-out>
<![CDATA[
[[ATTACHMENT|performance-lighthouse-Per-a1349-ve-proper-heading-hierarchy-firefox\test-failed-1.png]]

[[ATTACHMENT|performance-lighthouse-Per-a1349-ve-proper-heading-hierarchy-firefox\video.webm]]
]]>
</system-out>
</testcase>
<testcase name="Performance and Accessibility Tests › Accessibility (A11y) › should have proper form labels" classname="performance\lighthouse.spec.ts" time="30.338">
<failure message="lighthouse.spec.ts:179:9 should have proper form labels" type="FAILURE">
<![CDATA[  [firefox] › performance\lighthouse.spec.ts:179:9 › Performance and Accessibility Tests › Accessibility (A11y) › should have proper form labels 

    Test timeout of 30000ms exceeded.

    Error: page.goto: Test timeout of 30000ms exceeded.
    Call log:
      - navigating to "http://localhost:3000/calculators/budget", waiting until "load"


      178 |
      179 |     test('should have proper form labels', async ({ page }) => {
    > 180 |       await page.goto('/calculators/budget');
          |                  ^
      181 |       
      182 |       // Проверяем поля ввода
      183 |       const inputs = page.locator('input');
        at C:\Users\Viktor\projects\repair-blog\tests\e2e\performance\lighthouse.spec.ts:180:18

    attachment #1: screenshot (image/png) ──────────────────────────────────────────────────────────
    ..\..\test-results\performance-lighthouse-Per-da580-uld-have-proper-form-labels-firefox\test-failed-1.png
    ────────────────────────────────────────────────────────────────────────────────────────────────

    attachment #2: video (video/webm) ──────────────────────────────────────────────────────────────
    ..\..\test-results\performance-lighthouse-Per-da580-uld-have-proper-form-labels-firefox\video.webm
    ────────────────────────────────────────────────────────────────────────────────────────────────
]]>
</failure>
<system-out>
<![CDATA[
[[ATTACHMENT|performance-lighthouse-Per-da580-uld-have-proper-form-labels-firefox\test-failed-1.png]]

[[ATTACHMENT|performance-lighthouse-Per-da580-uld-have-proper-form-labels-firefox\video.webm]]
]]>
</system-out>
</testcase>
<testcase name="Performance and Accessibility Tests › Performance Metrics › should load critical resources quickly" classname="performance\lighthouse.spec.ts" time="30.359">
<failure message="lighthouse.spec.ts:206:9 should load critical resources quickly" type="FAILURE">
<![CDATA[  [firefox] › performance\lighthouse.spec.ts:206:9 › Performance and Accessibility Tests › Performance Metrics › should load critical resources quickly 

    Test timeout of 30000ms exceeded.

    Error: page.goto: Test timeout of 30000ms exceeded.
    Call log:
      - navigating to "http://localhost:3000/", waiting until "load"


      207 |       const startTime = Date.now();
      208 |       
    > 209 |       await page.goto('/');
          |                  ^
      210 |       
      211 |       // Ждем загрузки критических ресурсов
      212 |       await page.waitForLoadState('networkidle');
        at C:\Users\Viktor\projects\repair-blog\tests\e2e\performance\lighthouse.spec.ts:209:18

    attachment #1: screenshot (image/png) ──────────────────────────────────────────────────────────
    ..\..\test-results\performance-lighthouse-Per-497ec--critical-resources-quickly-firefox\test-failed-1.png
    ────────────────────────────────────────────────────────────────────────────────────────────────

    attachment #2: video (video/webm) ──────────────────────────────────────────────────────────────
    ..\..\test-results\performance-lighthouse-Per-497ec--critical-resources-quickly-firefox\video.webm
    ────────────────────────────────────────────────────────────────────────────────────────────────
]]>
</failure>
<system-out>
<![CDATA[
[[ATTACHMENT|performance-lighthouse-Per-497ec--critical-resources-quickly-firefox\test-failed-1.png]]

[[ATTACHMENT|performance-lighthouse-Per-497ec--critical-resources-quickly-firefox\video.webm]]
]]>
</system-out>
</testcase>
<testcase name="Performance and Accessibility Tests › Performance Metrics › should have efficient bundle size" classname="performance\lighthouse.spec.ts" time="30.374">
<failure message="lighthouse.spec.ts:224:9 should have efficient bundle size" type="FAILURE">
<![CDATA[  [firefox] › performance\lighthouse.spec.ts:224:9 › Performance and Accessibility Tests › Performance Metrics › should have efficient bundle size 

    Test timeout of 30000ms exceeded.

    Error: page.goto: Test timeout of 30000ms exceeded.
    Call log:
      - navigating to "http://localhost:3000/", waiting until "load"


      223 |
      224 |     test('should have efficient bundle size', async ({ page }) => {
    > 225 |       await page.goto('/');
          |                  ^
      226 |       
      227 |       // Проверяем количество загруженных скриптов
      228 |       const scripts = page.locator('script[src]');
        at C:\Users\Viktor\projects\repair-blog\tests\e2e\performance\lighthouse.spec.ts:225:18

    attachment #1: screenshot (image/png) ──────────────────────────────────────────────────────────
    ..\..\test-results\performance-lighthouse-Per-1a2d9--have-efficient-bundle-size-firefox\test-failed-1.png
    ────────────────────────────────────────────────────────────────────────────────────────────────

    attachment #2: video (video/webm) ──────────────────────────────────────────────────────────────
    ..\..\test-results\performance-lighthouse-Per-1a2d9--have-efficient-bundle-size-firefox\video.webm
    ────────────────────────────────────────────────────────────────────────────────────────────────
]]>
</failure>
<system-out>
<![CDATA[
[[ATTACHMENT|performance-lighthouse-Per-1a2d9--have-efficient-bundle-size-firefox\test-failed-1.png]]

[[ATTACHMENT|performance-lighthouse-Per-1a2d9--have-efficient-bundle-size-firefox\video.webm]]
]]>
</system-out>
</testcase>
</testsuite>
<testsuite name="regression.spec.ts" timestamp="2025-11-26T12:11:41.906Z" hostname="firefox" tests="16" failures="16" skipped="0" time="458.341" errors="0">
<testcase name="All Buttons and Forms › should test all navigation buttons" classname="regression.spec.ts" time="30.357">
<failure message="regression.spec.ts:4:7 should test all navigation buttons" type="FAILURE">
<![CDATA[  [firefox] › regression.spec.ts:4:7 › All Buttons and Forms › should test all navigation buttons ──

    Test timeout of 30000ms exceeded.

    Error: page.goto: Test timeout of 30000ms exceeded.
    Call log:
      - navigating to "http://localhost:3000/", waiting until "load"


      3 | test.describe('All Buttons and Forms', () => {
      4 |   test('should test all navigation buttons', async ({ page }) => {
    > 5 |     await page.goto('/');
        |                ^
      6 |     
      7 |     // Проверяем все кнопки навигации
      8 |     const navButtons = [
        at C:\Users\Viktor\projects\repair-blog\tests\e2e\regression.spec.ts:5:16

    attachment #1: screenshot (image/png) ──────────────────────────────────────────────────────────
    ..\..\test-results\regression-All-Buttons-and-c4656-test-all-navigation-buttons-firefox\test-failed-1.png
    ────────────────────────────────────────────────────────────────────────────────────────────────

    attachment #2: video (video/webm) ──────────────────────────────────────────────────────────────
    ..\..\test-results\regression-All-Buttons-and-c4656-test-all-navigation-buttons-firefox\video.webm
    ────────────────────────────────────────────────────────────────────────────────────────────────
]]>
</failure>
<system-out>
<![CDATA[
[[ATTACHMENT|regression-All-Buttons-and-c4656-test-all-navigation-buttons-firefox\test-failed-1.png]]

[[ATTACHMENT|regression-All-Buttons-and-c4656-test-all-navigation-buttons-firefox\video.webm]]
]]>
</system-out>
</testcase>
<testcase name="All Buttons and Forms › should test all calculator buttons" classname="regression.spec.ts" time="30.257">
<failure message="regression.spec.ts:23:7 should test all calculator buttons" type="FAILURE">
<![CDATA[  [firefox] › regression.spec.ts:23:7 › All Buttons and Forms › should test all calculator buttons ─

    Test timeout of 30000ms exceeded.

    Error: page.goto: Test timeout of 30000ms exceeded.
    Call log:
      - navigating to "http://localhost:3000/calculators/budget", waiting until "load"


      22 |
      23 |   test('should test all calculator buttons', async ({ page }) => {
    > 24 |     await page.goto('/calculators/budget');
         |                ^
      25 |     
      26 |     // Проверяем все кнопки калькулятора
      27 |     const calculatorButtons = [
        at C:\Users\Viktor\projects\repair-blog\tests\e2e\regression.spec.ts:24:16

    attachment #1: screenshot (image/png) ──────────────────────────────────────────────────────────
    ..\..\test-results\regression-All-Buttons-and-12484-test-all-calculator-buttons-firefox\test-failed-1.png
    ────────────────────────────────────────────────────────────────────────────────────────────────

    attachment #2: video (video/webm) ──────────────────────────────────────────────────────────────
    ..\..\test-results\regression-All-Buttons-and-12484-test-all-calculator-buttons-firefox\video.webm
    ────────────────────────────────────────────────────────────────────────────────────────────────
]]>
</failure>
<system-out>
<![CDATA[
[[ATTACHMENT|regression-All-Buttons-and-12484-test-all-calculator-buttons-firefox\test-failed-1.png]]

[[ATTACHMENT|regression-All-Buttons-and-12484-test-all-calculator-buttons-firefox\video.webm]]
]]>
</system-out>
</testcase>
<testcase name="All Buttons and Forms › should test all form inputs" classname="regression.spec.ts" time="30.348">
<failure message="regression.spec.ts:46:7 should test all form inputs" type="FAILURE">
<![CDATA[  [firefox] › regression.spec.ts:46:7 › All Buttons and Forms › should test all form inputs ────────

    Test timeout of 30000ms exceeded.

    Error: page.goto: Test timeout of 30000ms exceeded.
    Call log:
      - navigating to "http://localhost:3000/calculators/budget", waiting until "load"


      45 |
      46 |   test('should test all form inputs', async ({ page }) => {
    > 47 |     await page.goto('/calculators/budget');
         |                ^
      48 |     
      49 |     // Добавляем несколько категорий
      50 |     await page.click('button:has-text("Добавить категорию")');
        at C:\Users\Viktor\projects\repair-blog\tests\e2e\regression.spec.ts:47:16

    attachment #1: screenshot (image/png) ──────────────────────────────────────────────────────────
    ..\..\test-results\regression-All-Buttons-and-Forms-should-test-all-form-inputs-firefox\test-failed-1.png
    ────────────────────────────────────────────────────────────────────────────────────────────────

    attachment #2: video (video/webm) ──────────────────────────────────────────────────────────────
    ..\..\test-results\regression-All-Buttons-and-Forms-should-test-all-form-inputs-firefox\video.webm
    ────────────────────────────────────────────────────────────────────────────────────────────────
]]>
</failure>
<system-out>
<![CDATA[
[[ATTACHMENT|regression-All-Buttons-and-Forms-should-test-all-form-inputs-firefox\test-failed-1.png]]

[[ATTACHMENT|regression-All-Buttons-and-Forms-should-test-all-form-inputs-firefox\video.webm]]
]]>
</system-out>
</testcase>
<testcase name="All Buttons and Forms › should test all dropdowns and selects" classname="regression.spec.ts" time="30.37">
<failure message="regression.spec.ts:67:7 should test all dropdowns and selects" type="FAILURE">
<![CDATA[  [firefox] › regression.spec.ts:67:7 › All Buttons and Forms › should test all dropdowns and selects 

    Test timeout of 30000ms exceeded.

    Error: page.goto: Test timeout of 30000ms exceeded.
    Call log:
      - navigating to "http://localhost:3000/calculators/budget", waiting until "load"


      66 |
      67 |   test('should test all dropdowns and selects', async ({ page }) => {
    > 68 |     await page.goto('/calculators/budget');
         |                ^
      69 |     
      70 |     // Проверяем все селекты
      71 |     const selects = page.locator('select');
        at C:\Users\Viktor\projects\repair-blog\tests\e2e\regression.spec.ts:68:16

    attachment #1: screenshot (image/png) ──────────────────────────────────────────────────────────
    ..\..\test-results\regression-All-Buttons-and-7daef-t-all-dropdowns-and-selects-firefox\test-failed-1.png
    ────────────────────────────────────────────────────────────────────────────────────────────────

    attachment #2: video (video/webm) ──────────────────────────────────────────────────────────────
    ..\..\test-results\regression-All-Buttons-and-7daef-t-all-dropdowns-and-selects-firefox\video.webm
    ────────────────────────────────────────────────────────────────────────────────────────────────
]]>
</failure>
<system-out>
<![CDATA[
[[ATTACHMENT|regression-All-Buttons-and-7daef-t-all-dropdowns-and-selects-firefox\test-failed-1.png]]

[[ATTACHMENT|regression-All-Buttons-and-7daef-t-all-dropdowns-and-selects-firefox\video.webm]]
]]>
</system-out>
</testcase>
<testcase name="All Page Transitions › should test all internal links" classname="regression.spec.ts" time="30.257">
<failure message="regression.spec.ts:86:7 should test all internal links" type="FAILURE">
<![CDATA[  [firefox] › regression.spec.ts:86:7 › All Page Transitions › should test all internal links ──────

    Test timeout of 30000ms exceeded.

    Error: page.goto: Test timeout of 30000ms exceeded.
    Call log:
      - navigating to "http://localhost:3000/", waiting until "load"


      85 | test.describe('All Page Transitions', () => {
      86 |   test('should test all internal links', async ({ page }) => {
    > 87 |     await page.goto('/');
         |                ^
      88 |     
      89 |     // Собираем все ссылки на странице
      90 |     const links = page.locator('a[href^="/"]');
        at C:\Users\Viktor\projects\repair-blog\tests\e2e\regression.spec.ts:87:16

    attachment #1: screenshot (image/png) ──────────────────────────────────────────────────────────
    ..\..\test-results\regression-All-Page-Transi-c14ba-uld-test-all-internal-links-firefox\test-failed-1.png
    ────────────────────────────────────────────────────────────────────────────────────────────────

    attachment #2: video (video/webm) ──────────────────────────────────────────────────────────────
    ..\..\test-results\regression-All-Page-Transi-c14ba-uld-test-all-internal-links-firefox\video.webm
    ────────────────────────────────────────────────────────────────────────────────────────────────
]]>
</failure>
<system-out>
<![CDATA[
[[ATTACHMENT|regression-All-Page-Transi-c14ba-uld-test-all-internal-links-firefox\test-failed-1.png]]

[[ATTACHMENT|regression-All-Page-Transi-c14ba-uld-test-all-internal-links-firefox\video.webm]]
]]>
</system-out>
</testcase>
<testcase name="All Page Transitions › should test all external links" classname="regression.spec.ts" time="30.441">
<failure message="regression.spec.ts:118:7 should test all external links" type="FAILURE">
<![CDATA[  [firefox] › regression.spec.ts:118:7 › All Page Transitions › should test all external links ─────

    Test timeout of 30000ms exceeded.

    Error: page.goto: Test timeout of 30000ms exceeded.
    Call log:
      - navigating to "http://localhost:3000/", waiting until "load"


      117 |
      118 |   test('should test all external links', async ({ page }) => {
    > 119 |     await page.goto('/');
          |                ^
      120 |     
      121 |     // Проверяем внешние ссылки (социальные сети)
      122 |     const externalLinks = page.locator('a[href^="http"]');
        at C:\Users\Viktor\projects\repair-blog\tests\e2e\regression.spec.ts:119:16

    attachment #1: screenshot (image/png) ──────────────────────────────────────────────────────────
    ..\..\test-results\regression-All-Page-Transi-9273c-uld-test-all-external-links-firefox\test-failed-1.png
    ────────────────────────────────────────────────────────────────────────────────────────────────

    attachment #2: video (video/webm) ──────────────────────────────────────────────────────────────
    ..\..\test-results\regression-All-Page-Transi-9273c-uld-test-all-external-links-firefox\video.webm
    ────────────────────────────────────────────────────────────────────────────────────────────────
]]>
</failure>
<system-out>
<![CDATA[
[[ATTACHMENT|regression-All-Page-Transi-9273c-uld-test-all-external-links-firefox\test-failed-1.png]]

[[ATTACHMENT|regression-All-Page-Transi-9273c-uld-test-all-external-links-firefox\video.webm]]
]]>
</system-out>
</testcase>
<testcase name="All Interactive Elements › should test all hover effects" classname="regression.spec.ts" time="30.319">
<failure message="regression.spec.ts:142:7 should test all hover effects" type="FAILURE">
<![CDATA[  [firefox] › regression.spec.ts:142:7 › All Interactive Elements › should test all hover effects ──

    Test timeout of 30000ms exceeded.

    Error: page.goto: Test timeout of 30000ms exceeded.
    Call log:
      - navigating to "http://localhost:3000/", waiting until "load"


      141 | test.describe('All Interactive Elements', () => {
      142 |   test('should test all hover effects', async ({ page }) => {
    > 143 |     await page.goto('/');
          |                ^
      144 |     
      145 |     // Проверяем hover эффекты на всех интерактивных элементах
      146 |     const interactiveElements = page.locator('button, a, [role="button"]');
        at C:\Users\Viktor\projects\repair-blog\tests\e2e\regression.spec.ts:143:16

    attachment #1: screenshot (image/png) ──────────────────────────────────────────────────────────
    ..\..\test-results\regression-All-Interactive-14860-ould-test-all-hover-effects-firefox\test-failed-1.png
    ────────────────────────────────────────────────────────────────────────────────────────────────

    attachment #2: video (video/webm) ──────────────────────────────────────────────────────────────
    ..\..\test-results\regression-All-Interactive-14860-ould-test-all-hover-effects-firefox\video.webm
    ────────────────────────────────────────────────────────────────────────────────────────────────
]]>
</failure>
<system-out>
<![CDATA[
[[ATTACHMENT|regression-All-Interactive-14860-ould-test-all-hover-effects-firefox\test-failed-1.png]]

[[ATTACHMENT|regression-All-Interactive-14860-ould-test-all-hover-effects-firefox\video.webm]]
]]>
</system-out>
</testcase>
<testcase name="All Interactive Elements › should test all focus states" classname="regression.spec.ts" time="30.34">
<failure message="regression.spec.ts:160:7 should test all focus states" type="FAILURE">
<![CDATA[  [firefox] › regression.spec.ts:160:7 › All Interactive Elements › should test all focus states ───

    Test timeout of 30000ms exceeded.

    Error: page.goto: Test timeout of 30000ms exceeded.
    Call log:
      - navigating to "http://localhost:3000/calculators/budget", waiting until "load"


      159 |
      160 |   test('should test all focus states', async ({ page }) => {
    > 161 |     await page.goto('/calculators/budget');
          |                ^
      162 |     
      163 |     // Проверяем focus состояния всех интерактивных элементов
      164 |     const focusableElements = page.locator('input, button, select, a');
        at C:\Users\Viktor\projects\repair-blog\tests\e2e\regression.spec.ts:161:16

    attachment #1: screenshot (image/png) ──────────────────────────────────────────────────────────
    ..\..\test-results\regression-All-Interactive-a7c56-hould-test-all-focus-states-firefox\test-failed-1.png
    ────────────────────────────────────────────────────────────────────────────────────────────────

    attachment #2: video (video/webm) ──────────────────────────────────────────────────────────────
    ..\..\test-results\regression-All-Interactive-a7c56-hould-test-all-focus-states-firefox\video.webm
    ────────────────────────────────────────────────────────────────────────────────────────────────
]]>
</failure>
<system-out>
<![CDATA[
[[ATTACHMENT|regression-All-Interactive-a7c56-hould-test-all-focus-states-firefox\test-failed-1.png]]

[[ATTACHMENT|regression-All-Interactive-a7c56-hould-test-all-focus-states-firefox\video.webm]]
]]>
</system-out>
</testcase>
<testcase name="All Interactive Elements › should test all keyboard navigation" classname="regression.spec.ts" time="30.393">
<failure message="regression.spec.ts:177:7 should test all keyboard navigation" type="FAILURE">
<![CDATA[  [firefox] › regression.spec.ts:177:7 › All Interactive Elements › should test all keyboard navigation 

    Test timeout of 30000ms exceeded.

    Error: page.goto: Test timeout of 30000ms exceeded.
    Call log:
      - navigating to "http://localhost:3000/", waiting until "load"


      176 |
      177 |   test('should test all keyboard navigation', async ({ page }) => {
    > 178 |     await page.goto('/');
          |                ^
      179 |     
      180 |     // Проверяем навигацию с клавиатуры
      181 |     await page.keyboard.press('Tab');
        at C:\Users\Viktor\projects\repair-blog\tests\e2e\regression.spec.ts:178:16

    attachment #1: screenshot (image/png) ──────────────────────────────────────────────────────────
    ..\..\test-results\regression-All-Interactive-8d462-est-all-keyboard-navigation-firefox\test-failed-1.png
    ────────────────────────────────────────────────────────────────────────────────────────────────

    attachment #2: video (video/webm) ──────────────────────────────────────────────────────────────
    ..\..\test-results\regression-All-Interactive-8d462-est-all-keyboard-navigation-firefox\video.webm
    ────────────────────────────────────────────────────────────────────────────────────────────────
]]>
</failure>
<system-out>
<![CDATA[
[[ATTACHMENT|regression-All-Interactive-8d462-est-all-keyboard-navigation-firefox\test-failed-1.png]]

[[ATTACHMENT|regression-All-Interactive-8d462-est-all-keyboard-navigation-firefox\video.webm]]
]]>
</system-out>
</testcase>
<testcase name="All State Changes › should test theme switching" classname="regression.spec.ts" time="30.432">
<failure message="regression.spec.ts:196:7 should test theme switching" type="FAILURE">
<![CDATA[  [firefox] › regression.spec.ts:196:7 › All State Changes › should test theme switching ───────────

    Test timeout of 30000ms exceeded.

    Error: page.goto: Test timeout of 30000ms exceeded.
    Call log:
      - navigating to "http://localhost:3000/", waiting until "load"


      195 | test.describe('All State Changes', () => {
      196 |   test('should test theme switching', async ({ page }) => {
    > 197 |     await page.goto('/');
          |                ^
      198 |     
      199 |     // Проверяем переключение темы
      200 |     const themeButton = page.locator('button[aria-label*="тему"]');
        at C:\Users\Viktor\projects\repair-blog\tests\e2e\regression.spec.ts:197:16

    attachment #1: screenshot (image/png) ──────────────────────────────────────────────────────────
    ..\..\test-results\regression-All-State-Changes-should-test-theme-switching-firefox\test-failed-1.png
    ────────────────────────────────────────────────────────────────────────────────────────────────

    attachment #2: video (video/webm) ──────────────────────────────────────────────────────────────
    ..\..\test-results\regression-All-State-Changes-should-test-theme-switching-firefox\video.webm
    ────────────────────────────────────────────────────────────────────────────────────────────────
]]>
</failure>
<system-out>
<![CDATA[
[[ATTACHMENT|regression-All-State-Changes-should-test-theme-switching-firefox\test-failed-1.png]]

[[ATTACHMENT|regression-All-State-Changes-should-test-theme-switching-firefox\video.webm]]
]]>
</system-out>
</testcase>
<testcase name="All State Changes › should test language switching on all pages" classname="regression.spec.ts" time="30.35">
<failure message="regression.spec.ts:213:7 should test language switching on all pages" type="FAILURE">
<![CDATA[  [firefox] › regression.spec.ts:213:7 › All State Changes › should test language switching on all pages 

    Test timeout of 30000ms exceeded.

    Error: page.goto: Test timeout of 30000ms exceeded.
    Call log:
      - navigating to "http://localhost:3000/", waiting until "load"


      222 |     
      223 |     for (const pagePath of pages) {
    > 224 |       await page.goto(pagePath);
          |                  ^
      225 |       
      226 |       // Переключаем на английский
      227 |       await page.click('text=EN');
        at C:\Users\Viktor\projects\repair-blog\tests\e2e\regression.spec.ts:224:18

    attachment #1: screenshot (image/png) ──────────────────────────────────────────────────────────
    ..\..\test-results\regression-All-State-Chang-bde6a-uage-switching-on-all-pages-firefox\test-failed-1.png
    ────────────────────────────────────────────────────────────────────────────────────────────────

    attachment #2: video (video/webm) ──────────────────────────────────────────────────────────────
    ..\..\test-results\regression-All-State-Chang-bde6a-uage-switching-on-all-pages-firefox\video.webm
    ────────────────────────────────────────────────────────────────────────────────────────────────
]]>
</failure>
<system-out>
<![CDATA[
[[ATTACHMENT|regression-All-State-Chang-bde6a-uage-switching-on-all-pages-firefox\test-failed-1.png]]

[[ATTACHMENT|regression-All-State-Chang-bde6a-uage-switching-on-all-pages-firefox\video.webm]]
]]>
</system-out>
</testcase>
<testcase name="All State Changes › should test all form validations" classname="regression.spec.ts" time="30.292">
<failure message="regression.spec.ts:236:7 should test all form validations" type="FAILURE">
<![CDATA[  [firefox] › regression.spec.ts:236:7 › All State Changes › should test all form validations ──────

    Test timeout of 30000ms exceeded.

    Error: page.goto: Test timeout of 30000ms exceeded.
    Call log:
      - navigating to "http://localhost:3000/calculators/budget", waiting until "load"


      235 |
      236 |   test('should test all form validations', async ({ page }) => {
    > 237 |     await page.goto('/calculators/budget');
          |                ^
      238 |     
      239 |     // Проверяем валидацию форм
      240 |     const inputs = page.locator('input[required]');
        at C:\Users\Viktor\projects\repair-blog\tests\e2e\regression.spec.ts:237:16

    attachment #1: screenshot (image/png) ──────────────────────────────────────────────────────────
    ..\..\test-results\regression-All-State-Chang-f1c11-d-test-all-form-validations-firefox\test-failed-1.png
    ────────────────────────────────────────────────────────────────────────────────────────────────

    attachment #2: video (video/webm) ──────────────────────────────────────────────────────────────
    ..\..\test-results\regression-All-State-Chang-f1c11-d-test-all-form-validations-firefox\video.webm
    ────────────────────────────────────────────────────────────────────────────────────────────────
]]>
</failure>
<system-out>
<![CDATA[
[[ATTACHMENT|regression-All-State-Chang-f1c11-d-test-all-form-validations-firefox\test-failed-1.png]]

[[ATTACHMENT|regression-All-State-Chang-f1c11-d-test-all-form-validations-firefox\video.webm]]
]]>
</system-out>
</testcase>
<testcase name="All Error States › should handle 404 pages gracefully" classname="regression.spec.ts" time="30.31">
<failure message="regression.spec.ts:256:7 should handle 404 pages gracefully" type="FAILURE">
<![CDATA[  [firefox] › regression.spec.ts:256:7 › All Error States › should handle 404 pages gracefully ─────

    Test timeout of 30000ms exceeded.

    Error: page.goto: Test timeout of 30000ms exceeded.
    Call log:
      - navigating to "http://localhost:3000/non-existent-page", waiting until "load"


      263 |     
      264 |     for (const pagePath of nonExistentPages) {
    > 265 |       await page.goto(pagePath);
          |                  ^
      266 |       
      267 |       // Проверяем, что показывается 404 страница
      268 |       await expect(page.locator('text=404')).toBeVisible();
        at C:\Users\Viktor\projects\repair-blog\tests\e2e\regression.spec.ts:265:18

    attachment #1: screenshot (image/png) ──────────────────────────────────────────────────────────
    ..\..\test-results\regression-All-Error-State-0db55-handle-404-pages-gracefully-firefox\test-failed-1.png
    ────────────────────────────────────────────────────────────────────────────────────────────────

    attachment #2: video (video/webm) ──────────────────────────────────────────────────────────────
    ..\..\test-results\regression-All-Error-State-0db55-handle-404-pages-gracefully-firefox\video.webm
    ────────────────────────────────────────────────────────────────────────────────────────────────
]]>
</failure>
<system-out>
<![CDATA[
[[ATTACHMENT|regression-All-Error-State-0db55-handle-404-pages-gracefully-firefox\test-failed-1.png]]

[[ATTACHMENT|regression-All-Error-State-0db55-handle-404-pages-gracefully-firefox\video.webm]]
]]>
</system-out>
</testcase>
<testcase name="All Error States › should handle network errors gracefully" classname="regression.spec.ts" time="3.172">
<failure message="regression.spec.ts:275:7 should handle network errors gracefully" type="FAILURE">
<![CDATA[  [firefox] › regression.spec.ts:275:7 › All Error States › should handle network errors gracefully 

    Error: page.goto: NS_ERROR_FAILURE
    Call log:
      - navigating to "http://localhost:3000/", waiting until "load"


      277 |     await page.route('**/*', route => route.abort());
      278 |     
    > 279 |     await page.goto('/');
          |                ^
      280 |     
      281 |     // Проверяем, что приложение не падает
      282 |     await expect(page.locator('body')).toBeVisible();
        at C:\Users\Viktor\projects\repair-blog\tests\e2e\regression.spec.ts:279:16

    attachment #1: screenshot (image/png) ──────────────────────────────────────────────────────────
    ..\..\test-results\regression-All-Error-State-7432f-e-network-errors-gracefully-firefox\test-failed-1.png
    ────────────────────────────────────────────────────────────────────────────────────────────────

    attachment #2: video (video/webm) ──────────────────────────────────────────────────────────────
    ..\..\test-results\regression-All-Error-State-7432f-e-network-errors-gracefully-firefox\video.webm
    ────────────────────────────────────────────────────────────────────────────────────────────────
]]>
</failure>
<system-out>
<![CDATA[
[[ATTACHMENT|regression-All-Error-State-7432f-e-network-errors-gracefully-firefox\test-failed-1.png]]

[[ATTACHMENT|regression-All-Error-State-7432f-e-network-errors-gracefully-firefox\video.webm]]
]]>
</system-out>
</testcase>
<testcase name="All Performance Checks › should check all pages load within acceptable time" classname="regression.spec.ts" time="30.266">
<failure message="regression.spec.ts:287:7 should check all pages load within acceptable time" type="FAILURE">
<![CDATA[  [firefox] › regression.spec.ts:287:7 › All Performance Checks › should check all pages load within acceptable time 

    Test timeout of 30000ms exceeded.

    Error: page.goto: Test timeout of 30000ms exceeded.
    Call log:
      - navigating to "http://localhost:3000/", waiting until "load"


      299 |     for (const pagePath of pages) {
      300 |       const startTime = Date.now();
    > 301 |       await page.goto(pagePath);
          |                  ^
      302 |       await page.waitForLoadState('networkidle');
      303 |       const loadTime = Date.now() - startTime;
      304 |       
        at C:\Users\Viktor\projects\repair-blog\tests\e2e\regression.spec.ts:301:18

    attachment #1: screenshot (image/png) ──────────────────────────────────────────────────────────
    ..\..\test-results\regression-All-Performance-e3eb7-load-within-acceptable-time-firefox\test-failed-1.png
    ────────────────────────────────────────────────────────────────────────────────────────────────

    attachment #2: video (video/webm) ──────────────────────────────────────────────────────────────
    ..\..\test-results\regression-All-Performance-e3eb7-load-within-acceptable-time-firefox\video.webm
    ────────────────────────────────────────────────────────────────────────────────────────────────
]]>
</failure>
<system-out>
<![CDATA[
[[ATTACHMENT|regression-All-Performance-e3eb7-load-within-acceptable-time-firefox\test-failed-1.png]]

[[ATTACHMENT|regression-All-Performance-e3eb7-load-within-acceptable-time-firefox\video.webm]]
]]>
</system-out>
</testcase>
<testcase name="All Performance Checks › should check all images load correctly" classname="regression.spec.ts" time="30.437">
<failure message="regression.spec.ts:310:7 should check all images load correctly" type="FAILURE">
<![CDATA[  [firefox] › regression.spec.ts:310:7 › All Performance Checks › should check all images load correctly 

    Test timeout of 30000ms exceeded.

    Error: page.goto: Test timeout of 30000ms exceeded.
    Call log:
      - navigating to "http://localhost:3000/", waiting until "load"


      309 |
      310 |   test('should check all images load correctly', async ({ page }) => {
    > 311 |     await page.goto('/');
          |                ^
      312 |     
      313 |     // Проверяем все изображения
      314 |     const images = page.locator('img');
        at C:\Users\Viktor\projects\repair-blog\tests\e2e\regression.spec.ts:311:16

    attachment #1: screenshot (image/png) ──────────────────────────────────────────────────────────
    ..\..\test-results\regression-All-Performance-269d8-k-all-images-load-correctly-firefox\test-failed-1.png
    ────────────────────────────────────────────────────────────────────────────────────────────────

    attachment #2: video (video/webm) ──────────────────────────────────────────────────────────────
    ..\..\test-results\regression-All-Performance-269d8-k-all-images-load-correctly-firefox\video.webm
    ────────────────────────────────────────────────────────────────────────────────────────────────
]]>
</failure>
<system-out>
<![CDATA[
[[ATTACHMENT|regression-All-Performance-269d8-k-all-images-load-correctly-firefox\test-failed-1.png]]

[[ATTACHMENT|regression-All-Performance-269d8-k-all-images-load-correctly-firefox\video.webm]]
]]>
</system-out>
</testcase>
</testsuite>
<testsuite name="security\headers.spec.ts" timestamp="2025-11-26T12:11:41.906Z" hostname="firefox" tests="11" failures="11" skipped="0" time="333.747" errors="0">
<testcase name="Security and Configuration Tests › HTTPS and Security Headers › should use HTTPS in production" classname="security\headers.spec.ts" time="30.273">
<failure message="headers.spec.ts:5:9 should use HTTPS in production" type="FAILURE">
<![CDATA[  [firefox] › security\headers.spec.ts:5:9 › Security and Configuration Tests › HTTPS and Security Headers › should use HTTPS in production 

    Test timeout of 30000ms exceeded.

    Error: page.goto: Test timeout of 30000ms exceeded.
    Call log:
      - navigating to "http://localhost:3000/", waiting until "load"


      4 |   test.describe('HTTPS and Security Headers', () => {
      5 |     test('should use HTTPS in production', async ({ page }) => {
    > 6 |       await page.goto('/');
        |                  ^
      7 |       
      8 |       // Проверяем, что страница загружается по HTTPS
      9 |       const url = page.url();
        at C:\Users\Viktor\projects\repair-blog\tests\e2e\security\headers.spec.ts:6:18

    attachment #1: screenshot (image/png) ──────────────────────────────────────────────────────────
    ..\..\test-results\security-headers-Security--14430-uld-use-HTTPS-in-production-firefox\test-failed-1.png
    ────────────────────────────────────────────────────────────────────────────────────────────────

    attachment #2: video (video/webm) ──────────────────────────────────────────────────────────────
    ..\..\test-results\security-headers-Security--14430-uld-use-HTTPS-in-production-firefox\video.webm
    ────────────────────────────────────────────────────────────────────────────────────────────────
]]>
</failure>
<system-out>
<![CDATA[
[[ATTACHMENT|security-headers-Security--14430-uld-use-HTTPS-in-production-firefox\test-failed-1.png]]

[[ATTACHMENT|security-headers-Security--14430-uld-use-HTTPS-in-production-firefox\video.webm]]
]]>
</system-out>
</testcase>
<testcase name="Security and Configuration Tests › HTTPS and Security Headers › should have proper security headers" classname="security\headers.spec.ts" time="30.278">
<failure message="headers.spec.ts:13:9 should have proper security headers" type="FAILURE">
<![CDATA[  [firefox] › security\headers.spec.ts:13:9 › Security and Configuration Tests › HTTPS and Security Headers › should have proper security headers 

    Test timeout of 30000ms exceeded.

    Error: page.goto: Test timeout of 30000ms exceeded.
    Call log:
      - navigating to "http://localhost:3000/", waiting until "load"


      12 |
      13 |     test('should have proper security headers', async ({ page }) => {
    > 14 |       const response = await page.goto('/');
         |                                   ^
      15 |       
      16 |       // Проверяем основные заголовки безопасности
      17 |       const headers = response?.headers();
        at C:\Users\Viktor\projects\repair-blog\tests\e2e\security\headers.spec.ts:14:35

    attachment #1: screenshot (image/png) ──────────────────────────────────────────────────────────
    ..\..\test-results\security-headers-Security--80a1d-ave-proper-security-headers-firefox\test-failed-1.png
    ────────────────────────────────────────────────────────────────────────────────────────────────

    attachment #2: video (video/webm) ──────────────────────────────────────────────────────────────
    ..\..\test-results\security-headers-Security--80a1d-ave-proper-security-headers-firefox\video.webm
    ────────────────────────────────────────────────────────────────────────────────────────────────
]]>
</failure>
<system-out>
<![CDATA[
[[ATTACHMENT|security-headers-Security--80a1d-ave-proper-security-headers-firefox\test-failed-1.png]]

[[ATTACHMENT|security-headers-Security--80a1d-ave-proper-security-headers-firefox\video.webm]]
]]>
</system-out>
</testcase>
<testcase name="Security and Configuration Tests › Environment and Configuration › should not expose sensitive information" classname="security\headers.spec.ts" time="30.312">
<failure message="headers.spec.ts:42:9 should not expose sensitive information" type="FAILURE">
<![CDATA[  [firefox] › security\headers.spec.ts:42:9 › Security and Configuration Tests › Environment and Configuration › should not expose sensitive information 

    Test timeout of 30000ms exceeded.

    Error: page.goto: Test timeout of 30000ms exceeded.
    Call log:
      - navigating to "http://localhost:3000/", waiting until "load"


      41 |   test.describe('Environment and Configuration', () => {
      42 |     test('should not expose sensitive information', async ({ page }) => {
    > 43 |       await page.goto('/');
         |                  ^
      44 |       
      45 |       // Проверяем, что в HTML нет .env переменных
      46 |       const html = await page.content();
        at C:\Users\Viktor\projects\repair-blog\tests\e2e\security\headers.spec.ts:43:18

    attachment #1: screenshot (image/png) ──────────────────────────────────────────────────────────
    ..\..\test-results\security-headers-Security--b13a7-xpose-sensitive-information-firefox\test-failed-1.png
    ────────────────────────────────────────────────────────────────────────────────────────────────

    attachment #2: video (video/webm) ──────────────────────────────────────────────────────────────
    ..\..\test-results\security-headers-Security--b13a7-xpose-sensitive-information-firefox\video.webm
    ────────────────────────────────────────────────────────────────────────────────────────────────
]]>
</failure>
<system-out>
<![CDATA[
[[ATTACHMENT|security-headers-Security--b13a7-xpose-sensitive-information-firefox\test-failed-1.png]]

[[ATTACHMENT|security-headers-Security--b13a7-xpose-sensitive-information-firefox\video.webm]]
]]>
</system-out>
</testcase>
<testcase name="Security and Configuration Tests › Environment and Configuration › should not expose API routes in sitemap" classname="security\headers.spec.ts" time="30.356">
<failure message="headers.spec.ts:55:9 should not expose API routes in sitemap" type="FAILURE">
<![CDATA[  [firefox] › security\headers.spec.ts:55:9 › Security and Configuration Tests › Environment and Configuration › should not expose API routes in sitemap 

    Test timeout of 30000ms exceeded.

    Error: apiRequestContext.get: Target page, context or browser has been closed
    Call log:
      - → GET http://localhost:3000/sitemap.xml
        - user-agent: Mozilla/5.0 (Windows NT 10.0; Win64; x64; rv:142.0.1) Gecko/20100101 Firefox/142.0.1
        - accept: */*
        - accept-encoding: gzip,deflate,br


      54 |
      55 |     test('should not expose API routes in sitemap', async ({ page }) => {
    > 56 |       const response = await page.request.get('/sitemap.xml');
         |                                           ^
      57 |       expect(response.status()).toBe(200);
      58 |       
      59 |       const sitemapContent = await response.text();
        at C:\Users\Viktor\projects\repair-blog\tests\e2e\security\headers.spec.ts:56:43

    attachment #1: screenshot (image/png) ──────────────────────────────────────────────────────────
    ..\..\test-results\security-headers-Security--d8e96-xpose-API-routes-in-sitemap-firefox\test-failed-1.png
    ────────────────────────────────────────────────────────────────────────────────────────────────

    attachment #2: video (video/webm) ──────────────────────────────────────────────────────────────
    ..\..\test-results\security-headers-Security--d8e96-xpose-API-routes-in-sitemap-firefox\video.webm
    ────────────────────────────────────────────────────────────────────────────────────────────────
]]>
</failure>
<system-out>
<![CDATA[
[[ATTACHMENT|security-headers-Security--d8e96-xpose-API-routes-in-sitemap-firefox\test-failed-1.png]]

[[ATTACHMENT|security-headers-Security--d8e96-xpose-API-routes-in-sitemap-firefox\video.webm]]
]]>
</system-out>
</testcase>
<testcase name="Security and Configuration Tests › Environment and Configuration › should have proper robots.txt configuration" classname="security\headers.spec.ts" time="30.424">
<failure message="headers.spec.ts:67:9 should have proper robots.txt configuration" type="FAILURE">
<![CDATA[  [firefox] › security\headers.spec.ts:67:9 › Security and Configuration Tests › Environment and Configuration › should have proper robots.txt configuration 

    Test timeout of 30000ms exceeded.

    Error: apiRequestContext.get: Target page, context or browser has been closed
    Call log:
      - → GET http://localhost:3000/robots.txt
        - user-agent: Mozilla/5.0 (Windows NT 10.0; Win64; x64; rv:142.0.1) Gecko/20100101 Firefox/142.0.1
        - accept: */*
        - accept-encoding: gzip,deflate,br


      66 |
      67 |     test('should have proper robots.txt configuration', async ({ page }) => {
    > 68 |       const response = await page.request.get('/robots.txt');
         |                                           ^
      69 |       expect(response.status()).toBe(200);
      70 |       
      71 |       const robotsContent = await response.text();
        at C:\Users\Viktor\projects\repair-blog\tests\e2e\security\headers.spec.ts:68:43

    attachment #1: screenshot (image/png) ──────────────────────────────────────────────────────────
    ..\..\test-results\security-headers-Security--cdcfc-er-robots-txt-configuration-firefox\test-failed-1.png
    ────────────────────────────────────────────────────────────────────────────────────────────────

    attachment #2: video (video/webm) ──────────────────────────────────────────────────────────────
    ..\..\test-results\security-headers-Security--cdcfc-er-robots-txt-configuration-firefox\video.webm
    ────────────────────────────────────────────────────────────────────────────────────────────────
]]>
</failure>
<system-out>
<![CDATA[
[[ATTACHMENT|security-headers-Security--cdcfc-er-robots-txt-configuration-firefox\test-failed-1.png]]

[[ATTACHMENT|security-headers-Security--cdcfc-er-robots-txt-configuration-firefox\video.webm]]
]]>
</system-out>
</testcase>
<testcase name="Security and Configuration Tests › Content Security › should not have inline scripts without nonce" classname="security\headers.spec.ts" time="30.406">
<failure message="headers.spec.ts:85:9 should not have inline scripts without nonce" type="FAILURE">
<![CDATA[  [firefox] › security\headers.spec.ts:85:9 › Security and Configuration Tests › Content Security › should not have inline scripts without nonce 

    Test timeout of 30000ms exceeded.

    Error: page.goto: Test timeout of 30000ms exceeded.
    Call log:
      - navigating to "http://localhost:3000/", waiting until "load"


      84 |   test.describe('Content Security', () => {
      85 |     test('should not have inline scripts without nonce', async ({ page }) => {
    > 86 |       await page.goto('/');
         |                  ^
      87 |       
      88 |       // Проверяем inline скрипты
      89 |       const inlineScripts = page.locator('script:not([src])');
        at C:\Users\Viktor\projects\repair-blog\tests\e2e\security\headers.spec.ts:86:18

    attachment #1: screenshot (image/png) ──────────────────────────────────────────────────────────
    ..\..\test-results\security-headers-Security--cf70c-nline-scripts-without-nonce-firefox\test-failed-1.png
    ────────────────────────────────────────────────────────────────────────────────────────────────

    attachment #2: video (video/webm) ──────────────────────────────────────────────────────────────
    ..\..\test-results\security-headers-Security--cf70c-nline-scripts-without-nonce-firefox\video.webm
    ────────────────────────────────────────────────────────────────────────────────────────────────
]]>
</failure>
<system-out>
<![CDATA[
[[ATTACHMENT|security-headers-Security--cf70c-nline-scripts-without-nonce-firefox\test-failed-1.png]]

[[ATTACHMENT|security-headers-Security--cf70c-nline-scripts-without-nonce-firefox\video.webm]]
]]>
</system-out>
</testcase>
<testcase name="Security and Configuration Tests › Content Security › should have proper external resource loading" classname="security\headers.spec.ts" time="30.351">
<failure message="headers.spec.ts:106:9 should have proper external resource loading" type="FAILURE">
<![CDATA[  [firefox] › security\headers.spec.ts:106:9 › Security and Configuration Tests › Content Security › should have proper external resource loading 

    Test timeout of 30000ms exceeded.

    Error: page.goto: Test timeout of 30000ms exceeded.
    Call log:
      - navigating to "http://localhost:3000/", waiting until "load"


      105 |
      106 |     test('should have proper external resource loading', async ({ page }) => {
    > 107 |       await page.goto('/');
          |                  ^
      108 |       
      109 |       // Проверяем внешние ресурсы
      110 |       const externalScripts = page.locator('script[src^="http"]');
        at C:\Users\Viktor\projects\repair-blog\tests\e2e\security\headers.spec.ts:107:18

    attachment #1: screenshot (image/png) ──────────────────────────────────────────────────────────
    ..\..\test-results\security-headers-Security--28964-r-external-resource-loading-firefox\test-failed-1.png
    ────────────────────────────────────────────────────────────────────────────────────────────────

    attachment #2: video (video/webm) ──────────────────────────────────────────────────────────────
    ..\..\test-results\security-headers-Security--28964-r-external-resource-loading-firefox\video.webm
    ────────────────────────────────────────────────────────────────────────────────────────────────
]]>
</failure>
<system-out>
<![CDATA[
[[ATTACHMENT|security-headers-Security--28964-r-external-resource-loading-firefox\test-failed-1.png]]

[[ATTACHMENT|security-headers-Security--28964-r-external-resource-loading-firefox\video.webm]]
]]>
</system-out>
</testcase>
<testcase name="Security and Configuration Tests › Form Security › should have proper form validation" classname="security\headers.spec.ts" time="30.427">
<failure message="headers.spec.ts:129:9 should have proper form validation" type="FAILURE">
<![CDATA[  [firefox] › security\headers.spec.ts:129:9 › Security and Configuration Tests › Form Security › should have proper form validation 

    Test timeout of 30000ms exceeded.

    Error: page.goto: Test timeout of 30000ms exceeded.
    Call log:
      - navigating to "http://localhost:3000/calculators/budget", waiting until "load"


      128 |   test.describe('Form Security', () => {
      129 |     test('should have proper form validation', async ({ page }) => {
    > 130 |       await page.goto('/calculators/budget');
          |                  ^
      131 |       
      132 |       // Проверяем поля ввода
      133 |       const inputs = page.locator('input');
        at C:\Users\Viktor\projects\repair-blog\tests\e2e\security\headers.spec.ts:130:18

    attachment #1: screenshot (image/png) ──────────────────────────────────────────────────────────
    ..\..\test-results\security-headers-Security--0a00c-have-proper-form-validation-firefox\test-failed-1.png
    ────────────────────────────────────────────────────────────────────────────────────────────────

    attachment #2: video (video/webm) ──────────────────────────────────────────────────────────────
    ..\..\test-results\security-headers-Security--0a00c-have-proper-form-validation-firefox\video.webm
    ────────────────────────────────────────────────────────────────────────────────────────────────
]]>
</failure>
<system-out>
<![CDATA[
[[ATTACHMENT|security-headers-Security--0a00c-have-proper-form-validation-firefox\test-failed-1.png]]

[[ATTACHMENT|security-headers-Security--0a00c-have-proper-form-validation-firefox\video.webm]]
]]>
</system-out>
</testcase>
<testcase name="Security and Configuration Tests › Form Security › should prevent XSS in user input" classname="security\headers.spec.ts" time="30.284">
<failure message="headers.spec.ts:151:9 should prevent XSS in user input" type="FAILURE">
<![CDATA[  [firefox] › security\headers.spec.ts:151:9 › Security and Configuration Tests › Form Security › should prevent XSS in user input 

    Test timeout of 30000ms exceeded.

    Error: page.goto: Test timeout of 30000ms exceeded.
    Call log:
      - navigating to "http://localhost:3000/calculators/budget", waiting until "load"


      150 |
      151 |     test('should prevent XSS in user input', async ({ page }) => {
    > 152 |       await page.goto('/calculators/budget');
          |                  ^
      153 |       
      154 |       // Пытаемся ввести потенциально опасный код
      155 |       const maliciousInput = '<script>alert("xss")</script>';
        at C:\Users\Viktor\projects\repair-blog\tests\e2e\security\headers.spec.ts:152:18

    attachment #1: screenshot (image/png) ──────────────────────────────────────────────────────────
    ..\..\test-results\security-headers-Security--934e6-d-prevent-XSS-in-user-input-firefox\test-failed-1.png
    ────────────────────────────────────────────────────────────────────────────────────────────────

    attachment #2: video (video/webm) ──────────────────────────────────────────────────────────────
    ..\..\test-results\security-headers-Security--934e6-d-prevent-XSS-in-user-input-firefox\video.webm
    ────────────────────────────────────────────────────────────────────────────────────────────────
]]>
</failure>
<system-out>
<![CDATA[
[[ATTACHMENT|security-headers-Security--934e6-d-prevent-XSS-in-user-input-firefox\test-failed-1.png]]

[[ATTACHMENT|security-headers-Security--934e6-d-prevent-XSS-in-user-input-firefox\video.webm]]
]]>
</system-out>
</testcase>
<testcase name="Security and Configuration Tests › Error Handling › should handle errors gracefully" classname="security\headers.spec.ts" time="30.228">
<failure message="headers.spec.ts:168:9 should handle errors gracefully" type="FAILURE">
<![CDATA[  [firefox] › security\headers.spec.ts:168:9 › Security and Configuration Tests › Error Handling › should handle errors gracefully 

    Test timeout of 30000ms exceeded.

    Error: page.goto: Test timeout of 30000ms exceeded.
    Call log:
      - navigating to "http://localhost:3000/non-existent-page", waiting until "load"


      168 |     test('should handle errors gracefully', async ({ page }) => {
      169 |       // Тестируем несуществующие страницы
    > 170 |       const response = await page.goto('/non-existent-page');
          |                                   ^
      171 |       expect(response?.status()).toBe(404);
      172 |       
      173 |       // Проверяем, что отображается кастомная 404 страница
        at C:\Users\Viktor\projects\repair-blog\tests\e2e\security\headers.spec.ts:170:35

    attachment #1: screenshot (image/png) ──────────────────────────────────────────────────────────
    ..\..\test-results\security-headers-Security--57c91-ld-handle-errors-gracefully-firefox\test-failed-1.png
    ────────────────────────────────────────────────────────────────────────────────────────────────

    attachment #2: video (video/webm) ──────────────────────────────────────────────────────────────
    ..\..\test-results\security-headers-Security--57c91-ld-handle-errors-gracefully-firefox\video.webm
    ────────────────────────────────────────────────────────────────────────────────────────────────
]]>
</failure>
<system-out>
<![CDATA[
[[ATTACHMENT|security-headers-Security--57c91-ld-handle-errors-gracefully-firefox\test-failed-1.png]]

[[ATTACHMENT|security-headers-Security--57c91-ld-handle-errors-gracefully-firefox\video.webm]]
]]>
</system-out>
</testcase>
<testcase name="Security and Configuration Tests › Error Handling › should not expose stack traces" classname="security\headers.spec.ts" time="30.408">
<failure message="headers.spec.ts:181:9 should not expose stack traces" type="FAILURE">
<![CDATA[  [firefox] › security\headers.spec.ts:181:9 › Security and Configuration Tests › Error Handling › should not expose stack traces 

    Test timeout of 30000ms exceeded.

    Error: page.goto: Test timeout of 30000ms exceeded.
    Call log:
      - navigating to "http://localhost:3000/", waiting until "load"


      181 |     test('should not expose stack traces', async ({ page }) => {
      182 |       // Пытаемся вызвать ошибку
    > 183 |       await page.goto('/');
          |                  ^
      184 |       
      185 |       // Проверяем, что в консоли нет критических ошибок
      186 |       const errors: string[] = [];
        at C:\Users\Viktor\projects\repair-blog\tests\e2e\security\headers.spec.ts:183:18

    attachment #1: screenshot (image/png) ──────────────────────────────────────────────────────────
    ..\..\test-results\security-headers-Security--03098-uld-not-expose-stack-traces-firefox\test-failed-1.png
    ────────────────────────────────────────────────────────────────────────────────────────────────

    attachment #2: video (video/webm) ──────────────────────────────────────────────────────────────
    ..\..\test-results\security-headers-Security--03098-uld-not-expose-stack-traces-firefox\video.webm
    ────────────────────────────────────────────────────────────────────────────────────────────────
]]>
</failure>
<system-out>
<![CDATA[
[[ATTACHMENT|security-headers-Security--03098-uld-not-expose-stack-traces-firefox\test-failed-1.png]]

[[ATTACHMENT|security-headers-Security--03098-uld-not-expose-stack-traces-firefox\video.webm]]
]]>
</system-out>
</testcase>
</testsuite>
<testsuite name="seo\meta-tags.spec.ts" timestamp="2025-11-26T12:11:41.906Z" hostname="firefox" tests="8" failures="8" skipped="0" time="242.805" errors="0">
<testcase name="SEO and Content Tests › should have proper meta tags on all pages" classname="seo\meta-tags.spec.ts" time="30.47">
<failure message="meta-tags.spec.ts:4:7 should have proper meta tags on all pages" type="FAILURE">
<![CDATA[  [firefox] › seo\meta-tags.spec.ts:4:7 › SEO and Content Tests › should have proper meta tags on all pages 

    Test timeout of 30000ms exceeded.

    Error: page.goto: Test timeout of 30000ms exceeded.
    Call log:
      - navigating to "http://localhost:3000/", waiting until "load"


      11 |
      12 |     for (const testPage of testPages) {
    > 13 |       await page.goto(testPage.path);
         |                  ^
      14 |       
      15 |       // Проверяем title
      16 |       const title = await page.title();
        at C:\Users\Viktor\projects\repair-blog\tests\e2e\seo\meta-tags.spec.ts:13:18

    attachment #1: screenshot (image/png) ──────────────────────────────────────────────────────────
    ..\..\test-results\seo-meta-tags-SEO-and-Cont-61371-oper-meta-tags-on-all-pages-firefox\test-failed-1.png
    ────────────────────────────────────────────────────────────────────────────────────────────────

    attachment #2: video (video/webm) ──────────────────────────────────────────────────────────────
    ..\..\test-results\seo-meta-tags-SEO-and-Cont-61371-oper-meta-tags-on-all-pages-firefox\video.webm
    ────────────────────────────────────────────────────────────────────────────────────────────────
]]>
</failure>
<system-out>
<![CDATA[
[[ATTACHMENT|seo-meta-tags-SEO-and-Cont-61371-oper-meta-tags-on-all-pages-firefox\test-failed-1.png]]

[[ATTACHMENT|seo-meta-tags-SEO-and-Cont-61371-oper-meta-tags-on-all-pages-firefox\video.webm]]
]]>
</system-out>
</testcase>
<testcase name="SEO and Content Tests › should have JSON-LD structured data" classname="seo\meta-tags.spec.ts" time="30.307">
<failure message="meta-tags.spec.ts:39:7 should have JSON-LD structured data" type="FAILURE">
<![CDATA[  [firefox] › seo\meta-tags.spec.ts:39:7 › SEO and Content Tests › should have JSON-LD structured data 

    Test timeout of 30000ms exceeded.

    Error: page.goto: Test timeout of 30000ms exceeded.
    Call log:
      - navigating to "http://localhost:3000/calculators/budget", waiting until "load"


      38 |
      39 |   test('should have JSON-LD structured data', async ({ page }) => {
    > 40 |     await page.goto('/calculators/budget');
         |                ^
      41 |     
      42 |     // Проверяем наличие JSON-LD
      43 |     const jsonLd = page.locator('script[type="application/ld+json"]');
        at C:\Users\Viktor\projects\repair-blog\tests\e2e\seo\meta-tags.spec.ts:40:16

    attachment #1: screenshot (image/png) ──────────────────────────────────────────────────────────
    ..\..\test-results\seo-meta-tags-SEO-and-Cont-f9752-ave-JSON-LD-structured-data-firefox\test-failed-1.png
    ────────────────────────────────────────────────────────────────────────────────────────────────

    attachment #2: video (video/webm) ──────────────────────────────────────────────────────────────
    ..\..\test-results\seo-meta-tags-SEO-and-Cont-f9752-ave-JSON-LD-structured-data-firefox\video.webm
    ────────────────────────────────────────────────────────────────────────────────────────────────
]]>
</failure>
<system-out>
<![CDATA[
[[ATTACHMENT|seo-meta-tags-SEO-and-Cont-f9752-ave-JSON-LD-structured-data-firefox\test-failed-1.png]]

[[ATTACHMENT|seo-meta-tags-SEO-and-Cont-f9752-ave-JSON-LD-structured-data-firefox\video.webm]]
]]>
</system-out>
</testcase>
<testcase name="SEO and Content Tests › should have proper image alt attributes" classname="seo\meta-tags.spec.ts" time="30.329">
<failure message="meta-tags.spec.ts:53:7 should have proper image alt attributes" type="FAILURE">
<![CDATA[  [firefox] › seo\meta-tags.spec.ts:53:7 › SEO and Content Tests › should have proper image alt attributes 

    Test timeout of 30000ms exceeded.

    Error: page.goto: Test timeout of 30000ms exceeded.
    Call log:
      - navigating to "http://localhost:3000/", waiting until "load"


      52 |
      53 |   test('should have proper image alt attributes', async ({ page }) => {
    > 54 |     await page.goto('/');
         |                ^
      55 |     
      56 |     // Получаем все изображения
      57 |     const images = page.locator('img');
        at C:\Users\Viktor\projects\repair-blog\tests\e2e\seo\meta-tags.spec.ts:54:16

    attachment #1: screenshot (image/png) ──────────────────────────────────────────────────────────
    ..\..\test-results\seo-meta-tags-SEO-and-Cont-b7033-proper-image-alt-attributes-firefox\test-failed-1.png
    ────────────────────────────────────────────────────────────────────────────────────────────────

    attachment #2: video (video/webm) ──────────────────────────────────────────────────────────────
    ..\..\test-results\seo-meta-tags-SEO-and-Cont-b7033-proper-image-alt-attributes-firefox\video.webm
    ────────────────────────────────────────────────────────────────────────────────────────────────
]]>
</failure>
<system-out>
<![CDATA[
[[ATTACHMENT|seo-meta-tags-SEO-and-Cont-b7033-proper-image-alt-attributes-firefox\test-failed-1.png]]

[[ATTACHMENT|seo-meta-tags-SEO-and-Cont-b7033-proper-image-alt-attributes-firefox\video.webm]]
]]>
</system-out>
</testcase>
<testcase name="SEO and Content Tests › should have robots.txt and sitemap.xml" classname="seo\meta-tags.spec.ts" time="30.378">
<failure message="meta-tags.spec.ts:70:7 should have robots.txt and sitemap.xml" type="FAILURE">
<![CDATA[  [firefox] › seo\meta-tags.spec.ts:70:7 › SEO and Content Tests › should have robots.txt and sitemap.xml 

    Test timeout of 30000ms exceeded.

    Error: apiRequestContext.get: Target page, context or browser has been closed
    Call log:
      - → GET http://localhost:3000/robots.txt
        - user-agent: Mozilla/5.0 (Windows NT 10.0; Win64; x64; rv:142.0.1) Gecko/20100101 Firefox/142.0.1
        - accept: */*
        - accept-encoding: gzip,deflate,br


      70 |   test('should have robots.txt and sitemap.xml', async ({ page }) => {
      71 |     // Проверяем robots.txt
    > 72 |     const robotsResponse = await page.request.get('/robots.txt');
         |                                               ^
      73 |     expect(robotsResponse.status()).toBe(200);
      74 |     
      75 |     const robotsContent = await robotsResponse.text();
        at C:\Users\Viktor\projects\repair-blog\tests\e2e\seo\meta-tags.spec.ts:72:47

    attachment #1: screenshot (image/png) ──────────────────────────────────────────────────────────
    ..\..\test-results\seo-meta-tags-SEO-and-Cont-beb08--robots-txt-and-sitemap-xml-firefox\test-failed-1.png
    ────────────────────────────────────────────────────────────────────────────────────────────────

    attachment #2: video (video/webm) ──────────────────────────────────────────────────────────────
    ..\..\test-results\seo-meta-tags-SEO-and-Cont-beb08--robots-txt-and-sitemap-xml-firefox\video.webm
    ────────────────────────────────────────────────────────────────────────────────────────────────
]]>
</failure>
<system-out>
<![CDATA[
[[ATTACHMENT|seo-meta-tags-SEO-and-Cont-beb08--robots-txt-and-sitemap-xml-firefox\test-failed-1.png]]

[[ATTACHMENT|seo-meta-tags-SEO-and-Cont-beb08--robots-txt-and-sitemap-xml-firefox\video.webm]]
]]>
</system-out>
</testcase>
<testcase name="SEO and Content Tests › should not have noindex on production pages" classname="seo\meta-tags.spec.ts" time="30.28">
<failure message="meta-tags.spec.ts:88:7 should not have noindex on production pages" type="FAILURE">
<![CDATA[  [firefox] › seo\meta-tags.spec.ts:88:7 › SEO and Content Tests › should not have noindex on production pages 

    Test timeout of 30000ms exceeded.

    Error: page.goto: Test timeout of 30000ms exceeded.
    Call log:
      - navigating to "http://localhost:3000/", waiting until "load"


      90 |     
      91 |     for (const testPage of testPages) {
    > 92 |       await page.goto(testPage);
         |                  ^
      93 |       
      94 |       // Проверяем, что нет noindex
      95 |       const noindex = page.locator('meta[name="robots"][content*="noindex"]');
        at C:\Users\Viktor\projects\repair-blog\tests\e2e\seo\meta-tags.spec.ts:92:18

    attachment #1: screenshot (image/png) ──────────────────────────────────────────────────────────
    ..\..\test-results\seo-meta-tags-SEO-and-Cont-37a20-noindex-on-production-pages-firefox\test-failed-1.png
    ────────────────────────────────────────────────────────────────────────────────────────────────

    attachment #2: video (video/webm) ──────────────────────────────────────────────────────────────
    ..\..\test-results\seo-meta-tags-SEO-and-Cont-37a20-noindex-on-production-pages-firefox\video.webm
    ────────────────────────────────────────────────────────────────────────────────────────────────
]]>
</failure>
<system-out>
<![CDATA[
[[ATTACHMENT|seo-meta-tags-SEO-and-Cont-37a20-noindex-on-production-pages-firefox\test-failed-1.png]]

[[ATTACHMENT|seo-meta-tags-SEO-and-Cont-37a20-noindex-on-production-pages-firefox\video.webm]]
]]>
</system-out>
</testcase>
<testcase name="SEO and Content Tests › should have proper canonical URLs" classname="seo\meta-tags.spec.ts" time="30.313">
<failure message="meta-tags.spec.ts:104:7 should have proper canonical URLs" type="FAILURE">
<![CDATA[  [firefox] › seo\meta-tags.spec.ts:104:7 › SEO and Content Tests › should have proper canonical URLs 

    Test timeout of 30000ms exceeded.

    Error: page.goto: Test timeout of 30000ms exceeded.
    Call log:
      - navigating to "http://localhost:3000/", waiting until "load"


      106 |     
      107 |     for (const testPage of testPages) {
    > 108 |       await page.goto(testPage);
          |                  ^
      109 |       
      110 |       // Проверяем canonical
      111 |       const canonical = page.locator('link[rel="canonical"]');
        at C:\Users\Viktor\projects\repair-blog\tests\e2e\seo\meta-tags.spec.ts:108:18

    attachment #1: screenshot (image/png) ──────────────────────────────────────────────────────────
    ..\..\test-results\seo-meta-tags-SEO-and-Cont-b42c4--have-proper-canonical-URLs-firefox\test-failed-1.png
    ────────────────────────────────────────────────────────────────────────────────────────────────

    attachment #2: video (video/webm) ──────────────────────────────────────────────────────────────
    ..\..\test-results\seo-meta-tags-SEO-and-Cont-b42c4--have-proper-canonical-URLs-firefox\video.webm
    ────────────────────────────────────────────────────────────────────────────────────────────────
]]>
</failure>
<system-out>
<![CDATA[
[[ATTACHMENT|seo-meta-tags-SEO-and-Cont-b42c4--have-proper-canonical-URLs-firefox\test-failed-1.png]]

[[ATTACHMENT|seo-meta-tags-SEO-and-Cont-b42c4--have-proper-canonical-URLs-firefox\video.webm]]
]]>
</system-out>
</testcase>
<testcase name="SEO and Content Tests › should have proper hreflang for multilingual content" classname="seo\meta-tags.spec.ts" time="30.238">
<failure message="meta-tags.spec.ts:120:7 should have proper hreflang for multilingual content" type="FAILURE">
<![CDATA[  [firefox] › seo\meta-tags.spec.ts:120:7 › SEO and Content Tests › should have proper hreflang for multilingual content 

    Test timeout of 30000ms exceeded.

    Error: page.goto: Test timeout of 30000ms exceeded.
    Call log:
      - navigating to "http://localhost:3000/", waiting until "load"


      119 |
      120 |   test('should have proper hreflang for multilingual content', async ({ page }) => {
    > 121 |     await page.goto('/');
          |                ^
      122 |     
      123 |     // Проверяем hreflang для русской версии
      124 |     const hreflangRu = page.locator('link[hreflang="ru"]');
        at C:\Users\Viktor\projects\repair-blog\tests\e2e\seo\meta-tags.spec.ts:121:16

    attachment #1: screenshot (image/png) ──────────────────────────────────────────────────────────
    ..\..\test-results\seo-meta-tags-SEO-and-Cont-e757b-ng-for-multilingual-content-firefox\test-failed-1.png
    ────────────────────────────────────────────────────────────────────────────────────────────────

    attachment #2: video (video/webm) ──────────────────────────────────────────────────────────────
    ..\..\test-results\seo-meta-tags-SEO-and-Cont-e757b-ng-for-multilingual-content-firefox\video.webm
    ────────────────────────────────────────────────────────────────────────────────────────────────
]]>
</failure>
<system-out>
<![CDATA[
[[ATTACHMENT|seo-meta-tags-SEO-and-Cont-e757b-ng-for-multilingual-content-firefox\test-failed-1.png]]

[[ATTACHMENT|seo-meta-tags-SEO-and-Cont-e757b-ng-for-multilingual-content-firefox\video.webm]]
]]>
</system-out>
</testcase>
<testcase name="SEO and Content Tests › should have proper heading hierarchy" classname="seo\meta-tags.spec.ts" time="30.49">
<failure message="meta-tags.spec.ts:136:7 should have proper heading hierarchy" type="FAILURE">
<![CDATA[  [firefox] › seo\meta-tags.spec.ts:136:7 › SEO and Content Tests › should have proper heading hierarchy 

    Test timeout of 30000ms exceeded.

    Error: page.goto: Test timeout of 30000ms exceeded.
    Call log:
      - navigating to "http://localhost:3000/posts/remont-vannoy", waiting until "load"


      135 |
      136 |   test('should have proper heading hierarchy', async ({ page }) => {
    > 137 |     await page.goto('/posts/remont-vannoy');
          |                ^
      138 |     
      139 |     // Проверяем, что есть только один h1
      140 |     const h1Count = await page.locator('h1').count();
        at C:\Users\Viktor\projects\repair-blog\tests\e2e\seo\meta-tags.spec.ts:137:16

    attachment #1: screenshot (image/png) ──────────────────────────────────────────────────────────
    ..\..\test-results\seo-meta-tags-SEO-and-Cont-bc2b5-ve-proper-heading-hierarchy-firefox\test-failed-1.png
    ────────────────────────────────────────────────────────────────────────────────────────────────

    attachment #2: video (video/webm) ──────────────────────────────────────────────────────────────
    ..\..\test-results\seo-meta-tags-SEO-and-Cont-bc2b5-ve-proper-heading-hierarchy-firefox\video.webm
    ────────────────────────────────────────────────────────────────────────────────────────────────
]]>
</failure>
<system-out>
<![CDATA[
[[ATTACHMENT|seo-meta-tags-SEO-and-Cont-bc2b5-ve-proper-heading-hierarchy-firefox\test-failed-1.png]]

[[ATTACHMENT|seo-meta-tags-SEO-and-Cont-bc2b5-ve-proper-heading-hierarchy-firefox\video.webm]]
]]>
</system-out>
</testcase>
</testsuite>
<testsuite name="simple-calculator.spec.ts" timestamp="2025-11-26T12:11:41.906Z" hostname="firefox" tests="2" failures="2" skipped="0" time="60.652" errors="0">
<testcase name="Simple Calculator Test › should load RU budget calculator page" classname="simple-calculator.spec.ts" time="30.288">
<failure message="simple-calculator.spec.ts:4:7 should load RU budget calculator page" type="FAILURE">
<![CDATA[  [firefox] › simple-calculator.spec.ts:4:7 › Simple Calculator Test › should load RU budget calculator page 

    Test timeout of 30000ms exceeded.

    Error: page.goto: Test timeout of 30000ms exceeded.
    Call log:
      - navigating to "http://localhost:3000/calculators/budget", waiting until "load"


      3 | test.describe('Simple Calculator Test', () => {
      4 |   test('should load RU budget calculator page', async ({ page }) => {
    > 5 |     await page.goto('/calculators/budget');
        |                ^
      6 |
      7 |     await expect(page.locator('h1')).toContainText('Планировщик бюджета ремонта');
      8 |
        at C:\Users\Viktor\projects\repair-blog\tests\e2e\simple-calculator.spec.ts:5:16

    attachment #1: screenshot (image/png) ──────────────────────────────────────────────────────────
    ..\..\test-results\simple-calculator-Simple-C-050a0-d-RU-budget-calculator-page-firefox\test-failed-1.png
    ────────────────────────────────────────────────────────────────────────────────────────────────

    attachment #2: video (video/webm) ──────────────────────────────────────────────────────────────
    ..\..\test-results\simple-calculator-Simple-C-050a0-d-RU-budget-calculator-page-firefox\video.webm
    ────────────────────────────────────────────────────────────────────────────────────────────────
]]>
</failure>
<system-out>
<![CDATA[
[[ATTACHMENT|simple-calculator-Simple-C-050a0-d-RU-budget-calculator-page-firefox\test-failed-1.png]]

[[ATTACHMENT|simple-calculator-Simple-C-050a0-d-RU-budget-calculator-page-firefox\video.webm]]
]]>
</system-out>
</testcase>
<testcase name="Simple Calculator Test › should add category and calculate total in RU" classname="simple-calculator.spec.ts" time="30.364">
<failure message="simple-calculator.spec.ts:15:7 should add category and calculate total in RU" type="FAILURE">
<![CDATA[  [firefox] › simple-calculator.spec.ts:15:7 › Simple Calculator Test › should add category and calculate total in RU 

    Test timeout of 30000ms exceeded.

    Error: page.goto: Test timeout of 30000ms exceeded.
    Call log:
      - navigating to "http://localhost:3000/calculators/budget", waiting until "load"


      14 |
      15 |   test('should add category and calculate total in RU', async ({ page }) => {
    > 16 |     await page.goto('/calculators/budget');
         |                ^
      17 |
      18 |     await page.getByRole('button', { name: /добавить категорию/i }).click();
      19 |
        at C:\Users\Viktor\projects\repair-blog\tests\e2e\simple-calculator.spec.ts:16:16

    attachment #1: screenshot (image/png) ──────────────────────────────────────────────────────────
    ..\..\test-results\simple-calculator-Simple-C-160b1-y-and-calculate-total-in-RU-firefox\test-failed-1.png
    ────────────────────────────────────────────────────────────────────────────────────────────────

    attachment #2: video (video/webm) ──────────────────────────────────────────────────────────────
    ..\..\test-results\simple-calculator-Simple-C-160b1-y-and-calculate-total-in-RU-firefox\video.webm
    ────────────────────────────────────────────────────────────────────────────────────────────────
]]>
</failure>
<system-out>
<![CDATA[
[[ATTACHMENT|simple-calculator-Simple-C-160b1-y-and-calculate-total-in-RU-firefox\test-failed-1.png]]

[[ATTACHMENT|simple-calculator-Simple-C-160b1-y-and-calculate-total-in-RU-firefox\video.webm]]
]]>
</system-out>
</testcase>
</testsuite>
<testsuite name="smoke\basic-structure.spec.ts" timestamp="2025-11-26T12:11:41.906Z" hostname="firefox" tests="11" failures="11" skipped="0" time="333.629" errors="0">
<testcase name="Smoke Tests - Basic Site Structure › should load / with correct title and structure" classname="smoke\basic-structure.spec.ts" time="30.287">
<failure message="basic-structure.spec.ts:16:9 should load / with correct title and structure" type="FAILURE">
<![CDATA[  [firefox] › smoke\basic-structure.spec.ts:16:9 › Smoke Tests - Basic Site Structure › should load / with correct title and structure 

    Test timeout of 30000ms exceeded.

    Error: page.goto: Test timeout of 30000ms exceeded.
    Call log:
      - navigating to "http://localhost:3000/", waiting until "load"


      15 |   for (const page of pages) {
      16 |     test(`should load ${page.path} with correct title and structure`, async ({ page: testPage }) => {
    > 17 |       const response = await testPage.goto(page.path);
         |                                       ^
      18 |       expect(response?.status()).toBe(200);
      19 |
      20 |       // Проверяем title
        at C:\Users\Viktor\projects\repair-blog\tests\e2e\smoke\basic-structure.spec.ts:17:39

    attachment #1: screenshot (image/png) ──────────────────────────────────────────────────────────
    ..\..\test-results\smoke-basic-structure-Smok-ff31e-correct-title-and-structure-firefox\test-failed-1.png
    ────────────────────────────────────────────────────────────────────────────────────────────────

    attachment #2: video (video/webm) ──────────────────────────────────────────────────────────────
    ..\..\test-results\smoke-basic-structure-Smok-ff31e-correct-title-and-structure-firefox\video.webm
    ────────────────────────────────────────────────────────────────────────────────────────────────
]]>
</failure>
<system-out>
<![CDATA[
[[ATTACHMENT|smoke-basic-structure-Smok-ff31e-correct-title-and-structure-firefox\test-failed-1.png]]

[[ATTACHMENT|smoke-basic-structure-Smok-ff31e-correct-title-and-structure-firefox\video.webm]]
]]>
</system-out>
</testcase>
<testcase name="Smoke Tests - Basic Site Structure › should load /en with correct title and structure" classname="smoke\basic-structure.spec.ts" time="30.375">
<failure message="basic-structure.spec.ts:16:9 should load /en with correct title and structure" type="FAILURE">
<![CDATA[  [firefox] › smoke\basic-structure.spec.ts:16:9 › Smoke Tests - Basic Site Structure › should load /en with correct title and structure 

    Test timeout of 30000ms exceeded.

    Error: page.goto: Test timeout of 30000ms exceeded.
    Call log:
      - navigating to "http://localhost:3000/en", waiting until "load"


      15 |   for (const page of pages) {
      16 |     test(`should load ${page.path} with correct title and structure`, async ({ page: testPage }) => {
    > 17 |       const response = await testPage.goto(page.path);
         |                                       ^
      18 |       expect(response?.status()).toBe(200);
      19 |
      20 |       // Проверяем title
        at C:\Users\Viktor\projects\repair-blog\tests\e2e\smoke\basic-structure.spec.ts:17:39

    attachment #1: screenshot (image/png) ──────────────────────────────────────────────────────────
    ..\..\test-results\smoke-basic-structure-Smok-f7c2f-correct-title-and-structure-firefox\test-failed-1.png
    ────────────────────────────────────────────────────────────────────────────────────────────────

    attachment #2: video (video/webm) ──────────────────────────────────────────────────────────────
    ..\..\test-results\smoke-basic-structure-Smok-f7c2f-correct-title-and-structure-firefox\video.webm
    ────────────────────────────────────────────────────────────────────────────────────────────────
]]>
</failure>
<system-out>
<![CDATA[
[[ATTACHMENT|smoke-basic-structure-Smok-f7c2f-correct-title-and-structure-firefox\test-failed-1.png]]

[[ATTACHMENT|smoke-basic-structure-Smok-f7c2f-correct-title-and-structure-firefox\video.webm]]
]]>
</system-out>
</testcase>
<testcase name="Smoke Tests - Basic Site Structure › should load /about with correct title and structure" classname="smoke\basic-structure.spec.ts" time="30.234">
<failure message="basic-structure.spec.ts:16:9 should load /about with correct title and structure" type="FAILURE">
<![CDATA[  [firefox] › smoke\basic-structure.spec.ts:16:9 › Smoke Tests - Basic Site Structure › should load /about with correct title and structure 

    Test timeout of 30000ms exceeded.

    Error: page.goto: Test timeout of 30000ms exceeded.
    Call log:
      - navigating to "http://localhost:3000/about", waiting until "load"


      15 |   for (const page of pages) {
      16 |     test(`should load ${page.path} with correct title and structure`, async ({ page: testPage }) => {
    > 17 |       const response = await testPage.goto(page.path);
         |                                       ^
      18 |       expect(response?.status()).toBe(200);
      19 |
      20 |       // Проверяем title
        at C:\Users\Viktor\projects\repair-blog\tests\e2e\smoke\basic-structure.spec.ts:17:39

    attachment #1: screenshot (image/png) ──────────────────────────────────────────────────────────
    ..\..\test-results\smoke-basic-structure-Smok-b773e-correct-title-and-structure-firefox\test-failed-1.png
    ────────────────────────────────────────────────────────────────────────────────────────────────

    attachment #2: video (video/webm) ──────────────────────────────────────────────────────────────
    ..\..\test-results\smoke-basic-structure-Smok-b773e-correct-title-and-structure-firefox\video.webm
    ────────────────────────────────────────────────────────────────────────────────────────────────
]]>
</failure>
<system-out>
<![CDATA[
[[ATTACHMENT|smoke-basic-structure-Smok-b773e-correct-title-and-structure-firefox\test-failed-1.png]]

[[ATTACHMENT|smoke-basic-structure-Smok-b773e-correct-title-and-structure-firefox\video.webm]]
]]>
</system-out>
</testcase>
<testcase name="Smoke Tests - Basic Site Structure › should load /en/about with correct title and structure" classname="smoke\basic-structure.spec.ts" time="30.438">
<failure message="basic-structure.spec.ts:16:9 should load /en/about with correct title and structure" type="FAILURE">
<![CDATA[  [firefox] › smoke\basic-structure.spec.ts:16:9 › Smoke Tests - Basic Site Structure › should load /en/about with correct title and structure 

    Test timeout of 30000ms exceeded.

    Error: page.goto: Test timeout of 30000ms exceeded.
    Call log:
      - navigating to "http://localhost:3000/en/about", waiting until "load"


      15 |   for (const page of pages) {
      16 |     test(`should load ${page.path} with correct title and structure`, async ({ page: testPage }) => {
    > 17 |       const response = await testPage.goto(page.path);
         |                                       ^
      18 |       expect(response?.status()).toBe(200);
      19 |
      20 |       // Проверяем title
        at C:\Users\Viktor\projects\repair-blog\tests\e2e\smoke\basic-structure.spec.ts:17:39

    attachment #1: screenshot (image/png) ──────────────────────────────────────────────────────────
    ..\..\test-results\smoke-basic-structure-Smok-8f760-correct-title-and-structure-firefox\test-failed-1.png
    ────────────────────────────────────────────────────────────────────────────────────────────────

    attachment #2: video (video/webm) ──────────────────────────────────────────────────────────────
    ..\..\test-results\smoke-basic-structure-Smok-8f760-correct-title-and-structure-firefox\video.webm
    ────────────────────────────────────────────────────────────────────────────────────────────────
]]>
</failure>
<system-out>
<![CDATA[
[[ATTACHMENT|smoke-basic-structure-Smok-8f760-correct-title-and-structure-firefox\test-failed-1.png]]

[[ATTACHMENT|smoke-basic-structure-Smok-8f760-correct-title-and-structure-firefox\video.webm]]
]]>
</system-out>
</testcase>
<testcase name="Smoke Tests - Basic Site Structure › should load /calculators with correct title and structure" classname="smoke\basic-structure.spec.ts" time="30.334">
<failure message="basic-structure.spec.ts:16:9 should load /calculators with correct title and structure" type="FAILURE">
<![CDATA[  [firefox] › smoke\basic-structure.spec.ts:16:9 › Smoke Tests - Basic Site Structure › should load /calculators with correct title and structure 

    Test timeout of 30000ms exceeded.

    Error: page.goto: Test timeout of 30000ms exceeded.
    Call log:
      - navigating to "http://localhost:3000/calculators", waiting until "load"


      15 |   for (const page of pages) {
      16 |     test(`should load ${page.path} with correct title and structure`, async ({ page: testPage }) => {
    > 17 |       const response = await testPage.goto(page.path);
         |                                       ^
      18 |       expect(response?.status()).toBe(200);
      19 |
      20 |       // Проверяем title
        at C:\Users\Viktor\projects\repair-blog\tests\e2e\smoke\basic-structure.spec.ts:17:39

    attachment #1: screenshot (image/png) ──────────────────────────────────────────────────────────
    ..\..\test-results\smoke-basic-structure-Smok-1a631-correct-title-and-structure-firefox\test-failed-1.png
    ────────────────────────────────────────────────────────────────────────────────────────────────

    attachment #2: video (video/webm) ──────────────────────────────────────────────────────────────
    ..\..\test-results\smoke-basic-structure-Smok-1a631-correct-title-and-structure-firefox\video.webm
    ────────────────────────────────────────────────────────────────────────────────────────────────
]]>
</failure>
<system-out>
<![CDATA[
[[ATTACHMENT|smoke-basic-structure-Smok-1a631-correct-title-and-structure-firefox\test-failed-1.png]]

[[ATTACHMENT|smoke-basic-structure-Smok-1a631-correct-title-and-structure-firefox\video.webm]]
]]>
</system-out>
</testcase>
<testcase name="Smoke Tests - Basic Site Structure › should load /en/calculators with correct title and structure" classname="smoke\basic-structure.spec.ts" time="30.448">
<failure message="basic-structure.spec.ts:16:9 should load /en/calculators with correct title and structure" type="FAILURE">
<![CDATA[  [firefox] › smoke\basic-structure.spec.ts:16:9 › Smoke Tests - Basic Site Structure › should load /en/calculators with correct title and structure 

    Test timeout of 30000ms exceeded.

    Error: page.goto: Test timeout of 30000ms exceeded.
    Call log:
      - navigating to "http://localhost:3000/en/calculators", waiting until "load"


      15 |   for (const page of pages) {
      16 |     test(`should load ${page.path} with correct title and structure`, async ({ page: testPage }) => {
    > 17 |       const response = await testPage.goto(page.path);
         |                                       ^
      18 |       expect(response?.status()).toBe(200);
      19 |
      20 |       // Проверяем title
        at C:\Users\Viktor\projects\repair-blog\tests\e2e\smoke\basic-structure.spec.ts:17:39

    attachment #1: screenshot (image/png) ──────────────────────────────────────────────────────────
    ..\..\test-results\smoke-basic-structure-Smok-1d636-correct-title-and-structure-firefox\test-failed-1.png
    ────────────────────────────────────────────────────────────────────────────────────────────────

    attachment #2: video (video/webm) ──────────────────────────────────────────────────────────────
    ..\..\test-results\smoke-basic-structure-Smok-1d636-correct-title-and-structure-firefox\video.webm
    ────────────────────────────────────────────────────────────────────────────────────────────────
]]>
</failure>
<system-out>
<![CDATA[
[[ATTACHMENT|smoke-basic-structure-Smok-1d636-correct-title-and-structure-firefox\test-failed-1.png]]

[[ATTACHMENT|smoke-basic-structure-Smok-1d636-correct-title-and-structure-firefox\video.webm]]
]]>
</system-out>
</testcase>
<testcase name="Smoke Tests - Basic Site Structure › should load /calculators/budget with correct title and structure" classname="smoke\basic-structure.spec.ts" time="30.32">
<failure message="basic-structure.spec.ts:16:9 should load /calculators/budget with correct title and structure" type="FAILURE">
<![CDATA[  [firefox] › smoke\basic-structure.spec.ts:16:9 › Smoke Tests - Basic Site Structure › should load /calculators/budget with correct title and structure 

    Test timeout of 30000ms exceeded.

    Error: page.goto: Test timeout of 30000ms exceeded.
    Call log:
      - navigating to "http://localhost:3000/calculators/budget", waiting until "load"


      15 |   for (const page of pages) {
      16 |     test(`should load ${page.path} with correct title and structure`, async ({ page: testPage }) => {
    > 17 |       const response = await testPage.goto(page.path);
         |                                       ^
      18 |       expect(response?.status()).toBe(200);
      19 |
      20 |       // Проверяем title
        at C:\Users\Viktor\projects\repair-blog\tests\e2e\smoke\basic-structure.spec.ts:17:39

    attachment #1: screenshot (image/png) ──────────────────────────────────────────────────────────
    ..\..\test-results\smoke-basic-structure-Smok-fb86d-correct-title-and-structure-firefox\test-failed-1.png
    ────────────────────────────────────────────────────────────────────────────────────────────────

    attachment #2: video (video/webm) ──────────────────────────────────────────────────────────────
    ..\..\test-results\smoke-basic-structure-Smok-fb86d-correct-title-and-structure-firefox\video.webm
    ────────────────────────────────────────────────────────────────────────────────────────────────
]]>
</failure>
<system-out>
<![CDATA[
[[ATTACHMENT|smoke-basic-structure-Smok-fb86d-correct-title-and-structure-firefox\test-failed-1.png]]

[[ATTACHMENT|smoke-basic-structure-Smok-fb86d-correct-title-and-structure-firefox\video.webm]]
]]>
</system-out>
</testcase>
<testcase name="Smoke Tests - Basic Site Structure › should load /en/calculators/budget with correct title and structure" classname="smoke\basic-structure.spec.ts" time="30.254">
<failure message="basic-structure.spec.ts:16:9 should load /en/calculators/budget with correct title and structure" type="FAILURE">
<![CDATA[  [firefox] › smoke\basic-structure.spec.ts:16:9 › Smoke Tests - Basic Site Structure › should load /en/calculators/budget with correct title and structure 

    Test timeout of 30000ms exceeded.

    Error: page.goto: Test timeout of 30000ms exceeded.
    Call log:
      - navigating to "http://localhost:3000/en/calculators/budget", waiting until "load"


      15 |   for (const page of pages) {
      16 |     test(`should load ${page.path} with correct title and structure`, async ({ page: testPage }) => {
    > 17 |       const response = await testPage.goto(page.path);
         |                                       ^
      18 |       expect(response?.status()).toBe(200);
      19 |
      20 |       // Проверяем title
        at C:\Users\Viktor\projects\repair-blog\tests\e2e\smoke\basic-structure.spec.ts:17:39

    attachment #1: screenshot (image/png) ──────────────────────────────────────────────────────────
    ..\..\test-results\smoke-basic-structure-Smok-73bd6-correct-title-and-structure-firefox\test-failed-1.png
    ────────────────────────────────────────────────────────────────────────────────────────────────

    attachment #2: video (video/webm) ──────────────────────────────────────────────────────────────
    ..\..\test-results\smoke-basic-structure-Smok-73bd6-correct-title-and-structure-firefox\video.webm
    ────────────────────────────────────────────────────────────────────────────────────────────────
]]>
</failure>
<system-out>
<![CDATA[
[[ATTACHMENT|smoke-basic-structure-Smok-73bd6-correct-title-and-structure-firefox\test-failed-1.png]]

[[ATTACHMENT|smoke-basic-structure-Smok-73bd6-correct-title-and-structure-firefox\video.webm]]
]]>
</system-out>
</testcase>
<testcase name="Smoke Tests - Basic Site Structure › should have clickable navigation links" classname="smoke\basic-structure.spec.ts" time="30.335">
<failure message="basic-structure.spec.ts:41:7 should have clickable navigation links" type="FAILURE">
<![CDATA[  [firefox] › smoke\basic-structure.spec.ts:41:7 › Smoke Tests - Basic Site Structure › should have clickable navigation links 

    Test timeout of 30000ms exceeded.

    Error: page.goto: Test timeout of 30000ms exceeded.
    Call log:
      - navigating to "http://localhost:3000/", waiting until "load"


      40 |
      41 |   test('should have clickable navigation links', async ({ page }) => {
    > 42 |     await page.goto('/');
         |                ^
      43 |     
      44 |     // Проверяем основные ссылки в хедере
      45 |     const navLinks = [
        at C:\Users\Viktor\projects\repair-blog\tests\e2e\smoke\basic-structure.spec.ts:42:16

    attachment #1: screenshot (image/png) ──────────────────────────────────────────────────────────
    ..\..\test-results\smoke-basic-structure-Smok-b680c--clickable-navigation-links-firefox\test-failed-1.png
    ────────────────────────────────────────────────────────────────────────────────────────────────

    attachment #2: video (video/webm) ──────────────────────────────────────────────────────────────
    ..\..\test-results\smoke-basic-structure-Smok-b680c--clickable-navigation-links-firefox\video.webm
    ────────────────────────────────────────────────────────────────────────────────────────────────
]]>
</failure>
<system-out>
<![CDATA[
[[ATTACHMENT|smoke-basic-structure-Smok-b680c--clickable-navigation-links-firefox\test-failed-1.png]]

[[ATTACHMENT|smoke-basic-structure-Smok-b680c--clickable-navigation-links-firefox\video.webm]]
]]>
</system-out>
</testcase>
<testcase name="Smoke Tests - Basic Site Structure › should have valid footer links" classname="smoke\basic-structure.spec.ts" time="30.318">
<failure message="basic-structure.spec.ts:66:7 should have valid footer links" type="FAILURE">
<![CDATA[  [firefox] › smoke\basic-structure.spec.ts:66:7 › Smoke Tests - Basic Site Structure › should have valid footer links 

    Test timeout of 30000ms exceeded.

    Error: page.goto: Test timeout of 30000ms exceeded.
    Call log:
      - navigating to "http://localhost:3000/", waiting until "load"


      65 |
      66 |   test('should have valid footer links', async ({ page }) => {
    > 67 |     await page.goto('/');
         |                ^
      68 |     
      69 |     // Проверяем ссылки в футере
      70 |     const footerLinks = page.locator('footer a');
        at C:\Users\Viktor\projects\repair-blog\tests\e2e\smoke\basic-structure.spec.ts:67:16

    attachment #1: screenshot (image/png) ──────────────────────────────────────────────────────────
    ..\..\test-results\smoke-basic-structure-Smok-4a4b2-uld-have-valid-footer-links-firefox\test-failed-1.png
    ────────────────────────────────────────────────────────────────────────────────────────────────

    attachment #2: video (video/webm) ──────────────────────────────────────────────────────────────
    ..\..\test-results\smoke-basic-structure-Smok-4a4b2-uld-have-valid-footer-links-firefox\video.webm
    ────────────────────────────────────────────────────────────────────────────────────────────────
]]>
</failure>
<system-out>
<![CDATA[
[[ATTACHMENT|smoke-basic-structure-Smok-4a4b2-uld-have-valid-footer-links-firefox\test-failed-1.png]]

[[ATTACHMENT|smoke-basic-structure-Smok-4a4b2-uld-have-valid-footer-links-firefox\video.webm]]
]]>
</system-out>
</testcase>
<testcase name="Smoke Tests - Basic Site Structure › should handle 404 pages correctly" classname="smoke\basic-structure.spec.ts" time="30.286">
<failure message="basic-structure.spec.ts:88:7 should handle 404 pages correctly" type="FAILURE">
<![CDATA[  [firefox] › smoke\basic-structure.spec.ts:88:7 › Smoke Tests - Basic Site Structure › should handle 404 pages correctly 

    Test timeout of 30000ms exceeded.

    Error: page.goto: Test timeout of 30000ms exceeded.
    Call log:
      - navigating to "http://localhost:3000/non-existent-page", waiting until "load"


      87 |
      88 |   test('should handle 404 pages correctly', async ({ page }) => {
    > 89 |     const response = await page.goto('/non-existent-page');
         |                                 ^
      90 |     expect(response?.status()).toBe(404);
      91 |     
      92 |     // Проверяем, что отображается кастомная 404 страница
        at C:\Users\Viktor\projects\repair-blog\tests\e2e\smoke\basic-structure.spec.ts:89:33

    attachment #1: screenshot (image/png) ──────────────────────────────────────────────────────────
    ..\..\test-results\smoke-basic-structure-Smok-9f93d--handle-404-pages-correctly-firefox\test-failed-1.png
    ────────────────────────────────────────────────────────────────────────────────────────────────

    attachment #2: video (video/webm) ──────────────────────────────────────────────────────────────
    ..\..\test-results\smoke-basic-structure-Smok-9f93d--handle-404-pages-correctly-firefox\video.webm
    ────────────────────────────────────────────────────────────────────────────────────────────────
]]>
</failure>
<system-out>
<![CDATA[
[[ATTACHMENT|smoke-basic-structure-Smok-9f93d--handle-404-pages-correctly-firefox\test-failed-1.png]]

[[ATTACHMENT|smoke-basic-structure-Smok-9f93d--handle-404-pages-correctly-firefox\video.webm]]
]]>
</system-out>
</testcase>
</testsuite>
<testsuite name="smoke.spec.ts" timestamp="2025-11-26T12:11:41.906Z" hostname="firefox" tests="11" failures="11" skipped="0" time="333.558" errors="0">
<testcase name="Homepage › should load homepage successfully" classname="smoke.spec.ts" time="30.233">
<failure message="smoke.spec.ts:4:7 should load homepage successfully" type="FAILURE">
<![CDATA[  [firefox] › smoke.spec.ts:4:7 › Homepage › should load homepage successfully ─────────────────────

    Test timeout of 30000ms exceeded.

    Error: page.goto: Test timeout of 30000ms exceeded.
    Call log:
      - navigating to "http://localhost:3000/", waiting until "load"


      3 | test.describe('Homepage', () => {
      4 |   test('should load homepage successfully', async ({ page }) => {
    > 5 |     await page.goto('/');
        |                ^
      6 |     await expect(page).toHaveTitle(/Renohacks/);
      7 |     await expect(page.locator('h1')).toBeVisible();
      8 |   });
        at C:\Users\Viktor\projects\repair-blog\tests\e2e\smoke.spec.ts:5:16

    attachment #1: screenshot (image/png) ──────────────────────────────────────────────────────────
    ..\..\test-results\smoke-Homepage-should-load-homepage-successfully-firefox\test-failed-1.png
    ────────────────────────────────────────────────────────────────────────────────────────────────

    attachment #2: video (video/webm) ──────────────────────────────────────────────────────────────
    ..\..\test-results\smoke-Homepage-should-load-homepage-successfully-firefox\video.webm
    ────────────────────────────────────────────────────────────────────────────────────────────────
]]>
</failure>
<system-out>
<![CDATA[
[[ATTACHMENT|smoke-Homepage-should-load-homepage-successfully-firefox\test-failed-1.png]]

[[ATTACHMENT|smoke-Homepage-should-load-homepage-successfully-firefox\video.webm]]
]]>
</system-out>
</testcase>
<testcase name="Homepage › should have working navigation" classname="smoke.spec.ts" time="30.36">
<failure message="smoke.spec.ts:10:7 should have working navigation" type="FAILURE">
<![CDATA[  [firefox] › smoke.spec.ts:10:7 › Homepage › should have working navigation ───────────────────────

    Test timeout of 30000ms exceeded.

    Error: page.goto: Test timeout of 30000ms exceeded.
    Call log:
      - navigating to "http://localhost:3000/", waiting until "load"


       9 |
      10 |   test('should have working navigation', async ({ page }) => {
    > 11 |     await page.goto('/');
         |                ^
      12 |     
      13 |     // Проверяем основные ссылки навигации
      14 |     await expect(page.locator('a[href="/"]')).toBeVisible();
        at C:\Users\Viktor\projects\repair-blog\tests\e2e\smoke.spec.ts:11:16

    attachment #1: screenshot (image/png) ──────────────────────────────────────────────────────────
    ..\..\test-results\smoke-Homepage-should-have-working-navigation-firefox\test-failed-1.png
    ────────────────────────────────────────────────────────────────────────────────────────────────

    attachment #2: video (video/webm) ──────────────────────────────────────────────────────────────
    ..\..\test-results\smoke-Homepage-should-have-working-navigation-firefox\video.webm
    ────────────────────────────────────────────────────────────────────────────────────────────────
]]>
</failure>
<system-out>
<![CDATA[
[[ATTACHMENT|smoke-Homepage-should-have-working-navigation-firefox\test-failed-1.png]]

[[ATTACHMENT|smoke-Homepage-should-have-working-navigation-firefox\video.webm]]
]]>
</system-out>
</testcase>
<testcase name="Homepage › should have working language switcher" classname="smoke.spec.ts" time="30.266">
<failure message="smoke.spec.ts:21:7 should have working language switcher" type="FAILURE">
<![CDATA[  [firefox] › smoke.spec.ts:21:7 › Homepage › should have working language switcher ────────────────

    Test timeout of 30000ms exceeded.

    Error: page.goto: Test timeout of 30000ms exceeded.
    Call log:
      - navigating to "http://localhost:3000/", waiting until "load"


      20 |
      21 |   test('should have working language switcher', async ({ page }) => {
    > 22 |     await page.goto('/');
         |                ^
      23 |     
      24 |     // Проверяем переключение языка
      25 |     await page.click('text=EN');
        at C:\Users\Viktor\projects\repair-blog\tests\e2e\smoke.spec.ts:22:16

    attachment #1: screenshot (image/png) ──────────────────────────────────────────────────────────
    ..\..\test-results\smoke-Homepage-should-have-working-language-switcher-firefox\test-failed-1.png
    ────────────────────────────────────────────────────────────────────────────────────────────────

    attachment #2: video (video/webm) ──────────────────────────────────────────────────────────────
    ..\..\test-results\smoke-Homepage-should-have-working-language-switcher-firefox\video.webm
    ────────────────────────────────────────────────────────────────────────────────────────────────
]]>
</failure>
<system-out>
<![CDATA[
[[ATTACHMENT|smoke-Homepage-should-have-working-language-switcher-firefox\test-failed-1.png]]

[[ATTACHMENT|smoke-Homepage-should-have-working-language-switcher-firefox\video.webm]]
]]>
</system-out>
</testcase>
<testcase name="Tag Pages › should load tag pages without 404" classname="smoke.spec.ts" time="30.53">
<failure message="smoke.spec.ts:34:7 should load tag pages without 404" type="FAILURE">
<![CDATA[  [firefox] › smoke.spec.ts:34:7 › Tag Pages › should load tag pages without 404 ───────────────────

    Test timeout of 30000ms exceeded.

    Error: page.goto: Test timeout of 30000ms exceeded.
    Call log:
      - navigating to "http://localhost:3000/tags/%D1%82%D1%80%D0%B5%D0%BD%D0%B4%D1%8B", waiting until "load"


      36 |     
      37 |     for (const tag of tags) {
    > 38 |       await page.goto(`/tags/${tag}`);
         |                  ^
      39 |       await expect(page).toHaveTitle(/Renohacks/);
      40 |       // Проверяем, что нет 404 ошибки
      41 |       await expect(page.locator('text=404')).not.toBeVisible();
        at C:\Users\Viktor\projects\repair-blog\tests\e2e\smoke.spec.ts:38:18

    attachment #1: screenshot (image/png) ──────────────────────────────────────────────────────────
    ..\..\test-results\smoke-Tag-Pages-should-load-tag-pages-without-404-firefox\test-failed-1.png
    ────────────────────────────────────────────────────────────────────────────────────────────────

    attachment #2: video (video/webm) ──────────────────────────────────────────────────────────────
    ..\..\test-results\smoke-Tag-Pages-should-load-tag-pages-without-404-firefox\video.webm
    ────────────────────────────────────────────────────────────────────────────────────────────────
]]>
</failure>
<system-out>
<![CDATA[
[[ATTACHMENT|smoke-Tag-Pages-should-load-tag-pages-without-404-firefox\test-failed-1.png]]

[[ATTACHMENT|smoke-Tag-Pages-should-load-tag-pages-without-404-firefox\video.webm]]
]]>
</system-out>
</testcase>
<testcase name="Tag Pages › should have working language switch on tag pages" classname="smoke.spec.ts" time="30.371">
<failure message="smoke.spec.ts:45:7 should have working language switch on tag pages" type="FAILURE">
<![CDATA[  [firefox] › smoke.spec.ts:45:7 › Tag Pages › should have working language switch on tag pages ────

    Test timeout of 30000ms exceeded.

    Error: page.goto: Test timeout of 30000ms exceeded.
    Call log:
      - navigating to "http://localhost:3000/tags/kitchen", waiting until "load"


      44 |
      45 |   test('should have working language switch on tag pages', async ({ page }) => {
    > 46 |     await page.goto('/tags/kitchen');
         |                ^
      47 |     
      48 |     // Переключаем на английский
      49 |     await page.click('text=EN');
        at C:\Users\Viktor\projects\repair-blog\tests\e2e\smoke.spec.ts:46:16

    attachment #1: screenshot (image/png) ──────────────────────────────────────────────────────────
    ..\..\test-results\smoke-Tag-Pages-should-hav-d0201-anguage-switch-on-tag-pages-firefox\test-failed-1.png
    ────────────────────────────────────────────────────────────────────────────────────────────────

    attachment #2: video (video/webm) ──────────────────────────────────────────────────────────────
    ..\..\test-results\smoke-Tag-Pages-should-hav-d0201-anguage-switch-on-tag-pages-firefox\video.webm
    ────────────────────────────────────────────────────────────────────────────────────────────────
]]>
</failure>
<system-out>
<![CDATA[
[[ATTACHMENT|smoke-Tag-Pages-should-hav-d0201-anguage-switch-on-tag-pages-firefox\test-failed-1.png]]

[[ATTACHMENT|smoke-Tag-Pages-should-hav-d0201-anguage-switch-on-tag-pages-firefox\video.webm]]
]]>
</system-out>
</testcase>
<testcase name="Calculators › should load budget calculator" classname="smoke.spec.ts" time="30.385">
<failure message="smoke.spec.ts:59:7 should load budget calculator" type="FAILURE">
<![CDATA[  [firefox] › smoke.spec.ts:59:7 › Calculators › should load budget calculator ─────────────────────

    Test timeout of 30000ms exceeded.

    Error: page.goto: Test timeout of 30000ms exceeded.
    Call log:
      - navigating to "http://localhost:3000/calculators/budget", waiting until "load"


      58 | test.describe('Calculators', () => {
      59 |   test('should load budget calculator', async ({ page }) => {
    > 60 |     await page.goto('/calculators/budget');
         |                ^
      61 |     await expect(page).toHaveTitle(/Планировщик бюджета/);
      62 |     
      63 |     // Проверяем, что калькулятор загрузился
        at C:\Users\Viktor\projects\repair-blog\tests\e2e\smoke.spec.ts:60:16

    attachment #1: screenshot (image/png) ──────────────────────────────────────────────────────────
    ..\..\test-results\smoke-Calculators-should-load-budget-calculator-firefox\test-failed-1.png
    ────────────────────────────────────────────────────────────────────────────────────────────────

    attachment #2: video (video/webm) ──────────────────────────────────────────────────────────────
    ..\..\test-results\smoke-Calculators-should-load-budget-calculator-firefox\video.webm
    ────────────────────────────────────────────────────────────────────────────────────────────────
]]>
</failure>
<system-out>
<![CDATA[
[[ATTACHMENT|smoke-Calculators-should-load-budget-calculator-firefox\test-failed-1.png]]

[[ATTACHMENT|smoke-Calculators-should-load-budget-calculator-firefox\video.webm]]
]]>
</system-out>
</testcase>
<testcase name="Calculators › should work budget calculator functionality" classname="smoke.spec.ts" time="30.255">
<failure message="smoke.spec.ts:68:7 should work budget calculator functionality" type="FAILURE">
<![CDATA[  [firefox] › smoke.spec.ts:68:7 › Calculators › should work budget calculator functionality ───────

    Test timeout of 30000ms exceeded.

    Error: page.goto: Test timeout of 30000ms exceeded.
    Call log:
      - navigating to "http://localhost:3000/calculators/budget", waiting until "load"


      67 |
      68 |   test('should work budget calculator functionality', async ({ page }) => {
    > 69 |     await page.goto('/calculators/budget');
         |                ^
      70 |     
      71 |     // Добавляем категорию
      72 |     await page.click('button:has-text("Добавить категорию")');
        at C:\Users\Viktor\projects\repair-blog\tests\e2e\smoke.spec.ts:69:16

    attachment #1: screenshot (image/png) ──────────────────────────────────────────────────────────
    ..\..\test-results\smoke-Calculators-should-w-b2c23-et-calculator-functionality-firefox\test-failed-1.png
    ────────────────────────────────────────────────────────────────────────────────────────────────

    attachment #2: video (video/webm) ──────────────────────────────────────────────────────────────
    ..\..\test-results\smoke-Calculators-should-w-b2c23-et-calculator-functionality-firefox\video.webm
    ────────────────────────────────────────────────────────────────────────────────────────────────
]]>
</failure>
<system-out>
<![CDATA[
[[ATTACHMENT|smoke-Calculators-should-w-b2c23-et-calculator-functionality-firefox\test-failed-1.png]]

[[ATTACHMENT|smoke-Calculators-should-w-b2c23-et-calculator-functionality-firefox\video.webm]]
]]>
</system-out>
</testcase>
<testcase name="Articles › should load article pages" classname="smoke.spec.ts" time="30.296">
<failure message="smoke.spec.ts:85:7 should load article pages" type="FAILURE">
<![CDATA[  [firefox] › smoke.spec.ts:85:7 › Articles › should load article pages ────────────────────────────

    Test timeout of 30000ms exceeded.

    Error: page.goto: Test timeout of 30000ms exceeded.
    Call log:
      - navigating to "http://localhost:3000/posts/remont-vannoy", waiting until "load"


      92 |     
      93 |     for (const article of articles) {
    > 94 |       await page.goto(article);
         |                  ^
      95 |       await expect(page).toHaveTitle(/Renohacks/);
      96 |       await expect(page.locator('article')).toBeVisible();
      97 |     }
        at C:\Users\Viktor\projects\repair-blog\tests\e2e\smoke.spec.ts:94:18

    attachment #1: screenshot (image/png) ──────────────────────────────────────────────────────────
    ..\..\test-results\smoke-Articles-should-load-article-pages-firefox\test-failed-1.png
    ────────────────────────────────────────────────────────────────────────────────────────────────

    attachment #2: video (video/webm) ──────────────────────────────────────────────────────────────
    ..\..\test-results\smoke-Articles-should-load-article-pages-firefox\video.webm
    ────────────────────────────────────────────────────────────────────────────────────────────────
]]>
</failure>
<system-out>
<![CDATA[
[[ATTACHMENT|smoke-Articles-should-load-article-pages-firefox\test-failed-1.png]]

[[ATTACHMENT|smoke-Articles-should-load-article-pages-firefox\video.webm]]
]]>
</system-out>
</testcase>
<testcase name="Articles › should have related posts section" classname="smoke.spec.ts" time="30.31">
<failure message="smoke.spec.ts:100:7 should have related posts section" type="FAILURE">
<![CDATA[  [firefox] › smoke.spec.ts:100:7 › Articles › should have related posts section ───────────────────

    Test timeout of 30000ms exceeded.

    Error: page.goto: Test timeout of 30000ms exceeded.
    Call log:
      - navigating to "http://localhost:3000/posts/remont-vannoy", waiting until "load"


       99 |
      100 |   test('should have related posts section', async ({ page }) => {
    > 101 |     await page.goto('/posts/remont-vannoy');
          |                ^
      102 |     
      103 |     // Проверяем блок "Читайте также"
      104 |     await expect(page.locator('text=Читайте также')).toBeVisible();
        at C:\Users\Viktor\projects\repair-blog\tests\e2e\smoke.spec.ts:101:16

    attachment #1: screenshot (image/png) ──────────────────────────────────────────────────────────
    ..\..\test-results\smoke-Articles-should-have-related-posts-section-firefox\test-failed-1.png
    ────────────────────────────────────────────────────────────────────────────────────────────────

    attachment #2: video (video/webm) ──────────────────────────────────────────────────────────────
    ..\..\test-results\smoke-Articles-should-have-related-posts-section-firefox\video.webm
    ────────────────────────────────────────────────────────────────────────────────────────────────
]]>
</failure>
<system-out>
<![CDATA[
[[ATTACHMENT|smoke-Articles-should-have-related-posts-section-firefox\test-failed-1.png]]

[[ATTACHMENT|smoke-Articles-should-have-related-posts-section-firefox\video.webm]]
]]>
</system-out>
</testcase>
<testcase name="Performance › should load quickly" classname="smoke.spec.ts" time="30.304">
<failure message="smoke.spec.ts:110:7 should load quickly" type="FAILURE">
<![CDATA[  [firefox] › smoke.spec.ts:110:7 › Performance › should load quickly ──────────────────────────────

    Test timeout of 30000ms exceeded.

    Error: page.goto: Test timeout of 30000ms exceeded.
    Call log:
      - navigating to "http://localhost:3000/", waiting until "load"


      110 |   test('should load quickly', async ({ page }) => {
      111 |     const startTime = Date.now();
    > 112 |     await page.goto('/');
          |                ^
      113 |     await page.waitForLoadState('networkidle');
      114 |     const loadTime = Date.now() - startTime;
      115 |     
        at C:\Users\Viktor\projects\repair-blog\tests\e2e\smoke.spec.ts:112:16

    attachment #1: screenshot (image/png) ──────────────────────────────────────────────────────────
    ..\..\test-results\smoke-Performance-should-load-quickly-firefox\test-failed-1.png
    ────────────────────────────────────────────────────────────────────────────────────────────────

    attachment #2: video (video/webm) ──────────────────────────────────────────────────────────────
    ..\..\test-results\smoke-Performance-should-load-quickly-firefox\video.webm
    ────────────────────────────────────────────────────────────────────────────────────────────────
]]>
</failure>
<system-out>
<![CDATA[
[[ATTACHMENT|smoke-Performance-should-load-quickly-firefox\test-failed-1.png]]

[[ATTACHMENT|smoke-Performance-should-load-quickly-firefox\video.webm]]
]]>
</system-out>
</testcase>
<testcase name="Mobile Responsiveness › should work on mobile" classname="smoke.spec.ts" time="30.248">
<failure message="smoke.spec.ts:122:7 should work on mobile" type="FAILURE">
<![CDATA[  [firefox] › smoke.spec.ts:122:7 › Mobile Responsiveness › should work on mobile ──────────────────

    Test timeout of 30000ms exceeded.

    Error: page.goto: Test timeout of 30000ms exceeded.
    Call log:
      - navigating to "http://localhost:3000/", waiting until "load"


      122 |   test('should work on mobile', async ({ page }) => {
      123 |     await page.setViewportSize({ width: 375, height: 667 });
    > 124 |     await page.goto('/');
          |                ^
      125 |     
      126 |     // Проверяем мобильное меню
      127 |     await page.click('button[aria-label*="меню"]');
        at C:\Users\Viktor\projects\repair-blog\tests\e2e\smoke.spec.ts:124:16

    attachment #1: screenshot (image/png) ──────────────────────────────────────────────────────────
    ..\..\test-results\smoke-Mobile-Responsiveness-should-work-on-mobile-firefox\test-failed-1.png
    ────────────────────────────────────────────────────────────────────────────────────────────────

    attachment #2: video (video/webm) ──────────────────────────────────────────────────────────────
    ..\..\test-results\smoke-Mobile-Responsiveness-should-work-on-mobile-firefox\video.webm
    ────────────────────────────────────────────────────────────────────────────────────────────────
]]>
</failure>
<system-out>
<![CDATA[
[[ATTACHMENT|smoke-Mobile-Responsiveness-should-work-on-mobile-firefox\test-failed-1.png]]

[[ATTACHMENT|smoke-Mobile-Responsiveness-should-work-on-mobile-firefox\video.webm]]
]]>
</system-out>
</testcase>
</testsuite>
<testsuite name="ui\responsiveness.spec.ts" timestamp="2025-11-26T12:11:41.906Z" hostname="firefox" tests="13" failures="13" skipped="0" time="393.319" errors="0">
<testcase name="UI and Responsiveness Tests › Responsive Layout › should display correctly on Mobile" classname="ui\responsiveness.spec.ts" time="30.296">
<failure message="responsiveness.spec.ts:13:11 should display correctly on Mobile" type="FAILURE">
<![CDATA[  [firefox] › ui\responsiveness.spec.ts:13:11 › UI and Responsiveness Tests › Responsive Layout › should display correctly on Mobile 

    Test timeout of 30000ms exceeded.

    Error: page.goto: Test timeout of 30000ms exceeded.
    Call log:
      - navigating to "http://localhost:3000/", waiting until "load"


      13 |       test(`should display correctly on ${viewport.name}`, async ({ page }) => {
      14 |         await page.setViewportSize({ width: viewport.width, height: viewport.height });
    > 15 |         await page.goto('/');
         |                    ^
      16 |         
      17 |         // Проверяем, что основные элементы видны
      18 |         await expect(page.locator('h1')).toBeVisible();
        at C:\Users\Viktor\projects\repair-blog\tests\e2e\ui\responsiveness.spec.ts:15:20

    attachment #1: screenshot (image/png) ──────────────────────────────────────────────────────────
    ..\..\test-results\ui-responsiveness-UI-and-R-2cd74-display-correctly-on-Mobile-firefox\test-failed-1.png
    ────────────────────────────────────────────────────────────────────────────────────────────────

    attachment #2: video (video/webm) ──────────────────────────────────────────────────────────────
    ..\..\test-results\ui-responsiveness-UI-and-R-2cd74-display-correctly-on-Mobile-firefox\video.webm
    ────────────────────────────────────────────────────────────────────────────────────────────────
]]>
</failure>
<system-out>
<![CDATA[
[[ATTACHMENT|ui-responsiveness-UI-and-R-2cd74-display-correctly-on-Mobile-firefox\test-failed-1.png]]

[[ATTACHMENT|ui-responsiveness-UI-and-R-2cd74-display-correctly-on-Mobile-firefox\video.webm]]
]]>
</system-out>
</testcase>
<testcase name="UI and Responsiveness Tests › Responsive Layout › should display correctly on Tablet" classname="ui\responsiveness.spec.ts" time="30.244">
<failure message="responsiveness.spec.ts:13:11 should display correctly on Tablet" type="FAILURE">
<![CDATA[  [firefox] › ui\responsiveness.spec.ts:13:11 › UI and Responsiveness Tests › Responsive Layout › should display correctly on Tablet 

    Test timeout of 30000ms exceeded.

    Error: page.goto: Test timeout of 30000ms exceeded.
    Call log:
      - navigating to "http://localhost:3000/", waiting until "load"


      13 |       test(`should display correctly on ${viewport.name}`, async ({ page }) => {
      14 |         await page.setViewportSize({ width: viewport.width, height: viewport.height });
    > 15 |         await page.goto('/');
         |                    ^
      16 |         
      17 |         // Проверяем, что основные элементы видны
      18 |         await expect(page.locator('h1')).toBeVisible();
        at C:\Users\Viktor\projects\repair-blog\tests\e2e\ui\responsiveness.spec.ts:15:20

    attachment #1: screenshot (image/png) ──────────────────────────────────────────────────────────
    ..\..\test-results\ui-responsiveness-UI-and-R-3e328-display-correctly-on-Tablet-firefox\test-failed-1.png
    ────────────────────────────────────────────────────────────────────────────────────────────────

    attachment #2: video (video/webm) ──────────────────────────────────────────────────────────────
    ..\..\test-results\ui-responsiveness-UI-and-R-3e328-display-correctly-on-Tablet-firefox\video.webm
    ────────────────────────────────────────────────────────────────────────────────────────────────
]]>
</failure>
<system-out>
<![CDATA[
[[ATTACHMENT|ui-responsiveness-UI-and-R-3e328-display-correctly-on-Tablet-firefox\test-failed-1.png]]

[[ATTACHMENT|ui-responsiveness-UI-and-R-3e328-display-correctly-on-Tablet-firefox\video.webm]]
]]>
</system-out>
</testcase>
<testcase name="UI and Responsiveness Tests › Responsive Layout › should display correctly on Desktop" classname="ui\responsiveness.spec.ts" time="30.304">
<failure message="responsiveness.spec.ts:13:11 should display correctly on Desktop" type="FAILURE">
<![CDATA[  [firefox] › ui\responsiveness.spec.ts:13:11 › UI and Responsiveness Tests › Responsive Layout › should display correctly on Desktop 

    Test timeout of 30000ms exceeded.

    Error: page.goto: Test timeout of 30000ms exceeded.
    Call log:
      - navigating to "http://localhost:3000/", waiting until "load"


      13 |       test(`should display correctly on ${viewport.name}`, async ({ page }) => {
      14 |         await page.setViewportSize({ width: viewport.width, height: viewport.height });
    > 15 |         await page.goto('/');
         |                    ^
      16 |         
      17 |         // Проверяем, что основные элементы видны
      18 |         await expect(page.locator('h1')).toBeVisible();
        at C:\Users\Viktor\projects\repair-blog\tests\e2e\ui\responsiveness.spec.ts:15:20

    attachment #1: screenshot (image/png) ──────────────────────────────────────────────────────────
    ..\..\test-results\ui-responsiveness-UI-and-R-205be-isplay-correctly-on-Desktop-firefox\test-failed-1.png
    ────────────────────────────────────────────────────────────────────────────────────────────────

    attachment #2: video (video/webm) ──────────────────────────────────────────────────────────────
    ..\..\test-results\ui-responsiveness-UI-and-R-205be-isplay-correctly-on-Desktop-firefox\video.webm
    ────────────────────────────────────────────────────────────────────────────────────────────────
]]>
</failure>
<system-out>
<![CDATA[
[[ATTACHMENT|ui-responsiveness-UI-and-R-205be-isplay-correctly-on-Desktop-firefox\test-failed-1.png]]

[[ATTACHMENT|ui-responsiveness-UI-and-R-205be-isplay-correctly-on-Desktop-firefox\video.webm]]
]]>
</system-out>
</testcase>
<testcase name="UI and Responsiveness Tests › Responsive Layout › should display correctly on Large Desktop" classname="ui\responsiveness.spec.ts" time="30.241">
<failure message="responsiveness.spec.ts:13:11 should display correctly on Large Desktop" type="FAILURE">
<![CDATA[  [firefox] › ui\responsiveness.spec.ts:13:11 › UI and Responsiveness Tests › Responsive Layout › should display correctly on Large Desktop 

    Test timeout of 30000ms exceeded.

    Error: page.goto: Test timeout of 30000ms exceeded.
    Call log:
      - navigating to "http://localhost:3000/", waiting until "load"


      13 |       test(`should display correctly on ${viewport.name}`, async ({ page }) => {
      14 |         await page.setViewportSize({ width: viewport.width, height: viewport.height });
    > 15 |         await page.goto('/');
         |                    ^
      16 |         
      17 |         // Проверяем, что основные элементы видны
      18 |         await expect(page.locator('h1')).toBeVisible();
        at C:\Users\Viktor\projects\repair-blog\tests\e2e\ui\responsiveness.spec.ts:15:20

    attachment #1: screenshot (image/png) ──────────────────────────────────────────────────────────
    ..\..\test-results\ui-responsiveness-UI-and-R-8995e--correctly-on-Large-Desktop-firefox\test-failed-1.png
    ────────────────────────────────────────────────────────────────────────────────────────────────

    attachment #2: video (video/webm) ──────────────────────────────────────────────────────────────
    ..\..\test-results\ui-responsiveness-UI-and-R-8995e--correctly-on-Large-Desktop-firefox\video.webm
    ────────────────────────────────────────────────────────────────────────────────────────────────
]]>
</failure>
<system-out>
<![CDATA[
[[ATTACHMENT|ui-responsiveness-UI-and-R-8995e--correctly-on-Large-Desktop-firefox\test-failed-1.png]]

[[ATTACHMENT|ui-responsiveness-UI-and-R-8995e--correctly-on-Large-Desktop-firefox\video.webm]]
]]>
</system-out>
</testcase>
<testcase name="UI and Responsiveness Tests › Theme Switcher › should switch themes correctly" classname="ui\responsiveness.spec.ts" time="30.291">
<failure message="responsiveness.spec.ts:34:9 should switch themes correctly" type="FAILURE">
<![CDATA[  [firefox] › ui\responsiveness.spec.ts:34:9 › UI and Responsiveness Tests › Theme Switcher › should switch themes correctly 

    Test timeout of 30000ms exceeded.

    Error: page.goto: Test timeout of 30000ms exceeded.
    Call log:
      - navigating to "http://localhost:3000/", waiting until "load"


      33 |   test.describe('Theme Switcher', () => {
      34 |     test('should switch themes correctly', async ({ page }) => {
    > 35 |       await page.goto('/');
         |                  ^
      36 |       
      37 |       // Проверяем начальную тему
      38 |       const html = page.locator('html');
        at C:\Users\Viktor\projects\repair-blog\tests\e2e\ui\responsiveness.spec.ts:35:18

    attachment #1: screenshot (image/png) ──────────────────────────────────────────────────────────
    ..\..\test-results\ui-responsiveness-UI-and-R-f4d86-uld-switch-themes-correctly-firefox\test-failed-1.png
    ────────────────────────────────────────────────────────────────────────────────────────────────

    attachment #2: video (video/webm) ──────────────────────────────────────────────────────────────
    ..\..\test-results\ui-responsiveness-UI-and-R-f4d86-uld-switch-themes-correctly-firefox\video.webm
    ────────────────────────────────────────────────────────────────────────────────────────────────
]]>
</failure>
<system-out>
<![CDATA[
[[ATTACHMENT|ui-responsiveness-UI-and-R-f4d86-uld-switch-themes-correctly-firefox\test-failed-1.png]]

[[ATTACHMENT|ui-responsiveness-UI-and-R-f4d86-uld-switch-themes-correctly-firefox\video.webm]]
]]>
</system-out>
</testcase>
<testcase name="UI and Responsiveness Tests › Theme Switcher › should have all theme options" classname="ui\responsiveness.spec.ts" time="30.272">
<failure message="responsiveness.spec.ts:54:9 should have all theme options" type="FAILURE">
<![CDATA[  [firefox] › ui\responsiveness.spec.ts:54:9 › UI and Responsiveness Tests › Theme Switcher › should have all theme options 

    Test timeout of 30000ms exceeded.

    Error: page.goto: Test timeout of 30000ms exceeded.
    Call log:
      - navigating to "http://localhost:3000/", waiting until "load"


      53 |
      54 |     test('should have all theme options', async ({ page }) => {
    > 55 |       await page.goto('/');
         |                  ^
      56 |       
      57 |       // Открываем переключатель тем
      58 |       await page.click('[aria-label*="тему"], [aria-label*="theme"]');
        at C:\Users\Viktor\projects\repair-blog\tests\e2e\ui\responsiveness.spec.ts:55:18

    attachment #1: screenshot (image/png) ──────────────────────────────────────────────────────────
    ..\..\test-results\ui-responsiveness-UI-and-R-b43b1-ould-have-all-theme-options-firefox\test-failed-1.png
    ────────────────────────────────────────────────────────────────────────────────────────────────

    attachment #2: video (video/webm) ──────────────────────────────────────────────────────────────
    ..\..\test-results\ui-responsiveness-UI-and-R-b43b1-ould-have-all-theme-options-firefox\video.webm
    ────────────────────────────────────────────────────────────────────────────────────────────────
]]>
</failure>
<system-out>
<![CDATA[
[[ATTACHMENT|ui-responsiveness-UI-and-R-b43b1-ould-have-all-theme-options-firefox\test-failed-1.png]]

[[ATTACHMENT|ui-responsiveness-UI-and-R-b43b1-ould-have-all-theme-options-firefox\video.webm]]
]]>
</system-out>
</testcase>
<testcase name="UI and Responsiveness Tests › Mobile Navigation › should have working mobile menu" classname="ui\responsiveness.spec.ts" time="30.336">
<failure message="responsiveness.spec.ts:71:9 should have working mobile menu" type="FAILURE">
<![CDATA[  [firefox] › ui\responsiveness.spec.ts:71:9 › UI and Responsiveness Tests › Mobile Navigation › should have working mobile menu 

    Test timeout of 30000ms exceeded.

    Error: page.goto: Test timeout of 30000ms exceeded.
    Call log:
      - navigating to "http://localhost:3000/", waiting until "load"


      71 |     test('should have working mobile menu', async ({ page }) => {
      72 |       await page.setViewportSize({ width: 375, height: 667 });
    > 73 |       await page.goto('/');
         |                  ^
      74 |       
      75 |       // Ищем кнопку мобильного меню
      76 |       const mobileMenuButton = page.locator('[aria-label*="меню"], [aria-label*="menu"]').first();
        at C:\Users\Viktor\projects\repair-blog\tests\e2e\ui\responsiveness.spec.ts:73:18

    attachment #1: screenshot (image/png) ──────────────────────────────────────────────────────────
    ..\..\test-results\ui-responsiveness-UI-and-R-678fe-ld-have-working-mobile-menu-firefox\test-failed-1.png
    ────────────────────────────────────────────────────────────────────────────────────────────────

    attachment #2: video (video/webm) ──────────────────────────────────────────────────────────────
    ..\..\test-results\ui-responsiveness-UI-and-R-678fe-ld-have-working-mobile-menu-firefox\video.webm
    ────────────────────────────────────────────────────────────────────────────────────────────────
]]>
</failure>
<system-out>
<![CDATA[
[[ATTACHMENT|ui-responsiveness-UI-and-R-678fe-ld-have-working-mobile-menu-firefox\test-failed-1.png]]

[[ATTACHMENT|ui-responsiveness-UI-and-R-678fe-ld-have-working-mobile-menu-firefox\video.webm]]
]]>
</system-out>
</testcase>
<testcase name="UI and Responsiveness Tests › Interactive Elements › should have working hover effects" classname="ui\responsiveness.spec.ts" time="30.181">
<failure message="responsiveness.spec.ts:102:9 should have working hover effects" type="FAILURE">
<![CDATA[  [firefox] › ui\responsiveness.spec.ts:102:9 › UI and Responsiveness Tests › Interactive Elements › should have working hover effects 

    Test timeout of 30000ms exceeded.

    Error: page.goto: Test timeout of 30000ms exceeded.
    Call log:
      - navigating to "http://localhost:3000/", waiting until "load"


      101 |   test.describe('Interactive Elements', () => {
      102 |     test('should have working hover effects', async ({ page }) => {
    > 103 |       await page.goto('/');
          |                  ^
      104 |       
      105 |       // Проверяем hover эффекты на ссылках
      106 |       const links = page.locator('a').first();
        at C:\Users\Viktor\projects\repair-blog\tests\e2e\ui\responsiveness.spec.ts:103:18

    attachment #1: screenshot (image/png) ──────────────────────────────────────────────────────────
    ..\..\test-results\ui-responsiveness-UI-and-R-b9ca3--have-working-hover-effects-firefox\test-failed-1.png
    ────────────────────────────────────────────────────────────────────────────────────────────────

    attachment #2: video (video/webm) ──────────────────────────────────────────────────────────────
    ..\..\test-results\ui-responsiveness-UI-and-R-b9ca3--have-working-hover-effects-firefox\video.webm
    ────────────────────────────────────────────────────────────────────────────────────────────────
]]>
</failure>
<system-out>
<![CDATA[
[[ATTACHMENT|ui-responsiveness-UI-and-R-b9ca3--have-working-hover-effects-firefox\test-failed-1.png]]

[[ATTACHMENT|ui-responsiveness-UI-and-R-b9ca3--have-working-hover-effects-firefox\video.webm]]
]]>
</system-out>
</testcase>
<testcase name="UI and Responsiveness Tests › Interactive Elements › should have visible SVG icons" classname="ui\responsiveness.spec.ts" time="30.198">
<failure message="responsiveness.spec.ts:113:9 should have visible SVG icons" type="FAILURE">
<![CDATA[  [firefox] › ui\responsiveness.spec.ts:113:9 › UI and Responsiveness Tests › Interactive Elements › should have visible SVG icons 

    Test timeout of 30000ms exceeded.

    Error: page.goto: Test timeout of 30000ms exceeded.
    Call log:
      - navigating to "http://localhost:3000/", waiting until "load"


      112 |
      113 |     test('should have visible SVG icons', async ({ page }) => {
    > 114 |       await page.goto('/');
          |                  ^
      115 |       
      116 |       // Проверяем SVG иконки
      117 |       const svgIcons = page.locator('svg');
        at C:\Users\Viktor\projects\repair-blog\tests\e2e\ui\responsiveness.spec.ts:114:18

    attachment #1: screenshot (image/png) ──────────────────────────────────────────────────────────
    ..\..\test-results\ui-responsiveness-UI-and-R-a5e10-ould-have-visible-SVG-icons-firefox\test-failed-1.png
    ────────────────────────────────────────────────────────────────────────────────────────────────

    attachment #2: video (video/webm) ──────────────────────────────────────────────────────────────
    ..\..\test-results\ui-responsiveness-UI-and-R-a5e10-ould-have-visible-SVG-icons-firefox\video.webm
    ────────────────────────────────────────────────────────────────────────────────────────────────
]]>
</failure>
<system-out>
<![CDATA[
[[ATTACHMENT|ui-responsiveness-UI-and-R-a5e10-ould-have-visible-SVG-icons-firefox\test-failed-1.png]]

[[ATTACHMENT|ui-responsiveness-UI-and-R-a5e10-ould-have-visible-SVG-icons-firefox\video.webm]]
]]>
</system-out>
</testcase>
<testcase name="UI and Responsiveness Tests › Interactive Elements › should have proper focus indicators" classname="ui\responsiveness.spec.ts" time="30.257">
<failure message="responsiveness.spec.ts:132:9 should have proper focus indicators" type="FAILURE">
<![CDATA[  [firefox] › ui\responsiveness.spec.ts:132:9 › UI and Responsiveness Tests › Interactive Elements › should have proper focus indicators 

    Test timeout of 30000ms exceeded.

    Error: page.goto: Test timeout of 30000ms exceeded.
    Call log:
      - navigating to "http://localhost:3000/", waiting until "load"


      131 |
      132 |     test('should have proper focus indicators', async ({ page }) => {
    > 133 |       await page.goto('/');
          |                  ^
      134 |       
      135 |       // Проверяем фокус на первой ссылке
      136 |       const firstLink = page.locator('a').first();
        at C:\Users\Viktor\projects\repair-blog\tests\e2e\ui\responsiveness.spec.ts:133:18

    attachment #1: screenshot (image/png) ──────────────────────────────────────────────────────────
    ..\..\test-results\ui-responsiveness-UI-and-R-c31b3-ave-proper-focus-indicators-firefox\test-failed-1.png
    ────────────────────────────────────────────────────────────────────────────────────────────────

    attachment #2: video (video/webm) ──────────────────────────────────────────────────────────────
    ..\..\test-results\ui-responsiveness-UI-and-R-c31b3-ave-proper-focus-indicators-firefox\video.webm
    ────────────────────────────────────────────────────────────────────────────────────────────────
]]>
</failure>
<system-out>
<![CDATA[
[[ATTACHMENT|ui-responsiveness-UI-and-R-c31b3-ave-proper-focus-indicators-firefox\test-failed-1.png]]

[[ATTACHMENT|ui-responsiveness-UI-and-R-c31b3-ave-proper-focus-indicators-firefox\video.webm]]
]]>
</system-out>
</testcase>
<testcase name="UI and Responsiveness Tests › Content Layout › should have proper content spacing" classname="ui\responsiveness.spec.ts" time="30.254">
<failure message="responsiveness.spec.ts:145:9 should have proper content spacing" type="FAILURE">
<![CDATA[  [firefox] › ui\responsiveness.spec.ts:145:9 › UI and Responsiveness Tests › Content Layout › should have proper content spacing 

    Test timeout of 30000ms exceeded.

    Error: page.goto: Test timeout of 30000ms exceeded.
    Call log:
      - navigating to "http://localhost:3000/posts/remont-vannoy", waiting until "load"


      144 |   test.describe('Content Layout', () => {
      145 |     test('should have proper content spacing', async ({ page }) => {
    > 146 |       await page.goto('/posts/remont-vannoy');
          |                  ^
      147 |       
      148 |       // Проверяем, что контент не прилипает к краям
      149 |       const content = page.locator('main, article');
        at C:\Users\Viktor\projects\repair-blog\tests\e2e\ui\responsiveness.spec.ts:146:18

    attachment #1: screenshot (image/png) ──────────────────────────────────────────────────────────
    ..\..\test-results\ui-responsiveness-UI-and-R-e8ae8-have-proper-content-spacing-firefox\test-failed-1.png
    ────────────────────────────────────────────────────────────────────────────────────────────────

    attachment #2: video (video/webm) ──────────────────────────────────────────────────────────────
    ..\..\test-results\ui-responsiveness-UI-and-R-e8ae8-have-proper-content-spacing-firefox\video.webm
    ────────────────────────────────────────────────────────────────────────────────────────────────
]]>
</failure>
<system-out>
<![CDATA[
[[ATTACHMENT|ui-responsiveness-UI-and-R-e8ae8-have-proper-content-spacing-firefox\test-failed-1.png]]

[[ATTACHMENT|ui-responsiveness-UI-and-R-e8ae8-have-proper-content-spacing-firefox\video.webm]]
]]>
</system-out>
</testcase>
<testcase name="UI and Responsiveness Tests › Content Layout › should have readable typography" classname="ui\responsiveness.spec.ts" time="30.21">
<failure message="responsiveness.spec.ts:158:9 should have readable typography" type="FAILURE">
<![CDATA[  [firefox] › ui\responsiveness.spec.ts:158:9 › UI and Responsiveness Tests › Content Layout › should have readable typography 

    Test timeout of 30000ms exceeded.

    Error: page.goto: Test timeout of 30000ms exceeded.
    Call log:
      - navigating to "http://localhost:3000/posts/remont-vannoy", waiting until "load"


      157 |
      158 |     test('should have readable typography', async ({ page }) => {
    > 159 |       await page.goto('/posts/remont-vannoy');
          |                  ^
      160 |       
      161 |       // Проверяем заголовки
      162 |       const h1 = page.locator('h1').first();
        at C:\Users\Viktor\projects\repair-blog\tests\e2e\ui\responsiveness.spec.ts:159:18

    attachment #1: screenshot (image/png) ──────────────────────────────────────────────────────────
    ..\..\test-results\ui-responsiveness-UI-and-R-6a92d-ld-have-readable-typography-firefox\test-failed-1.png
    ────────────────────────────────────────────────────────────────────────────────────────────────

    attachment #2: video (video/webm) ──────────────────────────────────────────────────────────────
    ..\..\test-results\ui-responsiveness-UI-and-R-6a92d-ld-have-readable-typography-firefox\video.webm
    ────────────────────────────────────────────────────────────────────────────────────────────────
]]>
</failure>
<system-out>
<![CDATA[
[[ATTACHMENT|ui-responsiveness-UI-and-R-6a92d-ld-have-readable-typography-firefox\test-failed-1.png]]

[[ATTACHMENT|ui-responsiveness-UI-and-R-6a92d-ld-have-readable-typography-firefox\video.webm]]
]]>
</system-out>
</testcase>
<testcase name="UI and Responsiveness Tests › New Badge › should show new badge for recent articles" classname="ui\responsiveness.spec.ts" time="30.235">
<failure message="responsiveness.spec.ts:180:9 should show new badge for recent articles" type="FAILURE">
<![CDATA[  [firefox] › ui\responsiveness.spec.ts:180:9 › UI and Responsiveness Tests › New Badge › should show new badge for recent articles 

    Test timeout of 30000ms exceeded.

    Error: page.goto: Test timeout of 30000ms exceeded.
    Call log:
      - navigating to "http://localhost:3000/", waiting until "load"


      179 |   test.describe('New Badge', () => {
      180 |     test('should show new badge for recent articles', async ({ page }) => {
    > 181 |       await page.goto('/');
          |                  ^
      182 |       
      183 |       // Ищем статьи с бейджем "New"
      184 |       const newBadges = page.locator('text=New, text=Новое');
        at C:\Users\Viktor\projects\repair-blog\tests\e2e\ui\responsiveness.spec.ts:181:18

    attachment #1: screenshot (image/png) ──────────────────────────────────────────────────────────
    ..\..\test-results\ui-responsiveness-UI-and-R-241d8-w-badge-for-recent-articles-firefox\test-failed-1.png
    ────────────────────────────────────────────────────────────────────────────────────────────────

    attachment #2: video (video/webm) ──────────────────────────────────────────────────────────────
    ..\..\test-results\ui-responsiveness-UI-and-R-241d8-w-badge-for-recent-articles-firefox\video.webm
    ────────────────────────────────────────────────────────────────────────────────────────────────
]]>
</failure>
<system-out>
<![CDATA[
[[ATTACHMENT|ui-responsiveness-UI-and-R-241d8-w-badge-for-recent-articles-firefox\test-failed-1.png]]

[[ATTACHMENT|ui-responsiveness-UI-and-R-241d8-w-badge-for-recent-articles-firefox\video.webm]]
]]>
</system-out>
</testcase>
</testsuite>
<testsuite name="critical.spec.ts" timestamp="2025-11-26T12:11:41.906Z" hostname="webkit" tests="3" failures="3" skipped="0" time="91.226" errors="0">
<testcase name="Critical Path Tests › should load homepage and navigate to all main sections" classname="critical.spec.ts" time="30.456">
<failure message="critical.spec.ts:4:7 should load homepage and navigate to all main sections" type="FAILURE">
<![CDATA[  [webkit] › critical.spec.ts:4:7 › Critical Path Tests › should load homepage and navigate to all main sections 

    Test timeout of 30000ms exceeded.

    Error: page.goto: Test timeout of 30000ms exceeded.
    Call log:
      - navigating to "http://localhost:3000/", waiting until "load"


      4 |   test('should load homepage and navigate to all main sections', async ({ page }) => {
      5 |     // Главная страница
    > 6 |     await page.goto('/');
        |                ^
      7 |     await expect(page).toHaveTitle(/Renohacks/);
      8 |     
      9 |     // Проверяем все основные ссылки
        at C:\Users\Viktor\projects\repair-blog\tests\e2e\critical.spec.ts:6:16

    attachment #1: screenshot (image/png) ──────────────────────────────────────────────────────────
    ..\..\test-results\critical-Critical-Path-Tes-6a4d0-vigate-to-all-main-sections-webkit\test-failed-1.png
    ────────────────────────────────────────────────────────────────────────────────────────────────

    attachment #2: video (video/webm) ──────────────────────────────────────────────────────────────
    ..\..\test-results\critical-Critical-Path-Tes-6a4d0-vigate-to-all-main-sections-webkit\video.webm
    ────────────────────────────────────────────────────────────────────────────────────────────────
]]>
</failure>
<system-out>
<![CDATA[
[[ATTACHMENT|critical-Critical-Path-Tes-6a4d0-vigate-to-all-main-sections-webkit\test-failed-1.png]]

[[ATTACHMENT|critical-Critical-Path-Tes-6a4d0-vigate-to-all-main-sections-webkit\video.webm]]
]]>
</system-out>
</testcase>
<testcase name="Critical Path Tests › should test budget calculator functionality" classname="critical.spec.ts" time="30.368">
<failure message="critical.spec.ts:24:7 should test budget calculator functionality" type="FAILURE">
<![CDATA[  [webkit] › critical.spec.ts:24:7 › Critical Path Tests › should test budget calculator functionality 

    Test timeout of 30000ms exceeded.

    Error: page.goto: Test timeout of 30000ms exceeded.
    Call log:
      - navigating to "http://localhost:3000/calculators/budget", waiting until "load"


      23 |
      24 |   test('should test budget calculator functionality', async ({ page }) => {
    > 25 |     await page.goto('/calculators/budget');
         |                ^
      26 |     
      27 |     // Добавляем категорию
      28 |     await page.click('button:has-text("Добавить категорию")');
        at C:\Users\Viktor\projects\repair-blog\tests\e2e\critical.spec.ts:25:16

    attachment #1: screenshot (image/png) ──────────────────────────────────────────────────────────
    ..\..\test-results\critical-Critical-Path-Tes-efadc-et-calculator-functionality-webkit\test-failed-1.png
    ────────────────────────────────────────────────────────────────────────────────────────────────

    attachment #2: video (video/webm) ──────────────────────────────────────────────────────────────
    ..\..\test-results\critical-Critical-Path-Tes-efadc-et-calculator-functionality-webkit\video.webm
    ────────────────────────────────────────────────────────────────────────────────────────────────
]]>
</failure>
<system-out>
<![CDATA[
[[ATTACHMENT|critical-Critical-Path-Tes-efadc-et-calculator-functionality-webkit\test-failed-1.png]]

[[ATTACHMENT|critical-Critical-Path-Tes-efadc-et-calculator-functionality-webkit\video.webm]]
]]>
</system-out>
</testcase>
<testcase name="Critical Path Tests › should test language switching" classname="critical.spec.ts" time="30.402">
<failure message="critical.spec.ts:39:7 should test language switching" type="FAILURE">
<![CDATA[  [webkit] › critical.spec.ts:39:7 › Critical Path Tests › should test language switching ──────────

    Test timeout of 30000ms exceeded.

    Error: page.goto: Test timeout of 30000ms exceeded.
    Call log:
      - navigating to "http://localhost:3000/", waiting until "load"


      38 |
      39 |   test('should test language switching', async ({ page }) => {
    > 40 |     await page.goto('/');
         |                ^
      41 |     
      42 |     // Переключаем на английский
      43 |     await page.click('text=EN');
        at C:\Users\Viktor\projects\repair-blog\tests\e2e\critical.spec.ts:40:16

    attachment #1: screenshot (image/png) ──────────────────────────────────────────────────────────
    ..\..\test-results\critical-Critical-Path-Tests-should-test-language-switching-webkit\test-failed-1.png
    ────────────────────────────────────────────────────────────────────────────────────────────────

    attachment #2: video (video/webm) ──────────────────────────────────────────────────────────────
    ..\..\test-results\critical-Critical-Path-Tests-should-test-language-switching-webkit\video.webm
    ────────────────────────────────────────────────────────────────────────────────────────────────
]]>
</failure>
<system-out>
<![CDATA[
[[ATTACHMENT|critical-Critical-Path-Tests-should-test-language-switching-webkit\test-failed-1.png]]

[[ATTACHMENT|critical-Critical-Path-Tests-should-test-language-switching-webkit\video.webm]]
]]>
</system-out>
</testcase>
</testsuite>
<testsuite name="functional\calculators.spec.ts" timestamp="2025-11-26T12:11:41.906Z" hostname="webkit" tests="9" failures="9" skipped="0" time="273.388" errors="0">
<testcase name="Functional Tests - Calculators › Renovation Budget Planner (RU) › should add and remove categories correctly" classname="functional\calculators.spec.ts" time="30.301">
<failure message="calculators.spec.ts:5:9 should add and remove categories correctly" type="FAILURE">
<![CDATA[  [webkit] › functional\calculators.spec.ts:5:9 › Functional Tests - Calculators › Renovation Budget Planner (RU) › should add and remove categories correctly 

    Test timeout of 30000ms exceeded.

    Error: page.goto: Test timeout of 30000ms exceeded.
    Call log:
      - navigating to "http://localhost:3000/calculators/budget", waiting until "load"


      4 |   test.describe('Renovation Budget Planner (RU)', () => {
      5 |     test('should add and remove categories correctly', async ({ page }) => {
    > 6 |       await page.goto('/calculators/budget');
        |                  ^
      7 |
      8 |       // Начально один элемент сметы
      9 |       const items = page.locator('[data-testid="expense-item"]');
        at C:\Users\Viktor\projects\repair-blog\tests\e2e\functional\calculators.spec.ts:6:18

    attachment #1: screenshot (image/png) ──────────────────────────────────────────────────────────
    ..\..\test-results\functional-calculators-Fun-b6d57-remove-categories-correctly-webkit\test-failed-1.png
    ────────────────────────────────────────────────────────────────────────────────────────────────

    attachment #2: video (video/webm) ──────────────────────────────────────────────────────────────
    ..\..\test-results\functional-calculators-Fun-b6d57-remove-categories-correctly-webkit\video.webm
    ────────────────────────────────────────────────────────────────────────────────────────────────
]]>
</failure>
<system-out>
<![CDATA[
[[ATTACHMENT|functional-calculators-Fun-b6d57-remove-categories-correctly-webkit\test-failed-1.png]]

[[ATTACHMENT|functional-calculators-Fun-b6d57-remove-categories-correctly-webkit\video.webm]]
]]>
</system-out>
</testcase>
<testcase name="Functional Tests - Calculators › Renovation Budget Planner (RU) › should calculate total correctly with zero reserve" classname="functional\calculators.spec.ts" time="30.46">
<failure message="calculators.spec.ts:22:9 should calculate total correctly with zero reserve" type="FAILURE">
<![CDATA[  [webkit] › functional\calculators.spec.ts:22:9 › Functional Tests - Calculators › Renovation Budget Planner (RU) › should calculate total correctly with zero reserve 

    Test timeout of 30000ms exceeded.

    Error: page.goto: Test timeout of 30000ms exceeded.
    Call log:
      - navigating to "http://localhost:3000/calculators/budget", waiting until "load"


      21 |
      22 |     test('should calculate total correctly with zero reserve', async ({ page }) => {
    > 23 |       await page.goto('/calculators/budget');
         |                  ^
      24 |
      25 |       // Ставим резерв 0%, чтобы итог = сумме
      26 |       await page.getByRole('spinbutton').nth(1).fill('0');
        at C:\Users\Viktor\projects\repair-blog\tests\e2e\functional\calculators.spec.ts:23:18

    attachment #1: screenshot (image/png) ──────────────────────────────────────────────────────────
    ..\..\test-results\functional-calculators-Fun-f7d5e-correctly-with-zero-reserve-webkit\test-failed-1.png
    ────────────────────────────────────────────────────────────────────────────────────────────────

    attachment #2: video (video/webm) ──────────────────────────────────────────────────────────────
    ..\..\test-results\functional-calculators-Fun-f7d5e-correctly-with-zero-reserve-webkit\video.webm
    ────────────────────────────────────────────────────────────────────────────────────────────────
]]>
</failure>
<system-out>
<![CDATA[
[[ATTACHMENT|functional-calculators-Fun-f7d5e-correctly-with-zero-reserve-webkit\test-failed-1.png]]

[[ATTACHMENT|functional-calculators-Fun-f7d5e-correctly-with-zero-reserve-webkit\video.webm]]
]]>
</system-out>
</testcase>
<testcase name="Functional Tests - Calculators › Renovation Budget Planner (RU) › should handle reserve percentage correctly" classname="functional\calculators.spec.ts" time="30.319">
<failure message="calculators.spec.ts:47:9 should handle reserve percentage correctly" type="FAILURE">
<![CDATA[  [webkit] › functional\calculators.spec.ts:47:9 › Functional Tests - Calculators › Renovation Budget Planner (RU) › should handle reserve percentage correctly 

    Test timeout of 30000ms exceeded.

    Error: page.goto: Test timeout of 30000ms exceeded.
    Call log:
      - navigating to "http://localhost:3000/calculators/budget", waiting until "load"


      46 |
      47 |     test('should handle reserve percentage correctly', async ({ page }) => {
    > 48 |       await page.goto('/calculators/budget');
         |                  ^
      49 |
      50 |       // Стоимость 100 000, резерв 10%
      51 |       await page.locator('input[placeholder*="Категория"]').first().fill('Потолок');
        at C:\Users\Viktor\projects\repair-blog\tests\e2e\functional\calculators.spec.ts:48:18

    attachment #1: screenshot (image/png) ──────────────────────────────────────────────────────────
    ..\..\test-results\functional-calculators-Fun-ff5db-eserve-percentage-correctly-webkit\test-failed-1.png
    ────────────────────────────────────────────────────────────────────────────────────────────────

    attachment #2: video (video/webm) ──────────────────────────────────────────────────────────────
    ..\..\test-results\functional-calculators-Fun-ff5db-eserve-percentage-correctly-webkit\video.webm
    ────────────────────────────────────────────────────────────────────────────────────────────────
]]>
</failure>
<system-out>
<![CDATA[
[[ATTACHMENT|functional-calculators-Fun-ff5db-eserve-percentage-correctly-webkit\test-failed-1.png]]

[[ATTACHMENT|functional-calculators-Fun-ff5db-eserve-percentage-correctly-webkit\video.webm]]
]]>
</system-out>
</testcase>
<testcase name="Functional Tests - Calculators › Renovation Budget Planner (RU) › should treat negative cost as zero in calculation" classname="functional\calculators.spec.ts" time="30.392">
<failure message="calculators.spec.ts:61:9 should treat negative cost as zero in calculation" type="FAILURE">
<![CDATA[  [webkit] › functional\calculators.spec.ts:61:9 › Functional Tests - Calculators › Renovation Budget Planner (RU) › should treat negative cost as zero in calculation 

    Test timeout of 30000ms exceeded.

    Error: page.goto: Test timeout of 30000ms exceeded.
    Call log:
      - navigating to "http://localhost:3000/calculators/budget", waiting until "load"


      60 |
      61 |     test('should treat negative cost as zero in calculation', async ({ page }) => {
    > 62 |       await page.goto('/calculators/budget');
         |                  ^
      63 |
      64 |       await page.locator('input[placeholder*="Категория"]').first().fill('Тест');
      65 |       await page.locator('input[placeholder="0"]').first().fill('-1000');
        at C:\Users\Viktor\projects\repair-blog\tests\e2e\functional\calculators.spec.ts:62:18

    attachment #1: screenshot (image/png) ──────────────────────────────────────────────────────────
    ..\..\test-results\functional-calculators-Fun-f2ed9-cost-as-zero-in-calculation-webkit\test-failed-1.png
    ────────────────────────────────────────────────────────────────────────────────────────────────

    attachment #2: video (video/webm) ──────────────────────────────────────────────────────────────
    ..\..\test-results\functional-calculators-Fun-f2ed9-cost-as-zero-in-calculation-webkit\video.webm
    ────────────────────────────────────────────────────────────────────────────────────────────────
]]>
</failure>
<system-out>
<![CDATA[
[[ATTACHMENT|functional-calculators-Fun-f2ed9-cost-as-zero-in-calculation-webkit\test-failed-1.png]]

[[ATTACHMENT|functional-calculators-Fun-f2ed9-cost-as-zero-in-calculation-webkit\video.webm]]
]]>
</system-out>
</testcase>
<testcase name="Functional Tests - Calculators › Renovation Budget Planner (EN) › should calculate total correctly in English version with zero reserve" classname="functional\calculators.spec.ts" time="30.353">
<failure message="calculators.spec.ts:75:9 should calculate total correctly in English version with zero reserve" type="FAILURE">
<![CDATA[  [webkit] › functional\calculators.spec.ts:75:9 › Functional Tests - Calculators › Renovation Budget Planner (EN) › should calculate total correctly in English version with zero reserve 

    Test timeout of 30000ms exceeded.

    Error: page.goto: Test timeout of 30000ms exceeded.
    Call log:
      - navigating to "http://localhost:3000/en/calculators/budget", waiting until "load"


      74 |   test.describe('Renovation Budget Planner (EN)', () => {
      75 |     test('should calculate total correctly in English version with zero reserve', async ({ page }) => {
    > 76 |       await page.goto('/en/calculators/budget');
         |                  ^
      77 |
      78 |       // Проверяем заголовок
      79 |       await expect(page.locator('h1')).toContainText('Renovation Budget Planner');
        at C:\Users\Viktor\projects\repair-blog\tests\e2e\functional\calculators.spec.ts:76:18

    attachment #1: screenshot (image/png) ──────────────────────────────────────────────────────────
    ..\..\test-results\functional-calculators-Fun-5cd02-h-version-with-zero-reserve-webkit\test-failed-1.png
    ────────────────────────────────────────────────────────────────────────────────────────────────

    attachment #2: video (video/webm) ──────────────────────────────────────────────────────────────
    ..\..\test-results\functional-calculators-Fun-5cd02-h-version-with-zero-reserve-webkit\video.webm
    ────────────────────────────────────────────────────────────────────────────────────────────────
]]>
</failure>
<system-out>
<![CDATA[
[[ATTACHMENT|functional-calculators-Fun-5cd02-h-version-with-zero-reserve-webkit\test-failed-1.png]]

[[ATTACHMENT|functional-calculators-Fun-5cd02-h-version-with-zero-reserve-webkit\video.webm]]
]]>
</system-out>
</testcase>
<testcase name="Functional Tests - Calculators › Renovation Budget Planner (EN) › should switch to RU calculator from EN page" classname="functional\calculators.spec.ts" time="30.363">
<failure message="calculators.spec.ts:94:9 should switch to RU calculator from EN page" type="FAILURE">
<![CDATA[  [webkit] › functional\calculators.spec.ts:94:9 › Functional Tests - Calculators › Renovation Budget Planner (EN) › should switch to RU calculator from EN page 

    Test timeout of 30000ms exceeded.

    Error: page.goto: Test timeout of 30000ms exceeded.
    Call log:
      - navigating to "http://localhost:3000/en/calculators/budget", waiting until "load"


      93 |
      94 |     test('should switch to RU calculator from EN page', async ({ page }) => {
    > 95 |       await page.goto('/en/calculators/budget');
         |                  ^
      96 |
      97 |       // Переключаемся на русский через переключатель языка
      98 |       await page.click('text=RU');
        at C:\Users\Viktor\projects\repair-blog\tests\e2e\functional\calculators.spec.ts:95:18

    attachment #1: screenshot (image/png) ──────────────────────────────────────────────────────────
    ..\..\test-results\functional-calculators-Fun-43d31--RU-calculator-from-EN-page-webkit\test-failed-1.png
    ────────────────────────────────────────────────────────────────────────────────────────────────

    attachment #2: video (video/webm) ──────────────────────────────────────────────────────────────
    ..\..\test-results\functional-calculators-Fun-43d31--RU-calculator-from-EN-page-webkit\video.webm
    ────────────────────────────────────────────────────────────────────────────────────────────────
]]>
</failure>
<system-out>
<![CDATA[
[[ATTACHMENT|functional-calculators-Fun-43d31--RU-calculator-from-EN-page-webkit\test-failed-1.png]]

[[ATTACHMENT|functional-calculators-Fun-43d31--RU-calculator-from-EN-page-webkit\video.webm]]
]]>
</system-out>
</testcase>
<testcase name="Functional Tests - Calculators › Other Calculators › should load paint calculator" classname="functional\calculators.spec.ts" time="30.428">
<failure message="calculators.spec.ts:107:9 should load paint calculator" type="FAILURE">
<![CDATA[  [webkit] › functional\calculators.spec.ts:107:9 › Functional Tests - Calculators › Other Calculators › should load paint calculator 

    Test timeout of 30000ms exceeded.

    Error: page.goto: Test timeout of 30000ms exceeded.
    Call log:
      - navigating to "http://localhost:3000/calculators/paint", waiting until "load"


      106 |   test.describe('Other Calculators', () => {
      107 |     test('should load paint calculator', async ({ page }) => {
    > 108 |       await page.goto('/calculators/paint');
          |                  ^
      109 |
      110 |       await expect(page.locator('h1')).toContainText('Калькулятор краски');
      111 |
        at C:\Users\Viktor\projects\repair-blog\tests\e2e\functional\calculators.spec.ts:108:18

    attachment #1: screenshot (image/png) ──────────────────────────────────────────────────────────
    ..\..\test-results\functional-calculators-Fun-1bddd-hould-load-paint-calculator-webkit\test-failed-1.png
    ────────────────────────────────────────────────────────────────────────────────────────────────

    attachment #2: video (video/webm) ──────────────────────────────────────────────────────────────
    ..\..\test-results\functional-calculators-Fun-1bddd-hould-load-paint-calculator-webkit\video.webm
    ────────────────────────────────────────────────────────────────────────────────────────────────
]]>
</failure>
<system-out>
<![CDATA[
[[ATTACHMENT|functional-calculators-Fun-1bddd-hould-load-paint-calculator-webkit\test-failed-1.png]]

[[ATTACHMENT|functional-calculators-Fun-1bddd-hould-load-paint-calculator-webkit\video.webm]]
]]>
</system-out>
</testcase>
<testcase name="Functional Tests - Calculators › Other Calculators › should load tile calculator" classname="functional\calculators.spec.ts" time="30.431">
<failure message="calculators.spec.ts:117:9 should load tile calculator" type="FAILURE">
<![CDATA[  [webkit] › functional\calculators.spec.ts:117:9 › Functional Tests - Calculators › Other Calculators › should load tile calculator 

    Test timeout of 30000ms exceeded.

    Error: page.goto: Test timeout of 30000ms exceeded.
    Call log:
      - navigating to "http://localhost:3000/calculators/tile", waiting until "load"


      116 |
      117 |     test('should load tile calculator', async ({ page }) => {
    > 118 |       await page.goto('/calculators/tile');
          |                  ^
      119 |
      120 |       await expect(page.locator('h1')).toContainText('Калькулятор плитки');
      121 |
        at C:\Users\Viktor\projects\repair-blog\tests\e2e\functional\calculators.spec.ts:118:18

    attachment #1: screenshot (image/png) ──────────────────────────────────────────────────────────
    ..\..\test-results\functional-calculators-Fun-9c16c-should-load-tile-calculator-webkit\test-failed-1.png
    ────────────────────────────────────────────────────────────────────────────────────────────────

    attachment #2: video (video/webm) ──────────────────────────────────────────────────────────────
    ..\..\test-results\functional-calculators-Fun-9c16c-should-load-tile-calculator-webkit\video.webm
    ────────────────────────────────────────────────────────────────────────────────────────────────
]]>
</failure>
<system-out>
<![CDATA[
[[ATTACHMENT|functional-calculators-Fun-9c16c-should-load-tile-calculator-webkit\test-failed-1.png]]

[[ATTACHMENT|functional-calculators-Fun-9c16c-should-load-tile-calculator-webkit\video.webm]]
]]>
</system-out>
</testcase>
<testcase name="Functional Tests - Calculators › Other Calculators › should load wallpaper calculator" classname="functional\calculators.spec.ts" time="30.341">
<failure message="calculators.spec.ts:127:9 should load wallpaper calculator" type="FAILURE">
<![CDATA[  [webkit] › functional\calculators.spec.ts:127:9 › Functional Tests - Calculators › Other Calculators › should load wallpaper calculator 

    Test timeout of 30000ms exceeded.

    Error: page.goto: Test timeout of 30000ms exceeded.
    Call log:
      - navigating to "http://localhost:3000/calculators/wallpaper", waiting until "load"


      126 |
      127 |     test('should load wallpaper calculator', async ({ page }) => {
    > 128 |       await page.goto('/calculators/wallpaper');
          |                  ^
      129 |
      130 |       await expect(page.locator('h1')).toContainText('Калькулятор обоев');
      131 |
        at C:\Users\Viktor\projects\repair-blog\tests\e2e\functional\calculators.spec.ts:128:18

    attachment #1: screenshot (image/png) ──────────────────────────────────────────────────────────
    ..\..\test-results\functional-calculators-Fun-b6a57-d-load-wallpaper-calculator-webkit\test-failed-1.png
    ────────────────────────────────────────────────────────────────────────────────────────────────

    attachment #2: video (video/webm) ──────────────────────────────────────────────────────────────
    ..\..\test-results\functional-calculators-Fun-b6a57-d-load-wallpaper-calculator-webkit\video.webm
    ────────────────────────────────────────────────────────────────────────────────────────────────
]]>
</failure>
<system-out>
<![CDATA[
[[ATTACHMENT|functional-calculators-Fun-b6a57-d-load-wallpaper-calculator-webkit\test-failed-1.png]]

[[ATTACHMENT|functional-calculators-Fun-b6a57-d-load-wallpaper-calculator-webkit\video.webm]]
]]>
</system-out>
</testcase>
</testsuite>
<testsuite name="i18n\language-switching.spec.ts" timestamp="2025-11-26T12:11:41.906Z" hostname="webkit" tests="6" failures="6" skipped="0" time="182.205" errors="0">
<testcase name="Internationalization (i18n) Tests › should switch between Russian and English correctly" classname="i18n\language-switching.spec.ts" time="30.374">
<failure message="language-switching.spec.ts:4:7 should switch between Russian and English correctly" type="FAILURE">
<![CDATA[  [webkit] › i18n\language-switching.spec.ts:4:7 › Internationalization (i18n) Tests › should switch between Russian and English correctly 

    Test timeout of 30000ms exceeded.

    Error: page.goto: Test timeout of 30000ms exceeded.
    Call log:
      - navigating to "http://localhost:3000/", waiting until "load"


      4 |   test('should switch between Russian and English correctly', async ({ page }) => {
      5 |     // Начинаем с русской версии
    > 6 |     await page.goto('/');
        |                ^
      7 |     await expect(page).toHaveURL(/\/$/);
      8 |     
      9 |     // Проверяем русский контент
        at C:\Users\Viktor\projects\repair-blog\tests\e2e\i18n\language-switching.spec.ts:6:16

    attachment #1: screenshot (image/png) ──────────────────────────────────────────────────────────
    ..\..\test-results\i18n-language-switching-In-f146a-ssian-and-English-correctly-webkit\test-failed-1.png
    ────────────────────────────────────────────────────────────────────────────────────────────────

    attachment #2: video (video/webm) ──────────────────────────────────────────────────────────────
    ..\..\test-results\i18n-language-switching-In-f146a-ssian-and-English-correctly-webkit\video.webm
    ────────────────────────────────────────────────────────────────────────────────────────────────
]]>
</failure>
<system-out>
<![CDATA[
[[ATTACHMENT|i18n-language-switching-In-f146a-ssian-and-English-correctly-webkit\test-failed-1.png]]

[[ATTACHMENT|i18n-language-switching-In-f146a-ssian-and-English-correctly-webkit\video.webm]]
]]>
</system-out>
</testcase>
<testcase name="Internationalization (i18n) Tests › should have correct hreflang attributes" classname="i18n\language-switching.spec.ts" time="30.379">
<failure message="language-switching.spec.ts:24:7 should have correct hreflang attributes" type="FAILURE">
<![CDATA[  [webkit] › i18n\language-switching.spec.ts:24:7 › Internationalization (i18n) Tests › should have correct hreflang attributes 

    Test timeout of 30000ms exceeded.

    Error: page.goto: Test timeout of 30000ms exceeded.
    Call log:
      - navigating to "http://localhost:3000/", waiting until "load"


      23 |
      24 |   test('should have correct hreflang attributes', async ({ page }) => {
    > 25 |     await page.goto('/');
         |                ^
      26 |     
      27 |     // Проверяем hreflang для русской версии
      28 |     const hreflangRu = page.locator('link[hreflang="ru"]');
        at C:\Users\Viktor\projects\repair-blog\tests\e2e\i18n\language-switching.spec.ts:25:16

    attachment #1: screenshot (image/png) ──────────────────────────────────────────────────────────
    ..\..\test-results\i18n-language-switching-In-650c3-correct-hreflang-attributes-webkit\test-failed-1.png
    ────────────────────────────────────────────────────────────────────────────────────────────────

    attachment #2: video (video/webm) ──────────────────────────────────────────────────────────────
    ..\..\test-results\i18n-language-switching-In-650c3-correct-hreflang-attributes-webkit\video.webm
    ────────────────────────────────────────────────────────────────────────────────────────────────
]]>
</failure>
<system-out>
<![CDATA[
[[ATTACHMENT|i18n-language-switching-In-650c3-correct-hreflang-attributes-webkit\test-failed-1.png]]

[[ATTACHMENT|i18n-language-switching-In-650c3-correct-hreflang-attributes-webkit\video.webm]]
]]>
</system-out>
</testcase>
<testcase name="Internationalization (i18n) Tests › should have localized meta titles and descriptions" classname="i18n\language-switching.spec.ts" time="30.391">
<failure message="language-switching.spec.ts:39:7 should have localized meta titles and descriptions" type="FAILURE">
<![CDATA[  [webkit] › i18n\language-switching.spec.ts:39:7 › Internationalization (i18n) Tests › should have localized meta titles and descriptions 

    Test timeout of 30000ms exceeded.

    Error: page.goto: Test timeout of 30000ms exceeded.
    Call log:
      - navigating to "http://localhost:3000/", waiting until "load"


      39 |   test('should have localized meta titles and descriptions', async ({ page }) => {
      40 |     // Русская версия
    > 41 |     await page.goto('/');
         |                ^
      42 |     const ruTitle = await page.title();
      43 |     const ruDescription = await page.locator('meta[name="description"]').getAttribute('content');
      44 |     
        at C:\Users\Viktor\projects\repair-blog\tests\e2e\i18n\language-switching.spec.ts:41:16

    attachment #1: screenshot (image/png) ──────────────────────────────────────────────────────────
    ..\..\test-results\i18n-language-switching-In-d90f5-eta-titles-and-descriptions-webkit\test-failed-1.png
    ────────────────────────────────────────────────────────────────────────────────────────────────

    attachment #2: video (video/webm) ──────────────────────────────────────────────────────────────
    ..\..\test-results\i18n-language-switching-In-d90f5-eta-titles-and-descriptions-webkit\video.webm
    ────────────────────────────────────────────────────────────────────────────────────────────────
]]>
</failure>
<system-out>
<![CDATA[
[[ATTACHMENT|i18n-language-switching-In-d90f5-eta-titles-and-descriptions-webkit\test-failed-1.png]]

[[ATTACHMENT|i18n-language-switching-In-d90f5-eta-titles-and-descriptions-webkit\video.webm]]
]]>
</system-out>
</testcase>
<testcase name="Internationalization (i18n) Tests › should have mirror pages with same structure" classname="i18n\language-switching.spec.ts" time="30.349">
<failure message="language-switching.spec.ts:57:7 should have mirror pages with same structure" type="FAILURE">
<![CDATA[  [webkit] › i18n\language-switching.spec.ts:57:7 › Internationalization (i18n) Tests › should have mirror pages with same structure 

    Test timeout of 30000ms exceeded.

    Error: page.goto: Test timeout of 30000ms exceeded.
    Call log:
      - navigating to "http://localhost:3000/", waiting until "load"


      65 |     for (const pages of mirrorPages) {
      66 |       // Проверяем русскую версию
    > 67 |       await page.goto(pages.ru);
         |                  ^
      68 |       const ruH1 = await page.locator('h1').first().textContent();
      69 |       const ruNav = await page.locator('nav').count();
      70 |       
        at C:\Users\Viktor\projects\repair-blog\tests\e2e\i18n\language-switching.spec.ts:67:18

    attachment #1: screenshot (image/png) ──────────────────────────────────────────────────────────
    ..\..\test-results\i18n-language-switching-In-5bf6c-r-pages-with-same-structure-webkit\test-failed-1.png
    ────────────────────────────────────────────────────────────────────────────────────────────────

    attachment #2: video (video/webm) ──────────────────────────────────────────────────────────────
    ..\..\test-results\i18n-language-switching-In-5bf6c-r-pages-with-same-structure-webkit\video.webm
    ────────────────────────────────────────────────────────────────────────────────────────────────
]]>
</failure>
<system-out>
<![CDATA[
[[ATTACHMENT|i18n-language-switching-In-5bf6c-r-pages-with-same-structure-webkit\test-failed-1.png]]

[[ATTACHMENT|i18n-language-switching-In-5bf6c-r-pages-with-same-structure-webkit\video.webm]]
]]>
</system-out>
</testcase>
<testcase name="Internationalization (i18n) Tests › should handle language switching on tag pages" classname="i18n\language-switching.spec.ts" time="30.346">
<failure message="language-switching.spec.ts:84:7 should handle language switching on tag pages" type="FAILURE">
<![CDATA[  [webkit] › i18n\language-switching.spec.ts:84:7 › Internationalization (i18n) Tests › should handle language switching on tag pages 

    Test timeout of 30000ms exceeded.

    Error: page.goto: Test timeout of 30000ms exceeded.
    Call log:
      - navigating to "http://localhost:3000/tags/%D0%BA%D1%83%D1%85%D0%BD%D1%8F", waiting until "load"


      84 |   test('should handle language switching on tag pages', async ({ page }) => {
      85 |     // Тестируем переключение на странице тегов
    > 86 |     await page.goto('/tags/кухня');
         |                ^
      87 |     await expect(page).toHaveURL(/\/tags\/кухня/);
      88 |     
      89 |     // Переключаем на английский
        at C:\Users\Viktor\projects\repair-blog\tests\e2e\i18n\language-switching.spec.ts:86:16

    attachment #1: screenshot (image/png) ──────────────────────────────────────────────────────────
    ..\..\test-results\i18n-language-switching-In-1af7a-uage-switching-on-tag-pages-webkit\test-failed-1.png
    ────────────────────────────────────────────────────────────────────────────────────────────────

    attachment #2: video (video/webm) ──────────────────────────────────────────────────────────────
    ..\..\test-results\i18n-language-switching-In-1af7a-uage-switching-on-tag-pages-webkit\video.webm
    ────────────────────────────────────────────────────────────────────────────────────────────────
]]>
</failure>
<system-out>
<![CDATA[
[[ATTACHMENT|i18n-language-switching-In-1af7a-uage-switching-on-tag-pages-webkit\test-failed-1.png]]

[[ATTACHMENT|i18n-language-switching-In-1af7a-uage-switching-on-tag-pages-webkit\video.webm]]
]]>
</system-out>
</testcase>
<testcase name="Internationalization (i18n) Tests › should preserve language preference in URL" classname="i18n\language-switching.spec.ts" time="30.366">
<failure message="language-switching.spec.ts:97:7 should preserve language preference in URL" type="FAILURE">
<![CDATA[  [webkit] › i18n\language-switching.spec.ts:97:7 › Internationalization (i18n) Tests › should preserve language preference in URL 

    Test timeout of 30000ms exceeded.

    Error: page.goto: Test timeout of 30000ms exceeded.
    Call log:
      - navigating to "http://localhost:3000/en/calculators/budget", waiting until "load"


       97 |   test('should preserve language preference in URL', async ({ page }) => {
       98 |     // Переходим на английскую версию калькулятора
    >  99 |     await page.goto('/en/calculators/budget');
          |                ^
      100 |     await expect(page).toHaveURL(/\/en\/calculators\/budget/);
      101 |     
      102 |     // Проверяем, что все ссылки остаются в английской версии
        at C:\Users\Viktor\projects\repair-blog\tests\e2e\i18n\language-switching.spec.ts:99:16

    attachment #1: screenshot (image/png) ──────────────────────────────────────────────────────────
    ..\..\test-results\i18n-language-switching-In-660d1--language-preference-in-URL-webkit\test-failed-1.png
    ────────────────────────────────────────────────────────────────────────────────────────────────

    attachment #2: video (video/webm) ──────────────────────────────────────────────────────────────
    ..\..\test-results\i18n-language-switching-In-660d1--language-preference-in-URL-webkit\video.webm
    ────────────────────────────────────────────────────────────────────────────────────────────────
]]>
</failure>
<system-out>
<![CDATA[
[[ATTACHMENT|i18n-language-switching-In-660d1--language-preference-in-URL-webkit\test-failed-1.png]]

[[ATTACHMENT|i18n-language-switching-In-660d1--language-preference-in-URL-webkit\video.webm]]
]]>
</system-out>
</testcase>
</testsuite>
<testsuite name="navigation\routing.spec.ts" timestamp="2025-11-26T12:11:41.906Z" hostname="webkit" tests="6" failures="6" skipped="0" time="182.075" errors="0">
<testcase name="Navigation and Routing Tests › should have all navigation links working" classname="navigation\routing.spec.ts" time="30.367">
<failure message="routing.spec.ts:4:7 should have all navigation links working" type="FAILURE">
<![CDATA[  [webkit] › navigation\routing.spec.ts:4:7 › Navigation and Routing Tests › should have all navigation links working 

    Test timeout of 30000ms exceeded.

    Error: page.goto: Test timeout of 30000ms exceeded.
    Call log:
      - navigating to "http://localhost:3000/", waiting until "load"


      3 | test.describe('Navigation and Routing Tests', () => {
      4 |   test('should have all navigation links working', async ({ page }) => {
    > 5 |     await page.goto('/');
        |                ^
      6 |     
      7 |     // Получаем все ссылки из навигации
      8 |     const navLinks = page.locator('nav a, header a');
        at C:\Users\Viktor\projects\repair-blog\tests\e2e\navigation\routing.spec.ts:5:16

    attachment #1: screenshot (image/png) ──────────────────────────────────────────────────────────
    ..\..\test-results\navigation-routing-Navigat-f51c2-ll-navigation-links-working-webkit\test-failed-1.png
    ────────────────────────────────────────────────────────────────────────────────────────────────

    attachment #2: video (video/webm) ──────────────────────────────────────────────────────────────
    ..\..\test-results\navigation-routing-Navigat-f51c2-ll-navigation-links-working-webkit\video.webm
    ────────────────────────────────────────────────────────────────────────────────────────────────
]]>
</failure>
<system-out>
<![CDATA[
[[ATTACHMENT|navigation-routing-Navigat-f51c2-ll-navigation-links-working-webkit\test-failed-1.png]]

[[ATTACHMENT|navigation-routing-Navigat-f51c2-ll-navigation-links-working-webkit\video.webm]]
]]>
</system-out>
</testcase>
<testcase name="Navigation and Routing Tests › should handle deep links correctly" classname="navigation\routing.spec.ts" time="30.326">
<failure message="routing.spec.ts:31:7 should handle deep links correctly" type="FAILURE">
<![CDATA[  [webkit] › navigation\routing.spec.ts:31:7 › Navigation and Routing Tests › should handle deep links correctly 

    Test timeout of 30000ms exceeded.

    Error: page.goto: Test timeout of 30000ms exceeded.
    Call log:
      - navigating to "http://localhost:3000/", waiting until "load"


      30 |
      31 |   test('should handle deep links correctly', async ({ page }) => {
    > 32 |     await page.goto('/');
         |                ^
      33 |     
      34 |     // Ищем кнопки DeepLink
      35 |     const deepLinks = page.locator('[data-deep-link]');
        at C:\Users\Viktor\projects\repair-blog\tests\e2e\navigation\routing.spec.ts:32:16

    attachment #1: screenshot (image/png) ──────────────────────────────────────────────────────────
    ..\..\test-results\navigation-routing-Navigat-06fcf-handle-deep-links-correctly-webkit\test-failed-1.png
    ────────────────────────────────────────────────────────────────────────────────────────────────

    attachment #2: video (video/webm) ──────────────────────────────────────────────────────────────
    ..\..\test-results\navigation-routing-Navigat-06fcf-handle-deep-links-correctly-webkit\video.webm
    ────────────────────────────────────────────────────────────────────────────────────────────────
]]>
</failure>
<system-out>
<![CDATA[
[[ATTACHMENT|navigation-routing-Navigat-06fcf-handle-deep-links-correctly-webkit\test-failed-1.png]]

[[ATTACHMENT|navigation-routing-Navigat-06fcf-handle-deep-links-correctly-webkit\video.webm]]
]]>
</system-out>
</testcase>
<testcase name="Navigation and Routing Tests › should have working breadcrumbs and home button" classname="navigation\routing.spec.ts" time="30.336">
<failure message="routing.spec.ts:48:7 should have working breadcrumbs and home button" type="FAILURE">
<![CDATA[  [webkit] › navigation\routing.spec.ts:48:7 › Navigation and Routing Tests › should have working breadcrumbs and home button 

    Test timeout of 30000ms exceeded.

    Error: page.goto: Test timeout of 30000ms exceeded.
    Call log:
      - navigating to "http://localhost:3000/calculators/budget", waiting until "load"


      48 |   test('should have working breadcrumbs and home button', async ({ page }) => {
      49 |     // Переходим на любую внутреннюю страницу
    > 50 |     await page.goto('/calculators/budget');
         |                ^
      51 |     
      52 |     // Ищем кнопку "Home" или логотип
      53 |     const homeButton = page.locator('a[href="/"], a[href="/en"]').first();
        at C:\Users\Viktor\projects\repair-blog\tests\e2e\navigation\routing.spec.ts:50:16

    attachment #1: screenshot (image/png) ──────────────────────────────────────────────────────────
    ..\..\test-results\navigation-routing-Navigat-47a56-breadcrumbs-and-home-button-webkit\test-failed-1.png
    ────────────────────────────────────────────────────────────────────────────────────────────────

    attachment #2: video (video/webm) ──────────────────────────────────────────────────────────────
    ..\..\test-results\navigation-routing-Navigat-47a56-breadcrumbs-and-home-button-webkit\video.webm
    ────────────────────────────────────────────────────────────────────────────────────────────────
]]>
</failure>
<system-out>
<![CDATA[
[[ATTACHMENT|navigation-routing-Navigat-47a56-breadcrumbs-and-home-button-webkit\test-failed-1.png]]

[[ATTACHMENT|navigation-routing-Navigat-47a56-breadcrumbs-and-home-button-webkit\video.webm]]
]]>
</system-out>
</testcase>
<testcase name="Navigation and Routing Tests › should handle 404 pages gracefully" classname="navigation\routing.spec.ts" time="30.398">
<failure message="routing.spec.ts:61:7 should handle 404 pages gracefully" type="FAILURE">
<![CDATA[  [webkit] › navigation\routing.spec.ts:61:7 › Navigation and Routing Tests › should handle 404 pages gracefully 

    Test timeout of 30000ms exceeded.

    Error: page.goto: Test timeout of 30000ms exceeded.
    Call log:
      - navigating to "http://localhost:3000/non-existent-page", waiting until "load"


      68 |
      69 |     for (const url of nonExistentUrls) {
    > 70 |       const response = await page.goto(url);
         |                                   ^
      71 |       expect(response?.status()).toBe(404);
      72 |       
      73 |       // Проверяем, что отображается кастомная 404 страница
        at C:\Users\Viktor\projects\repair-blog\tests\e2e\navigation\routing.spec.ts:70:35

    attachment #1: screenshot (image/png) ──────────────────────────────────────────────────────────
    ..\..\test-results\navigation-routing-Navigat-5478d-handle-404-pages-gracefully-webkit\test-failed-1.png
    ────────────────────────────────────────────────────────────────────────────────────────────────

    attachment #2: video (video/webm) ──────────────────────────────────────────────────────────────
    ..\..\test-results\navigation-routing-Navigat-5478d-handle-404-pages-gracefully-webkit\video.webm
    ────────────────────────────────────────────────────────────────────────────────────────────────
]]>
</failure>
<system-out>
<![CDATA[
[[ATTACHMENT|navigation-routing-Navigat-5478d-handle-404-pages-gracefully-webkit\test-failed-1.png]]

[[ATTACHMENT|navigation-routing-Navigat-5478d-handle-404-pages-gracefully-webkit\video.webm]]
]]>
</system-out>
</testcase>
<testcase name="Navigation and Routing Tests › should have consistent navigation across pages" classname="navigation\routing.spec.ts" time="30.467">
<failure message="routing.spec.ts:82:7 should have consistent navigation across pages" type="FAILURE">
<![CDATA[  [webkit] › navigation\routing.spec.ts:82:7 › Navigation and Routing Tests › should have consistent navigation across pages 

    Test timeout of 30000ms exceeded.

    Error: page.goto: Test timeout of 30000ms exceeded.
    Call log:
      - navigating to "http://localhost:3000/", waiting until "load"


      86 |     
      87 |     for (const testPage of testPages) {
    > 88 |       await page.goto(testPage);
         |                  ^
      89 |       
      90 |       // Получаем структуру навигации
      91 |       const nav = page.locator('nav').first();
        at C:\Users\Viktor\projects\repair-blog\tests\e2e\navigation\routing.spec.ts:88:18

    attachment #1: screenshot (image/png) ──────────────────────────────────────────────────────────
    ..\..\test-results\navigation-routing-Navigat-606f2-ent-navigation-across-pages-webkit\test-failed-1.png
    ────────────────────────────────────────────────────────────────────────────────────────────────

    attachment #2: video (video/webm) ──────────────────────────────────────────────────────────────
    ..\..\test-results\navigation-routing-Navigat-606f2-ent-navigation-across-pages-webkit\video.webm
    ────────────────────────────────────────────────────────────────────────────────────────────────
]]>
</failure>
<system-out>
<![CDATA[
[[ATTACHMENT|navigation-routing-Navigat-606f2-ent-navigation-across-pages-webkit\test-failed-1.png]]

[[ATTACHMENT|navigation-routing-Navigat-606f2-ent-navigation-across-pages-webkit\video.webm]]
]]>
</system-out>
</testcase>
<testcase name="Navigation and Routing Tests › should handle mobile navigation menu" classname="navigation\routing.spec.ts" time="30.181">
<failure message="routing.spec.ts:103:7 should handle mobile navigation menu" type="FAILURE">
<![CDATA[  [webkit] › navigation\routing.spec.ts:103:7 › Navigation and Routing Tests › should handle mobile navigation menu 

    Test timeout of 30000ms exceeded.

    Error: page.goto: Test timeout of 30000ms exceeded.
    Call log:
      - navigating to "http://localhost:3000/", waiting until "load"


      104 |     // Устанавливаем мобильный размер экрана
      105 |     await page.setViewportSize({ width: 375, height: 667 });
    > 106 |     await page.goto('/');
          |                ^
      107 |     
      108 |     // Ищем кнопку мобильного меню
      109 |     const mobileMenuButton = page.locator('[aria-label*="меню"], [aria-label*="menu"], button[aria-expanded]').first();
        at C:\Users\Viktor\projects\repair-blog\tests\e2e\navigation\routing.spec.ts:106:16

    attachment #1: screenshot (image/png) ──────────────────────────────────────────────────────────
    ..\..\test-results\navigation-routing-Navigat-646ff-ndle-mobile-navigation-menu-webkit\test-failed-1.png
    ────────────────────────────────────────────────────────────────────────────────────────────────

    attachment #2: video (video/webm) ──────────────────────────────────────────────────────────────
    ..\..\test-results\navigation-routing-Navigat-646ff-ndle-mobile-navigation-menu-webkit\video.webm
    ────────────────────────────────────────────────────────────────────────────────────────────────
]]>
</failure>
<system-out>
<![CDATA[
[[ATTACHMENT|navigation-routing-Navigat-646ff-ndle-mobile-navigation-menu-webkit\test-failed-1.png]]

[[ATTACHMENT|navigation-routing-Navigat-646ff-ndle-mobile-navigation-menu-webkit\video.webm]]
]]>
</system-out>
</testcase>
</testsuite>
<testsuite name="performance\lighthouse.spec.ts" timestamp="2025-11-26T12:11:41.906Z" hostname="webkit" tests="10" failures="10" skipped="0" time="303.812" errors="0">
<testcase name="Performance and Accessibility Tests › Lighthouse Performance › should have good Lighthouse scores" classname="performance\lighthouse.spec.ts" time="30.355">
<failure message="lighthouse.spec.ts:5:9 should have good Lighthouse scores" type="FAILURE">
<![CDATA[  [webkit] › performance\lighthouse.spec.ts:5:9 › Performance and Accessibility Tests › Lighthouse Performance › should have good Lighthouse scores 

    Test timeout of 30000ms exceeded.

    Error: page.goto: Test timeout of 30000ms exceeded.
    Call log:
      - navigating to "http://localhost:3000/", waiting until "load"


      4 |   test.describe('Lighthouse Performance', () => {
      5 |     test('should have good Lighthouse scores', async ({ page }) => {
    > 6 |       await page.goto('/');
        |                  ^
      7 |       
      8 |       // Запускаем Lighthouse
      9 |       const lighthouse = await page.evaluate<{
        at C:\Users\Viktor\projects\repair-blog\tests\e2e\performance\lighthouse.spec.ts:6:18

    attachment #1: screenshot (image/png) ──────────────────────────────────────────────────────────
    ..\..\test-results\performance-lighthouse-Per-246d4-have-good-Lighthouse-scores-webkit\test-failed-1.png
    ────────────────────────────────────────────────────────────────────────────────────────────────

    attachment #2: video (video/webm) ──────────────────────────────────────────────────────────────
    ..\..\test-results\performance-lighthouse-Per-246d4-have-good-Lighthouse-scores-webkit\video.webm
    ────────────────────────────────────────────────────────────────────────────────────────────────
]]>
</failure>
<system-out>
<![CDATA[
[[ATTACHMENT|performance-lighthouse-Per-246d4-have-good-Lighthouse-scores-webkit\test-failed-1.png]]

[[ATTACHMENT|performance-lighthouse-Per-246d4-have-good-Lighthouse-scores-webkit\video.webm]]
]]>
</system-out>
</testcase>
<testcase name="Performance and Accessibility Tests › Image Optimization › should use next/image for all images" classname="performance\lighthouse.spec.ts" time="30.396">
<failure message="lighthouse.spec.ts:45:9 should use next/image for all images" type="FAILURE">
<![CDATA[  [webkit] › performance\lighthouse.spec.ts:45:9 › Performance and Accessibility Tests › Image Optimization › should use next/image for all images 

    Test timeout of 30000ms exceeded.

    Error: page.goto: Test timeout of 30000ms exceeded.
    Call log:
      - navigating to "http://localhost:3000/", waiting until "load"


      44 |   test.describe('Image Optimization', () => {
      45 |     test('should use next/image for all images', async ({ page }) => {
    > 46 |       await page.goto('/');
         |                  ^
      47 |       
      48 |       // Проверяем, что все изображения используют next/image
      49 |       const images = page.locator('img');
        at C:\Users\Viktor\projects\repair-blog\tests\e2e\performance\lighthouse.spec.ts:46:18

    attachment #1: screenshot (image/png) ──────────────────────────────────────────────────────────
    ..\..\test-results\performance-lighthouse-Per-df68e-e-next-image-for-all-images-webkit\test-failed-1.png
    ────────────────────────────────────────────────────────────────────────────────────────────────

    attachment #2: video (video/webm) ──────────────────────────────────────────────────────────────
    ..\..\test-results\performance-lighthouse-Per-df68e-e-next-image-for-all-images-webkit\video.webm
    ────────────────────────────────────────────────────────────────────────────────────────────────
]]>
</failure>
<system-out>
<![CDATA[
[[ATTACHMENT|performance-lighthouse-Per-df68e-e-next-image-for-all-images-webkit\test-failed-1.png]]

[[ATTACHMENT|performance-lighthouse-Per-df68e-e-next-image-for-all-images-webkit\video.webm]]
]]>
</system-out>
</testcase>
<testcase name="Performance and Accessibility Tests › Image Optimization › should have proper image loading attributes" classname="performance\lighthouse.spec.ts" time="30.376">
<failure message="lighthouse.spec.ts:67:9 should have proper image loading attributes" type="FAILURE">
<![CDATA[  [webkit] › performance\lighthouse.spec.ts:67:9 › Performance and Accessibility Tests › Image Optimization › should have proper image loading attributes 

    Test timeout of 30000ms exceeded.

    Error: page.goto: Test timeout of 30000ms exceeded.
    Call log:
      - navigating to "http://localhost:3000/posts/remont-vannoy", waiting until "load"


      66 |
      67 |     test('should have proper image loading attributes', async ({ page }) => {
    > 68 |       await page.goto('/posts/remont-vannoy');
         |                  ^
      69 |       
      70 |       // Проверяем изображения в статье
      71 |       const articleImages = page.locator('article img, main img');
        at C:\Users\Viktor\projects\repair-blog\tests\e2e\performance\lighthouse.spec.ts:68:18

    attachment #1: screenshot (image/png) ──────────────────────────────────────────────────────────
    ..\..\test-results\performance-lighthouse-Per-5c85d-er-image-loading-attributes-webkit\test-failed-1.png
    ────────────────────────────────────────────────────────────────────────────────────────────────

    attachment #2: video (video/webm) ──────────────────────────────────────────────────────────────
    ..\..\test-results\performance-lighthouse-Per-5c85d-er-image-loading-attributes-webkit\video.webm
    ────────────────────────────────────────────────────────────────────────────────────────────────
]]>
</failure>
<system-out>
<![CDATA[
[[ATTACHMENT|performance-lighthouse-Per-5c85d-er-image-loading-attributes-webkit\test-failed-1.png]]

[[ATTACHMENT|performance-lighthouse-Per-5c85d-er-image-loading-attributes-webkit\video.webm]]
]]>
</system-out>
</testcase>
<testcase name="Performance and Accessibility Tests › Accessibility (A11y) › should have proper color contrast" classname="performance\lighthouse.spec.ts" time="30.341">
<failure message="lighthouse.spec.ts:93:9 should have proper color contrast" type="FAILURE">
<![CDATA[  [webkit] › performance\lighthouse.spec.ts:93:9 › Performance and Accessibility Tests › Accessibility (A11y) › should have proper color contrast 

    Test timeout of 30000ms exceeded.

    Error: page.goto: Test timeout of 30000ms exceeded.
    Call log:
      - navigating to "http://localhost:3000/", waiting until "load"


      92 |   test.describe('Accessibility (A11y)', () => {
      93 |     test('should have proper color contrast', async ({ page }) => {
    > 94 |       await page.goto('/');
         |                  ^
      95 |       
      96 |       // Проверяем основные текстовые элементы
      97 |       const textElements = page.locator('h1, h2, h3, p, a');
        at C:\Users\Viktor\projects\repair-blog\tests\e2e\performance\lighthouse.spec.ts:94:18

    attachment #1: screenshot (image/png) ──────────────────────────────────────────────────────────
    ..\..\test-results\performance-lighthouse-Per-fbaab--have-proper-color-contrast-webkit\test-failed-1.png
    ────────────────────────────────────────────────────────────────────────────────────────────────

    attachment #2: video (video/webm) ──────────────────────────────────────────────────────────────
    ..\..\test-results\performance-lighthouse-Per-fbaab--have-proper-color-contrast-webkit\video.webm
    ────────────────────────────────────────────────────────────────────────────────────────────────
]]>
</failure>
<system-out>
<![CDATA[
[[ATTACHMENT|performance-lighthouse-Per-fbaab--have-proper-color-contrast-webkit\test-failed-1.png]]

[[ATTACHMENT|performance-lighthouse-Per-fbaab--have-proper-color-contrast-webkit\video.webm]]
]]>
</system-out>
</testcase>
<testcase name="Performance and Accessibility Tests › Accessibility (A11y) › should have proper focus management" classname="performance\lighthouse.spec.ts" time="30.403">
<failure message="lighthouse.spec.ts:116:9 should have proper focus management" type="FAILURE">
<![CDATA[  [webkit] › performance\lighthouse.spec.ts:116:9 › Performance and Accessibility Tests › Accessibility (A11y) › should have proper focus management 

    Test timeout of 30000ms exceeded.

    Error: page.goto: Test timeout of 30000ms exceeded.
    Call log:
      - navigating to "http://localhost:3000/", waiting until "load"


      115 |
      116 |     test('should have proper focus management', async ({ page }) => {
    > 117 |       await page.goto('/');
          |                  ^
      118 |       
      119 |       // Проверяем фокус на навигационных элементах
      120 |       const navLinks = page.locator('nav a, header a');
        at C:\Users\Viktor\projects\repair-blog\tests\e2e\performance\lighthouse.spec.ts:117:18

    attachment #1: screenshot (image/png) ──────────────────────────────────────────────────────────
    ..\..\test-results\performance-lighthouse-Per-a1cee-ave-proper-focus-management-webkit\test-failed-1.png
    ────────────────────────────────────────────────────────────────────────────────────────────────

    attachment #2: video (video/webm) ──────────────────────────────────────────────────────────────
    ..\..\test-results\performance-lighthouse-Per-a1cee-ave-proper-focus-management-webkit\video.webm
    ────────────────────────────────────────────────────────────────────────────────────────────────
]]>
</failure>
<system-out>
<![CDATA[
[[ATTACHMENT|performance-lighthouse-Per-a1cee-ave-proper-focus-management-webkit\test-failed-1.png]]

[[ATTACHMENT|performance-lighthouse-Per-a1cee-ave-proper-focus-management-webkit\video.webm]]
]]>
</system-out>
</testcase>
<testcase name="Performance and Accessibility Tests › Accessibility (A11y) › should have proper ARIA labels" classname="performance\lighthouse.spec.ts" time="30.396">
<failure message="lighthouse.spec.ts:143:9 should have proper ARIA labels" type="FAILURE">
<![CDATA[  [webkit] › performance\lighthouse.spec.ts:143:9 › Performance and Accessibility Tests › Accessibility (A11y) › should have proper ARIA labels 

    Test timeout of 30000ms exceeded.

    Error: page.goto: Test timeout of 30000ms exceeded.
    Call log:
      - navigating to "http://localhost:3000/", waiting until "load"


      142 |
      143 |     test('should have proper ARIA labels', async ({ page }) => {
    > 144 |       await page.goto('/');
          |                  ^
      145 |       
      146 |       // Проверяем кнопки с aria-label
      147 |       const buttonsWithAria = page.locator('button[aria-label]');
        at C:\Users\Viktor\projects\repair-blog\tests\e2e\performance\lighthouse.spec.ts:144:18

    attachment #1: screenshot (image/png) ──────────────────────────────────────────────────────────
    ..\..\test-results\performance-lighthouse-Per-abfb9-uld-have-proper-ARIA-labels-webkit\test-failed-1.png
    ────────────────────────────────────────────────────────────────────────────────────────────────

    attachment #2: video (video/webm) ──────────────────────────────────────────────────────────────
    ..\..\test-results\performance-lighthouse-Per-abfb9-uld-have-proper-ARIA-labels-webkit\video.webm
    ────────────────────────────────────────────────────────────────────────────────────────────────
]]>
</failure>
<system-out>
<![CDATA[
[[ATTACHMENT|performance-lighthouse-Per-abfb9-uld-have-proper-ARIA-labels-webkit\test-failed-1.png]]

[[ATTACHMENT|performance-lighthouse-Per-abfb9-uld-have-proper-ARIA-labels-webkit\video.webm]]
]]>
</system-out>
</testcase>
<testcase name="Performance and Accessibility Tests › Accessibility (A11y) › should have proper heading hierarchy" classname="performance\lighthouse.spec.ts" time="30.411">
<failure message="lighthouse.spec.ts:159:9 should have proper heading hierarchy" type="FAILURE">
<![CDATA[  [webkit] › performance\lighthouse.spec.ts:159:9 › Performance and Accessibility Tests › Accessibility (A11y) › should have proper heading hierarchy 

    Test timeout of 30000ms exceeded.

    Error: page.goto: Test timeout of 30000ms exceeded.
    Call log:
      - navigating to "http://localhost:3000/posts/remont-vannoy", waiting until "load"


      158 |
      159 |     test('should have proper heading hierarchy', async ({ page }) => {
    > 160 |       await page.goto('/posts/remont-vannoy');
          |                  ^
      161 |       
      162 |       // Проверяем структуру заголовков
      163 |       const h1 = page.locator('h1');
        at C:\Users\Viktor\projects\repair-blog\tests\e2e\performance\lighthouse.spec.ts:160:18

    attachment #1: screenshot (image/png) ──────────────────────────────────────────────────────────
    ..\..\test-results\performance-lighthouse-Per-a1349-ve-proper-heading-hierarchy-webkit\test-failed-1.png
    ────────────────────────────────────────────────────────────────────────────────────────────────

    attachment #2: video (video/webm) ──────────────────────────────────────────────────────────────
    ..\..\test-results\performance-lighthouse-Per-a1349-ve-proper-heading-hierarchy-webkit\video.webm
    ────────────────────────────────────────────────────────────────────────────────────────────────
]]>
</failure>
<system-out>
<![CDATA[
[[ATTACHMENT|performance-lighthouse-Per-a1349-ve-proper-heading-hierarchy-webkit\test-failed-1.png]]

[[ATTACHMENT|performance-lighthouse-Per-a1349-ve-proper-heading-hierarchy-webkit\video.webm]]
]]>
</system-out>
</testcase>
<testcase name="Performance and Accessibility Tests › Accessibility (A11y) › should have proper form labels" classname="performance\lighthouse.spec.ts" time="30.383">
<failure message="lighthouse.spec.ts:179:9 should have proper form labels" type="FAILURE">
<![CDATA[  [webkit] › performance\lighthouse.spec.ts:179:9 › Performance and Accessibility Tests › Accessibility (A11y) › should have proper form labels 

    Test timeout of 30000ms exceeded.

    Error: page.goto: Test timeout of 30000ms exceeded.
    Call log:
      - navigating to "http://localhost:3000/calculators/budget", waiting until "load"


      178 |
      179 |     test('should have proper form labels', async ({ page }) => {
    > 180 |       await page.goto('/calculators/budget');
          |                  ^
      181 |       
      182 |       // Проверяем поля ввода
      183 |       const inputs = page.locator('input');
        at C:\Users\Viktor\projects\repair-blog\tests\e2e\performance\lighthouse.spec.ts:180:18

    attachment #1: screenshot (image/png) ──────────────────────────────────────────────────────────
    ..\..\test-results\performance-lighthouse-Per-da580-uld-have-proper-form-labels-webkit\test-failed-1.png
    ────────────────────────────────────────────────────────────────────────────────────────────────

    attachment #2: video (video/webm) ──────────────────────────────────────────────────────────────
    ..\..\test-results\performance-lighthouse-Per-da580-uld-have-proper-form-labels-webkit\video.webm
    ────────────────────────────────────────────────────────────────────────────────────────────────
]]>
</failure>
<system-out>
<![CDATA[
[[ATTACHMENT|performance-lighthouse-Per-da580-uld-have-proper-form-labels-webkit\test-failed-1.png]]

[[ATTACHMENT|performance-lighthouse-Per-da580-uld-have-proper-form-labels-webkit\video.webm]]
]]>
</system-out>
</testcase>
<testcase name="Performance and Accessibility Tests › Performance Metrics › should load critical resources quickly" classname="performance\lighthouse.spec.ts" time="30.347">
<failure message="lighthouse.spec.ts:206:9 should load critical resources quickly" type="FAILURE">
<![CDATA[  [webkit] › performance\lighthouse.spec.ts:206:9 › Performance and Accessibility Tests › Performance Metrics › should load critical resources quickly 

    Test timeout of 30000ms exceeded.

    Error: page.goto: Test timeout of 30000ms exceeded.
    Call log:
      - navigating to "http://localhost:3000/", waiting until "load"


      207 |       const startTime = Date.now();
      208 |       
    > 209 |       await page.goto('/');
          |                  ^
      210 |       
      211 |       // Ждем загрузки критических ресурсов
      212 |       await page.waitForLoadState('networkidle');
        at C:\Users\Viktor\projects\repair-blog\tests\e2e\performance\lighthouse.spec.ts:209:18

    attachment #1: screenshot (image/png) ──────────────────────────────────────────────────────────
    ..\..\test-results\performance-lighthouse-Per-497ec--critical-resources-quickly-webkit\test-failed-1.png
    ────────────────────────────────────────────────────────────────────────────────────────────────

    attachment #2: video (video/webm) ──────────────────────────────────────────────────────────────
    ..\..\test-results\performance-lighthouse-Per-497ec--critical-resources-quickly-webkit\video.webm
    ────────────────────────────────────────────────────────────────────────────────────────────────
]]>
</failure>
<system-out>
<![CDATA[
[[ATTACHMENT|performance-lighthouse-Per-497ec--critical-resources-quickly-webkit\test-failed-1.png]]

[[ATTACHMENT|performance-lighthouse-Per-497ec--critical-resources-quickly-webkit\video.webm]]
]]>
</system-out>
</testcase>
<testcase name="Performance and Accessibility Tests › Performance Metrics › should have efficient bundle size" classname="performance\lighthouse.spec.ts" time="30.404">
<failure message="lighthouse.spec.ts:224:9 should have efficient bundle size" type="FAILURE">
<![CDATA[  [webkit] › performance\lighthouse.spec.ts:224:9 › Performance and Accessibility Tests › Performance Metrics › should have efficient bundle size 

    Test timeout of 30000ms exceeded.

    Error: page.goto: Test timeout of 30000ms exceeded.
    Call log:
      - navigating to "http://localhost:3000/", waiting until "load"


      223 |
      224 |     test('should have efficient bundle size', async ({ page }) => {
    > 225 |       await page.goto('/');
          |                  ^
      226 |       
      227 |       // Проверяем количество загруженных скриптов
      228 |       const scripts = page.locator('script[src]');
        at C:\Users\Viktor\projects\repair-blog\tests\e2e\performance\lighthouse.spec.ts:225:18

    attachment #1: screenshot (image/png) ──────────────────────────────────────────────────────────
    ..\..\test-results\performance-lighthouse-Per-1a2d9--have-efficient-bundle-size-webkit\test-failed-1.png
    ────────────────────────────────────────────────────────────────────────────────────────────────

    attachment #2: video (video/webm) ──────────────────────────────────────────────────────────────
    ..\..\test-results\performance-lighthouse-Per-1a2d9--have-efficient-bundle-size-webkit\video.webm
    ────────────────────────────────────────────────────────────────────────────────────────────────
]]>
</failure>
<system-out>
<![CDATA[
[[ATTACHMENT|performance-lighthouse-Per-1a2d9--have-efficient-bundle-size-webkit\test-failed-1.png]]

[[ATTACHMENT|performance-lighthouse-Per-1a2d9--have-efficient-bundle-size-webkit\video.webm]]
]]>
</system-out>
</testcase>
</testsuite>
<testsuite name="regression.spec.ts" timestamp="2025-11-26T12:11:41.906Z" hostname="webkit" tests="16" failures="16" skipped="0" time="456.696" errors="0">
<testcase name="All Buttons and Forms › should test all navigation buttons" classname="regression.spec.ts" time="30.519">
<failure message="regression.spec.ts:4:7 should test all navigation buttons" type="FAILURE">
<![CDATA[  [webkit] › regression.spec.ts:4:7 › All Buttons and Forms › should test all navigation buttons ───

    Test timeout of 30000ms exceeded.

    Error: page.goto: Test timeout of 30000ms exceeded.
    Call log:
      - navigating to "http://localhost:3000/", waiting until "load"


      3 | test.describe('All Buttons and Forms', () => {
      4 |   test('should test all navigation buttons', async ({ page }) => {
    > 5 |     await page.goto('/');
        |                ^
      6 |     
      7 |     // Проверяем все кнопки навигации
      8 |     const navButtons = [
        at C:\Users\Viktor\projects\repair-blog\tests\e2e\regression.spec.ts:5:16

    attachment #1: screenshot (image/png) ──────────────────────────────────────────────────────────
    ..\..\test-results\regression-All-Buttons-and-c4656-test-all-navigation-buttons-webkit\test-failed-1.png
    ────────────────────────────────────────────────────────────────────────────────────────────────

    attachment #2: video (video/webm) ──────────────────────────────────────────────────────────────
    ..\..\test-results\regression-All-Buttons-and-c4656-test-all-navigation-buttons-webkit\video.webm
    ────────────────────────────────────────────────────────────────────────────────────────────────
]]>
</failure>
<system-out>
<![CDATA[
[[ATTACHMENT|regression-All-Buttons-and-c4656-test-all-navigation-buttons-webkit\test-failed-1.png]]

[[ATTACHMENT|regression-All-Buttons-and-c4656-test-all-navigation-buttons-webkit\video.webm]]
]]>
</system-out>
</testcase>
<testcase name="All Buttons and Forms › should test all calculator buttons" classname="regression.spec.ts" time="30.336">
<failure message="regression.spec.ts:23:7 should test all calculator buttons" type="FAILURE">
<![CDATA[  [webkit] › regression.spec.ts:23:7 › All Buttons and Forms › should test all calculator buttons ──

    Test timeout of 30000ms exceeded.

    Error: page.goto: Test timeout of 30000ms exceeded.
    Call log:
      - navigating to "http://localhost:3000/calculators/budget", waiting until "load"


      22 |
      23 |   test('should test all calculator buttons', async ({ page }) => {
    > 24 |     await page.goto('/calculators/budget');
         |                ^
      25 |     
      26 |     // Проверяем все кнопки калькулятора
      27 |     const calculatorButtons = [
        at C:\Users\Viktor\projects\repair-blog\tests\e2e\regression.spec.ts:24:16

    attachment #1: screenshot (image/png) ──────────────────────────────────────────────────────────
    ..\..\test-results\regression-All-Buttons-and-12484-test-all-calculator-buttons-webkit\test-failed-1.png
    ────────────────────────────────────────────────────────────────────────────────────────────────

    attachment #2: video (video/webm) ──────────────────────────────────────────────────────────────
    ..\..\test-results\regression-All-Buttons-and-12484-test-all-calculator-buttons-webkit\video.webm
    ────────────────────────────────────────────────────────────────────────────────────────────────
]]>
</failure>
<system-out>
<![CDATA[
[[ATTACHMENT|regression-All-Buttons-and-12484-test-all-calculator-buttons-webkit\test-failed-1.png]]

[[ATTACHMENT|regression-All-Buttons-and-12484-test-all-calculator-buttons-webkit\video.webm]]
]]>
</system-out>
</testcase>
<testcase name="All Buttons and Forms › should test all form inputs" classname="regression.spec.ts" time="30.344">
<failure message="regression.spec.ts:46:7 should test all form inputs" type="FAILURE">
<![CDATA[  [webkit] › regression.spec.ts:46:7 › All Buttons and Forms › should test all form inputs ─────────

    Test timeout of 30000ms exceeded.

    Error: page.goto: Test timeout of 30000ms exceeded.
    Call log:
      - navigating to "http://localhost:3000/calculators/budget", waiting until "load"


      45 |
      46 |   test('should test all form inputs', async ({ page }) => {
    > 47 |     await page.goto('/calculators/budget');
         |                ^
      48 |     
      49 |     // Добавляем несколько категорий
      50 |     await page.click('button:has-text("Добавить категорию")');
        at C:\Users\Viktor\projects\repair-blog\tests\e2e\regression.spec.ts:47:16

    attachment #1: screenshot (image/png) ──────────────────────────────────────────────────────────
    ..\..\test-results\regression-All-Buttons-and-Forms-should-test-all-form-inputs-webkit\test-failed-1.png
    ────────────────────────────────────────────────────────────────────────────────────────────────

    attachment #2: video (video/webm) ──────────────────────────────────────────────────────────────
    ..\..\test-results\regression-All-Buttons-and-Forms-should-test-all-form-inputs-webkit\video.webm
    ────────────────────────────────────────────────────────────────────────────────────────────────
]]>
</failure>
<system-out>
<![CDATA[
[[ATTACHMENT|regression-All-Buttons-and-Forms-should-test-all-form-inputs-webkit\test-failed-1.png]]

[[ATTACHMENT|regression-All-Buttons-and-Forms-should-test-all-form-inputs-webkit\video.webm]]
]]>
</system-out>
</testcase>
<testcase name="All Buttons and Forms › should test all dropdowns and selects" classname="regression.spec.ts" time="30.377">
<failure message="regression.spec.ts:67:7 should test all dropdowns and selects" type="FAILURE">
<![CDATA[  [webkit] › regression.spec.ts:67:7 › All Buttons and Forms › should test all dropdowns and selects 

    Test timeout of 30000ms exceeded.

    Error: page.goto: Test timeout of 30000ms exceeded.
    Call log:
      - navigating to "http://localhost:3000/calculators/budget", waiting until "load"


      66 |
      67 |   test('should test all dropdowns and selects', async ({ page }) => {
    > 68 |     await page.goto('/calculators/budget');
         |                ^
      69 |     
      70 |     // Проверяем все селекты
      71 |     const selects = page.locator('select');
        at C:\Users\Viktor\projects\repair-blog\tests\e2e\regression.spec.ts:68:16

    attachment #1: screenshot (image/png) ──────────────────────────────────────────────────────────
    ..\..\test-results\regression-All-Buttons-and-7daef-t-all-dropdowns-and-selects-webkit\test-failed-1.png
    ────────────────────────────────────────────────────────────────────────────────────────────────

    attachment #2: video (video/webm) ──────────────────────────────────────────────────────────────
    ..\..\test-results\regression-All-Buttons-and-7daef-t-all-dropdowns-and-selects-webkit\video.webm
    ────────────────────────────────────────────────────────────────────────────────────────────────
]]>
</failure>
<system-out>
<![CDATA[
[[ATTACHMENT|regression-All-Buttons-and-7daef-t-all-dropdowns-and-selects-webkit\test-failed-1.png]]

[[ATTACHMENT|regression-All-Buttons-and-7daef-t-all-dropdowns-and-selects-webkit\video.webm]]
]]>
</system-out>
</testcase>
<testcase name="All Page Transitions › should test all internal links" classname="regression.spec.ts" time="30.38">
<failure message="regression.spec.ts:86:7 should test all internal links" type="FAILURE">
<![CDATA[  [webkit] › regression.spec.ts:86:7 › All Page Transitions › should test all internal links ───────

    Test timeout of 30000ms exceeded.

    Error: page.goto: Test timeout of 30000ms exceeded.
    Call log:
      - navigating to "http://localhost:3000/", waiting until "load"


      85 | test.describe('All Page Transitions', () => {
      86 |   test('should test all internal links', async ({ page }) => {
    > 87 |     await page.goto('/');
         |                ^
      88 |     
      89 |     // Собираем все ссылки на странице
      90 |     const links = page.locator('a[href^="/"]');
        at C:\Users\Viktor\projects\repair-blog\tests\e2e\regression.spec.ts:87:16

    attachment #1: screenshot (image/png) ──────────────────────────────────────────────────────────
    ..\..\test-results\regression-All-Page-Transi-c14ba-uld-test-all-internal-links-webkit\test-failed-1.png
    ────────────────────────────────────────────────────────────────────────────────────────────────

    attachment #2: video (video/webm) ──────────────────────────────────────────────────────────────
    ..\..\test-results\regression-All-Page-Transi-c14ba-uld-test-all-internal-links-webkit\video.webm
    ────────────────────────────────────────────────────────────────────────────────────────────────
]]>
</failure>
<system-out>
<![CDATA[
[[ATTACHMENT|regression-All-Page-Transi-c14ba-uld-test-all-internal-links-webkit\test-failed-1.png]]

[[ATTACHMENT|regression-All-Page-Transi-c14ba-uld-test-all-internal-links-webkit\video.webm]]
]]>
</system-out>
</testcase>
<testcase name="All Page Transitions › should test all external links" classname="regression.spec.ts" time="30.354">
<failure message="regression.spec.ts:118:7 should test all external links" type="FAILURE">
<![CDATA[  [webkit] › regression.spec.ts:118:7 › All Page Transitions › should test all external links ──────

    Test timeout of 30000ms exceeded.

    Error: page.goto: Test timeout of 30000ms exceeded.
    Call log:
      - navigating to "http://localhost:3000/", waiting until "load"


      117 |
      118 |   test('should test all external links', async ({ page }) => {
    > 119 |     await page.goto('/');
          |                ^
      120 |     
      121 |     // Проверяем внешние ссылки (социальные сети)
      122 |     const externalLinks = page.locator('a[href^="http"]');
        at C:\Users\Viktor\projects\repair-blog\tests\e2e\regression.spec.ts:119:16

    attachment #1: screenshot (image/png) ──────────────────────────────────────────────────────────
    ..\..\test-results\regression-All-Page-Transi-9273c-uld-test-all-external-links-webkit\test-failed-1.png
    ────────────────────────────────────────────────────────────────────────────────────────────────

    attachment #2: video (video/webm) ──────────────────────────────────────────────────────────────
    ..\..\test-results\regression-All-Page-Transi-9273c-uld-test-all-external-links-webkit\video.webm
    ────────────────────────────────────────────────────────────────────────────────────────────────
]]>
</failure>
<system-out>
<![CDATA[
[[ATTACHMENT|regression-All-Page-Transi-9273c-uld-test-all-external-links-webkit\test-failed-1.png]]

[[ATTACHMENT|regression-All-Page-Transi-9273c-uld-test-all-external-links-webkit\video.webm]]
]]>
</system-out>
</testcase>
<testcase name="All Interactive Elements › should test all hover effects" classname="regression.spec.ts" time="30.366">
<failure message="regression.spec.ts:142:7 should test all hover effects" type="FAILURE">
<![CDATA[  [webkit] › regression.spec.ts:142:7 › All Interactive Elements › should test all hover effects ───

    Test timeout of 30000ms exceeded.

    Error: page.goto: Test timeout of 30000ms exceeded.
    Call log:
      - navigating to "http://localhost:3000/", waiting until "load"


      141 | test.describe('All Interactive Elements', () => {
      142 |   test('should test all hover effects', async ({ page }) => {
    > 143 |     await page.goto('/');
          |                ^
      144 |     
      145 |     // Проверяем hover эффекты на всех интерактивных элементах
      146 |     const interactiveElements = page.locator('button, a, [role="button"]');
        at C:\Users\Viktor\projects\repair-blog\tests\e2e\regression.spec.ts:143:16

    attachment #1: screenshot (image/png) ──────────────────────────────────────────────────────────
    ..\..\test-results\regression-All-Interactive-14860-ould-test-all-hover-effects-webkit\test-failed-1.png
    ────────────────────────────────────────────────────────────────────────────────────────────────

    attachment #2: video (video/webm) ──────────────────────────────────────────────────────────────
    ..\..\test-results\regression-All-Interactive-14860-ould-test-all-hover-effects-webkit\video.webm
    ────────────────────────────────────────────────────────────────────────────────────────────────
]]>
</failure>
<system-out>
<![CDATA[
[[ATTACHMENT|regression-All-Interactive-14860-ould-test-all-hover-effects-webkit\test-failed-1.png]]

[[ATTACHMENT|regression-All-Interactive-14860-ould-test-all-hover-effects-webkit\video.webm]]
]]>
</system-out>
</testcase>
<testcase name="All Interactive Elements › should test all focus states" classname="regression.spec.ts" time="30.499">
<failure message="regression.spec.ts:160:7 should test all focus states" type="FAILURE">
<![CDATA[  [webkit] › regression.spec.ts:160:7 › All Interactive Elements › should test all focus states ────

    Test timeout of 30000ms exceeded.

    Error: page.goto: Test timeout of 30000ms exceeded.
    Call log:
      - navigating to "http://localhost:3000/calculators/budget", waiting until "load"


      159 |
      160 |   test('should test all focus states', async ({ page }) => {
    > 161 |     await page.goto('/calculators/budget');
          |                ^
      162 |     
      163 |     // Проверяем focus состояния всех интерактивных элементов
      164 |     const focusableElements = page.locator('input, button, select, a');
        at C:\Users\Viktor\projects\repair-blog\tests\e2e\regression.spec.ts:161:16

    attachment #1: screenshot (image/png) ──────────────────────────────────────────────────────────
    ..\..\test-results\regression-All-Interactive-a7c56-hould-test-all-focus-states-webkit\test-failed-1.png
    ────────────────────────────────────────────────────────────────────────────────────────────────

    attachment #2: video (video/webm) ──────────────────────────────────────────────────────────────
    ..\..\test-results\regression-All-Interactive-a7c56-hould-test-all-focus-states-webkit\video.webm
    ────────────────────────────────────────────────────────────────────────────────────────────────
]]>
</failure>
<system-out>
<![CDATA[
[[ATTACHMENT|regression-All-Interactive-a7c56-hould-test-all-focus-states-webkit\test-failed-1.png]]

[[ATTACHMENT|regression-All-Interactive-a7c56-hould-test-all-focus-states-webkit\video.webm]]
]]>
</system-out>
</testcase>
<testcase name="All Interactive Elements › should test all keyboard navigation" classname="regression.spec.ts" time="30.409">
<failure message="regression.spec.ts:177:7 should test all keyboard navigation" type="FAILURE">
<![CDATA[  [webkit] › regression.spec.ts:177:7 › All Interactive Elements › should test all keyboard navigation 

    Test timeout of 30000ms exceeded.

    Error: page.goto: Test timeout of 30000ms exceeded.
    Call log:
      - navigating to "http://localhost:3000/", waiting until "load"


      176 |
      177 |   test('should test all keyboard navigation', async ({ page }) => {
    > 178 |     await page.goto('/');
          |                ^
      179 |     
      180 |     // Проверяем навигацию с клавиатуры
      181 |     await page.keyboard.press('Tab');
        at C:\Users\Viktor\projects\repair-blog\tests\e2e\regression.spec.ts:178:16

    attachment #1: screenshot (image/png) ──────────────────────────────────────────────────────────
    ..\..\test-results\regression-All-Interactive-8d462-est-all-keyboard-navigation-webkit\test-failed-1.png
    ────────────────────────────────────────────────────────────────────────────────────────────────

    attachment #2: video (video/webm) ──────────────────────────────────────────────────────────────
    ..\..\test-results\regression-All-Interactive-8d462-est-all-keyboard-navigation-webkit\video.webm
    ────────────────────────────────────────────────────────────────────────────────────────────────
]]>
</failure>
<system-out>
<![CDATA[
[[ATTACHMENT|regression-All-Interactive-8d462-est-all-keyboard-navigation-webkit\test-failed-1.png]]

[[ATTACHMENT|regression-All-Interactive-8d462-est-all-keyboard-navigation-webkit\video.webm]]
]]>
</system-out>
</testcase>
<testcase name="All State Changes › should test theme switching" classname="regression.spec.ts" time="30.357">
<failure message="regression.spec.ts:196:7 should test theme switching" type="FAILURE">
<![CDATA[  [webkit] › regression.spec.ts:196:7 › All State Changes › should test theme switching ────────────

    Test timeout of 30000ms exceeded.

    Error: page.goto: Test timeout of 30000ms exceeded.
    Call log:
      - navigating to "http://localhost:3000/", waiting until "load"


      195 | test.describe('All State Changes', () => {
      196 |   test('should test theme switching', async ({ page }) => {
    > 197 |     await page.goto('/');
          |                ^
      198 |     
      199 |     // Проверяем переключение темы
      200 |     const themeButton = page.locator('button[aria-label*="тему"]');
        at C:\Users\Viktor\projects\repair-blog\tests\e2e\regression.spec.ts:197:16

    attachment #1: screenshot (image/png) ──────────────────────────────────────────────────────────
    ..\..\test-results\regression-All-State-Changes-should-test-theme-switching-webkit\test-failed-1.png
    ────────────────────────────────────────────────────────────────────────────────────────────────

    attachment #2: video (video/webm) ──────────────────────────────────────────────────────────────
    ..\..\test-results\regression-All-State-Changes-should-test-theme-switching-webkit\video.webm
    ────────────────────────────────────────────────────────────────────────────────────────────────
]]>
</failure>
<system-out>
<![CDATA[
[[ATTACHMENT|regression-All-State-Changes-should-test-theme-switching-webkit\test-failed-1.png]]

[[ATTACHMENT|regression-All-State-Changes-should-test-theme-switching-webkit\video.webm]]
]]>
</system-out>
</testcase>
<testcase name="All State Changes › should test language switching on all pages" classname="regression.spec.ts" time="30.339">
<failure message="regression.spec.ts:213:7 should test language switching on all pages" type="FAILURE">
<![CDATA[  [webkit] › regression.spec.ts:213:7 › All State Changes › should test language switching on all pages 

    Test timeout of 30000ms exceeded.

    Error: page.goto: Test timeout of 30000ms exceeded.
    Call log:
      - navigating to "http://localhost:3000/", waiting until "load"


      222 |     
      223 |     for (const pagePath of pages) {
    > 224 |       await page.goto(pagePath);
          |                  ^
      225 |       
      226 |       // Переключаем на английский
      227 |       await page.click('text=EN');
        at C:\Users\Viktor\projects\repair-blog\tests\e2e\regression.spec.ts:224:18

    attachment #1: screenshot (image/png) ──────────────────────────────────────────────────────────
    ..\..\test-results\regression-All-State-Chang-bde6a-uage-switching-on-all-pages-webkit\test-failed-1.png
    ────────────────────────────────────────────────────────────────────────────────────────────────

    attachment #2: video (video/webm) ──────────────────────────────────────────────────────────────
    ..\..\test-results\regression-All-State-Chang-bde6a-uage-switching-on-all-pages-webkit\video.webm
    ────────────────────────────────────────────────────────────────────────────────────────────────
]]>
</failure>
<system-out>
<![CDATA[
[[ATTACHMENT|regression-All-State-Chang-bde6a-uage-switching-on-all-pages-webkit\test-failed-1.png]]

[[ATTACHMENT|regression-All-State-Chang-bde6a-uage-switching-on-all-pages-webkit\video.webm]]
]]>
</system-out>
</testcase>
<testcase name="All State Changes › should test all form validations" classname="regression.spec.ts" time="30.348">
<failure message="regression.spec.ts:236:7 should test all form validations" type="FAILURE">
<![CDATA[  [webkit] › regression.spec.ts:236:7 › All State Changes › should test all form validations ───────

    Test timeout of 30000ms exceeded.

    Error: page.goto: Test timeout of 30000ms exceeded.
    Call log:
      - navigating to "http://localhost:3000/calculators/budget", waiting until "load"


      235 |
      236 |   test('should test all form validations', async ({ page }) => {
    > 237 |     await page.goto('/calculators/budget');
          |                ^
      238 |     
      239 |     // Проверяем валидацию форм
      240 |     const inputs = page.locator('input[required]');
        at C:\Users\Viktor\projects\repair-blog\tests\e2e\regression.spec.ts:237:16

    attachment #1: screenshot (image/png) ──────────────────────────────────────────────────────────
    ..\..\test-results\regression-All-State-Chang-f1c11-d-test-all-form-validations-webkit\test-failed-1.png
    ────────────────────────────────────────────────────────────────────────────────────────────────

    attachment #2: video (video/webm) ──────────────────────────────────────────────────────────────
    ..\..\test-results\regression-All-State-Chang-f1c11-d-test-all-form-validations-webkit\video.webm
    ────────────────────────────────────────────────────────────────────────────────────────────────
]]>
</failure>
<system-out>
<![CDATA[
[[ATTACHMENT|regression-All-State-Chang-f1c11-d-test-all-form-validations-webkit\test-failed-1.png]]

[[ATTACHMENT|regression-All-State-Chang-f1c11-d-test-all-form-validations-webkit\video.webm]]
]]>
</system-out>
</testcase>
<testcase name="All Error States › should handle 404 pages gracefully" classname="regression.spec.ts" time="30.362">
<failure message="regression.spec.ts:256:7 should handle 404 pages gracefully" type="FAILURE">
<![CDATA[  [webkit] › regression.spec.ts:256:7 › All Error States › should handle 404 pages gracefully ──────

    Test timeout of 30000ms exceeded.

    Error: page.goto: Test timeout of 30000ms exceeded.
    Call log:
      - navigating to "http://localhost:3000/non-existent-page", waiting until "load"


      263 |     
      264 |     for (const pagePath of nonExistentPages) {
    > 265 |       await page.goto(pagePath);
          |                  ^
      266 |       
      267 |       // Проверяем, что показывается 404 страница
      268 |       await expect(page.locator('text=404')).toBeVisible();
        at C:\Users\Viktor\projects\repair-blog\tests\e2e\regression.spec.ts:265:18

    attachment #1: screenshot (image/png) ──────────────────────────────────────────────────────────
    ..\..\test-results\regression-All-Error-State-0db55-handle-404-pages-gracefully-webkit\test-failed-1.png
    ────────────────────────────────────────────────────────────────────────────────────────────────

    attachment #2: video (video/webm) ──────────────────────────────────────────────────────────────
    ..\..\test-results\regression-All-Error-State-0db55-handle-404-pages-gracefully-webkit\video.webm
    ────────────────────────────────────────────────────────────────────────────────────────────────
]]>
</failure>
<system-out>
<![CDATA[
[[ATTACHMENT|regression-All-Error-State-0db55-handle-404-pages-gracefully-webkit\test-failed-1.png]]

[[ATTACHMENT|regression-All-Error-State-0db55-handle-404-pages-gracefully-webkit\video.webm]]
]]>
</system-out>
</testcase>
<testcase name="All Error States › should handle network errors gracefully" classname="regression.spec.ts" time="0.857">
<failure message="regression.spec.ts:275:7 should handle network errors gracefully" type="FAILURE">
<![CDATA[  [webkit] › regression.spec.ts:275:7 › All Error States › should handle network errors gracefully ─

    Error: page.goto: Blocked by Web Inspector
    Call log:
      - navigating to "http://localhost:3000/", waiting until "load"


      277 |     await page.route('**/*', route => route.abort());
      278 |     
    > 279 |     await page.goto('/');
          |                ^
      280 |     
      281 |     // Проверяем, что приложение не падает
      282 |     await expect(page.locator('body')).toBeVisible();
        at C:\Users\Viktor\projects\repair-blog\tests\e2e\regression.spec.ts:279:16

    attachment #1: screenshot (image/png) ──────────────────────────────────────────────────────────
    ..\..\test-results\regression-All-Error-State-7432f-e-network-errors-gracefully-webkit\test-failed-1.png
    ────────────────────────────────────────────────────────────────────────────────────────────────

    attachment #2: video (video/webm) ──────────────────────────────────────────────────────────────
    ..\..\test-results\regression-All-Error-State-7432f-e-network-errors-gracefully-webkit\video.webm
    ────────────────────────────────────────────────────────────────────────────────────────────────
]]>
</failure>
<system-out>
<![CDATA[
[[ATTACHMENT|regression-All-Error-State-7432f-e-network-errors-gracefully-webkit\test-failed-1.png]]

[[ATTACHMENT|regression-All-Error-State-7432f-e-network-errors-gracefully-webkit\video.webm]]
]]>
</system-out>
</testcase>
<testcase name="All Performance Checks › should check all pages load within acceptable time" classname="regression.spec.ts" time="30.331">
<failure message="regression.spec.ts:287:7 should check all pages load within acceptable time" type="FAILURE">
<![CDATA[  [webkit] › regression.spec.ts:287:7 › All Performance Checks › should check all pages load within acceptable time 

    Test timeout of 30000ms exceeded.

    Error: page.goto: Test timeout of 30000ms exceeded.
    Call log:
      - navigating to "http://localhost:3000/", waiting until "load"


      299 |     for (const pagePath of pages) {
      300 |       const startTime = Date.now();
    > 301 |       await page.goto(pagePath);
          |                  ^
      302 |       await page.waitForLoadState('networkidle');
      303 |       const loadTime = Date.now() - startTime;
      304 |       
        at C:\Users\Viktor\projects\repair-blog\tests\e2e\regression.spec.ts:301:18

    attachment #1: screenshot (image/png) ──────────────────────────────────────────────────────────
    ..\..\test-results\regression-All-Performance-e3eb7-load-within-acceptable-time-webkit\test-failed-1.png
    ────────────────────────────────────────────────────────────────────────────────────────────────

    attachment #2: video (video/webm) ──────────────────────────────────────────────────────────────
    ..\..\test-results\regression-All-Performance-e3eb7-load-within-acceptable-time-webkit\video.webm
    ────────────────────────────────────────────────────────────────────────────────────────────────
]]>
</failure>
<system-out>
<![CDATA[
[[ATTACHMENT|regression-All-Performance-e3eb7-load-within-acceptable-time-webkit\test-failed-1.png]]

[[ATTACHMENT|regression-All-Performance-e3eb7-load-within-acceptable-time-webkit\video.webm]]
]]>
</system-out>
</testcase>
<testcase name="All Performance Checks › should check all images load correctly" classname="regression.spec.ts" time="30.518">
<failure message="regression.spec.ts:310:7 should check all images load correctly" type="FAILURE">
<![CDATA[  [webkit] › regression.spec.ts:310:7 › All Performance Checks › should check all images load correctly 

    Test timeout of 30000ms exceeded.

    Error: page.goto: Test timeout of 30000ms exceeded.
    Call log:
      - navigating to "http://localhost:3000/", waiting until "load"


      309 |
      310 |   test('should check all images load correctly', async ({ page }) => {
    > 311 |     await page.goto('/');
          |                ^
      312 |     
      313 |     // Проверяем все изображения
      314 |     const images = page.locator('img');
        at C:\Users\Viktor\projects\repair-blog\tests\e2e\regression.spec.ts:311:16

    attachment #1: screenshot (image/png) ──────────────────────────────────────────────────────────
    ..\..\test-results\regression-All-Performance-269d8-k-all-images-load-correctly-webkit\test-failed-1.png
    ────────────────────────────────────────────────────────────────────────────────────────────────

    attachment #2: video (video/webm) ──────────────────────────────────────────────────────────────
    ..\..\test-results\regression-All-Performance-269d8-k-all-images-load-correctly-webkit\video.webm
    ────────────────────────────────────────────────────────────────────────────────────────────────
]]>
</failure>
<system-out>
<![CDATA[
[[ATTACHMENT|regression-All-Performance-269d8-k-all-images-load-correctly-webkit\test-failed-1.png]]

[[ATTACHMENT|regression-All-Performance-269d8-k-all-images-load-correctly-webkit\video.webm]]
]]>
</system-out>
</testcase>
</testsuite>
<testsuite name="security\headers.spec.ts" timestamp="2025-11-26T12:11:41.906Z" hostname="webkit" tests="11" failures="11" skipped="0" time="334.099" errors="0">
<testcase name="Security and Configuration Tests › HTTPS and Security Headers › should use HTTPS in production" classname="security\headers.spec.ts" time="30.376">
<failure message="headers.spec.ts:5:9 should use HTTPS in production" type="FAILURE">
<![CDATA[  [webkit] › security\headers.spec.ts:5:9 › Security and Configuration Tests › HTTPS and Security Headers › should use HTTPS in production 

    Test timeout of 30000ms exceeded.

    Error: page.goto: Test timeout of 30000ms exceeded.
    Call log:
      - navigating to "http://localhost:3000/", waiting until "load"


      4 |   test.describe('HTTPS and Security Headers', () => {
      5 |     test('should use HTTPS in production', async ({ page }) => {
    > 6 |       await page.goto('/');
        |                  ^
      7 |       
      8 |       // Проверяем, что страница загружается по HTTPS
      9 |       const url = page.url();
        at C:\Users\Viktor\projects\repair-blog\tests\e2e\security\headers.spec.ts:6:18

    attachment #1: screenshot (image/png) ──────────────────────────────────────────────────────────
    ..\..\test-results\security-headers-Security--14430-uld-use-HTTPS-in-production-webkit\test-failed-1.png
    ────────────────────────────────────────────────────────────────────────────────────────────────

    attachment #2: video (video/webm) ──────────────────────────────────────────────────────────────
    ..\..\test-results\security-headers-Security--14430-uld-use-HTTPS-in-production-webkit\video.webm
    ────────────────────────────────────────────────────────────────────────────────────────────────
]]>
</failure>
<system-out>
<![CDATA[
[[ATTACHMENT|security-headers-Security--14430-uld-use-HTTPS-in-production-webkit\test-failed-1.png]]

[[ATTACHMENT|security-headers-Security--14430-uld-use-HTTPS-in-production-webkit\video.webm]]
]]>
</system-out>
</testcase>
<testcase name="Security and Configuration Tests › HTTPS and Security Headers › should have proper security headers" classname="security\headers.spec.ts" time="30.424">
<failure message="headers.spec.ts:13:9 should have proper security headers" type="FAILURE">
<![CDATA[  [webkit] › security\headers.spec.ts:13:9 › Security and Configuration Tests › HTTPS and Security Headers › should have proper security headers 

    Test timeout of 30000ms exceeded.

    Error: page.goto: Test timeout of 30000ms exceeded.
    Call log:
      - navigating to "http://localhost:3000/", waiting until "load"


      12 |
      13 |     test('should have proper security headers', async ({ page }) => {
    > 14 |       const response = await page.goto('/');
         |                                   ^
      15 |       
      16 |       // Проверяем основные заголовки безопасности
      17 |       const headers = response?.headers();
        at C:\Users\Viktor\projects\repair-blog\tests\e2e\security\headers.spec.ts:14:35

    attachment #1: screenshot (image/png) ──────────────────────────────────────────────────────────
    ..\..\test-results\security-headers-Security--80a1d-ave-proper-security-headers-webkit\test-failed-1.png
    ────────────────────────────────────────────────────────────────────────────────────────────────

    attachment #2: video (video/webm) ──────────────────────────────────────────────────────────────
    ..\..\test-results\security-headers-Security--80a1d-ave-proper-security-headers-webkit\video.webm
    ────────────────────────────────────────────────────────────────────────────────────────────────
]]>
</failure>
<system-out>
<![CDATA[
[[ATTACHMENT|security-headers-Security--80a1d-ave-proper-security-headers-webkit\test-failed-1.png]]

[[ATTACHMENT|security-headers-Security--80a1d-ave-proper-security-headers-webkit\video.webm]]
]]>
</system-out>
</testcase>
<testcase name="Security and Configuration Tests › Environment and Configuration › should not expose sensitive information" classname="security\headers.spec.ts" time="30.355">
<failure message="headers.spec.ts:42:9 should not expose sensitive information" type="FAILURE">
<![CDATA[  [webkit] › security\headers.spec.ts:42:9 › Security and Configuration Tests › Environment and Configuration › should not expose sensitive information 

    Test timeout of 30000ms exceeded.

    Error: page.goto: Test timeout of 30000ms exceeded.
    Call log:
      - navigating to "http://localhost:3000/", waiting until "load"


      41 |   test.describe('Environment and Configuration', () => {
      42 |     test('should not expose sensitive information', async ({ page }) => {
    > 43 |       await page.goto('/');
         |                  ^
      44 |       
      45 |       // Проверяем, что в HTML нет .env переменных
      46 |       const html = await page.content();
        at C:\Users\Viktor\projects\repair-blog\tests\e2e\security\headers.spec.ts:43:18

    attachment #1: screenshot (image/png) ──────────────────────────────────────────────────────────
    ..\..\test-results\security-headers-Security--b13a7-xpose-sensitive-information-webkit\test-failed-1.png
    ────────────────────────────────────────────────────────────────────────────────────────────────

    attachment #2: video (video/webm) ──────────────────────────────────────────────────────────────
    ..\..\test-results\security-headers-Security--b13a7-xpose-sensitive-information-webkit\video.webm
    ────────────────────────────────────────────────────────────────────────────────────────────────
]]>
</failure>
<system-out>
<![CDATA[
[[ATTACHMENT|security-headers-Security--b13a7-xpose-sensitive-information-webkit\test-failed-1.png]]

[[ATTACHMENT|security-headers-Security--b13a7-xpose-sensitive-information-webkit\video.webm]]
]]>
</system-out>
</testcase>
<testcase name="Security and Configuration Tests › Environment and Configuration › should not expose API routes in sitemap" classname="security\headers.spec.ts" time="30.42">
<failure message="headers.spec.ts:55:9 should not expose API routes in sitemap" type="FAILURE">
<![CDATA[  [webkit] › security\headers.spec.ts:55:9 › Security and Configuration Tests › Environment and Configuration › should not expose API routes in sitemap 

    Test timeout of 30000ms exceeded.

    Error: apiRequestContext.get: Target page, context or browser has been closed
    Call log:
      - → GET http://localhost:3000/sitemap.xml
        - user-agent: Mozilla/5.0 (Macintosh; Intel Mac OS X 10_15_7) AppleWebKit/605.1.15 (KHTML, like Gecko) Version/26.0 Safari/605.1.15
        - accept: */*
        - accept-encoding: gzip,deflate,br


      54 |
      55 |     test('should not expose API routes in sitemap', async ({ page }) => {
    > 56 |       const response = await page.request.get('/sitemap.xml');
         |                                           ^
      57 |       expect(response.status()).toBe(200);
      58 |       
      59 |       const sitemapContent = await response.text();
        at C:\Users\Viktor\projects\repair-blog\tests\e2e\security\headers.spec.ts:56:43

    attachment #1: screenshot (image/png) ──────────────────────────────────────────────────────────
    ..\..\test-results\security-headers-Security--d8e96-xpose-API-routes-in-sitemap-webkit\test-failed-1.png
    ────────────────────────────────────────────────────────────────────────────────────────────────

    attachment #2: video (video/webm) ──────────────────────────────────────────────────────────────
    ..\..\test-results\security-headers-Security--d8e96-xpose-API-routes-in-sitemap-webkit\video.webm
    ────────────────────────────────────────────────────────────────────────────────────────────────
]]>
</failure>
<system-out>
<![CDATA[
[[ATTACHMENT|security-headers-Security--d8e96-xpose-API-routes-in-sitemap-webkit\test-failed-1.png]]

[[ATTACHMENT|security-headers-Security--d8e96-xpose-API-routes-in-sitemap-webkit\video.webm]]
]]>
</system-out>
</testcase>
<testcase name="Security and Configuration Tests › Environment and Configuration › should have proper robots.txt configuration" classname="security\headers.spec.ts" time="30.381">
<failure message="headers.spec.ts:67:9 should have proper robots.txt configuration" type="FAILURE">
<![CDATA[  [webkit] › security\headers.spec.ts:67:9 › Security and Configuration Tests › Environment and Configuration › should have proper robots.txt configuration 

    Test timeout of 30000ms exceeded.

    Error: apiRequestContext.get: Target page, context or browser has been closed
    Call log:
      - → GET http://localhost:3000/robots.txt
        - user-agent: Mozilla/5.0 (Macintosh; Intel Mac OS X 10_15_7) AppleWebKit/605.1.15 (KHTML, like Gecko) Version/26.0 Safari/605.1.15
        - accept: */*
        - accept-encoding: gzip,deflate,br


      66 |
      67 |     test('should have proper robots.txt configuration', async ({ page }) => {
    > 68 |       const response = await page.request.get('/robots.txt');
         |                                           ^
      69 |       expect(response.status()).toBe(200);
      70 |       
      71 |       const robotsContent = await response.text();
        at C:\Users\Viktor\projects\repair-blog\tests\e2e\security\headers.spec.ts:68:43

    attachment #1: screenshot (image/png) ──────────────────────────────────────────────────────────
    ..\..\test-results\security-headers-Security--cdcfc-er-robots-txt-configuration-webkit\test-failed-1.png
    ────────────────────────────────────────────────────────────────────────────────────────────────

    attachment #2: video (video/webm) ──────────────────────────────────────────────────────────────
    ..\..\test-results\security-headers-Security--cdcfc-er-robots-txt-configuration-webkit\video.webm
    ────────────────────────────────────────────────────────────────────────────────────────────────
]]>
</failure>
<system-out>
<![CDATA[
[[ATTACHMENT|security-headers-Security--cdcfc-er-robots-txt-configuration-webkit\test-failed-1.png]]

[[ATTACHMENT|security-headers-Security--cdcfc-er-robots-txt-configuration-webkit\video.webm]]
]]>
</system-out>
</testcase>
<testcase name="Security and Configuration Tests › Content Security › should not have inline scripts without nonce" classname="security\headers.spec.ts" time="30.334">
<failure message="headers.spec.ts:85:9 should not have inline scripts without nonce" type="FAILURE">
<![CDATA[  [webkit] › security\headers.spec.ts:85:9 › Security and Configuration Tests › Content Security › should not have inline scripts without nonce 

    Test timeout of 30000ms exceeded.

    Error: page.goto: Test timeout of 30000ms exceeded.
    Call log:
      - navigating to "http://localhost:3000/", waiting until "load"


      84 |   test.describe('Content Security', () => {
      85 |     test('should not have inline scripts without nonce', async ({ page }) => {
    > 86 |       await page.goto('/');
         |                  ^
      87 |       
      88 |       // Проверяем inline скрипты
      89 |       const inlineScripts = page.locator('script:not([src])');
        at C:\Users\Viktor\projects\repair-blog\tests\e2e\security\headers.spec.ts:86:18

    attachment #1: screenshot (image/png) ──────────────────────────────────────────────────────────
    ..\..\test-results\security-headers-Security--cf70c-nline-scripts-without-nonce-webkit\test-failed-1.png
    ────────────────────────────────────────────────────────────────────────────────────────────────

    attachment #2: video (video/webm) ──────────────────────────────────────────────────────────────
    ..\..\test-results\security-headers-Security--cf70c-nline-scripts-without-nonce-webkit\video.webm
    ────────────────────────────────────────────────────────────────────────────────────────────────
]]>
</failure>
<system-out>
<![CDATA[
[[ATTACHMENT|security-headers-Security--cf70c-nline-scripts-without-nonce-webkit\test-failed-1.png]]

[[ATTACHMENT|security-headers-Security--cf70c-nline-scripts-without-nonce-webkit\video.webm]]
]]>
</system-out>
</testcase>
<testcase name="Security and Configuration Tests › Content Security › should have proper external resource loading" classname="security\headers.spec.ts" time="30.342">
<failure message="headers.spec.ts:106:9 should have proper external resource loading" type="FAILURE">
<![CDATA[  [webkit] › security\headers.spec.ts:106:9 › Security and Configuration Tests › Content Security › should have proper external resource loading 

    Test timeout of 30000ms exceeded.

    Error: page.goto: Test timeout of 30000ms exceeded.
    Call log:
      - navigating to "http://localhost:3000/", waiting until "load"


      105 |
      106 |     test('should have proper external resource loading', async ({ page }) => {
    > 107 |       await page.goto('/');
          |                  ^
      108 |       
      109 |       // Проверяем внешние ресурсы
      110 |       const externalScripts = page.locator('script[src^="http"]');
        at C:\Users\Viktor\projects\repair-blog\tests\e2e\security\headers.spec.ts:107:18

    attachment #1: screenshot (image/png) ──────────────────────────────────────────────────────────
    ..\..\test-results\security-headers-Security--28964-r-external-resource-loading-webkit\test-failed-1.png
    ────────────────────────────────────────────────────────────────────────────────────────────────

    attachment #2: video (video/webm) ──────────────────────────────────────────────────────────────
    ..\..\test-results\security-headers-Security--28964-r-external-resource-loading-webkit\video.webm
    ────────────────────────────────────────────────────────────────────────────────────────────────
]]>
</failure>
<system-out>
<![CDATA[
[[ATTACHMENT|security-headers-Security--28964-r-external-resource-loading-webkit\test-failed-1.png]]

[[ATTACHMENT|security-headers-Security--28964-r-external-resource-loading-webkit\video.webm]]
]]>
</system-out>
</testcase>
<testcase name="Security and Configuration Tests › Form Security › should have proper form validation" classname="security\headers.spec.ts" time="30.388">
<failure message="headers.spec.ts:129:9 should have proper form validation" type="FAILURE">
<![CDATA[  [webkit] › security\headers.spec.ts:129:9 › Security and Configuration Tests › Form Security › should have proper form validation 

    Test timeout of 30000ms exceeded.

    Error: page.goto: Test timeout of 30000ms exceeded.
    Call log:
      - navigating to "http://localhost:3000/calculators/budget", waiting until "load"


      128 |   test.describe('Form Security', () => {
      129 |     test('should have proper form validation', async ({ page }) => {
    > 130 |       await page.goto('/calculators/budget');
          |                  ^
      131 |       
      132 |       // Проверяем поля ввода
      133 |       const inputs = page.locator('input');
        at C:\Users\Viktor\projects\repair-blog\tests\e2e\security\headers.spec.ts:130:18

    attachment #1: screenshot (image/png) ──────────────────────────────────────────────────────────
    ..\..\test-results\security-headers-Security--0a00c-have-proper-form-validation-webkit\test-failed-1.png
    ────────────────────────────────────────────────────────────────────────────────────────────────

    attachment #2: video (video/webm) ──────────────────────────────────────────────────────────────
    ..\..\test-results\security-headers-Security--0a00c-have-proper-form-validation-webkit\video.webm
    ────────────────────────────────────────────────────────────────────────────────────────────────
]]>
</failure>
<system-out>
<![CDATA[
[[ATTACHMENT|security-headers-Security--0a00c-have-proper-form-validation-webkit\test-failed-1.png]]

[[ATTACHMENT|security-headers-Security--0a00c-have-proper-form-validation-webkit\video.webm]]
]]>
</system-out>
</testcase>
<testcase name="Security and Configuration Tests › Form Security › should prevent XSS in user input" classname="security\headers.spec.ts" time="30.333">
<failure message="headers.spec.ts:151:9 should prevent XSS in user input" type="FAILURE">
<![CDATA[  [webkit] › security\headers.spec.ts:151:9 › Security and Configuration Tests › Form Security › should prevent XSS in user input 

    Test timeout of 30000ms exceeded.

    Error: page.goto: Test timeout of 30000ms exceeded.
    Call log:
      - navigating to "http://localhost:3000/calculators/budget", waiting until "load"


      150 |
      151 |     test('should prevent XSS in user input', async ({ page }) => {
    > 152 |       await page.goto('/calculators/budget');
          |                  ^
      153 |       
      154 |       // Пытаемся ввести потенциально опасный код
      155 |       const maliciousInput = '<script>alert("xss")</script>';
        at C:\Users\Viktor\projects\repair-blog\tests\e2e\security\headers.spec.ts:152:18

    attachment #1: screenshot (image/png) ──────────────────────────────────────────────────────────
    ..\..\test-results\security-headers-Security--934e6-d-prevent-XSS-in-user-input-webkit\test-failed-1.png
    ────────────────────────────────────────────────────────────────────────────────────────────────

    attachment #2: video (video/webm) ──────────────────────────────────────────────────────────────
    ..\..\test-results\security-headers-Security--934e6-d-prevent-XSS-in-user-input-webkit\video.webm
    ────────────────────────────────────────────────────────────────────────────────────────────────
]]>
</failure>
<system-out>
<![CDATA[
[[ATTACHMENT|security-headers-Security--934e6-d-prevent-XSS-in-user-input-webkit\test-failed-1.png]]

[[ATTACHMENT|security-headers-Security--934e6-d-prevent-XSS-in-user-input-webkit\video.webm]]
]]>
</system-out>
</testcase>
<testcase name="Security and Configuration Tests › Error Handling › should handle errors gracefully" classname="security\headers.spec.ts" time="30.325">
<failure message="headers.spec.ts:168:9 should handle errors gracefully" type="FAILURE">
<![CDATA[  [webkit] › security\headers.spec.ts:168:9 › Security and Configuration Tests › Error Handling › should handle errors gracefully 

    Test timeout of 30000ms exceeded.

    Error: page.goto: Test timeout of 30000ms exceeded.
    Call log:
      - navigating to "http://localhost:3000/non-existent-page", waiting until "load"


      168 |     test('should handle errors gracefully', async ({ page }) => {
      169 |       // Тестируем несуществующие страницы
    > 170 |       const response = await page.goto('/non-existent-page');
          |                                   ^
      171 |       expect(response?.status()).toBe(404);
      172 |       
      173 |       // Проверяем, что отображается кастомная 404 страница
        at C:\Users\Viktor\projects\repair-blog\tests\e2e\security\headers.spec.ts:170:35

    attachment #1: screenshot (image/png) ──────────────────────────────────────────────────────────
    ..\..\test-results\security-headers-Security--57c91-ld-handle-errors-gracefully-webkit\test-failed-1.png
    ────────────────────────────────────────────────────────────────────────────────────────────────

    attachment #2: video (video/webm) ──────────────────────────────────────────────────────────────
    ..\..\test-results\security-headers-Security--57c91-ld-handle-errors-gracefully-webkit\video.webm
    ────────────────────────────────────────────────────────────────────────────────────────────────
]]>
</failure>
<system-out>
<![CDATA[
[[ATTACHMENT|security-headers-Security--57c91-ld-handle-errors-gracefully-webkit\test-failed-1.png]]

[[ATTACHMENT|security-headers-Security--57c91-ld-handle-errors-gracefully-webkit\video.webm]]
]]>
</system-out>
</testcase>
<testcase name="Security and Configuration Tests › Error Handling › should not expose stack traces" classname="security\headers.spec.ts" time="30.421">
<failure message="headers.spec.ts:181:9 should not expose stack traces" type="FAILURE">
<![CDATA[  [webkit] › security\headers.spec.ts:181:9 › Security and Configuration Tests › Error Handling › should not expose stack traces 

    Test timeout of 30000ms exceeded.

    Error: page.goto: Test timeout of 30000ms exceeded.
    Call log:
      - navigating to "http://localhost:3000/", waiting until "load"


      181 |     test('should not expose stack traces', async ({ page }) => {
      182 |       // Пытаемся вызвать ошибку
    > 183 |       await page.goto('/');
          |                  ^
      184 |       
      185 |       // Проверяем, что в консоли нет критических ошибок
      186 |       const errors: string[] = [];
        at C:\Users\Viktor\projects\repair-blog\tests\e2e\security\headers.spec.ts:183:18

    attachment #1: screenshot (image/png) ──────────────────────────────────────────────────────────
    ..\..\test-results\security-headers-Security--03098-uld-not-expose-stack-traces-webkit\test-failed-1.png
    ────────────────────────────────────────────────────────────────────────────────────────────────

    attachment #2: video (video/webm) ──────────────────────────────────────────────────────────────
    ..\..\test-results\security-headers-Security--03098-uld-not-expose-stack-traces-webkit\video.webm
    ────────────────────────────────────────────────────────────────────────────────────────────────
]]>
</failure>
<system-out>
<![CDATA[
[[ATTACHMENT|security-headers-Security--03098-uld-not-expose-stack-traces-webkit\test-failed-1.png]]

[[ATTACHMENT|security-headers-Security--03098-uld-not-expose-stack-traces-webkit\video.webm]]
]]>
</system-out>
</testcase>
</testsuite>
<testsuite name="seo\meta-tags.spec.ts" timestamp="2025-11-26T12:11:41.906Z" hostname="webkit" tests="8" failures="8" skipped="0" time="243.036" errors="0">
<testcase name="SEO and Content Tests › should have proper meta tags on all pages" classname="seo\meta-tags.spec.ts" time="30.427">
<failure message="meta-tags.spec.ts:4:7 should have proper meta tags on all pages" type="FAILURE">
<![CDATA[  [webkit] › seo\meta-tags.spec.ts:4:7 › SEO and Content Tests › should have proper meta tags on all pages 

    Test timeout of 30000ms exceeded.

    Error: page.goto: Test timeout of 30000ms exceeded.
    Call log:
      - navigating to "http://localhost:3000/", waiting until "load"


      11 |
      12 |     for (const testPage of testPages) {
    > 13 |       await page.goto(testPage.path);
         |                  ^
      14 |       
      15 |       // Проверяем title
      16 |       const title = await page.title();
        at C:\Users\Viktor\projects\repair-blog\tests\e2e\seo\meta-tags.spec.ts:13:18

    attachment #1: screenshot (image/png) ──────────────────────────────────────────────────────────
    ..\..\test-results\seo-meta-tags-SEO-and-Cont-61371-oper-meta-tags-on-all-pages-webkit\test-failed-1.png
    ────────────────────────────────────────────────────────────────────────────────────────────────

    attachment #2: video (video/webm) ──────────────────────────────────────────────────────────────
    ..\..\test-results\seo-meta-tags-SEO-and-Cont-61371-oper-meta-tags-on-all-pages-webkit\video.webm
    ────────────────────────────────────────────────────────────────────────────────────────────────
]]>
</failure>
<system-out>
<![CDATA[
[[ATTACHMENT|seo-meta-tags-SEO-and-Cont-61371-oper-meta-tags-on-all-pages-webkit\test-failed-1.png]]

[[ATTACHMENT|seo-meta-tags-SEO-and-Cont-61371-oper-meta-tags-on-all-pages-webkit\video.webm]]
]]>
</system-out>
</testcase>
<testcase name="SEO and Content Tests › should have JSON-LD structured data" classname="seo\meta-tags.spec.ts" time="30.361">
<failure message="meta-tags.spec.ts:39:7 should have JSON-LD structured data" type="FAILURE">
<![CDATA[  [webkit] › seo\meta-tags.spec.ts:39:7 › SEO and Content Tests › should have JSON-LD structured data 

    Test timeout of 30000ms exceeded.

    Error: page.goto: Test timeout of 30000ms exceeded.
    Call log:
      - navigating to "http://localhost:3000/calculators/budget", waiting until "load"


      38 |
      39 |   test('should have JSON-LD structured data', async ({ page }) => {
    > 40 |     await page.goto('/calculators/budget');
         |                ^
      41 |     
      42 |     // Проверяем наличие JSON-LD
      43 |     const jsonLd = page.locator('script[type="application/ld+json"]');
        at C:\Users\Viktor\projects\repair-blog\tests\e2e\seo\meta-tags.spec.ts:40:16

    attachment #1: screenshot (image/png) ──────────────────────────────────────────────────────────
    ..\..\test-results\seo-meta-tags-SEO-and-Cont-f9752-ave-JSON-LD-structured-data-webkit\test-failed-1.png
    ────────────────────────────────────────────────────────────────────────────────────────────────

    attachment #2: video (video/webm) ──────────────────────────────────────────────────────────────
    ..\..\test-results\seo-meta-tags-SEO-and-Cont-f9752-ave-JSON-LD-structured-data-webkit\video.webm
    ────────────────────────────────────────────────────────────────────────────────────────────────
]]>
</failure>
<system-out>
<![CDATA[
[[ATTACHMENT|seo-meta-tags-SEO-and-Cont-f9752-ave-JSON-LD-structured-data-webkit\test-failed-1.png]]

[[ATTACHMENT|seo-meta-tags-SEO-and-Cont-f9752-ave-JSON-LD-structured-data-webkit\video.webm]]
]]>
</system-out>
</testcase>
<testcase name="SEO and Content Tests › should have proper image alt attributes" classname="seo\meta-tags.spec.ts" time="30.379">
<failure message="meta-tags.spec.ts:53:7 should have proper image alt attributes" type="FAILURE">
<![CDATA[  [webkit] › seo\meta-tags.spec.ts:53:7 › SEO and Content Tests › should have proper image alt attributes 

    Test timeout of 30000ms exceeded.

    Error: page.goto: Test timeout of 30000ms exceeded.
    Call log:
      - navigating to "http://localhost:3000/", waiting until "load"


      52 |
      53 |   test('should have proper image alt attributes', async ({ page }) => {
    > 54 |     await page.goto('/');
         |                ^
      55 |     
      56 |     // Получаем все изображения
      57 |     const images = page.locator('img');
        at C:\Users\Viktor\projects\repair-blog\tests\e2e\seo\meta-tags.spec.ts:54:16

    attachment #1: screenshot (image/png) ──────────────────────────────────────────────────────────
    ..\..\test-results\seo-meta-tags-SEO-and-Cont-b7033-proper-image-alt-attributes-webkit\test-failed-1.png
    ────────────────────────────────────────────────────────────────────────────────────────────────

    attachment #2: video (video/webm) ──────────────────────────────────────────────────────────────
    ..\..\test-results\seo-meta-tags-SEO-and-Cont-b7033-proper-image-alt-attributes-webkit\video.webm
    ────────────────────────────────────────────────────────────────────────────────────────────────
]]>
</failure>
<system-out>
<![CDATA[
[[ATTACHMENT|seo-meta-tags-SEO-and-Cont-b7033-proper-image-alt-attributes-webkit\test-failed-1.png]]

[[ATTACHMENT|seo-meta-tags-SEO-and-Cont-b7033-proper-image-alt-attributes-webkit\video.webm]]
]]>
</system-out>
</testcase>
<testcase name="SEO and Content Tests › should have robots.txt and sitemap.xml" classname="seo\meta-tags.spec.ts" time="30.41">
<failure message="meta-tags.spec.ts:70:7 should have robots.txt and sitemap.xml" type="FAILURE">
<![CDATA[  [webkit] › seo\meta-tags.spec.ts:70:7 › SEO and Content Tests › should have robots.txt and sitemap.xml 

    Test timeout of 30000ms exceeded.

    Error: apiRequestContext.get: Target page, context or browser has been closed
    Call log:
      - → GET http://localhost:3000/robots.txt
        - user-agent: Mozilla/5.0 (Macintosh; Intel Mac OS X 10_15_7) AppleWebKit/605.1.15 (KHTML, like Gecko) Version/26.0 Safari/605.1.15
        - accept: */*
        - accept-encoding: gzip,deflate,br


      70 |   test('should have robots.txt and sitemap.xml', async ({ page }) => {
      71 |     // Проверяем robots.txt
    > 72 |     const robotsResponse = await page.request.get('/robots.txt');
         |                                               ^
      73 |     expect(robotsResponse.status()).toBe(200);
      74 |     
      75 |     const robotsContent = await robotsResponse.text();
        at C:\Users\Viktor\projects\repair-blog\tests\e2e\seo\meta-tags.spec.ts:72:47

    attachment #1: screenshot (image/png) ──────────────────────────────────────────────────────────
    ..\..\test-results\seo-meta-tags-SEO-and-Cont-beb08--robots-txt-and-sitemap-xml-webkit\test-failed-1.png
    ────────────────────────────────────────────────────────────────────────────────────────────────

    attachment #2: video (video/webm) ──────────────────────────────────────────────────────────────
    ..\..\test-results\seo-meta-tags-SEO-and-Cont-beb08--robots-txt-and-sitemap-xml-webkit\video.webm
    ────────────────────────────────────────────────────────────────────────────────────────────────
]]>
</failure>
<system-out>
<![CDATA[
[[ATTACHMENT|seo-meta-tags-SEO-and-Cont-beb08--robots-txt-and-sitemap-xml-webkit\test-failed-1.png]]

[[ATTACHMENT|seo-meta-tags-SEO-and-Cont-beb08--robots-txt-and-sitemap-xml-webkit\video.webm]]
]]>
</system-out>
</testcase>
<testcase name="SEO and Content Tests › should not have noindex on production pages" classname="seo\meta-tags.spec.ts" time="30.413">
<failure message="meta-tags.spec.ts:88:7 should not have noindex on production pages" type="FAILURE">
<![CDATA[  [webkit] › seo\meta-tags.spec.ts:88:7 › SEO and Content Tests › should not have noindex on production pages 

    Test timeout of 30000ms exceeded.

    Error: page.goto: Test timeout of 30000ms exceeded.
    Call log:
      - navigating to "http://localhost:3000/", waiting until "load"


      90 |     
      91 |     for (const testPage of testPages) {
    > 92 |       await page.goto(testPage);
         |                  ^
      93 |       
      94 |       // Проверяем, что нет noindex
      95 |       const noindex = page.locator('meta[name="robots"][content*="noindex"]');
        at C:\Users\Viktor\projects\repair-blog\tests\e2e\seo\meta-tags.spec.ts:92:18

    attachment #1: screenshot (image/png) ──────────────────────────────────────────────────────────
    ..\..\test-results\seo-meta-tags-SEO-and-Cont-37a20-noindex-on-production-pages-webkit\test-failed-1.png
    ────────────────────────────────────────────────────────────────────────────────────────────────

    attachment #2: video (video/webm) ──────────────────────────────────────────────────────────────
    ..\..\test-results\seo-meta-tags-SEO-and-Cont-37a20-noindex-on-production-pages-webkit\video.webm
    ────────────────────────────────────────────────────────────────────────────────────────────────
]]>
</failure>
<system-out>
<![CDATA[
[[ATTACHMENT|seo-meta-tags-SEO-and-Cont-37a20-noindex-on-production-pages-webkit\test-failed-1.png]]

[[ATTACHMENT|seo-meta-tags-SEO-and-Cont-37a20-noindex-on-production-pages-webkit\video.webm]]
]]>
</system-out>
</testcase>
<testcase name="SEO and Content Tests › should have proper canonical URLs" classname="seo\meta-tags.spec.ts" time="30.371">
<failure message="meta-tags.spec.ts:104:7 should have proper canonical URLs" type="FAILURE">
<![CDATA[  [webkit] › seo\meta-tags.spec.ts:104:7 › SEO and Content Tests › should have proper canonical URLs 

    Test timeout of 30000ms exceeded.

    Error: page.goto: Test timeout of 30000ms exceeded.
    Call log:
      - navigating to "http://localhost:3000/", waiting until "load"


      106 |     
      107 |     for (const testPage of testPages) {
    > 108 |       await page.goto(testPage);
          |                  ^
      109 |       
      110 |       // Проверяем canonical
      111 |       const canonical = page.locator('link[rel="canonical"]');
        at C:\Users\Viktor\projects\repair-blog\tests\e2e\seo\meta-tags.spec.ts:108:18

    attachment #1: screenshot (image/png) ──────────────────────────────────────────────────────────
    ..\..\test-results\seo-meta-tags-SEO-and-Cont-b42c4--have-proper-canonical-URLs-webkit\test-failed-1.png
    ────────────────────────────────────────────────────────────────────────────────────────────────

    attachment #2: video (video/webm) ──────────────────────────────────────────────────────────────
    ..\..\test-results\seo-meta-tags-SEO-and-Cont-b42c4--have-proper-canonical-URLs-webkit\video.webm
    ────────────────────────────────────────────────────────────────────────────────────────────────
]]>
</failure>
<system-out>
<![CDATA[
[[ATTACHMENT|seo-meta-tags-SEO-and-Cont-b42c4--have-proper-canonical-URLs-webkit\test-failed-1.png]]

[[ATTACHMENT|seo-meta-tags-SEO-and-Cont-b42c4--have-proper-canonical-URLs-webkit\video.webm]]
]]>
</system-out>
</testcase>
<testcase name="SEO and Content Tests › should have proper hreflang for multilingual content" classname="seo\meta-tags.spec.ts" time="30.348">
<failure message="meta-tags.spec.ts:120:7 should have proper hreflang for multilingual content" type="FAILURE">
<![CDATA[  [webkit] › seo\meta-tags.spec.ts:120:7 › SEO and Content Tests › should have proper hreflang for multilingual content 

    Test timeout of 30000ms exceeded.

    Error: page.goto: Test timeout of 30000ms exceeded.
    Call log:
      - navigating to "http://localhost:3000/", waiting until "load"


      119 |
      120 |   test('should have proper hreflang for multilingual content', async ({ page }) => {
    > 121 |     await page.goto('/');
          |                ^
      122 |     
      123 |     // Проверяем hreflang для русской версии
      124 |     const hreflangRu = page.locator('link[hreflang="ru"]');
        at C:\Users\Viktor\projects\repair-blog\tests\e2e\seo\meta-tags.spec.ts:121:16

    attachment #1: screenshot (image/png) ──────────────────────────────────────────────────────────
    ..\..\test-results\seo-meta-tags-SEO-and-Cont-e757b-ng-for-multilingual-content-webkit\test-failed-1.png
    ────────────────────────────────────────────────────────────────────────────────────────────────

    attachment #2: video (video/webm) ──────────────────────────────────────────────────────────────
    ..\..\test-results\seo-meta-tags-SEO-and-Cont-e757b-ng-for-multilingual-content-webkit\video.webm
    ────────────────────────────────────────────────────────────────────────────────────────────────
]]>
</failure>
<system-out>
<![CDATA[
[[ATTACHMENT|seo-meta-tags-SEO-and-Cont-e757b-ng-for-multilingual-content-webkit\test-failed-1.png]]

[[ATTACHMENT|seo-meta-tags-SEO-and-Cont-e757b-ng-for-multilingual-content-webkit\video.webm]]
]]>
</system-out>
</testcase>
<testcase name="SEO and Content Tests › should have proper heading hierarchy" classname="seo\meta-tags.spec.ts" time="30.327">
<failure message="meta-tags.spec.ts:136:7 should have proper heading hierarchy" type="FAILURE">
<![CDATA[  [webkit] › seo\meta-tags.spec.ts:136:7 › SEO and Content Tests › should have proper heading hierarchy 

    Test timeout of 30000ms exceeded.

    Error: page.goto: Test timeout of 30000ms exceeded.
    Call log:
      - navigating to "http://localhost:3000/posts/remont-vannoy", waiting until "load"


      135 |
      136 |   test('should have proper heading hierarchy', async ({ page }) => {
    > 137 |     await page.goto('/posts/remont-vannoy');
          |                ^
      138 |     
      139 |     // Проверяем, что есть только один h1
      140 |     const h1Count = await page.locator('h1').count();
        at C:\Users\Viktor\projects\repair-blog\tests\e2e\seo\meta-tags.spec.ts:137:16

    attachment #1: screenshot (image/png) ──────────────────────────────────────────────────────────
    ..\..\test-results\seo-meta-tags-SEO-and-Cont-bc2b5-ve-proper-heading-hierarchy-webkit\test-failed-1.png
    ────────────────────────────────────────────────────────────────────────────────────────────────

    attachment #2: video (video/webm) ──────────────────────────────────────────────────────────────
    ..\..\test-results\seo-meta-tags-SEO-and-Cont-bc2b5-ve-proper-heading-hierarchy-webkit\video.webm
    ────────────────────────────────────────────────────────────────────────────────────────────────
]]>
</failure>
<system-out>
<![CDATA[
[[ATTACHMENT|seo-meta-tags-SEO-and-Cont-bc2b5-ve-proper-heading-hierarchy-webkit\test-failed-1.png]]

[[ATTACHMENT|seo-meta-tags-SEO-and-Cont-bc2b5-ve-proper-heading-hierarchy-webkit\video.webm]]
]]>
</system-out>
</testcase>
</testsuite>
<testsuite name="simple-calculator.spec.ts" timestamp="2025-11-26T12:11:41.906Z" hostname="webkit" tests="2" failures="2" skipped="0" time="60.693" errors="0">
<testcase name="Simple Calculator Test › should load RU budget calculator page" classname="simple-calculator.spec.ts" time="30.361">
<failure message="simple-calculator.spec.ts:4:7 should load RU budget calculator page" type="FAILURE">
<![CDATA[  [webkit] › simple-calculator.spec.ts:4:7 › Simple Calculator Test › should load RU budget calculator page 

    Test timeout of 30000ms exceeded.

    Error: page.goto: Test timeout of 30000ms exceeded.
    Call log:
      - navigating to "http://localhost:3000/calculators/budget", waiting until "load"


      3 | test.describe('Simple Calculator Test', () => {
      4 |   test('should load RU budget calculator page', async ({ page }) => {
    > 5 |     await page.goto('/calculators/budget');
        |                ^
      6 |
      7 |     await expect(page.locator('h1')).toContainText('Планировщик бюджета ремонта');
      8 |
        at C:\Users\Viktor\projects\repair-blog\tests\e2e\simple-calculator.spec.ts:5:16

    attachment #1: screenshot (image/png) ──────────────────────────────────────────────────────────
    ..\..\test-results\simple-calculator-Simple-C-050a0-d-RU-budget-calculator-page-webkit\test-failed-1.png
    ────────────────────────────────────────────────────────────────────────────────────────────────

    attachment #2: video (video/webm) ──────────────────────────────────────────────────────────────
    ..\..\test-results\simple-calculator-Simple-C-050a0-d-RU-budget-calculator-page-webkit\video.webm
    ────────────────────────────────────────────────────────────────────────────────────────────────
]]>
</failure>
<system-out>
<![CDATA[
[[ATTACHMENT|simple-calculator-Simple-C-050a0-d-RU-budget-calculator-page-webkit\test-failed-1.png]]

[[ATTACHMENT|simple-calculator-Simple-C-050a0-d-RU-budget-calculator-page-webkit\video.webm]]
]]>
</system-out>
</testcase>
<testcase name="Simple Calculator Test › should add category and calculate total in RU" classname="simple-calculator.spec.ts" time="30.332">
<failure message="simple-calculator.spec.ts:15:7 should add category and calculate total in RU" type="FAILURE">
<![CDATA[  [webkit] › simple-calculator.spec.ts:15:7 › Simple Calculator Test › should add category and calculate total in RU 

    Test timeout of 30000ms exceeded.

    Error: page.goto: Test timeout of 30000ms exceeded.
    Call log:
      - navigating to "http://localhost:3000/calculators/budget", waiting until "load"


      14 |
      15 |   test('should add category and calculate total in RU', async ({ page }) => {
    > 16 |     await page.goto('/calculators/budget');
         |                ^
      17 |
      18 |     await page.getByRole('button', { name: /добавить категорию/i }).click();
      19 |
        at C:\Users\Viktor\projects\repair-blog\tests\e2e\simple-calculator.spec.ts:16:16

    attachment #1: screenshot (image/png) ──────────────────────────────────────────────────────────
    ..\..\test-results\simple-calculator-Simple-C-160b1-y-and-calculate-total-in-RU-webkit\test-failed-1.png
    ────────────────────────────────────────────────────────────────────────────────────────────────

    attachment #2: video (video/webm) ──────────────────────────────────────────────────────────────
    ..\..\test-results\simple-calculator-Simple-C-160b1-y-and-calculate-total-in-RU-webkit\video.webm
    ────────────────────────────────────────────────────────────────────────────────────────────────
]]>
</failure>
<system-out>
<![CDATA[
[[ATTACHMENT|simple-calculator-Simple-C-160b1-y-and-calculate-total-in-RU-webkit\test-failed-1.png]]

[[ATTACHMENT|simple-calculator-Simple-C-160b1-y-and-calculate-total-in-RU-webkit\video.webm]]
]]>
</system-out>
</testcase>
</testsuite>
<testsuite name="smoke\basic-structure.spec.ts" timestamp="2025-11-26T12:11:41.906Z" hostname="webkit" tests="11" failures="11" skipped="0" time="334.131" errors="0">
<testcase name="Smoke Tests - Basic Site Structure › should load / with correct title and structure" classname="smoke\basic-structure.spec.ts" time="30.343">
<failure message="basic-structure.spec.ts:16:9 should load / with correct title and structure" type="FAILURE">
<![CDATA[  [webkit] › smoke\basic-structure.spec.ts:16:9 › Smoke Tests - Basic Site Structure › should load / with correct title and structure 

    Test timeout of 30000ms exceeded.

    Error: page.goto: Test timeout of 30000ms exceeded.
    Call log:
      - navigating to "http://localhost:3000/", waiting until "load"


      15 |   for (const page of pages) {
      16 |     test(`should load ${page.path} with correct title and structure`, async ({ page: testPage }) => {
    > 17 |       const response = await testPage.goto(page.path);
         |                                       ^
      18 |       expect(response?.status()).toBe(200);
      19 |
      20 |       // Проверяем title
        at C:\Users\Viktor\projects\repair-blog\tests\e2e\smoke\basic-structure.spec.ts:17:39

    attachment #1: screenshot (image/png) ──────────────────────────────────────────────────────────
    ..\..\test-results\smoke-basic-structure-Smok-ff31e-correct-title-and-structure-webkit\test-failed-1.png
    ────────────────────────────────────────────────────────────────────────────────────────────────

    attachment #2: video (video/webm) ──────────────────────────────────────────────────────────────
    ..\..\test-results\smoke-basic-structure-Smok-ff31e-correct-title-and-structure-webkit\video.webm
    ────────────────────────────────────────────────────────────────────────────────────────────────
]]>
</failure>
<system-out>
<![CDATA[
[[ATTACHMENT|smoke-basic-structure-Smok-ff31e-correct-title-and-structure-webkit\test-failed-1.png]]

[[ATTACHMENT|smoke-basic-structure-Smok-ff31e-correct-title-and-structure-webkit\video.webm]]
]]>
</system-out>
</testcase>
<testcase name="Smoke Tests - Basic Site Structure › should load /en with correct title and structure" classname="smoke\basic-structure.spec.ts" time="30.328">
<failure message="basic-structure.spec.ts:16:9 should load /en with correct title and structure" type="FAILURE">
<![CDATA[  [webkit] › smoke\basic-structure.spec.ts:16:9 › Smoke Tests - Basic Site Structure › should load /en with correct title and structure 

    Test timeout of 30000ms exceeded.

    Error: page.goto: Test timeout of 30000ms exceeded.
    Call log:
      - navigating to "http://localhost:3000/en", waiting until "load"


      15 |   for (const page of pages) {
      16 |     test(`should load ${page.path} with correct title and structure`, async ({ page: testPage }) => {
    > 17 |       const response = await testPage.goto(page.path);
         |                                       ^
      18 |       expect(response?.status()).toBe(200);
      19 |
      20 |       // Проверяем title
        at C:\Users\Viktor\projects\repair-blog\tests\e2e\smoke\basic-structure.spec.ts:17:39

    attachment #1: screenshot (image/png) ──────────────────────────────────────────────────────────
    ..\..\test-results\smoke-basic-structure-Smok-f7c2f-correct-title-and-structure-webkit\test-failed-1.png
    ────────────────────────────────────────────────────────────────────────────────────────────────

    attachment #2: video (video/webm) ──────────────────────────────────────────────────────────────
    ..\..\test-results\smoke-basic-structure-Smok-f7c2f-correct-title-and-structure-webkit\video.webm
    ────────────────────────────────────────────────────────────────────────────────────────────────
]]>
</failure>
<system-out>
<![CDATA[
[[ATTACHMENT|smoke-basic-structure-Smok-f7c2f-correct-title-and-structure-webkit\test-failed-1.png]]

[[ATTACHMENT|smoke-basic-structure-Smok-f7c2f-correct-title-and-structure-webkit\video.webm]]
]]>
</system-out>
</testcase>
<testcase name="Smoke Tests - Basic Site Structure › should load /about with correct title and structure" classname="smoke\basic-structure.spec.ts" time="30.392">
<failure message="basic-structure.spec.ts:16:9 should load /about with correct title and structure" type="FAILURE">
<![CDATA[  [webkit] › smoke\basic-structure.spec.ts:16:9 › Smoke Tests - Basic Site Structure › should load /about with correct title and structure 

    Test timeout of 30000ms exceeded.

    Error: page.goto: Test timeout of 30000ms exceeded.
    Call log:
      - navigating to "http://localhost:3000/about", waiting until "load"


      15 |   for (const page of pages) {
      16 |     test(`should load ${page.path} with correct title and structure`, async ({ page: testPage }) => {
    > 17 |       const response = await testPage.goto(page.path);
         |                                       ^
      18 |       expect(response?.status()).toBe(200);
      19 |
      20 |       // Проверяем title
        at C:\Users\Viktor\projects\repair-blog\tests\e2e\smoke\basic-structure.spec.ts:17:39

    attachment #1: screenshot (image/png) ──────────────────────────────────────────────────────────
    ..\..\test-results\smoke-basic-structure-Smok-b773e-correct-title-and-structure-webkit\test-failed-1.png
    ────────────────────────────────────────────────────────────────────────────────────────────────

    attachment #2: video (video/webm) ──────────────────────────────────────────────────────────────
    ..\..\test-results\smoke-basic-structure-Smok-b773e-correct-title-and-structure-webkit\video.webm
    ────────────────────────────────────────────────────────────────────────────────────────────────
]]>
</failure>
<system-out>
<![CDATA[
[[ATTACHMENT|smoke-basic-structure-Smok-b773e-correct-title-and-structure-webkit\test-failed-1.png]]

[[ATTACHMENT|smoke-basic-structure-Smok-b773e-correct-title-and-structure-webkit\video.webm]]
]]>
</system-out>
</testcase>
<testcase name="Smoke Tests - Basic Site Structure › should load /en/about with correct title and structure" classname="smoke\basic-structure.spec.ts" time="30.349">
<failure message="basic-structure.spec.ts:16:9 should load /en/about with correct title and structure" type="FAILURE">
<![CDATA[  [webkit] › smoke\basic-structure.spec.ts:16:9 › Smoke Tests - Basic Site Structure › should load /en/about with correct title and structure 

    Test timeout of 30000ms exceeded.

    Error: page.goto: Test timeout of 30000ms exceeded.
    Call log:
      - navigating to "http://localhost:3000/en/about", waiting until "load"


      15 |   for (const page of pages) {
      16 |     test(`should load ${page.path} with correct title and structure`, async ({ page: testPage }) => {
    > 17 |       const response = await testPage.goto(page.path);
         |                                       ^
      18 |       expect(response?.status()).toBe(200);
      19 |
      20 |       // Проверяем title
        at C:\Users\Viktor\projects\repair-blog\tests\e2e\smoke\basic-structure.spec.ts:17:39

    attachment #1: screenshot (image/png) ──────────────────────────────────────────────────────────
    ..\..\test-results\smoke-basic-structure-Smok-8f760-correct-title-and-structure-webkit\test-failed-1.png
    ────────────────────────────────────────────────────────────────────────────────────────────────

    attachment #2: video (video/webm) ──────────────────────────────────────────────────────────────
    ..\..\test-results\smoke-basic-structure-Smok-8f760-correct-title-and-structure-webkit\video.webm
    ────────────────────────────────────────────────────────────────────────────────────────────────
]]>
</failure>
<system-out>
<![CDATA[
[[ATTACHMENT|smoke-basic-structure-Smok-8f760-correct-title-and-structure-webkit\test-failed-1.png]]

[[ATTACHMENT|smoke-basic-structure-Smok-8f760-correct-title-and-structure-webkit\video.webm]]
]]>
</system-out>
</testcase>
<testcase name="Smoke Tests - Basic Site Structure › should load /calculators with correct title and structure" classname="smoke\basic-structure.spec.ts" time="30.421">
<failure message="basic-structure.spec.ts:16:9 should load /calculators with correct title and structure" type="FAILURE">
<![CDATA[  [webkit] › smoke\basic-structure.spec.ts:16:9 › Smoke Tests - Basic Site Structure › should load /calculators with correct title and structure 

    Test timeout of 30000ms exceeded.

    Error: page.goto: Test timeout of 30000ms exceeded.
    Call log:
      - navigating to "http://localhost:3000/calculators", waiting until "load"


      15 |   for (const page of pages) {
      16 |     test(`should load ${page.path} with correct title and structure`, async ({ page: testPage }) => {
    > 17 |       const response = await testPage.goto(page.path);
         |                                       ^
      18 |       expect(response?.status()).toBe(200);
      19 |
      20 |       // Проверяем title
        at C:\Users\Viktor\projects\repair-blog\tests\e2e\smoke\basic-structure.spec.ts:17:39

    attachment #1: screenshot (image/png) ──────────────────────────────────────────────────────────
    ..\..\test-results\smoke-basic-structure-Smok-1a631-correct-title-and-structure-webkit\test-failed-1.png
    ────────────────────────────────────────────────────────────────────────────────────────────────

    attachment #2: video (video/webm) ──────────────────────────────────────────────────────────────
    ..\..\test-results\smoke-basic-structure-Smok-1a631-correct-title-and-structure-webkit\video.webm
    ────────────────────────────────────────────────────────────────────────────────────────────────
]]>
</failure>
<system-out>
<![CDATA[
[[ATTACHMENT|smoke-basic-structure-Smok-1a631-correct-title-and-structure-webkit\test-failed-1.png]]

[[ATTACHMENT|smoke-basic-structure-Smok-1a631-correct-title-and-structure-webkit\video.webm]]
]]>
</system-out>
</testcase>
<testcase name="Smoke Tests - Basic Site Structure › should load /en/calculators with correct title and structure" classname="smoke\basic-structure.spec.ts" time="30.334">
<failure message="basic-structure.spec.ts:16:9 should load /en/calculators with correct title and structure" type="FAILURE">
<![CDATA[  [webkit] › smoke\basic-structure.spec.ts:16:9 › Smoke Tests - Basic Site Structure › should load /en/calculators with correct title and structure 

    Test timeout of 30000ms exceeded.

    Error: page.goto: Test timeout of 30000ms exceeded.
    Call log:
      - navigating to "http://localhost:3000/en/calculators", waiting until "load"


      15 |   for (const page of pages) {
      16 |     test(`should load ${page.path} with correct title and structure`, async ({ page: testPage }) => {
    > 17 |       const response = await testPage.goto(page.path);
         |                                       ^
      18 |       expect(response?.status()).toBe(200);
      19 |
      20 |       // Проверяем title
        at C:\Users\Viktor\projects\repair-blog\tests\e2e\smoke\basic-structure.spec.ts:17:39

    attachment #1: screenshot (image/png) ──────────────────────────────────────────────────────────
    ..\..\test-results\smoke-basic-structure-Smok-1d636-correct-title-and-structure-webkit\test-failed-1.png
    ────────────────────────────────────────────────────────────────────────────────────────────────

    attachment #2: video (video/webm) ──────────────────────────────────────────────────────────────
    ..\..\test-results\smoke-basic-structure-Smok-1d636-correct-title-and-structure-webkit\video.webm
    ────────────────────────────────────────────────────────────────────────────────────────────────
]]>
</failure>
<system-out>
<![CDATA[
[[ATTACHMENT|smoke-basic-structure-Smok-1d636-correct-title-and-structure-webkit\test-failed-1.png]]

[[ATTACHMENT|smoke-basic-structure-Smok-1d636-correct-title-and-structure-webkit\video.webm]]
]]>
</system-out>
</testcase>
<testcase name="Smoke Tests - Basic Site Structure › should load /calculators/budget with correct title and structure" classname="smoke\basic-structure.spec.ts" time="30.348">
<failure message="basic-structure.spec.ts:16:9 should load /calculators/budget with correct title and structure" type="FAILURE">
<![CDATA[  [webkit] › smoke\basic-structure.spec.ts:16:9 › Smoke Tests - Basic Site Structure › should load /calculators/budget with correct title and structure 

    Test timeout of 30000ms exceeded.

    Error: page.goto: Test timeout of 30000ms exceeded.
    Call log:
      - navigating to "http://localhost:3000/calculators/budget", waiting until "load"


      15 |   for (const page of pages) {
      16 |     test(`should load ${page.path} with correct title and structure`, async ({ page: testPage }) => {
    > 17 |       const response = await testPage.goto(page.path);
         |                                       ^
      18 |       expect(response?.status()).toBe(200);
      19 |
      20 |       // Проверяем title
        at C:\Users\Viktor\projects\repair-blog\tests\e2e\smoke\basic-structure.spec.ts:17:39

    attachment #1: screenshot (image/png) ──────────────────────────────────────────────────────────
    ..\..\test-results\smoke-basic-structure-Smok-fb86d-correct-title-and-structure-webkit\test-failed-1.png
    ────────────────────────────────────────────────────────────────────────────────────────────────

    attachment #2: video (video/webm) ──────────────────────────────────────────────────────────────
    ..\..\test-results\smoke-basic-structure-Smok-fb86d-correct-title-and-structure-webkit\video.webm
    ────────────────────────────────────────────────────────────────────────────────────────────────
]]>
</failure>
<system-out>
<![CDATA[
[[ATTACHMENT|smoke-basic-structure-Smok-fb86d-correct-title-and-structure-webkit\test-failed-1.png]]

[[ATTACHMENT|smoke-basic-structure-Smok-fb86d-correct-title-and-structure-webkit\video.webm]]
]]>
</system-out>
</testcase>
<testcase name="Smoke Tests - Basic Site Structure › should load /en/calculators/budget with correct title and structure" classname="smoke\basic-structure.spec.ts" time="30.382">
<failure message="basic-structure.spec.ts:16:9 should load /en/calculators/budget with correct title and structure" type="FAILURE">
<![CDATA[  [webkit] › smoke\basic-structure.spec.ts:16:9 › Smoke Tests - Basic Site Structure › should load /en/calculators/budget with correct title and structure 

    Test timeout of 30000ms exceeded.

    Error: page.goto: Test timeout of 30000ms exceeded.
    Call log:
      - navigating to "http://localhost:3000/en/calculators/budget", waiting until "load"


      15 |   for (const page of pages) {
      16 |     test(`should load ${page.path} with correct title and structure`, async ({ page: testPage }) => {
    > 17 |       const response = await testPage.goto(page.path);
         |                                       ^
      18 |       expect(response?.status()).toBe(200);
      19 |
      20 |       // Проверяем title
        at C:\Users\Viktor\projects\repair-blog\tests\e2e\smoke\basic-structure.spec.ts:17:39

    attachment #1: screenshot (image/png) ──────────────────────────────────────────────────────────
    ..\..\test-results\smoke-basic-structure-Smok-73bd6-correct-title-and-structure-webkit\test-failed-1.png
    ────────────────────────────────────────────────────────────────────────────────────────────────

    attachment #2: video (video/webm) ──────────────────────────────────────────────────────────────
    ..\..\test-results\smoke-basic-structure-Smok-73bd6-correct-title-and-structure-webkit\video.webm
    ────────────────────────────────────────────────────────────────────────────────────────────────
]]>
</failure>
<system-out>
<![CDATA[
[[ATTACHMENT|smoke-basic-structure-Smok-73bd6-correct-title-and-structure-webkit\test-failed-1.png]]

[[ATTACHMENT|smoke-basic-structure-Smok-73bd6-correct-title-and-structure-webkit\video.webm]]
]]>
</system-out>
</testcase>
<testcase name="Smoke Tests - Basic Site Structure › should have clickable navigation links" classname="smoke\basic-structure.spec.ts" time="30.499">
<failure message="basic-structure.spec.ts:41:7 should have clickable navigation links" type="FAILURE">
<![CDATA[  [webkit] › smoke\basic-structure.spec.ts:41:7 › Smoke Tests - Basic Site Structure › should have clickable navigation links 

    Test timeout of 30000ms exceeded.

    Error: page.goto: Test timeout of 30000ms exceeded.
    Call log:
      - navigating to "http://localhost:3000/", waiting until "load"


      40 |
      41 |   test('should have clickable navigation links', async ({ page }) => {
    > 42 |     await page.goto('/');
         |                ^
      43 |     
      44 |     // Проверяем основные ссылки в хедере
      45 |     const navLinks = [
        at C:\Users\Viktor\projects\repair-blog\tests\e2e\smoke\basic-structure.spec.ts:42:16

    attachment #1: screenshot (image/png) ──────────────────────────────────────────────────────────
    ..\..\test-results\smoke-basic-structure-Smok-b680c--clickable-navigation-links-webkit\test-failed-1.png
    ────────────────────────────────────────────────────────────────────────────────────────────────

    attachment #2: video (video/webm) ──────────────────────────────────────────────────────────────
    ..\..\test-results\smoke-basic-structure-Smok-b680c--clickable-navigation-links-webkit\video.webm
    ────────────────────────────────────────────────────────────────────────────────────────────────
]]>
</failure>
<system-out>
<![CDATA[
[[ATTACHMENT|smoke-basic-structure-Smok-b680c--clickable-navigation-links-webkit\test-failed-1.png]]

[[ATTACHMENT|smoke-basic-structure-Smok-b680c--clickable-navigation-links-webkit\video.webm]]
]]>
</system-out>
</testcase>
<testcase name="Smoke Tests - Basic Site Structure › should have valid footer links" classname="smoke\basic-structure.spec.ts" time="30.346">
<failure message="basic-structure.spec.ts:66:7 should have valid footer links" type="FAILURE">
<![CDATA[  [webkit] › smoke\basic-structure.spec.ts:66:7 › Smoke Tests - Basic Site Structure › should have valid footer links 

    Test timeout of 30000ms exceeded.

    Error: page.goto: Test timeout of 30000ms exceeded.
    Call log:
      - navigating to "http://localhost:3000/", waiting until "load"


      65 |
      66 |   test('should have valid footer links', async ({ page }) => {
    > 67 |     await page.goto('/');
         |                ^
      68 |     
      69 |     // Проверяем ссылки в футере
      70 |     const footerLinks = page.locator('footer a');
        at C:\Users\Viktor\projects\repair-blog\tests\e2e\smoke\basic-structure.spec.ts:67:16

    attachment #1: screenshot (image/png) ──────────────────────────────────────────────────────────
    ..\..\test-results\smoke-basic-structure-Smok-4a4b2-uld-have-valid-footer-links-webkit\test-failed-1.png
    ────────────────────────────────────────────────────────────────────────────────────────────────

    attachment #2: video (video/webm) ──────────────────────────────────────────────────────────────
    ..\..\test-results\smoke-basic-structure-Smok-4a4b2-uld-have-valid-footer-links-webkit\video.webm
    ────────────────────────────────────────────────────────────────────────────────────────────────
]]>
</failure>
<system-out>
<![CDATA[
[[ATTACHMENT|smoke-basic-structure-Smok-4a4b2-uld-have-valid-footer-links-webkit\test-failed-1.png]]

[[ATTACHMENT|smoke-basic-structure-Smok-4a4b2-uld-have-valid-footer-links-webkit\video.webm]]
]]>
</system-out>
</testcase>
<testcase name="Smoke Tests - Basic Site Structure › should handle 404 pages correctly" classname="smoke\basic-structure.spec.ts" time="30.389">
<failure message="basic-structure.spec.ts:88:7 should handle 404 pages correctly" type="FAILURE">
<![CDATA[  [webkit] › smoke\basic-structure.spec.ts:88:7 › Smoke Tests - Basic Site Structure › should handle 404 pages correctly 

    Test timeout of 30000ms exceeded.

    Error: page.goto: Test timeout of 30000ms exceeded.
    Call log:
      - navigating to "http://localhost:3000/non-existent-page", waiting until "load"


      87 |
      88 |   test('should handle 404 pages correctly', async ({ page }) => {
    > 89 |     const response = await page.goto('/non-existent-page');
         |                                 ^
      90 |     expect(response?.status()).toBe(404);
      91 |     
      92 |     // Проверяем, что отображается кастомная 404 страница
        at C:\Users\Viktor\projects\repair-blog\tests\e2e\smoke\basic-structure.spec.ts:89:33

    attachment #1: screenshot (image/png) ──────────────────────────────────────────────────────────
    ..\..\test-results\smoke-basic-structure-Smok-9f93d--handle-404-pages-correctly-webkit\test-failed-1.png
    ────────────────────────────────────────────────────────────────────────────────────────────────

    attachment #2: video (video/webm) ──────────────────────────────────────────────────────────────
    ..\..\test-results\smoke-basic-structure-Smok-9f93d--handle-404-pages-correctly-webkit\video.webm
    ────────────────────────────────────────────────────────────────────────────────────────────────
]]>
</failure>
<system-out>
<![CDATA[
[[ATTACHMENT|smoke-basic-structure-Smok-9f93d--handle-404-pages-correctly-webkit\test-failed-1.png]]

[[ATTACHMENT|smoke-basic-structure-Smok-9f93d--handle-404-pages-correctly-webkit\video.webm]]
]]>
</system-out>
</testcase>
</testsuite>
<testsuite name="smoke.spec.ts" timestamp="2025-11-26T12:11:41.906Z" hostname="webkit" tests="11" failures="11" skipped="0" time="334.038" errors="0">
<testcase name="Homepage › should load homepage successfully" classname="smoke.spec.ts" time="30.356">
<failure message="smoke.spec.ts:4:7 should load homepage successfully" type="FAILURE">
<![CDATA[  [webkit] › smoke.spec.ts:4:7 › Homepage › should load homepage successfully ──────────────────────

    Test timeout of 30000ms exceeded.

    Error: page.goto: Test timeout of 30000ms exceeded.
    Call log:
      - navigating to "http://localhost:3000/", waiting until "load"


      3 | test.describe('Homepage', () => {
      4 |   test('should load homepage successfully', async ({ page }) => {
    > 5 |     await page.goto('/');
        |                ^
      6 |     await expect(page).toHaveTitle(/Renohacks/);
      7 |     await expect(page.locator('h1')).toBeVisible();
      8 |   });
        at C:\Users\Viktor\projects\repair-blog\tests\e2e\smoke.spec.ts:5:16

    attachment #1: screenshot (image/png) ──────────────────────────────────────────────────────────
    ..\..\test-results\smoke-Homepage-should-load-homepage-successfully-webkit\test-failed-1.png
    ────────────────────────────────────────────────────────────────────────────────────────────────

    attachment #2: video (video/webm) ──────────────────────────────────────────────────────────────
    ..\..\test-results\smoke-Homepage-should-load-homepage-successfully-webkit\video.webm
    ────────────────────────────────────────────────────────────────────────────────────────────────
]]>
</failure>
<system-out>
<![CDATA[
[[ATTACHMENT|smoke-Homepage-should-load-homepage-successfully-webkit\test-failed-1.png]]

[[ATTACHMENT|smoke-Homepage-should-load-homepage-successfully-webkit\video.webm]]
]]>
</system-out>
</testcase>
<testcase name="Homepage › should have working navigation" classname="smoke.spec.ts" time="30.568">
<failure message="smoke.spec.ts:10:7 should have working navigation" type="FAILURE">
<![CDATA[  [webkit] › smoke.spec.ts:10:7 › Homepage › should have working navigation ────────────────────────

    Test timeout of 30000ms exceeded.

    Error: page.goto: Test timeout of 30000ms exceeded.
    Call log:
      - navigating to "http://localhost:3000/", waiting until "load"


       9 |
      10 |   test('should have working navigation', async ({ page }) => {
    > 11 |     await page.goto('/');
         |                ^
      12 |     
      13 |     // Проверяем основные ссылки навигации
      14 |     await expect(page.locator('a[href="/"]')).toBeVisible();
        at C:\Users\Viktor\projects\repair-blog\tests\e2e\smoke.spec.ts:11:16

    attachment #1: screenshot (image/png) ──────────────────────────────────────────────────────────
    ..\..\test-results\smoke-Homepage-should-have-working-navigation-webkit\test-failed-1.png
    ────────────────────────────────────────────────────────────────────────────────────────────────

    attachment #2: video (video/webm) ──────────────────────────────────────────────────────────────
    ..\..\test-results\smoke-Homepage-should-have-working-navigation-webkit\video.webm
    ────────────────────────────────────────────────────────────────────────────────────────────────
]]>
</failure>
<system-out>
<![CDATA[
[[ATTACHMENT|smoke-Homepage-should-have-working-navigation-webkit\test-failed-1.png]]

[[ATTACHMENT|smoke-Homepage-should-have-working-navigation-webkit\video.webm]]
]]>
</system-out>
</testcase>
<testcase name="Homepage › should have working language switcher" classname="smoke.spec.ts" time="30.329">
<failure message="smoke.spec.ts:21:7 should have working language switcher" type="FAILURE">
<![CDATA[  [webkit] › smoke.spec.ts:21:7 › Homepage › should have working language switcher ─────────────────

    Test timeout of 30000ms exceeded.

    Error: page.goto: Test timeout of 30000ms exceeded.
    Call log:
      - navigating to "http://localhost:3000/", waiting until "load"


      20 |
      21 |   test('should have working language switcher', async ({ page }) => {
    > 22 |     await page.goto('/');
         |                ^
      23 |     
      24 |     // Проверяем переключение языка
      25 |     await page.click('text=EN');
        at C:\Users\Viktor\projects\repair-blog\tests\e2e\smoke.spec.ts:22:16

    attachment #1: screenshot (image/png) ──────────────────────────────────────────────────────────
    ..\..\test-results\smoke-Homepage-should-have-working-language-switcher-webkit\test-failed-1.png
    ────────────────────────────────────────────────────────────────────────────────────────────────

    attachment #2: video (video/webm) ──────────────────────────────────────────────────────────────
    ..\..\test-results\smoke-Homepage-should-have-working-language-switcher-webkit\video.webm
    ────────────────────────────────────────────────────────────────────────────────────────────────
]]>
</failure>
<system-out>
<![CDATA[
[[ATTACHMENT|smoke-Homepage-should-have-working-language-switcher-webkit\test-failed-1.png]]

[[ATTACHMENT|smoke-Homepage-should-have-working-language-switcher-webkit\video.webm]]
]]>
</system-out>
</testcase>
<testcase name="Tag Pages › should load tag pages without 404" classname="smoke.spec.ts" time="30.389">
<failure message="smoke.spec.ts:34:7 should load tag pages without 404" type="FAILURE">
<![CDATA[  [webkit] › smoke.spec.ts:34:7 › Tag Pages › should load tag pages without 404 ────────────────────

    Test timeout of 30000ms exceeded.

    Error: page.goto: Test timeout of 30000ms exceeded.
    Call log:
      - navigating to "http://localhost:3000/tags/%D1%82%D1%80%D0%B5%D0%BD%D0%B4%D1%8B", waiting until "load"


      36 |     
      37 |     for (const tag of tags) {
    > 38 |       await page.goto(`/tags/${tag}`);
         |                  ^
      39 |       await expect(page).toHaveTitle(/Renohacks/);
      40 |       // Проверяем, что нет 404 ошибки
      41 |       await expect(page.locator('text=404')).not.toBeVisible();
        at C:\Users\Viktor\projects\repair-blog\tests\e2e\smoke.spec.ts:38:18

    attachment #1: screenshot (image/png) ──────────────────────────────────────────────────────────
    ..\..\test-results\smoke-Tag-Pages-should-load-tag-pages-without-404-webkit\test-failed-1.png
    ────────────────────────────────────────────────────────────────────────────────────────────────

    attachment #2: video (video/webm) ──────────────────────────────────────────────────────────────
    ..\..\test-results\smoke-Tag-Pages-should-load-tag-pages-without-404-webkit\video.webm
    ────────────────────────────────────────────────────────────────────────────────────────────────
]]>
</failure>
<system-out>
<![CDATA[
[[ATTACHMENT|smoke-Tag-Pages-should-load-tag-pages-without-404-webkit\test-failed-1.png]]

[[ATTACHMENT|smoke-Tag-Pages-should-load-tag-pages-without-404-webkit\video.webm]]
]]>
</system-out>
</testcase>
<testcase name="Tag Pages › should have working language switch on tag pages" classname="smoke.spec.ts" time="30.347">
<failure message="smoke.spec.ts:45:7 should have working language switch on tag pages" type="FAILURE">
<![CDATA[  [webkit] › smoke.spec.ts:45:7 › Tag Pages › should have working language switch on tag pages ─────

    Test timeout of 30000ms exceeded.

    Error: page.goto: Test timeout of 30000ms exceeded.
    Call log:
      - navigating to "http://localhost:3000/tags/kitchen", waiting until "load"


      44 |
      45 |   test('should have working language switch on tag pages', async ({ page }) => {
    > 46 |     await page.goto('/tags/kitchen');
         |                ^
      47 |     
      48 |     // Переключаем на английский
      49 |     await page.click('text=EN');
        at C:\Users\Viktor\projects\repair-blog\tests\e2e\smoke.spec.ts:46:16

    attachment #1: screenshot (image/png) ──────────────────────────────────────────────────────────
    ..\..\test-results\smoke-Tag-Pages-should-hav-d0201-anguage-switch-on-tag-pages-webkit\test-failed-1.png
    ────────────────────────────────────────────────────────────────────────────────────────────────

    attachment #2: video (video/webm) ──────────────────────────────────────────────────────────────
    ..\..\test-results\smoke-Tag-Pages-should-hav-d0201-anguage-switch-on-tag-pages-webkit\video.webm
    ────────────────────────────────────────────────────────────────────────────────────────────────
]]>
</failure>
<system-out>
<![CDATA[
[[ATTACHMENT|smoke-Tag-Pages-should-hav-d0201-anguage-switch-on-tag-pages-webkit\test-failed-1.png]]

[[ATTACHMENT|smoke-Tag-Pages-should-hav-d0201-anguage-switch-on-tag-pages-webkit\video.webm]]
]]>
</system-out>
</testcase>
<testcase name="Calculators › should load budget calculator" classname="smoke.spec.ts" time="30.318">
<failure message="smoke.spec.ts:59:7 should load budget calculator" type="FAILURE">
<![CDATA[  [webkit] › smoke.spec.ts:59:7 › Calculators › should load budget calculator ──────────────────────

    Test timeout of 30000ms exceeded.

    Error: page.goto: Test timeout of 30000ms exceeded.
    Call log:
      - navigating to "http://localhost:3000/calculators/budget", waiting until "load"


      58 | test.describe('Calculators', () => {
      59 |   test('should load budget calculator', async ({ page }) => {
    > 60 |     await page.goto('/calculators/budget');
         |                ^
      61 |     await expect(page).toHaveTitle(/Планировщик бюджета/);
      62 |     
      63 |     // Проверяем, что калькулятор загрузился
        at C:\Users\Viktor\projects\repair-blog\tests\e2e\smoke.spec.ts:60:16

    attachment #1: screenshot (image/png) ──────────────────────────────────────────────────────────
    ..\..\test-results\smoke-Calculators-should-load-budget-calculator-webkit\test-failed-1.png
    ────────────────────────────────────────────────────────────────────────────────────────────────

    attachment #2: video (video/webm) ──────────────────────────────────────────────────────────────
    ..\..\test-results\smoke-Calculators-should-load-budget-calculator-webkit\video.webm
    ────────────────────────────────────────────────────────────────────────────────────────────────
]]>
</failure>
<system-out>
<![CDATA[
[[ATTACHMENT|smoke-Calculators-should-load-budget-calculator-webkit\test-failed-1.png]]

[[ATTACHMENT|smoke-Calculators-should-load-budget-calculator-webkit\video.webm]]
]]>
</system-out>
</testcase>
<testcase name="Calculators › should work budget calculator functionality" classname="smoke.spec.ts" time="30.344">
<failure message="smoke.spec.ts:68:7 should work budget calculator functionality" type="FAILURE">
<![CDATA[  [webkit] › smoke.spec.ts:68:7 › Calculators › should work budget calculator functionality ────────

    Test timeout of 30000ms exceeded.

    Error: page.goto: Test timeout of 30000ms exceeded.
    Call log:
      - navigating to "http://localhost:3000/calculators/budget", waiting until "load"


      67 |
      68 |   test('should work budget calculator functionality', async ({ page }) => {
    > 69 |     await page.goto('/calculators/budget');
         |                ^
      70 |     
      71 |     // Добавляем категорию
      72 |     await page.click('button:has-text("Добавить категорию")');
        at C:\Users\Viktor\projects\repair-blog\tests\e2e\smoke.spec.ts:69:16

    attachment #1: screenshot (image/png) ──────────────────────────────────────────────────────────
    ..\..\test-results\smoke-Calculators-should-w-b2c23-et-calculator-functionality-webkit\test-failed-1.png
    ────────────────────────────────────────────────────────────────────────────────────────────────

    attachment #2: video (video/webm) ──────────────────────────────────────────────────────────────
    ..\..\test-results\smoke-Calculators-should-w-b2c23-et-calculator-functionality-webkit\video.webm
    ────────────────────────────────────────────────────────────────────────────────────────────────
]]>
</failure>
<system-out>
<![CDATA[
[[ATTACHMENT|smoke-Calculators-should-w-b2c23-et-calculator-functionality-webkit\test-failed-1.png]]

[[ATTACHMENT|smoke-Calculators-should-w-b2c23-et-calculator-functionality-webkit\video.webm]]
]]>
</system-out>
</testcase>
<testcase name="Articles › should load article pages" classname="smoke.spec.ts" time="30.364">
<failure message="smoke.spec.ts:85:7 should load article pages" type="FAILURE">
<![CDATA[  [webkit] › smoke.spec.ts:85:7 › Articles › should load article pages ─────────────────────────────

    Test timeout of 30000ms exceeded.

    Error: page.goto: Test timeout of 30000ms exceeded.
    Call log:
      - navigating to "http://localhost:3000/posts/remont-vannoy", waiting until "load"


      92 |     
      93 |     for (const article of articles) {
    > 94 |       await page.goto(article);
         |                  ^
      95 |       await expect(page).toHaveTitle(/Renohacks/);
      96 |       await expect(page.locator('article')).toBeVisible();
      97 |     }
        at C:\Users\Viktor\projects\repair-blog\tests\e2e\smoke.spec.ts:94:18

    attachment #1: screenshot (image/png) ──────────────────────────────────────────────────────────
    ..\..\test-results\smoke-Articles-should-load-article-pages-webkit\test-failed-1.png
    ────────────────────────────────────────────────────────────────────────────────────────────────

    attachment #2: video (video/webm) ──────────────────────────────────────────────────────────────
    ..\..\test-results\smoke-Articles-should-load-article-pages-webkit\video.webm
    ────────────────────────────────────────────────────────────────────────────────────────────────
]]>
</failure>
<system-out>
<![CDATA[
[[ATTACHMENT|smoke-Articles-should-load-article-pages-webkit\test-failed-1.png]]

[[ATTACHMENT|smoke-Articles-should-load-article-pages-webkit\video.webm]]
]]>
</system-out>
</testcase>
<testcase name="Articles › should have related posts section" classname="smoke.spec.ts" time="30.343">
<failure message="smoke.spec.ts:100:7 should have related posts section" type="FAILURE">
<![CDATA[  [webkit] › smoke.spec.ts:100:7 › Articles › should have related posts section ────────────────────

    Test timeout of 30000ms exceeded.

    Error: page.goto: Test timeout of 30000ms exceeded.
    Call log:
      - navigating to "http://localhost:3000/posts/remont-vannoy", waiting until "load"


       99 |
      100 |   test('should have related posts section', async ({ page }) => {
    > 101 |     await page.goto('/posts/remont-vannoy');
          |                ^
      102 |     
      103 |     // Проверяем блок "Читайте также"
      104 |     await expect(page.locator('text=Читайте также')).toBeVisible();
        at C:\Users\Viktor\projects\repair-blog\tests\e2e\smoke.spec.ts:101:16

    attachment #1: screenshot (image/png) ──────────────────────────────────────────────────────────
    ..\..\test-results\smoke-Articles-should-have-related-posts-section-webkit\test-failed-1.png
    ────────────────────────────────────────────────────────────────────────────────────────────────

    attachment #2: video (video/webm) ──────────────────────────────────────────────────────────────
    ..\..\test-results\smoke-Articles-should-have-related-posts-section-webkit\video.webm
    ────────────────────────────────────────────────────────────────────────────────────────────────
]]>
</failure>
<system-out>
<![CDATA[
[[ATTACHMENT|smoke-Articles-should-have-related-posts-section-webkit\test-failed-1.png]]

[[ATTACHMENT|smoke-Articles-should-have-related-posts-section-webkit\video.webm]]
]]>
</system-out>
</testcase>
<testcase name="Performance › should load quickly" classname="smoke.spec.ts" time="30.462">
<failure message="smoke.spec.ts:110:7 should load quickly" type="FAILURE">
<![CDATA[  [webkit] › smoke.spec.ts:110:7 › Performance › should load quickly ───────────────────────────────

    Test timeout of 30000ms exceeded.

    Error: page.goto: Test timeout of 30000ms exceeded.
    Call log:
      - navigating to "http://localhost:3000/", waiting until "load"


      110 |   test('should load quickly', async ({ page }) => {
      111 |     const startTime = Date.now();
    > 112 |     await page.goto('/');
          |                ^
      113 |     await page.waitForLoadState('networkidle');
      114 |     const loadTime = Date.now() - startTime;
      115 |     
        at C:\Users\Viktor\projects\repair-blog\tests\e2e\smoke.spec.ts:112:16

    attachment #1: screenshot (image/png) ──────────────────────────────────────────────────────────
    ..\..\test-results\smoke-Performance-should-load-quickly-webkit\test-failed-1.png
    ────────────────────────────────────────────────────────────────────────────────────────────────

    attachment #2: video (video/webm) ──────────────────────────────────────────────────────────────
    ..\..\test-results\smoke-Performance-should-load-quickly-webkit\video.webm
    ────────────────────────────────────────────────────────────────────────────────────────────────
]]>
</failure>
<system-out>
<![CDATA[
[[ATTACHMENT|smoke-Performance-should-load-quickly-webkit\test-failed-1.png]]

[[ATTACHMENT|smoke-Performance-should-load-quickly-webkit\video.webm]]
]]>
</system-out>
</testcase>
<testcase name="Mobile Responsiveness › should work on mobile" classname="smoke.spec.ts" time="30.218">
<failure message="smoke.spec.ts:122:7 should work on mobile" type="FAILURE">
<![CDATA[  [webkit] › smoke.spec.ts:122:7 › Mobile Responsiveness › should work on mobile ───────────────────

    Test timeout of 30000ms exceeded.

    Error: page.goto: Test timeout of 30000ms exceeded.
    Call log:
      - navigating to "http://localhost:3000/", waiting until "load"


      122 |   test('should work on mobile', async ({ page }) => {
      123 |     await page.setViewportSize({ width: 375, height: 667 });
    > 124 |     await page.goto('/');
          |                ^
      125 |     
      126 |     // Проверяем мобильное меню
      127 |     await page.click('button[aria-label*="меню"]');
        at C:\Users\Viktor\projects\repair-blog\tests\e2e\smoke.spec.ts:124:16

    attachment #1: screenshot (image/png) ──────────────────────────────────────────────────────────
    ..\..\test-results\smoke-Mobile-Responsiveness-should-work-on-mobile-webkit\test-failed-1.png
    ────────────────────────────────────────────────────────────────────────────────────────────────

    attachment #2: video (video/webm) ──────────────────────────────────────────────────────────────
    ..\..\test-results\smoke-Mobile-Responsiveness-should-work-on-mobile-webkit\video.webm
    ────────────────────────────────────────────────────────────────────────────────────────────────
]]>
</failure>
<system-out>
<![CDATA[
[[ATTACHMENT|smoke-Mobile-Responsiveness-should-work-on-mobile-webkit\test-failed-1.png]]

[[ATTACHMENT|smoke-Mobile-Responsiveness-should-work-on-mobile-webkit\video.webm]]
]]>
</system-out>
</testcase>
</testsuite>
<testsuite name="ui\responsiveness.spec.ts" timestamp="2025-11-26T12:11:41.906Z" hostname="webkit" tests="13" failures="12" skipped="0" time="438.408" errors="0">
<testcase name="UI and Responsiveness Tests › Responsive Layout › should display correctly on Mobile" classname="ui\responsiveness.spec.ts" time="35.427">
<failure message="responsiveness.spec.ts:13:11 should display correctly on Mobile" type="FAILURE">
<![CDATA[  [webkit] › ui\responsiveness.spec.ts:13:11 › UI and Responsiveness Tests › Responsive Layout › should display correctly on Mobile 

    Test timeout of 30000ms exceeded.

    Error: page.goto: Test timeout of 30000ms exceeded.
    Call log:
      - navigating to "http://localhost:3000/", waiting until "load"


      13 |       test(`should display correctly on ${viewport.name}`, async ({ page }) => {
      14 |         await page.setViewportSize({ width: viewport.width, height: viewport.height });
    > 15 |         await page.goto('/');
         |                    ^
      16 |         
      17 |         // Проверяем, что основные элементы видны
      18 |         await expect(page.locator('h1')).toBeVisible();
        at C:\Users\Viktor\projects\repair-blog\tests\e2e\ui\responsiveness.spec.ts:15:20

    attachment #1: video (video/webm) ──────────────────────────────────────────────────────────────
    ..\..\test-results\ui-responsiveness-UI-and-R-2cd74-display-correctly-on-Mobile-webkit\video.webm
    ────────────────────────────────────────────────────────────────────────────────────────────────

    Error Context: ..\..\test-results\ui-responsiveness-UI-and-R-2cd74-display-correctly-on-Mobile-webkit\error-context.md
]]>
</failure>
<system-out>
<![CDATA[
[[ATTACHMENT|ui-responsiveness-UI-and-R-2cd74-display-correctly-on-Mobile-webkit\video.webm]]

[[ATTACHMENT|ui-responsiveness-UI-and-R-2cd74-display-correctly-on-Mobile-webkit\error-context.md]]
]]>
</system-out>
</testcase>
<testcase name="UI and Responsiveness Tests › Responsive Layout › should display correctly on Tablet" classname="ui\responsiveness.spec.ts" time="35.398">
<failure message="responsiveness.spec.ts:13:11 should display correctly on Tablet" type="FAILURE">
<![CDATA[  [webkit] › ui\responsiveness.spec.ts:13:11 › UI and Responsiveness Tests › Responsive Layout › should display correctly on Tablet 

    Test timeout of 30000ms exceeded.

    Error: page.goto: Test timeout of 30000ms exceeded.
    Call log:
      - navigating to "http://localhost:3000/", waiting until "load"


      13 |       test(`should display correctly on ${viewport.name}`, async ({ page }) => {
      14 |         await page.setViewportSize({ width: viewport.width, height: viewport.height });
    > 15 |         await page.goto('/');
         |                    ^
      16 |         
      17 |         // Проверяем, что основные элементы видны
      18 |         await expect(page.locator('h1')).toBeVisible();
        at C:\Users\Viktor\projects\repair-blog\tests\e2e\ui\responsiveness.spec.ts:15:20

    attachment #1: video (video/webm) ──────────────────────────────────────────────────────────────
    ..\..\test-results\ui-responsiveness-UI-and-R-3e328-display-correctly-on-Tablet-webkit\video.webm
    ────────────────────────────────────────────────────────────────────────────────────────────────

    Error Context: ..\..\test-results\ui-responsiveness-UI-and-R-3e328-display-correctly-on-Tablet-webkit\error-context.md
]]>
</failure>
<system-out>
<![CDATA[
[[ATTACHMENT|ui-responsiveness-UI-and-R-3e328-display-correctly-on-Tablet-webkit\video.webm]]

[[ATTACHMENT|ui-responsiveness-UI-and-R-3e328-display-correctly-on-Tablet-webkit\error-context.md]]
]]>
</system-out>
</testcase>
<testcase name="UI and Responsiveness Tests › Responsive Layout › should display correctly on Desktop" classname="ui\responsiveness.spec.ts" time="35.267">
<failure message="responsiveness.spec.ts:13:11 should display correctly on Desktop" type="FAILURE">
<![CDATA[  [webkit] › ui\responsiveness.spec.ts:13:11 › UI and Responsiveness Tests › Responsive Layout › should display correctly on Desktop 

    Test timeout of 30000ms exceeded.

    Error: page.goto: Test timeout of 30000ms exceeded.
    Call log:
      - navigating to "http://localhost:3000/", waiting until "load"


      13 |       test(`should display correctly on ${viewport.name}`, async ({ page }) => {
      14 |         await page.setViewportSize({ width: viewport.width, height: viewport.height });
    > 15 |         await page.goto('/');
         |                    ^
      16 |         
      17 |         // Проверяем, что основные элементы видны
      18 |         await expect(page.locator('h1')).toBeVisible();
        at C:\Users\Viktor\projects\repair-blog\tests\e2e\ui\responsiveness.spec.ts:15:20

    attachment #1: video (video/webm) ──────────────────────────────────────────────────────────────
    ..\..\test-results\ui-responsiveness-UI-and-R-205be-isplay-correctly-on-Desktop-webkit\video.webm
    ────────────────────────────────────────────────────────────────────────────────────────────────

    Error Context: ..\..\test-results\ui-responsiveness-UI-and-R-205be-isplay-correctly-on-Desktop-webkit\error-context.md
]]>
</failure>
<system-out>
<![CDATA[
[[ATTACHMENT|ui-responsiveness-UI-and-R-205be-isplay-correctly-on-Desktop-webkit\video.webm]]

[[ATTACHMENT|ui-responsiveness-UI-and-R-205be-isplay-correctly-on-Desktop-webkit\error-context.md]]
]]>
</system-out>
</testcase>
<testcase name="UI and Responsiveness Tests › Responsive Layout › should display correctly on Large Desktop" classname="ui\responsiveness.spec.ts" time="35.558">
<failure message="responsiveness.spec.ts:13:11 should display correctly on Large Desktop" type="FAILURE">
<![CDATA[  [webkit] › ui\responsiveness.spec.ts:13:11 › UI and Responsiveness Tests › Responsive Layout › should display correctly on Large Desktop 

    Test timeout of 30000ms exceeded.

    Error: page.goto: Test timeout of 30000ms exceeded.
    Call log:
      - navigating to "http://localhost:3000/", waiting until "load"


      13 |       test(`should display correctly on ${viewport.name}`, async ({ page }) => {
      14 |         await page.setViewportSize({ width: viewport.width, height: viewport.height });
    > 15 |         await page.goto('/');
         |                    ^
      16 |         
      17 |         // Проверяем, что основные элементы видны
      18 |         await expect(page.locator('h1')).toBeVisible();
        at C:\Users\Viktor\projects\repair-blog\tests\e2e\ui\responsiveness.spec.ts:15:20

    attachment #1: video (video/webm) ──────────────────────────────────────────────────────────────
    ..\..\test-results\ui-responsiveness-UI-and-R-8995e--correctly-on-Large-Desktop-webkit\video.webm
    ────────────────────────────────────────────────────────────────────────────────────────────────

    Error Context: ..\..\test-results\ui-responsiveness-UI-and-R-8995e--correctly-on-Large-Desktop-webkit\error-context.md
]]>
</failure>
<system-out>
<![CDATA[
[[ATTACHMENT|ui-responsiveness-UI-and-R-8995e--correctly-on-Large-Desktop-webkit\video.webm]]

[[ATTACHMENT|ui-responsiveness-UI-and-R-8995e--correctly-on-Large-Desktop-webkit\error-context.md]]
]]>
</system-out>
</testcase>
<testcase name="UI and Responsiveness Tests › Theme Switcher › should switch themes correctly" classname="ui\responsiveness.spec.ts" time="35.306">
<failure message="responsiveness.spec.ts:34:9 should switch themes correctly" type="FAILURE">
<![CDATA[  [webkit] › ui\responsiveness.spec.ts:34:9 › UI and Responsiveness Tests › Theme Switcher › should switch themes correctly 

    Test timeout of 30000ms exceeded.

    Error: page.goto: Test timeout of 30000ms exceeded.
    Call log:
      - navigating to "http://localhost:3000/", waiting until "load"


      33 |   test.describe('Theme Switcher', () => {
      34 |     test('should switch themes correctly', async ({ page }) => {
    > 35 |       await page.goto('/');
         |                  ^
      36 |       
      37 |       // Проверяем начальную тему
      38 |       const html = page.locator('html');
        at C:\Users\Viktor\projects\repair-blog\tests\e2e\ui\responsiveness.spec.ts:35:18

    attachment #1: video (video/webm) ──────────────────────────────────────────────────────────────
    ..\..\test-results\ui-responsiveness-UI-and-R-f4d86-uld-switch-themes-correctly-webkit\video.webm
    ────────────────────────────────────────────────────────────────────────────────────────────────

    Error Context: ..\..\test-results\ui-responsiveness-UI-and-R-f4d86-uld-switch-themes-correctly-webkit\error-context.md
]]>
</failure>
<system-out>
<![CDATA[
[[ATTACHMENT|ui-responsiveness-UI-and-R-f4d86-uld-switch-themes-correctly-webkit\video.webm]]

[[ATTACHMENT|ui-responsiveness-UI-and-R-f4d86-uld-switch-themes-correctly-webkit\error-context.md]]
]]>
</system-out>
</testcase>
<testcase name="UI and Responsiveness Tests › Theme Switcher › should have all theme options" classname="ui\responsiveness.spec.ts" time="35.34">
<failure message="responsiveness.spec.ts:54:9 should have all theme options" type="FAILURE">
<![CDATA[  [webkit] › ui\responsiveness.spec.ts:54:9 › UI and Responsiveness Tests › Theme Switcher › should have all theme options 

    Test timeout of 30000ms exceeded.

    Error: page.goto: Test timeout of 30000ms exceeded.
    Call log:
      - navigating to "http://localhost:3000/", waiting until "load"


      53 |
      54 |     test('should have all theme options', async ({ page }) => {
    > 55 |       await page.goto('/');
         |                  ^
      56 |       
      57 |       // Открываем переключатель тем
      58 |       await page.click('[aria-label*="тему"], [aria-label*="theme"]');
        at C:\Users\Viktor\projects\repair-blog\tests\e2e\ui\responsiveness.spec.ts:55:18

    attachment #1: video (video/webm) ──────────────────────────────────────────────────────────────
    ..\..\test-results\ui-responsiveness-UI-and-R-b43b1-ould-have-all-theme-options-webkit\video.webm
    ────────────────────────────────────────────────────────────────────────────────────────────────

    Error Context: ..\..\test-results\ui-responsiveness-UI-and-R-b43b1-ould-have-all-theme-options-webkit\error-context.md
]]>
</failure>
<system-out>
<![CDATA[
[[ATTACHMENT|ui-responsiveness-UI-and-R-b43b1-ould-have-all-theme-options-webkit\video.webm]]

[[ATTACHMENT|ui-responsiveness-UI-and-R-b43b1-ould-have-all-theme-options-webkit\error-context.md]]
]]>
</system-out>
</testcase>
<testcase name="UI and Responsiveness Tests › Mobile Navigation › should have working mobile menu" classname="ui\responsiveness.spec.ts" time="35.286">
<failure message="responsiveness.spec.ts:71:9 should have working mobile menu" type="FAILURE">
<![CDATA[  [webkit] › ui\responsiveness.spec.ts:71:9 › UI and Responsiveness Tests › Mobile Navigation › should have working mobile menu 

    Test timeout of 30000ms exceeded.

    Error: page.goto: Test timeout of 30000ms exceeded.
    Call log:
      - navigating to "http://localhost:3000/", waiting until "load"


      71 |     test('should have working mobile menu', async ({ page }) => {
      72 |       await page.setViewportSize({ width: 375, height: 667 });
    > 73 |       await page.goto('/');
         |                  ^
      74 |       
      75 |       // Ищем кнопку мобильного меню
      76 |       const mobileMenuButton = page.locator('[aria-label*="меню"], [aria-label*="menu"]').first();
        at C:\Users\Viktor\projects\repair-blog\tests\e2e\ui\responsiveness.spec.ts:73:18

    attachment #1: video (video/webm) ──────────────────────────────────────────────────────────────
    ..\..\test-results\ui-responsiveness-UI-and-R-678fe-ld-have-working-mobile-menu-webkit\video.webm
    ────────────────────────────────────────────────────────────────────────────────────────────────

    Error Context: ..\..\test-results\ui-responsiveness-UI-and-R-678fe-ld-have-working-mobile-menu-webkit\error-context.md
]]>
</failure>
<system-out>
<![CDATA[
[[ATTACHMENT|ui-responsiveness-UI-and-R-678fe-ld-have-working-mobile-menu-webkit\video.webm]]

[[ATTACHMENT|ui-responsiveness-UI-and-R-678fe-ld-have-working-mobile-menu-webkit\error-context.md]]
]]>
</system-out>
</testcase>
<testcase name="UI and Responsiveness Tests › Interactive Elements › should have working hover effects" classname="ui\responsiveness.spec.ts" time="35.307">
<failure message="responsiveness.spec.ts:102:9 should have working hover effects" type="FAILURE">
<![CDATA[  [webkit] › ui\responsiveness.spec.ts:102:9 › UI and Responsiveness Tests › Interactive Elements › should have working hover effects 

    Test timeout of 30000ms exceeded.

    Error: page.goto: Test timeout of 30000ms exceeded.
    Call log:
      - navigating to "http://localhost:3000/", waiting until "load"


      101 |   test.describe('Interactive Elements', () => {
      102 |     test('should have working hover effects', async ({ page }) => {
    > 103 |       await page.goto('/');
          |                  ^
      104 |       
      105 |       // Проверяем hover эффекты на ссылках
      106 |       const links = page.locator('a').first();
        at C:\Users\Viktor\projects\repair-blog\tests\e2e\ui\responsiveness.spec.ts:103:18

    attachment #1: video (video/webm) ──────────────────────────────────────────────────────────────
    ..\..\test-results\ui-responsiveness-UI-and-R-b9ca3--have-working-hover-effects-webkit\video.webm
    ────────────────────────────────────────────────────────────────────────────────────────────────

    Error Context: ..\..\test-results\ui-responsiveness-UI-and-R-b9ca3--have-working-hover-effects-webkit\error-context.md
]]>
</failure>
<system-out>
<![CDATA[
[[ATTACHMENT|ui-responsiveness-UI-and-R-b9ca3--have-working-hover-effects-webkit\video.webm]]

[[ATTACHMENT|ui-responsiveness-UI-and-R-b9ca3--have-working-hover-effects-webkit\error-context.md]]
]]>
</system-out>
</testcase>
<testcase name="UI and Responsiveness Tests › Interactive Elements › should have visible SVG icons" classname="ui\responsiveness.spec.ts" time="35.275">
<failure message="responsiveness.spec.ts:113:9 should have visible SVG icons" type="FAILURE">
<![CDATA[  [webkit] › ui\responsiveness.spec.ts:113:9 › UI and Responsiveness Tests › Interactive Elements › should have visible SVG icons 

    Test timeout of 30000ms exceeded.

    Error: page.goto: Test timeout of 30000ms exceeded.
    Call log:
      - navigating to "http://localhost:3000/", waiting until "load"


      112 |
      113 |     test('should have visible SVG icons', async ({ page }) => {
    > 114 |       await page.goto('/');
          |                  ^
      115 |       
      116 |       // Проверяем SVG иконки
      117 |       const svgIcons = page.locator('svg');
        at C:\Users\Viktor\projects\repair-blog\tests\e2e\ui\responsiveness.spec.ts:114:18

    attachment #1: video (video/webm) ──────────────────────────────────────────────────────────────
    ..\..\test-results\ui-responsiveness-UI-and-R-a5e10-ould-have-visible-SVG-icons-webkit\video.webm
    ────────────────────────────────────────────────────────────────────────────────────────────────

    Error Context: ..\..\test-results\ui-responsiveness-UI-and-R-a5e10-ould-have-visible-SVG-icons-webkit\error-context.md
]]>
</failure>
<system-out>
<![CDATA[
[[ATTACHMENT|ui-responsiveness-UI-and-R-a5e10-ould-have-visible-SVG-icons-webkit\video.webm]]

[[ATTACHMENT|ui-responsiveness-UI-and-R-a5e10-ould-have-visible-SVG-icons-webkit\error-context.md]]
]]>
</system-out>
</testcase>
<testcase name="UI and Responsiveness Tests › Interactive Elements › should have proper focus indicators" classname="ui\responsiveness.spec.ts" time="35.248">
<failure message="responsiveness.spec.ts:132:9 should have proper focus indicators" type="FAILURE">
<![CDATA[  [webkit] › ui\responsiveness.spec.ts:132:9 › UI and Responsiveness Tests › Interactive Elements › should have proper focus indicators 

    Test timeout of 30000ms exceeded.

    Error: page.goto: Test timeout of 30000ms exceeded.
    Call log:
      - navigating to "http://localhost:3000/", waiting until "load"


      131 |
      132 |     test('should have proper focus indicators', async ({ page }) => {
    > 133 |       await page.goto('/');
          |                  ^
      134 |       
      135 |       // Проверяем фокус на первой ссылке
      136 |       const firstLink = page.locator('a').first();
        at C:\Users\Viktor\projects\repair-blog\tests\e2e\ui\responsiveness.spec.ts:133:18

    attachment #1: video (video/webm) ──────────────────────────────────────────────────────────────
    ..\..\test-results\ui-responsiveness-UI-and-R-c31b3-ave-proper-focus-indicators-webkit\video.webm
    ────────────────────────────────────────────────────────────────────────────────────────────────

    Error Context: ..\..\test-results\ui-responsiveness-UI-and-R-c31b3-ave-proper-focus-indicators-webkit\error-context.md
]]>
</failure>
<system-out>
<![CDATA[
[[ATTACHMENT|ui-responsiveness-UI-and-R-c31b3-ave-proper-focus-indicators-webkit\video.webm]]

[[ATTACHMENT|ui-responsiveness-UI-and-R-c31b3-ave-proper-focus-indicators-webkit\error-context.md]]
]]>
</system-out>
</testcase>
<testcase name="UI and Responsiveness Tests › Content Layout › should have proper content spacing" classname="ui\responsiveness.spec.ts" time="26.054">
<failure message="responsiveness.spec.ts:145:9 should have proper content spacing" type="FAILURE">
<![CDATA[  [webkit] › ui\responsiveness.spec.ts:145:9 › UI and Responsiveness Tests › Content Layout › should have proper content spacing 

    Error: locator.boundingBox: Error: strict mode violation: locator('main, article') resolved to 2 elements:
        1) <main class="w-full py-8">…</main> aka getByRole('main')
        2) <article class="container px-4 sm:px-6 py-8 sm:py-12">…</article> aka getByRole('article')

    Call log:
      - waiting for locator('main, article')


      148 |       // Проверяем, что контент не прилипает к краям
      149 |       const content = page.locator('main, article');
    > 150 |       const contentBox = await content.boundingBox();
          |                                        ^
      151 |       
      152 |       if (contentBox) {
      153 |         expect(contentBox.x).toBeGreaterThan(0);
        at C:\Users\Viktor\projects\repair-blog\tests\e2e\ui\responsiveness.spec.ts:150:40

    attachment #1: screenshot (image/png) ──────────────────────────────────────────────────────────
    ..\..\test-results\ui-responsiveness-UI-and-R-e8ae8-have-proper-content-spacing-webkit\test-failed-1.png
    ────────────────────────────────────────────────────────────────────────────────────────────────

    attachment #2: video (video/webm) ──────────────────────────────────────────────────────────────
    ..\..\test-results\ui-responsiveness-UI-and-R-e8ae8-have-proper-content-spacing-webkit\video.webm
    ────────────────────────────────────────────────────────────────────────────────────────────────

    Error Context: ..\..\test-results\ui-responsiveness-UI-and-R-e8ae8-have-proper-content-spacing-webkit\error-context.md
]]>
</failure>
<system-out>
<![CDATA[
[[ATTACHMENT|ui-responsiveness-UI-and-R-e8ae8-have-proper-content-spacing-webkit\test-failed-1.png]]

[[ATTACHMENT|ui-responsiveness-UI-and-R-e8ae8-have-proper-content-spacing-webkit\video.webm]]

[[ATTACHMENT|ui-responsiveness-UI-and-R-e8ae8-have-proper-content-spacing-webkit\error-context.md]]
]]>
</system-out>
</testcase>
<testcase name="UI and Responsiveness Tests › Content Layout › should have readable typography" classname="ui\responsiveness.spec.ts" time="23.671">
</testcase>
<testcase name="UI and Responsiveness Tests › New Badge › should show new badge for recent articles" classname="ui\responsiveness.spec.ts" time="35.271">
<failure message="responsiveness.spec.ts:180:9 should show new badge for recent articles" type="FAILURE">
<![CDATA[  [webkit] › ui\responsiveness.spec.ts:180:9 › UI and Responsiveness Tests › New Badge › should show new badge for recent articles 

    Test timeout of 30000ms exceeded.

    Error: page.goto: Test timeout of 30000ms exceeded.
    Call log:
      - navigating to "http://localhost:3000/", waiting until "load"


      179 |   test.describe('New Badge', () => {
      180 |     test('should show new badge for recent articles', async ({ page }) => {
    > 181 |       await page.goto('/');
          |                  ^
      182 |       
      183 |       // Ищем статьи с бейджем "New"
      184 |       const newBadges = page.locator('text=New, text=Новое');
        at C:\Users\Viktor\projects\repair-blog\tests\e2e\ui\responsiveness.spec.ts:181:18

    attachment #1: video (video/webm) ──────────────────────────────────────────────────────────────
    ..\..\test-results\ui-responsiveness-UI-and-R-241d8-w-badge-for-recent-articles-webkit\video.webm
    ────────────────────────────────────────────────────────────────────────────────────────────────

    Error Context: ..\..\test-results\ui-responsiveness-UI-and-R-241d8-w-badge-for-recent-articles-webkit\error-context.md
]]>
</failure>
<system-out>
<![CDATA[
[[ATTACHMENT|ui-responsiveness-UI-and-R-241d8-w-badge-for-recent-articles-webkit\video.webm]]

[[ATTACHMENT|ui-responsiveness-UI-and-R-241d8-w-badge-for-recent-articles-webkit\error-context.md]]
]]>
</system-out>
</testcase>
</testsuite>
<testsuite name="ui\responsiveness.spec.ts" timestamp="2025-11-26T12:11:41.906Z" hostname="mobile" tests="13" failures="11" skipped="0" time="414.496" errors="0">
<testcase name="UI and Responsiveness Tests › Responsive Layout › should display correctly on Mobile" classname="ui\responsiveness.spec.ts" time="35.278">
<failure message="responsiveness.spec.ts:13:11 should display correctly on Mobile" type="FAILURE">
<![CDATA[  [mobile] › ui\responsiveness.spec.ts:13:11 › UI and Responsiveness Tests › Responsive Layout › should display correctly on Mobile 

    Test timeout of 30000ms exceeded.

    Error: page.goto: Test timeout of 30000ms exceeded.
    Call log:
      - navigating to "http://localhost:3000/", waiting until "load"


      13 |       test(`should display correctly on ${viewport.name}`, async ({ page }) => {
      14 |         await page.setViewportSize({ width: viewport.width, height: viewport.height });
    > 15 |         await page.goto('/');
         |                    ^
      16 |         
      17 |         // Проверяем, что основные элементы видны
      18 |         await expect(page.locator('h1')).toBeVisible();
        at C:\Users\Viktor\projects\repair-blog\tests\e2e\ui\responsiveness.spec.ts:15:20

    attachment #1: video (video/webm) ──────────────────────────────────────────────────────────────
    ..\..\test-results\ui-responsiveness-UI-and-R-2cd74-display-correctly-on-Mobile-mobile\video.webm
    ────────────────────────────────────────────────────────────────────────────────────────────────

    Error Context: ..\..\test-results\ui-responsiveness-UI-and-R-2cd74-display-correctly-on-Mobile-mobile\error-context.md
]]>
</failure>
<system-out>
<![CDATA[
[[ATTACHMENT|ui-responsiveness-UI-and-R-2cd74-display-correctly-on-Mobile-mobile\video.webm]]

[[ATTACHMENT|ui-responsiveness-UI-and-R-2cd74-display-correctly-on-Mobile-mobile\error-context.md]]
]]>
</system-out>
</testcase>
<testcase name="UI and Responsiveness Tests › Responsive Layout › should display correctly on Tablet" classname="ui\responsiveness.spec.ts" time="35.316">
<failure message="responsiveness.spec.ts:13:11 should display correctly on Tablet" type="FAILURE">
<![CDATA[  [mobile] › ui\responsiveness.spec.ts:13:11 › UI and Responsiveness Tests › Responsive Layout › should display correctly on Tablet 

    Test timeout of 30000ms exceeded.

    Error: page.goto: Test timeout of 30000ms exceeded.
    Call log:
      - navigating to "http://localhost:3000/", waiting until "load"


      13 |       test(`should display correctly on ${viewport.name}`, async ({ page }) => {
      14 |         await page.setViewportSize({ width: viewport.width, height: viewport.height });
    > 15 |         await page.goto('/');
         |                    ^
      16 |         
      17 |         // Проверяем, что основные элементы видны
      18 |         await expect(page.locator('h1')).toBeVisible();
        at C:\Users\Viktor\projects\repair-blog\tests\e2e\ui\responsiveness.spec.ts:15:20

    attachment #1: video (video/webm) ──────────────────────────────────────────────────────────────
    ..\..\test-results\ui-responsiveness-UI-and-R-3e328-display-correctly-on-Tablet-mobile\video.webm
    ────────────────────────────────────────────────────────────────────────────────────────────────

    Error Context: ..\..\test-results\ui-responsiveness-UI-and-R-3e328-display-correctly-on-Tablet-mobile\error-context.md
]]>
</failure>
<system-out>
<![CDATA[
[[ATTACHMENT|ui-responsiveness-UI-and-R-3e328-display-correctly-on-Tablet-mobile\video.webm]]

[[ATTACHMENT|ui-responsiveness-UI-and-R-3e328-display-correctly-on-Tablet-mobile\error-context.md]]
]]>
</system-out>
</testcase>
<testcase name="UI and Responsiveness Tests › Responsive Layout › should display correctly on Desktop" classname="ui\responsiveness.spec.ts" time="35.27">
<failure message="responsiveness.spec.ts:13:11 should display correctly on Desktop" type="FAILURE">
<![CDATA[  [mobile] › ui\responsiveness.spec.ts:13:11 › UI and Responsiveness Tests › Responsive Layout › should display correctly on Desktop 

    Test timeout of 30000ms exceeded.

    Error: page.goto: Test timeout of 30000ms exceeded.
    Call log:
      - navigating to "http://localhost:3000/", waiting until "load"


      13 |       test(`should display correctly on ${viewport.name}`, async ({ page }) => {
      14 |         await page.setViewportSize({ width: viewport.width, height: viewport.height });
    > 15 |         await page.goto('/');
         |                    ^
      16 |         
      17 |         // Проверяем, что основные элементы видны
      18 |         await expect(page.locator('h1')).toBeVisible();
        at C:\Users\Viktor\projects\repair-blog\tests\e2e\ui\responsiveness.spec.ts:15:20

    attachment #1: video (video/webm) ──────────────────────────────────────────────────────────────
    ..\..\test-results\ui-responsiveness-UI-and-R-205be-isplay-correctly-on-Desktop-mobile\video.webm
    ────────────────────────────────────────────────────────────────────────────────────────────────

    Error Context: ..\..\test-results\ui-responsiveness-UI-and-R-205be-isplay-correctly-on-Desktop-mobile\error-context.md
]]>
</failure>
<system-out>
<![CDATA[
[[ATTACHMENT|ui-responsiveness-UI-and-R-205be-isplay-correctly-on-Desktop-mobile\video.webm]]

[[ATTACHMENT|ui-responsiveness-UI-and-R-205be-isplay-correctly-on-Desktop-mobile\error-context.md]]
]]>
</system-out>
</testcase>
<testcase name="UI and Responsiveness Tests › Responsive Layout › should display correctly on Large Desktop" classname="ui\responsiveness.spec.ts" time="35.298">
<failure message="responsiveness.spec.ts:13:11 should display correctly on Large Desktop" type="FAILURE">
<![CDATA[  [mobile] › ui\responsiveness.spec.ts:13:11 › UI and Responsiveness Tests › Responsive Layout › should display correctly on Large Desktop 

    Test timeout of 30000ms exceeded.

    Error: page.goto: Test timeout of 30000ms exceeded.
    Call log:
      - navigating to "http://localhost:3000/", waiting until "load"


      13 |       test(`should display correctly on ${viewport.name}`, async ({ page }) => {
      14 |         await page.setViewportSize({ width: viewport.width, height: viewport.height });
    > 15 |         await page.goto('/');
         |                    ^
      16 |         
      17 |         // Проверяем, что основные элементы видны
      18 |         await expect(page.locator('h1')).toBeVisible();
        at C:\Users\Viktor\projects\repair-blog\tests\e2e\ui\responsiveness.spec.ts:15:20

    attachment #1: video (video/webm) ──────────────────────────────────────────────────────────────
    ..\..\test-results\ui-responsiveness-UI-and-R-8995e--correctly-on-Large-Desktop-mobile\video.webm
    ────────────────────────────────────────────────────────────────────────────────────────────────

    Error Context: ..\..\test-results\ui-responsiveness-UI-and-R-8995e--correctly-on-Large-Desktop-mobile\error-context.md
]]>
</failure>
<system-out>
<![CDATA[
[[ATTACHMENT|ui-responsiveness-UI-and-R-8995e--correctly-on-Large-Desktop-mobile\video.webm]]

[[ATTACHMENT|ui-responsiveness-UI-and-R-8995e--correctly-on-Large-Desktop-mobile\error-context.md]]
]]>
</system-out>
</testcase>
<testcase name="UI and Responsiveness Tests › Theme Switcher › should switch themes correctly" classname="ui\responsiveness.spec.ts" time="35.271">
<failure message="responsiveness.spec.ts:34:9 should switch themes correctly" type="FAILURE">
<![CDATA[  [mobile] › ui\responsiveness.spec.ts:34:9 › UI and Responsiveness Tests › Theme Switcher › should switch themes correctly 

    Test timeout of 30000ms exceeded.

    Error: page.goto: Test timeout of 30000ms exceeded.
    Call log:
      - navigating to "http://localhost:3000/", waiting until "load"


      33 |   test.describe('Theme Switcher', () => {
      34 |     test('should switch themes correctly', async ({ page }) => {
    > 35 |       await page.goto('/');
         |                  ^
      36 |       
      37 |       // Проверяем начальную тему
      38 |       const html = page.locator('html');
        at C:\Users\Viktor\projects\repair-blog\tests\e2e\ui\responsiveness.spec.ts:35:18

    attachment #1: video (video/webm) ──────────────────────────────────────────────────────────────
    ..\..\test-results\ui-responsiveness-UI-and-R-f4d86-uld-switch-themes-correctly-mobile\video.webm
    ────────────────────────────────────────────────────────────────────────────────────────────────

    Error Context: ..\..\test-results\ui-responsiveness-UI-and-R-f4d86-uld-switch-themes-correctly-mobile\error-context.md
]]>
</failure>
<system-out>
<![CDATA[
[[ATTACHMENT|ui-responsiveness-UI-and-R-f4d86-uld-switch-themes-correctly-mobile\video.webm]]

[[ATTACHMENT|ui-responsiveness-UI-and-R-f4d86-uld-switch-themes-correctly-mobile\error-context.md]]
]]>
</system-out>
</testcase>
<testcase name="UI and Responsiveness Tests › Theme Switcher › should have all theme options" classname="ui\responsiveness.spec.ts" time="35.416">
<failure message="responsiveness.spec.ts:54:9 should have all theme options" type="FAILURE">
<![CDATA[  [mobile] › ui\responsiveness.spec.ts:54:9 › UI and Responsiveness Tests › Theme Switcher › should have all theme options 

    Test timeout of 30000ms exceeded.

    Error: page.goto: Test timeout of 30000ms exceeded.
    Call log:
      - navigating to "http://localhost:3000/", waiting until "load"


      53 |
      54 |     test('should have all theme options', async ({ page }) => {
    > 55 |       await page.goto('/');
         |                  ^
      56 |       
      57 |       // Открываем переключатель тем
      58 |       await page.click('[aria-label*="тему"], [aria-label*="theme"]');
        at C:\Users\Viktor\projects\repair-blog\tests\e2e\ui\responsiveness.spec.ts:55:18

    attachment #1: video (video/webm) ──────────────────────────────────────────────────────────────
    ..\..\test-results\ui-responsiveness-UI-and-R-b43b1-ould-have-all-theme-options-mobile\video.webm
    ────────────────────────────────────────────────────────────────────────────────────────────────

    Error Context: ..\..\test-results\ui-responsiveness-UI-and-R-b43b1-ould-have-all-theme-options-mobile\error-context.md
]]>
</failure>
<system-out>
<![CDATA[
[[ATTACHMENT|ui-responsiveness-UI-and-R-b43b1-ould-have-all-theme-options-mobile\video.webm]]

[[ATTACHMENT|ui-responsiveness-UI-and-R-b43b1-ould-have-all-theme-options-mobile\error-context.md]]
]]>
</system-out>
</testcase>
<testcase name="UI and Responsiveness Tests › Mobile Navigation › should have working mobile menu" classname="ui\responsiveness.spec.ts" time="35.266">
<failure message="responsiveness.spec.ts:71:9 should have working mobile menu" type="FAILURE">
<![CDATA[  [mobile] › ui\responsiveness.spec.ts:71:9 › UI and Responsiveness Tests › Mobile Navigation › should have working mobile menu 

    Test timeout of 30000ms exceeded.

    Error: page.goto: Test timeout of 30000ms exceeded.
    Call log:
      - navigating to "http://localhost:3000/", waiting until "load"


      71 |     test('should have working mobile menu', async ({ page }) => {
      72 |       await page.setViewportSize({ width: 375, height: 667 });
    > 73 |       await page.goto('/');
         |                  ^
      74 |       
      75 |       // Ищем кнопку мобильного меню
      76 |       const mobileMenuButton = page.locator('[aria-label*="меню"], [aria-label*="menu"]').first();
        at C:\Users\Viktor\projects\repair-blog\tests\e2e\ui\responsiveness.spec.ts:73:18

    attachment #1: video (video/webm) ──────────────────────────────────────────────────────────────
    ..\..\test-results\ui-responsiveness-UI-and-R-678fe-ld-have-working-mobile-menu-mobile\video.webm
    ────────────────────────────────────────────────────────────────────────────────────────────────

    Error Context: ..\..\test-results\ui-responsiveness-UI-and-R-678fe-ld-have-working-mobile-menu-mobile\error-context.md
]]>
</failure>
<system-out>
<![CDATA[
[[ATTACHMENT|ui-responsiveness-UI-and-R-678fe-ld-have-working-mobile-menu-mobile\video.webm]]

[[ATTACHMENT|ui-responsiveness-UI-and-R-678fe-ld-have-working-mobile-menu-mobile\error-context.md]]
]]>
</system-out>
</testcase>
<testcase name="UI and Responsiveness Tests › Interactive Elements › should have working hover effects" classname="ui\responsiveness.spec.ts" time="35.183">
<failure message="responsiveness.spec.ts:102:9 should have working hover effects" type="FAILURE">
<![CDATA[  [mobile] › ui\responsiveness.spec.ts:102:9 › UI and Responsiveness Tests › Interactive Elements › should have working hover effects 

    Test timeout of 30000ms exceeded.

    Error: page.goto: Test timeout of 30000ms exceeded.
    Call log:
      - navigating to "http://localhost:3000/", waiting until "load"


      101 |   test.describe('Interactive Elements', () => {
      102 |     test('should have working hover effects', async ({ page }) => {
    > 103 |       await page.goto('/');
          |                  ^
      104 |       
      105 |       // Проверяем hover эффекты на ссылках
      106 |       const links = page.locator('a').first();
        at C:\Users\Viktor\projects\repair-blog\tests\e2e\ui\responsiveness.spec.ts:103:18

    attachment #1: video (video/webm) ──────────────────────────────────────────────────────────────
    ..\..\test-results\ui-responsiveness-UI-and-R-b9ca3--have-working-hover-effects-mobile\video.webm
    ────────────────────────────────────────────────────────────────────────────────────────────────

    Error Context: ..\..\test-results\ui-responsiveness-UI-and-R-b9ca3--have-working-hover-effects-mobile\error-context.md
]]>
</failure>
<system-out>
<![CDATA[
[[ATTACHMENT|ui-responsiveness-UI-and-R-b9ca3--have-working-hover-effects-mobile\video.webm]]

[[ATTACHMENT|ui-responsiveness-UI-and-R-b9ca3--have-working-hover-effects-mobile\error-context.md]]
]]>
</system-out>
</testcase>
<testcase name="UI and Responsiveness Tests › Interactive Elements › should have visible SVG icons" classname="ui\responsiveness.spec.ts" time="35.178">
<failure message="responsiveness.spec.ts:113:9 should have visible SVG icons" type="FAILURE">
<![CDATA[  [mobile] › ui\responsiveness.spec.ts:113:9 › UI and Responsiveness Tests › Interactive Elements › should have visible SVG icons 

    Test timeout of 30000ms exceeded.

    Error: page.goto: Test timeout of 30000ms exceeded.
    Call log:
      - navigating to "http://localhost:3000/", waiting until "load"


      112 |
      113 |     test('should have visible SVG icons', async ({ page }) => {
    > 114 |       await page.goto('/');
          |                  ^
      115 |       
      116 |       // Проверяем SVG иконки
      117 |       const svgIcons = page.locator('svg');
        at C:\Users\Viktor\projects\repair-blog\tests\e2e\ui\responsiveness.spec.ts:114:18

    attachment #1: video (video/webm) ──────────────────────────────────────────────────────────────
    ..\..\test-results\ui-responsiveness-UI-and-R-a5e10-ould-have-visible-SVG-icons-mobile\video.webm
    ────────────────────────────────────────────────────────────────────────────────────────────────

    Error Context: ..\..\test-results\ui-responsiveness-UI-and-R-a5e10-ould-have-visible-SVG-icons-mobile\error-context.md
]]>
</failure>
<system-out>
<![CDATA[
[[ATTACHMENT|ui-responsiveness-UI-and-R-a5e10-ould-have-visible-SVG-icons-mobile\video.webm]]

[[ATTACHMENT|ui-responsiveness-UI-and-R-a5e10-ould-have-visible-SVG-icons-mobile\error-context.md]]
]]>
</system-out>
</testcase>
<testcase name="UI and Responsiveness Tests › Interactive Elements › should have proper focus indicators" classname="ui\responsiveness.spec.ts" time="35.118">
<failure message="responsiveness.spec.ts:132:9 should have proper focus indicators" type="FAILURE">
<![CDATA[  [mobile] › ui\responsiveness.spec.ts:132:9 › UI and Responsiveness Tests › Interactive Elements › should have proper focus indicators 

    Test timeout of 30000ms exceeded.

    Error: expect(locator).toBeFocused() failed

    Locator:  locator('a').first()
    Expected: focused
    Received: undefined

    Call log:
      - Expect "toBeFocused" with timeout 5000ms
      - waiting for locator('a').first()


      138 |       
      139 |       // Проверяем, что элемент получил фокус
    > 140 |       await expect(firstLink).toBeFocused();
          |                               ^
      141 |     });
      142 |   });
      143 |
        at C:\Users\Viktor\projects\repair-blog\tests\e2e\ui\responsiveness.spec.ts:140:31

    attachment #1: screenshot (image/png) ──────────────────────────────────────────────────────────
    ..\..\test-results\ui-responsiveness-UI-and-R-c31b3-ave-proper-focus-indicators-mobile\test-failed-1.png
    ────────────────────────────────────────────────────────────────────────────────────────────────

    attachment #2: video (video/webm) ──────────────────────────────────────────────────────────────
    ..\..\test-results\ui-responsiveness-UI-and-R-c31b3-ave-proper-focus-indicators-mobile\video.webm
    ────────────────────────────────────────────────────────────────────────────────────────────────

    Error Context: ..\..\test-results\ui-responsiveness-UI-and-R-c31b3-ave-proper-focus-indicators-mobile\error-context.md
]]>
</failure>
<system-out>
<![CDATA[
[[ATTACHMENT|ui-responsiveness-UI-and-R-c31b3-ave-proper-focus-indicators-mobile\test-failed-1.png]]

[[ATTACHMENT|ui-responsiveness-UI-and-R-c31b3-ave-proper-focus-indicators-mobile\video.webm]]

[[ATTACHMENT|ui-responsiveness-UI-and-R-c31b3-ave-proper-focus-indicators-mobile\error-context.md]]
]]>
</system-out>
</testcase>
<testcase name="UI and Responsiveness Tests › Content Layout › should have proper content spacing" classname="ui\responsiveness.spec.ts" time="18.161">
<failure message="responsiveness.spec.ts:145:9 should have proper content spacing" type="FAILURE">
<![CDATA[  [mobile] › ui\responsiveness.spec.ts:145:9 › UI and Responsiveness Tests › Content Layout › should have proper content spacing 

    Error: locator.boundingBox: Error: strict mode violation: locator('main, article') resolved to 2 elements:
        1) <main class="w-full py-8">…</main> aka getByRole('main')
        2) <article class="container px-4 sm:px-6 py-8 sm:py-12">…</article> aka getByRole('article')

    Call log:
      - waiting for locator('main, article')


      148 |       // Проверяем, что контент не прилипает к краям
      149 |       const content = page.locator('main, article');
    > 150 |       const contentBox = await content.boundingBox();
          |                                        ^
      151 |       
      152 |       if (contentBox) {
      153 |         expect(contentBox.x).toBeGreaterThan(0);
        at C:\Users\Viktor\projects\repair-blog\tests\e2e\ui\responsiveness.spec.ts:150:40

    attachment #1: screenshot (image/png) ──────────────────────────────────────────────────────────
    ..\..\test-results\ui-responsiveness-UI-and-R-e8ae8-have-proper-content-spacing-mobile\test-failed-1.png
    ────────────────────────────────────────────────────────────────────────────────────────────────

    attachment #2: video (video/webm) ──────────────────────────────────────────────────────────────
    ..\..\test-results\ui-responsiveness-UI-and-R-e8ae8-have-proper-content-spacing-mobile\video.webm
    ────────────────────────────────────────────────────────────────────────────────────────────────

    Error Context: ..\..\test-results\ui-responsiveness-UI-and-R-e8ae8-have-proper-content-spacing-mobile\error-context.md
]]>
</failure>
<system-out>
<![CDATA[
[[ATTACHMENT|ui-responsiveness-UI-and-R-e8ae8-have-proper-content-spacing-mobile\test-failed-1.png]]

[[ATTACHMENT|ui-responsiveness-UI-and-R-e8ae8-have-proper-content-spacing-mobile\video.webm]]

[[ATTACHMENT|ui-responsiveness-UI-and-R-e8ae8-have-proper-content-spacing-mobile\error-context.md]]
]]>
</system-out>
</testcase>
<testcase name="UI and Responsiveness Tests › Content Layout › should have readable typography" classname="ui\responsiveness.spec.ts" time="17.392">
</testcase>
<testcase name="UI and Responsiveness Tests › New Badge › should show new badge for recent articles" classname="ui\responsiveness.spec.ts" time="26.349">
</testcase>
</testsuite>
</testsuites>